{
  "assurance": {
    "commit_bound_verification": "required",
    "decided_by": "engineering-owner",
    "rationale": "Completion and later assurance depend on changed evidence assessment; approval is still required."
  },
  "authority_boundary": "Preflight is derived, read-only evidence. It does not approve artifacts, authorize a diff, verify work, release software, commit, push, tag, publish, or deploy.",
  "background": [],
  "diagnostics": [],
  "phase": "review",
  "reading_manifest": [
    "ENGINEERING_HARNESS.md",
    "docs/engineering/OPERATING_CARD.md",
    "AGENTS.md",
    "docs/engineering/ARTIFACT_AUTHORING.md",
    "docs/engineering/harness-simplification/intent/INT-KIS-001.md",
    "docs/engineering/harness-simplification/capabilities/CAP-KIS-001.md",
    "docs/engineering/harness-simplification/requirements/REQ-KIS-010.md",
    "docs/engineering/harness-simplification/specifications/SPEC-KIS-004.md",
    "docs/engineering/harness-simplification/verification/VER-KIS-004.md",
    "docs/engineering/harness-simplification/work-orders/WO-KIS-014.md"
  ],
  "ready": true,
  "schema": "se-harness-preflight-v2",
  "skew": [],
  "work_order": {
    "id": "WO-KIS-014",
    "path": "docs/engineering/harness-simplification/work-orders/WO-KIS-014.md",
    "status": "in_progress"
  }
}
