{
  "schema": "se-harness-workflow-result-v2",
  "digest_format": "machine-fields-v1",
  "candidate": {},
  "operation": {
    "kind": "transition",
    "outcome": "completed"
  },
  "selection": {
    "primary": "WO-KIS-010",
    "artifacts": [
      "WO-KIS-010",
      "WO-KIS-014"
    ]
  },
  "scope": {
    "mode": "selected",
    "governing": [],
    "dependencies": [],
    "declared_paths": [
      "docs/engineering/harness-simplification/evidence/WO-KIS-010/",
      "docs/engineering/harness-simplification/requirements/REQ-KIS-010.md",
      "docs/engineering/harness-simplification/specifications/SPEC-KIS-004.md",
      "docs/engineering/harness-simplification/verification-records/VREC-KIS-010.md",
      "docs/engineering/harness-simplification/verification/VER-KIS-004.md",
      "docs/engineering/harness-simplification/work-orders/WO-KIS-010.md",
      "docs/notes/harnessctl-check.md",
      "docs/notes/harnessctl-reference.md",
      "se_harness/cli.py",
      "se_harness/engine/validation_evidence.py",
      "se_harness/evaluator_evidence.py",
      "se_harness/provenance.py",
      "se_harness/quality_gates_contract.json",
      "se_harness/workflow_compliance.py",
      "se_harness/workflow_contract.json",
      "se_harness/workflow_evidence_packet.py",
      "se_harness/workflow_predicates.py",
      "se_harness/workflow_result.py",
      "templates/repository/standard/docs/engineering/QUALITY_GATES.json",
      "templates/repository/standard/docs/engineering/QUALITY_GATES.md",
      "templates/repository/standard/docs/engineering/WORKFLOW.json",
      "templates/repository/standard/docs/engineering/WORKFLOW.md",
      "tests/test_revision_provenance.py",
      "tests/test_workflow_compliance.py",
      "tests/test_workflow_restitution.py",
      "tests/workflow_support.py"
    ],
    "changed_paths": [],
    "change_set_complete": false
  },
  "compliance": {
    "checkpoint": "transition",
    "workflow_rule_id": "WFL-REJECTED",
    "procedure_id": "PROC-REMEDIATE",
    "status": "pass",
    "gates": [
      {
        "id": "QG-STRUCTURAL",
        "status": "pass",
        "predicates": [
          {
            "id": "QGS-EDGE",
            "status": "pass",
            "evidence": [
              {
                "kind": "artifact",
                "reference": "WO-KIS-010"
              }
            ],
            "message": "in_progress -> rejected is a declared lifecycle edge for WO-KIS-010."
          }
        ]
      },
      {
        "id": "QG-G3-WORK-AUTHORIZATION",
        "status": "pass",
        "predicates": [
          {
            "id": "QGP-G3-GRAPH",
            "status": "pass",
            "evidence": [
              {
                "kind": "result",
                "reference": "formal-graph:WO-KIS-014"
              }
            ],
            "message": "The selected formal graph is valid."
          },
          {
            "id": "QGP-G3-INTEGRITY",
            "status": "pass",
            "evidence": [
              {
                "kind": "result",
                "reference": "repository-integrity:transition"
              }
            ],
            "message": "No repository-integrity blocker prevents selected evaluation."
          },
          {
            "id": "QGP-G3-DECISION",
            "status": "pass",
            "evidence": [
              {
                "kind": "result",
                "reference": "decision-register:WO-KIS-014"
              }
            ],
            "message": "No open decision blocks WO-KIS-014."
          }
        ]
      },
      {
        "id": "QG-STRUCTURAL",
        "status": "pass",
        "predicates": [
          {
            "id": "QGS-EDGE",
            "status": "pass",
            "evidence": [
              {
                "kind": "artifact",
                "reference": "WO-KIS-014"
              }
            ],
            "message": "draft -> approved is a declared lifecycle edge for WO-KIS-014."
          },
          {
            "id": "QGS-ASSURANCE",
            "status": "pass",
            "evidence": [
              {
                "kind": "artifact",
                "reference": "WO-KIS-014"
              }
            ],
            "message": "WO-KIS-014 classifies commit-bound verification as required."
          }
        ]
      }
    ]
  },
  "procedure": {
    "id": "PROC-REMEDIATE",
    "current_step": "STEP-REMEDIATE-FOCUS",
    "steps": [
      {
        "id": "STEP-REMEDIATE-FOCUS",
        "kind": "command",
        "gate_ids": [],
        "effects": [
          "Re-evaluated selected state for WO-KIS-010."
        ],
        "non_effects": [
          "Remediation does not expand scope or change state."
        ],
        "argv": [
          "harnessctl",
          "check",
          ".",
          "--artifact",
          "WO-KIS-010"
        ]
      }
    ]
  },
  "state": {
    "before": [
      {
        "id": "WO-KIS-010",
        "status": "in_progress"
      },
      {
        "id": "WO-KIS-014",
        "status": "draft"
      }
    ],
    "after": [
      {
        "id": "WO-KIS-010",
        "status": "rejected"
      },
      {
        "id": "WO-KIS-014",
        "status": "approved"
      }
    ]
  },
  "findings": {
    "scoped_blockers": [],
    "repository_blockers": [],
    "unrelated_count": 0
  },
  "mutation": {
    "writes": [
      {
        "id": "WO-KIS-010",
        "path": "docs/engineering/harness-simplification/work-orders/WO-KIS-010.md",
        "fields": [
          "lifecycle_events",
          "rejected_at",
          "rejected_by",
          "rejection_reason",
          "status",
          "updated"
        ]
      },
      {
        "id": "WO-KIS-014",
        "path": "docs/engineering/harness-simplification/work-orders/WO-KIS-014.md",
        "fields": [
          "lifecycle_events",
          "status",
          "updated"
        ]
      }
    ]
  },
  "restitution": {
    "outcome": "completed",
    "done": [
      "Planned 2 explicit lifecycle transition(s); no files were written."
    ],
    "not_done": [],
    "blocked_by": [],
    "current_lifecycle_state": [
      "WO-KIS-010 is rejected and terminal."
    ],
    "decision_required": null,
    "next": {
      "procedure_id": "PROC-REMEDIATE",
      "step_id": "STEP-REMEDIATE-FOCUS",
      "action": "Run the bound command"
    },
    "command_or_response": {
      "kind": "command",
      "argv": [
        "harnessctl",
        "check",
        ".",
        "--artifact",
        "WO-KIS-010"
      ]
    },
    "alternatives": []
  },
  "result_sha256": "c244d6225d8348b778340edaf76e139768515df4b3edfd327d83a08b42a3861b"
}
