{
  "schema": "se-harness-workflow-result-v2",
  "digest_format": "machine-fields-v1",
  "candidate": {},
  "operation": {
    "kind": "check",
    "outcome": "completed"
  },
  "selection": {
    "primary": "WO-IAR-019",
    "artifacts": [
      "WO-IAR-019"
    ]
  },
  "scope": {
    "mode": "selected",
    "governing": [
      "ADR-IAR-011",
      "ARCH-IAR-011",
      "CAP-ECP-003",
      "CAP-IAR-002",
      "INT-ECP-001",
      "INT-IAR-001",
      "REQ-ECP-012",
      "REQ-IAR-025",
      "SPEC-ECP-007",
      "SPEC-ECP-025",
      "SPEC-IAR-014",
      "VER-ECP-027",
      "VER-IAR-014"
    ],
    "dependencies": [],
    "declared_paths": [
      "docs/engineering/instruction-architecture/evidence/WO-IAR-019/",
      "docs/engineering/instruction-architecture/work-orders/WO-IAR-019.md",
      "docs/notes/evaluator-migration-rehearsal.md",
      "repository_tools/upgrade_rehearsal.py",
      "tests/test_upgrade_rehearsal.py"
    ],
    "changed_paths": [
      "docs/engineering/instruction-architecture/evidence/WO-IAR-019/candidate-doctor.invocation.json",
      "docs/engineering/instruction-architecture/evidence/WO-IAR-019/candidate-doctor.stderr",
      "docs/engineering/instruction-architecture/evidence/WO-IAR-019/candidate-doctor.stdout",
      "docs/engineering/instruction-architecture/evidence/WO-IAR-019/ci19-approval-apply.invocation.json",
      "docs/engineering/instruction-architecture/evidence/WO-IAR-019/ci19-approval-apply.stderr",
      "docs/engineering/instruction-architecture/evidence/WO-IAR-019/ci19-approval-apply.stdout",
      "docs/engineering/instruction-architecture/evidence/WO-IAR-019/ci19-approval-preview.invocation.json",
      "docs/engineering/instruction-architecture/evidence/WO-IAR-019/ci19-approval-preview.stderr",
      "docs/engineering/instruction-architecture/evidence/WO-IAR-019/ci19-approval-preview.stdout",
      "docs/engineering/instruction-architecture/evidence/WO-IAR-019/ci19-approved.invocation.json",
      "docs/engineering/instruction-architecture/evidence/WO-IAR-019/ci19-approved.stderr",
      "docs/engineering/instruction-architecture/evidence/WO-IAR-019/ci19-approved.stdout",
      "docs/engineering/instruction-architecture/evidence/WO-IAR-019/ci19-diagnostic-scope.invocation.json",
      "docs/engineering/instruction-architecture/evidence/WO-IAR-019/ci19-diagnostic-scope.stderr",
      "docs/engineering/instruction-architecture/evidence/WO-IAR-019/ci19-diagnostic-scope.stdout",
      "docs/engineering/instruction-architecture/evidence/WO-IAR-019/ci19-doctor.invocation.json",
      "docs/engineering/instruction-architecture/evidence/WO-IAR-019/ci19-doctor.stderr",
      "docs/engineering/instruction-architecture/evidence/WO-IAR-019/ci19-doctor.stdout",
      "docs/engineering/instruction-architecture/evidence/WO-IAR-019/ci19-entry.invocation.json",
      "docs/engineering/instruction-architecture/evidence/WO-IAR-019/ci19-entry.stderr",
      "docs/engineering/instruction-architecture/evidence/WO-IAR-019/ci19-entry.stdout",
      "docs/engineering/instruction-architecture/evidence/WO-IAR-019/ci19-git-handoff.invocation.json",
      "docs/engineering/instruction-architecture/evidence/WO-IAR-019/ci19-git-handoff.stderr",
      "docs/engineering/instruction-architecture/evidence/WO-IAR-019/ci19-git-handoff.stdout",
      "docs/engineering/instruction-architecture/evidence/WO-IAR-019/ci19-interim-packet.invocation.json",
      "docs/engineering/instruction-architecture/evidence/WO-IAR-019/ci19-interim-packet.stderr",
      "docs/engineering/instruction-architecture/evidence/WO-IAR-019/ci19-interim-packet.stdout",
      "docs/engineering/instruction-architecture/evidence/WO-IAR-019/ci19-pr-after-rebind.invocation.json",
      "docs/engineering/instruction-architecture/evidence/WO-IAR-019/ci19-pr-after-rebind.stderr",
      "docs/engineering/instruction-architecture/evidence/WO-IAR-019/ci19-pr-after-rebind.stdout",
      "docs/engineering/instruction-architecture/evidence/WO-IAR-019/ci19-pr-before-push.invocation.json",
      "docs/engineering/instruction-architecture/evidence/WO-IAR-019/ci19-pr-before-push.stderr",
      "docs/engineering/instruction-architecture/evidence/WO-IAR-019/ci19-pr-before-push.stdout",
      "docs/engineering/instruction-architecture/evidence/WO-IAR-019/ci19-review.invocation.json",
      "docs/engineering/instruction-architecture/evidence/WO-IAR-019/ci19-review.stderr",
      "docs/engineering/instruction-architecture/evidence/WO-IAR-019/ci19-review.stdout",
      "docs/engineering/instruction-architecture/evidence/WO-IAR-019/ci19-start-apply.invocation.json",
      "docs/engineering/instruction-architecture/evidence/WO-IAR-019/ci19-start-apply.stderr",
      "docs/engineering/instruction-architecture/evidence/WO-IAR-019/ci19-start-apply.stdout",
      "docs/engineering/instruction-architecture/evidence/WO-IAR-019/ci19-start-preflight.invocation.json",
      "docs/engineering/instruction-architecture/evidence/WO-IAR-019/ci19-start-preflight.stderr",
      "docs/engineering/instruction-architecture/evidence/WO-IAR-019/ci19-start-preflight.stdout",
      "docs/engineering/instruction-architecture/evidence/WO-IAR-019/ci19-start-preview.invocation.json",
      "docs/engineering/instruction-architecture/evidence/WO-IAR-019/ci19-start-preview.stderr",
      "docs/engineering/instruction-architecture/evidence/WO-IAR-019/ci19-start-preview.stdout",
      "docs/engineering/instruction-architecture/evidence/WO-IAR-019/ci19-started.invocation.json",
      "docs/engineering/instruction-architecture/evidence/WO-IAR-019/ci19-started.stderr",
      "docs/engineering/instruction-architecture/evidence/WO-IAR-019/ci19-started.stdout",
      "docs/engineering/instruction-architecture/evidence/WO-IAR-019/ci19-validate.invocation.json",
      "docs/engineering/instruction-architecture/evidence/WO-IAR-019/ci19-validate.stderr",
      "docs/engineering/instruction-architecture/evidence/WO-IAR-019/ci19-validate.stdout",
      "docs/engineering/instruction-architecture/evidence/WO-IAR-019/cli-help.invocation.json",
      "docs/engineering/instruction-architecture/evidence/WO-IAR-019/cli-help.stderr",
      "docs/engineering/instruction-architecture/evidence/WO-IAR-019/cli-help.stdout",
      "docs/engineering/instruction-architecture/evidence/WO-IAR-019/completion-change-inventory.json",
      "docs/engineering/instruction-architecture/evidence/WO-IAR-019/corrected-focused.invocation.json",
      "docs/engineering/instruction-architecture/evidence/WO-IAR-019/corrected-focused.stderr",
      "docs/engineering/instruction-architecture/evidence/WO-IAR-019/corrected-focused.stdout",
      "docs/engineering/instruction-architecture/evidence/WO-IAR-019/distributions.invocation.json",
      "docs/engineering/instruction-architecture/evidence/WO-IAR-019/distributions.stderr",
      "docs/engineering/instruction-architecture/evidence/WO-IAR-019/distributions.stdout",
      "docs/engineering/instruction-architecture/evidence/WO-IAR-019/final-local-replay-1-upgrade-rehearsal-result.json",
      "docs/engineering/instruction-architecture/evidence/WO-IAR-019/final-local-replay-1-upgrade-rehearsal-timing.json",
      "docs/engineering/instruction-architecture/evidence/WO-IAR-019/final-local-replay-1.invocation.json",
      "docs/engineering/instruction-architecture/evidence/WO-IAR-019/final-local-replay-1.stderr",
      "docs/engineering/instruction-architecture/evidence/WO-IAR-019/final-local-replay-1.stdout",
      "docs/engineering/instruction-architecture/evidence/WO-IAR-019/final-local-replay-2-upgrade-rehearsal-result.json",
      "docs/engineering/instruction-architecture/evidence/WO-IAR-019/final-local-replay-2-upgrade-rehearsal-timing.json",
      "docs/engineering/instruction-architecture/evidence/WO-IAR-019/final-local-replay-2.invocation.json",
      "docs/engineering/instruction-architecture/evidence/WO-IAR-019/final-local-replay-2.stderr",
      "docs/engineering/instruction-architecture/evidence/WO-IAR-019/final-local-replay-2.stdout",
      "docs/engineering/instruction-architecture/evidence/WO-IAR-019/final-local-replay-comparison.json",
      "docs/engineering/instruction-architecture/evidence/WO-IAR-019/focused.invocation.json",
      "docs/engineering/instruction-architecture/evidence/WO-IAR-019/focused.stderr",
      "docs/engineering/instruction-architecture/evidence/WO-IAR-019/focused.stdout",
      "docs/engineering/instruction-architecture/evidence/WO-IAR-019/full-regression-final.invocation.json",
      "docs/engineering/instruction-architecture/evidence/WO-IAR-019/full-regression-final.stderr",
      "docs/engineering/instruction-architecture/evidence/WO-IAR-019/full-regression-final.stdout",
      "docs/engineering/instruction-architecture/evidence/WO-IAR-019/full-regression.invocation.json",
      "docs/engineering/instruction-architecture/evidence/WO-IAR-019/full-regression.stderr",
      "docs/engineering/instruction-architecture/evidence/WO-IAR-019/full-regression.stdout",
      "docs/engineering/instruction-architecture/evidence/WO-IAR-019/handoff.json",
      "docs/engineering/instruction-architecture/evidence/WO-IAR-019/hosted-36312369557/linux/rehearsal-result-1/upgrade-rehearsal-result.json",
      "docs/engineering/instruction-architecture/evidence/WO-IAR-019/hosted-36312369557/linux/rehearsal-result-1/upgrade-rehearsal-timing.json",
      "docs/engineering/instruction-architecture/evidence/WO-IAR-019/hosted-36312369557/linux/rehearsal-result-2/upgrade-rehearsal-result.json",
      "docs/engineering/instruction-architecture/evidence/WO-IAR-019/hosted-36312369557/linux/rehearsal-result-2/upgrade-rehearsal-timing.json",
      "docs/engineering/instruction-architecture/evidence/WO-IAR-019/hosted-36312369557/pr-checks.json",
      "docs/engineering/instruction-architecture/evidence/WO-IAR-019/hosted-36312369557/run.json",
      "docs/engineering/instruction-architecture/evidence/WO-IAR-019/hosted-36312369557/windows/rehearsal-result-1/upgrade-rehearsal-result.json",
      "docs/engineering/instruction-architecture/evidence/WO-IAR-019/hosted-36312369557/windows/rehearsal-result-1/upgrade-rehearsal-timing.json",
      "docs/engineering/instruction-architecture/evidence/WO-IAR-019/hosted-36312369557/windows/rehearsal-result-2/upgrade-rehearsal-result.json",
      "docs/engineering/instruction-architecture/evidence/WO-IAR-019/hosted-36312369557/windows/rehearsal-result-2/upgrade-rehearsal-timing.json",
      "docs/engineering/instruction-architecture/evidence/WO-IAR-019/hosted-36312369557/windows/windows-check-evidence/summary.json",
      "docs/engineering/instruction-architecture/evidence/WO-IAR-019/local-longpaths-replay-1-upgrade-rehearsal-result.json",
      "docs/engineering/instruction-architecture/evidence/WO-IAR-019/local-longpaths-replay-1-upgrade-rehearsal-timing.json",
      "docs/engineering/instruction-architecture/evidence/WO-IAR-019/local-longpaths-replay-1.invocation.json",
      "docs/engineering/instruction-architecture/evidence/WO-IAR-019/local-longpaths-replay-1.stderr",
      "docs/engineering/instruction-architecture/evidence/WO-IAR-019/local-longpaths-replay-1.stdout",
      "docs/engineering/instruction-architecture/evidence/WO-IAR-019/local-longpaths-replay-2-upgrade-rehearsal-result.json",
      "docs/engineering/instruction-architecture/evidence/WO-IAR-019/local-longpaths-replay-2-upgrade-rehearsal-timing.json",
      "docs/engineering/instruction-architecture/evidence/WO-IAR-019/local-longpaths-replay-2.invocation.json",
      "docs/engineering/instruction-architecture/evidence/WO-IAR-019/local-longpaths-replay-2.stderr",
      "docs/engineering/instruction-architecture/evidence/WO-IAR-019/local-longpaths-replay-2.stdout",
      "docs/engineering/instruction-architecture/evidence/WO-IAR-019/local-replay-1-upgrade-rehearsal-timing.json",
      "docs/engineering/instruction-architecture/evidence/WO-IAR-019/local-replay-1.invocation.json",
      "docs/engineering/instruction-architecture/evidence/WO-IAR-019/local-replay-1.stderr",
      "docs/engineering/instruction-architecture/evidence/WO-IAR-019/local-replay-1.stdout",
      "docs/engineering/instruction-architecture/evidence/WO-IAR-019/local-replay-comparison.json",
      "docs/engineering/instruction-architecture/evidence/WO-IAR-019/package-build.stderr",
      "docs/engineering/instruction-architecture/evidence/WO-IAR-019/package-build.stdout",
      "docs/engineering/instruction-architecture/evidence/WO-IAR-019/package-calls.json",
      "docs/engineering/instruction-architecture/evidence/WO-IAR-019/package-inputs.json",
      "docs/engineering/instruction-architecture/evidence/WO-IAR-019/package-install.stderr",
      "docs/engineering/instruction-architecture/evidence/WO-IAR-019/package-install.stdout",
      "docs/engineering/instruction-architecture/evidence/WO-IAR-019/package-venv.stderr",
      "docs/engineering/instruction-architecture/evidence/WO-IAR-019/package-venv.stdout",
      "docs/engineering/instruction-architecture/evidence/WO-IAR-019/package.json",
      "docs/engineering/instruction-architecture/evidence/WO-IAR-019/review.md",
      "docs/engineering/instruction-architecture/evidence/WO-IAR-019/WO-IAR-019-handoff.md",
      "docs/engineering/instruction-architecture/work-orders/WO-IAR-019.md",
      "docs/notes/evaluator-migration-rehearsal.md",
      "repository_tools/upgrade_rehearsal.py",
      "tests/test_upgrade_rehearsal.py"
    ],
    "change_set_complete": true
  },
  "compliance": {
    "checkpoint": "handoff",
    "workflow_rule_id": "WFL-WO-IMPLEMENT",
    "procedure_id": "PROC-WO-IMPLEMENT",
    "status": "pass",
    "gates": [
      {
        "id": "QG-G4-IMPLEMENTATION-EVIDENCE",
        "status": "pass",
        "predicates": [
          {
            "id": "QGP-G4I-STATUS",
            "status": "pass",
            "evidence": [
              {
                "kind": "artifact",
                "reference": "WO-IAR-019"
              }
            ],
            "message": "WO-IAR-019 status is in_progress."
          },
          {
            "id": "QGP-G4I-GRAPH",
            "status": "pass",
            "evidence": [
              {
                "kind": "result",
                "reference": "formal-graph:WO-IAR-019"
              }
            ],
            "message": "The selected formal graph is valid."
          },
          {
            "id": "QGP-G4I-INTEGRITY",
            "status": "pass",
            "evidence": [
              {
                "kind": "result",
                "reference": "repository-integrity:handoff"
              }
            ],
            "message": "No repository-integrity blocker prevents selected evaluation."
          },
          {
            "id": "QGP-G4I-SCOPE",
            "status": "pass",
            "evidence": [
              {
                "kind": "artifact",
                "reference": "WO-IAR-019:[execution_scope]"
              }
            ],
            "message": "WO-IAR-019 has recorded execution approval for its 5 scope path(s)."
          },
          {
            "id": "QGP-G4I-COMPLETE",
            "status": "pass",
            "evidence": [
              {
                "kind": "result",
                "reference": "declared-change-set:WO-IAR-019"
              }
            ],
            "message": "The caller explicitly asserted that the declared change set is complete."
          },
          {
            "id": "QGP-G4I-PATHS",
            "status": "pass",
            "evidence": [
              {
                "kind": "path",
                "reference": "declared-change-set:WO-IAR-019"
              }
            ],
            "message": "All 123 declared changed path(s) are within execution scope."
          },
          {
            "id": "QGP-G4I-PREFLIGHT",
            "status": "pass",
            "evidence": [
              {
                "kind": "result",
                "reference": "preflight:WO-IAR-019:review"
              }
            ],
            "message": "Released-installation review preflight inputs are ready."
          },
          {
            "id": "QGP-G4I-EVIDENCE",
            "status": "pass",
            "evidence": [
              {
                "kind": "path",
                "reference": "work-order-evidence:WO-IAR-019"
              }
            ],
            "message": "Fresh retained evidence is bound at docs/engineering/instruction-architecture/evidence/WO-IAR-019/WO-IAR-019-handoff.md."
          },
          {
            "id": "QGP-G4I-DECISION",
            "status": "pass",
            "evidence": [
              {
                "kind": "result",
                "reference": "decision-register:WO-IAR-019"
              }
            ],
            "message": "No open decision blocks WO-IAR-019."
          }
        ]
      }
    ],
    "formal_snapshot_sha256": "3f2ce0a5491158c16ed05991f63c13489303f9dabd0b1ee3151749844acb0c0a",
    "change_set_source": "arguments"
  },
  "procedure": {
    "id": "PROC-WO-IMPLEMENT",
    "current_step": "STEP-WO-IMPLEMENT-PREVIEW",
    "steps": [
      {
        "id": "STEP-WO-IMPLEMENT-CHECK",
        "kind": "command",
        "gate_ids": [
          "QG-G4-IMPLEMENTATION-EVIDENCE"
        ],
        "effects": [
          "Evaluated implementation handoff for WO-IAR-019."
        ],
        "non_effects": [
          "A checkpoint does not complete or verify work."
        ],
        "argv": [
          "harnessctl",
          "check",
          ".",
          "--artifact",
          "WO-IAR-019",
          "--checkpoint",
          "handoff"
        ],
        "corrective": {
          "QGP-G4I-STATUS": {
            "kind": "escalation",
            "decision_right": "DR-WO-START"
          },
          "QGP-G4I-GRAPH": {
            "kind": "escalation",
            "decision_right": "DR-REMEDIATION-SCOPE"
          },
          "QGP-G4I-INTEGRITY": {
            "kind": "escalation",
            "decision_right": "DR-REMEDIATION-SCOPE"
          },
          "QGP-G4I-SCOPE": {
            "kind": "escalation",
            "decision_right": "DR-WO-SELECT"
          },
          "QGP-G4I-COMPLETE": {
            "kind": "command",
            "argv": [
              "harnessctl",
              "check",
              ".",
              "--artifact",
              "WO-IAR-019",
              "--checkpoint",
              "handoff",
              "--from-git",
              "<base>"
            ]
          },
          "QGP-G4I-PATHS": {
            "kind": "escalation",
            "decision_right": "DR-REMEDIATION-SCOPE"
          },
          "QGP-G4I-PREFLIGHT": {
            "kind": "command",
            "argv": [
              "harnessctl",
              "preflight",
              ".",
              "--work-order",
              "WO-IAR-019",
              "--phase",
              "review"
            ]
          },
          "QGP-G4I-EVIDENCE": {
            "kind": "command",
            "argv": [
              "harnessctl",
              "evidence",
              ".",
              "--artifact",
              "WO-IAR-019",
              "--checkpoint",
              "handoff"
            ]
          },
          "QGP-G4I-DECISION": {
            "kind": "escalation",
            "decision_right": "DR-DECISION-DISPOSE"
          }
        }
      },
      {
        "id": "STEP-WO-IMPLEMENT-PREVIEW",
        "kind": "command",
        "gate_ids": [
          "QG-G4-IMPLEMENTATION-EVIDENCE"
        ],
        "effects": [
          "Plan completion of WO-IAR-019."
        ],
        "non_effects": [
          "Completion does not verify, release or deliver the work."
        ],
        "argv": [
          "harnessctl",
          "transition",
          ".",
          "--set",
          "WO-IAR-019=implemented",
          "--decision",
          "WO-IAR-019=delegated-executor"
        ],
        "corrective": {
          "QGP-G4I-STATUS": {
            "kind": "escalation",
            "decision_right": "DR-WO-START"
          },
          "QGP-G4I-GRAPH": {
            "kind": "escalation",
            "decision_right": "DR-REMEDIATION-SCOPE"
          },
          "QGP-G4I-INTEGRITY": {
            "kind": "escalation",
            "decision_right": "DR-REMEDIATION-SCOPE"
          },
          "QGP-G4I-SCOPE": {
            "kind": "escalation",
            "decision_right": "DR-WO-SELECT"
          },
          "QGP-G4I-COMPLETE": {
            "kind": "command",
            "argv": [
              "harnessctl",
              "check",
              ".",
              "--artifact",
              "WO-IAR-019",
              "--checkpoint",
              "handoff",
              "--from-git",
              "<base>"
            ]
          },
          "QGP-G4I-PATHS": {
            "kind": "escalation",
            "decision_right": "DR-REMEDIATION-SCOPE"
          },
          "QGP-G4I-PREFLIGHT": {
            "kind": "command",
            "argv": [
              "harnessctl",
              "preflight",
              ".",
              "--work-order",
              "WO-IAR-019",
              "--phase",
              "review"
            ]
          },
          "QGP-G4I-EVIDENCE": {
            "kind": "command",
            "argv": [
              "harnessctl",
              "evidence",
              ".",
              "--artifact",
              "WO-IAR-019",
              "--checkpoint",
              "handoff"
            ]
          },
          "QGP-G4I-DECISION": {
            "kind": "escalation",
            "decision_right": "DR-DECISION-DISPOSE"
          }
        }
      },
      {
        "id": "STEP-WO-IMPLEMENT-APPLY",
        "kind": "command",
        "gate_ids": [
          "QG-G4-IMPLEMENTATION-EVIDENCE"
        ],
        "effects": [
          "Record completion of only WO-IAR-019 under its approved execution scope."
        ],
        "non_effects": [
          "Completion does not verify, release or deliver the work."
        ],
        "argv": [
          "harnessctl",
          "transition",
          ".",
          "--set",
          "WO-IAR-019=implemented",
          "--decision",
          "WO-IAR-019=delegated-executor",
          "--apply"
        ],
        "corrective": {
          "QGP-G4I-STATUS": {
            "kind": "escalation",
            "decision_right": "DR-WO-START"
          },
          "QGP-G4I-GRAPH": {
            "kind": "escalation",
            "decision_right": "DR-REMEDIATION-SCOPE"
          },
          "QGP-G4I-INTEGRITY": {
            "kind": "escalation",
            "decision_right": "DR-REMEDIATION-SCOPE"
          },
          "QGP-G4I-SCOPE": {
            "kind": "escalation",
            "decision_right": "DR-WO-SELECT"
          },
          "QGP-G4I-COMPLETE": {
            "kind": "command",
            "argv": [
              "harnessctl",
              "check",
              ".",
              "--artifact",
              "WO-IAR-019",
              "--checkpoint",
              "handoff",
              "--from-git",
              "<base>"
            ]
          },
          "QGP-G4I-PATHS": {
            "kind": "escalation",
            "decision_right": "DR-REMEDIATION-SCOPE"
          },
          "QGP-G4I-PREFLIGHT": {
            "kind": "command",
            "argv": [
              "harnessctl",
              "preflight",
              ".",
              "--work-order",
              "WO-IAR-019",
              "--phase",
              "review"
            ]
          },
          "QGP-G4I-EVIDENCE": {
            "kind": "command",
            "argv": [
              "harnessctl",
              "evidence",
              ".",
              "--artifact",
              "WO-IAR-019",
              "--checkpoint",
              "handoff"
            ]
          },
          "QGP-G4I-DECISION": {
            "kind": "escalation",
            "decision_right": "DR-DECISION-DISPOSE"
          }
        }
      }
    ]
  },
  "state": {
    "before": [
      {
        "id": "WO-IAR-019",
        "status": "in_progress"
      }
    ],
    "after": [
      {
        "id": "WO-IAR-019",
        "status": "in_progress"
      }
    ]
  },
  "findings": {
    "scoped_blockers": [],
    "repository_blockers": [],
    "unrelated_count": 50
  },
  "mutation": {
    "writes": []
  },
  "restitution": {
    "outcome": "completed",
    "done": [
      "Evaluated handoff compliance for WO-IAR-019."
    ],
    "not_done": [],
    "blocked_by": [],
    "current_lifecycle_state": [
      "WO-IAR-019 is in_progress."
    ],
    "decision_required": null,
    "next": {
      "procedure_id": "PROC-WO-IMPLEMENT",
      "step_id": "STEP-WO-IMPLEMENT-PREVIEW",
      "action": "Run the bound command"
    },
    "command_or_response": {
      "kind": "command",
      "argv": [
        "harnessctl",
        "transition",
        ".",
        "--set",
        "WO-IAR-019=implemented",
        "--decision",
        "WO-IAR-019=delegated-executor"
      ]
    },
    "alternatives": []
  },
  "result_sha256": "f7be40c55dd81f1c6e14ef9f450f64ca3a7b4d4d6bb77ef1f8c1b3c48438bfc2"
}
