{
  "assurance": {
    "commit_bound_verification": "required",
    "decided_by": "engineering-owner",
    "rationale": "Proposed for human approval: CI and subsequent integration decisions rely on the rehearsal distinguishing a tested installer transaction from native host qualification. The changed executable test behavior requires assurance bound to the candidate commit."
  },
  "authority_boundary": "Preflight is derived, read-only evidence. It does not approve artifacts, authorize a diff, verify work, release software, commit, push, tag, publish, or deploy.",
  "background": [],
  "diagnostics": [],
  "phase": "start",
  "reading_manifest": [
    "ENGINEERING_HARNESS.md",
    "docs/engineering/OPERATING_CARD.md",
    "AGENTS.md",
    "docs/engineering/ARTIFACT_AUTHORING.md",
    "docs/engineering/execution-control-plane/intent/INT-ECP-001.md",
    "docs/engineering/instruction-architecture/intent/INT-IAR-001.md",
    "docs/engineering/execution-control-plane/capabilities/CAP-ECP-003.md",
    "docs/engineering/instruction-architecture/capabilities/CAP-IAR-002.md",
    "docs/engineering/execution-control-plane/requirements/REQ-ECP-012.md",
    "docs/engineering/instruction-architecture/requirements/REQ-IAR-025.md",
    "docs/engineering/execution-control-plane/specifications/SPEC-ECP-007.md",
    "docs/engineering/execution-control-plane/specifications/SPEC-ECP-025.md",
    "docs/engineering/instruction-architecture/specifications/SPEC-IAR-014.md",
    "docs/engineering/instruction-architecture/architecture/ARCH-IAR-011.md",
    "docs/engineering/instruction-architecture/architecture/adr/ADR-IAR-011.md",
    "docs/engineering/execution-control-plane/verification/VER-ECP-027.md",
    "docs/engineering/instruction-architecture/verification/VER-IAR-014.md",
    "docs/engineering/instruction-architecture/work-orders/WO-IAR-019.md"
  ],
  "ready": true,
  "schema": "se-harness-preflight-v2",
  "skew": [],
  "work_order": {
    "id": "WO-IAR-019",
    "path": "docs/engineering/instruction-architecture/work-orders/WO-IAR-019.md",
    "status": "approved"
  }
}
