{
  "schema": "se-harness-workflow-result-v2",
  "digest_format": "machine-fields-v1",
  "candidate": {},
  "operation": {
    "kind": "check",
    "outcome": "completed"
  },
  "selection": {
    "primary": "WO-IAR-019",
    "artifacts": [
      "WO-IAR-019"
    ]
  },
  "scope": {
    "mode": "selected",
    "governing": [
      "ADR-IAR-011",
      "ARCH-IAR-011",
      "CAP-ECP-003",
      "CAP-IAR-002",
      "INT-ECP-001",
      "INT-IAR-001",
      "REQ-ECP-012",
      "REQ-IAR-025",
      "SPEC-ECP-007",
      "SPEC-ECP-025",
      "SPEC-IAR-014",
      "VER-ECP-027",
      "VER-IAR-014"
    ],
    "dependencies": [],
    "declared_paths": [
      "docs/engineering/instruction-architecture/evidence/WO-IAR-019/",
      "docs/engineering/instruction-architecture/work-orders/WO-IAR-019.md",
      "docs/notes/evaluator-migration-rehearsal.md",
      "repository_tools/upgrade_rehearsal.py",
      "tests/test_upgrade_rehearsal.py"
    ],
    "changed_paths": [],
    "change_set_complete": false
  },
  "compliance": {
    "checkpoint": "pre-action",
    "workflow_rule_id": "WFL-DEFAULT-REVIEW",
    "procedure_id": "PROC-FOCUS-SELECTED",
    "status": "not_assessable",
    "gates": []
  },
  "procedure": {
    "id": "PROC-FOCUS-SELECTED",
    "current_step": "STEP-FOCUS-SELECTED",
    "steps": [
      {
        "id": "STEP-FOCUS-SELECTED",
        "kind": "command",
        "gate_ids": [],
        "effects": [
          "Projected selected state for WO-IAR-019."
        ],
        "non_effects": [
          "Focus changes no lifecycle state."
        ],
        "argv": [
          "harnessctl",
          "check",
          ".",
          "--artifact",
          "WO-IAR-019"
        ]
      }
    ]
  },
  "state": {
    "before": [
      {
        "id": "WO-IAR-019",
        "status": "draft"
      }
    ],
    "after": [
      {
        "id": "WO-IAR-019",
        "status": "draft"
      }
    ]
  },
  "findings": {
    "scoped_blockers": [],
    "repository_blockers": [],
    "unrelated_count": 50
  },
  "mutation": {
    "writes": []
  },
  "restitution": {
    "outcome": "completed",
    "done": [
      "Projected the selected scope for WO-IAR-019."
    ],
    "not_done": [],
    "blocked_by": [],
    "current_lifecycle_state": [
      "WO-IAR-019 is draft."
    ],
    "decision_required": null,
    "next": {
      "procedure_id": "PROC-FOCUS-SELECTED",
      "step_id": "STEP-FOCUS-SELECTED",
      "action": "Run the bound command"
    },
    "command_or_response": {
      "kind": "command",
      "argv": [
        "harnessctl",
        "check",
        ".",
        "--artifact",
        "WO-IAR-019"
      ]
    },
    "alternatives": []
  },
  "result_sha256": "50accae11b5664f736e6851775e8158b853417d480b30bbf3db1fc41829e92eb",
  "context": {
    "reading_manifest": [
      "ENGINEERING_HARNESS.md",
      "docs/engineering/OPERATING_CARD.md",
      "AGENTS.md",
      "docs/engineering/ARTIFACT_AUTHORING.md",
      "docs/engineering/execution-control-plane/intent/INT-ECP-001.md",
      "docs/engineering/instruction-architecture/intent/INT-IAR-001.md",
      "docs/engineering/execution-control-plane/capabilities/CAP-ECP-003.md",
      "docs/engineering/instruction-architecture/capabilities/CAP-IAR-002.md",
      "docs/engineering/execution-control-plane/requirements/REQ-ECP-012.md",
      "docs/engineering/instruction-architecture/requirements/REQ-IAR-025.md",
      "docs/engineering/execution-control-plane/specifications/SPEC-ECP-007.md",
      "docs/engineering/execution-control-plane/specifications/SPEC-ECP-025.md",
      "docs/engineering/instruction-architecture/specifications/SPEC-IAR-014.md",
      "docs/engineering/instruction-architecture/architecture/ARCH-IAR-011.md",
      "docs/engineering/instruction-architecture/architecture/adr/ADR-IAR-011.md",
      "docs/engineering/execution-control-plane/verification/VER-ECP-027.md",
      "docs/engineering/instruction-architecture/verification/VER-IAR-014.md",
      "docs/engineering/instruction-architecture/work-orders/WO-IAR-019.md"
    ],
    "governing": [
      "ADR-IAR-011",
      "ARCH-IAR-011",
      "CAP-ECP-003",
      "CAP-IAR-002",
      "INT-ECP-001",
      "INT-IAR-001",
      "REQ-ECP-012",
      "REQ-IAR-025",
      "SPEC-ECP-007",
      "SPEC-ECP-025",
      "SPEC-IAR-014",
      "VER-ECP-027",
      "VER-IAR-014"
    ],
    "declared_paths": [
      "repository_tools/upgrade_rehearsal.py",
      "tests/test_upgrade_rehearsal.py",
      "docs/notes/evaluator-migration-rehearsal.md",
      "docs/engineering/instruction-architecture/work-orders/WO-IAR-019.md",
      "docs/engineering/instruction-architecture/evidence/WO-IAR-019/"
    ],
    "state": {
      "status": "draft",
      "family": "work_order"
    },
    "next": {
      "argv": [
        "harnessctl",
        "check",
        ".",
        "--artifact",
        "WO-IAR-019"
      ],
      "procedure_id": "PROC-FOCUS-SELECTED",
      "step_id": "STEP-FOCUS-SELECTED"
    },
    "decision_required": null
  }
}
