{
  "schema": "se-harness-workflow-result-v2",
  "digest_format": "machine-fields-v1",
  "candidate": {},
  "operation": {
    "kind": "check",
    "outcome": "completed"
  },
  "selection": {
    "primary": "WO-IAR-019",
    "artifacts": [
      "WO-IAR-019"
    ]
  },
  "scope": {
    "mode": "selected",
    "governing": [
      "ADR-IAR-011",
      "ARCH-IAR-011",
      "CAP-ECP-003",
      "CAP-IAR-002",
      "INT-ECP-001",
      "INT-IAR-001",
      "REQ-ECP-012",
      "REQ-IAR-025",
      "SPEC-ECP-007",
      "SPEC-ECP-025",
      "SPEC-IAR-014",
      "VER-ECP-027",
      "VER-IAR-014"
    ],
    "dependencies": [],
    "declared_paths": [
      "docs/engineering/instruction-architecture/evidence/WO-IAR-019/",
      "docs/engineering/instruction-architecture/work-orders/WO-IAR-019.md",
      "docs/notes/evaluator-migration-rehearsal.md",
      "repository_tools/upgrade_rehearsal.py",
      "tests/test_upgrade_rehearsal.py"
    ],
    "changed_paths": [],
    "change_set_complete": false
  },
  "compliance": {
    "checkpoint": "pre-action",
    "workflow_rule_id": "WFL-WO-START",
    "procedure_id": "PROC-WO-START",
    "status": "not_assessable",
    "gates": []
  },
  "procedure": {
    "id": "PROC-WO-START",
    "current_step": "STEP-WO-START-PREFLIGHT",
    "steps": [
      {
        "id": "STEP-WO-START-PREFLIGHT",
        "kind": "command",
        "gate_ids": [
          "QG-G3-WORK-AUTHORIZATION"
        ],
        "effects": [
          "Evaluated start readiness for WO-IAR-019."
        ],
        "non_effects": [
          "Preflight does not authorize or start implementation."
        ],
        "argv": [
          "harnessctl",
          "preflight",
          ".",
          "--work-order",
          "WO-IAR-019",
          "--phase",
          "start"
        ],
        "corrective": {
          "QGP-G3-STATUS": {
            "kind": "escalation",
            "decision_right": "DR-WO-SELECT"
          },
          "QGP-G3-GRAPH": {
            "kind": "escalation",
            "decision_right": "DR-REMEDIATION-SCOPE"
          },
          "QGP-G3-INTEGRITY": {
            "kind": "escalation",
            "decision_right": "DR-REMEDIATION-SCOPE"
          },
          "QGP-G3-SCOPE": {
            "kind": "escalation",
            "decision_right": "DR-WO-SELECT"
          },
          "QGP-G3-PREFLIGHT": {
            "kind": "escalation",
            "decision_right": "DR-REMEDIATION-SCOPE"
          },
          "QGP-G3-DECISION": {
            "kind": "escalation",
            "decision_right": "DR-DECISION-DISPOSE"
          }
        }
      },
      {
        "id": "STEP-WO-START-PREVIEW",
        "kind": "command",
        "gate_ids": [
          "QG-G3-WORK-AUTHORIZATION"
        ],
        "effects": [
          "Planned the explicit transition for WO-IAR-019."
        ],
        "non_effects": [
          "A preview does not change lifecycle state."
        ],
        "argv": [
          "harnessctl",
          "transition",
          ".",
          "--set",
          "WO-IAR-019=in_progress",
          "--decision",
          "WO-IAR-019=delegated-executor"
        ],
        "corrective": {
          "QGP-G3-STATUS": {
            "kind": "escalation",
            "decision_right": "DR-WO-SELECT"
          },
          "QGP-G3-GRAPH": {
            "kind": "escalation",
            "decision_right": "DR-REMEDIATION-SCOPE"
          },
          "QGP-G3-INTEGRITY": {
            "kind": "escalation",
            "decision_right": "DR-REMEDIATION-SCOPE"
          },
          "QGP-G3-SCOPE": {
            "kind": "escalation",
            "decision_right": "DR-WO-SELECT"
          },
          "QGP-G3-PREFLIGHT": {
            "kind": "command",
            "argv": [
              "harnessctl",
              "preflight",
              ".",
              "--work-order",
              "WO-IAR-019",
              "--phase",
              "start"
            ]
          },
          "QGP-G3-DECISION": {
            "kind": "escalation",
            "decision_right": "DR-DECISION-DISPOSE"
          }
        }
      },
      {
        "id": "STEP-WO-START-APPLY",
        "kind": "command",
        "gate_ids": [
          "QG-G3-WORK-AUTHORIZATION"
        ],
        "effects": [
          "Changed only WO-IAR-019 to in_progress."
        ],
        "non_effects": [
          "Related artifacts remain unchanged."
        ],
        "argv": [
          "harnessctl",
          "transition",
          ".",
          "--set",
          "WO-IAR-019=in_progress",
          "--decision",
          "WO-IAR-019=delegated-executor",
          "--apply"
        ],
        "corrective": {
          "QGP-G3-STATUS": {
            "kind": "escalation",
            "decision_right": "DR-WO-SELECT"
          },
          "QGP-G3-GRAPH": {
            "kind": "escalation",
            "decision_right": "DR-REMEDIATION-SCOPE"
          },
          "QGP-G3-INTEGRITY": {
            "kind": "escalation",
            "decision_right": "DR-REMEDIATION-SCOPE"
          },
          "QGP-G3-SCOPE": {
            "kind": "escalation",
            "decision_right": "DR-WO-SELECT"
          },
          "QGP-G3-PREFLIGHT": {
            "kind": "command",
            "argv": [
              "harnessctl",
              "preflight",
              ".",
              "--work-order",
              "WO-IAR-019",
              "--phase",
              "start"
            ]
          },
          "QGP-G3-DECISION": {
            "kind": "escalation",
            "decision_right": "DR-DECISION-DISPOSE"
          }
        }
      },
      {
        "id": "STEP-WO-START-FINAL-FOCUS",
        "kind": "command",
        "gate_ids": [],
        "effects": [
          "Projected the resulting state for WO-IAR-019."
        ],
        "non_effects": [
          "Focus does not change lifecycle state."
        ],
        "argv": [
          "harnessctl",
          "check",
          ".",
          "--artifact",
          "WO-IAR-019"
        ]
      }
    ]
  },
  "state": {
    "before": [
      {
        "id": "WO-IAR-019",
        "status": "approved"
      }
    ],
    "after": [
      {
        "id": "WO-IAR-019",
        "status": "approved"
      }
    ]
  },
  "findings": {
    "scoped_blockers": [],
    "repository_blockers": [],
    "unrelated_count": 50
  },
  "mutation": {
    "writes": []
  },
  "restitution": {
    "outcome": "completed",
    "done": [
      "Projected the selected scope for WO-IAR-019."
    ],
    "not_done": [],
    "blocked_by": [],
    "current_lifecycle_state": [
      "WO-IAR-019 is approved."
    ],
    "decision_required": null,
    "next": {
      "procedure_id": "PROC-WO-START",
      "step_id": "STEP-WO-START-PREFLIGHT",
      "action": "Run the bound command"
    },
    "command_or_response": {
      "kind": "command",
      "argv": [
        "harnessctl",
        "preflight",
        ".",
        "--work-order",
        "WO-IAR-019",
        "--phase",
        "start"
      ]
    },
    "alternatives": []
  },
  "result_sha256": "b13aaa085eb8a35bf237fef907eebc96c2eec842e160a1f90263eff744e22b62",
  "context": {
    "reading_manifest": [
      "ENGINEERING_HARNESS.md",
      "docs/engineering/OPERATING_CARD.md",
      "AGENTS.md",
      "docs/engineering/ARTIFACT_AUTHORING.md",
      "docs/engineering/execution-control-plane/intent/INT-ECP-001.md",
      "docs/engineering/instruction-architecture/intent/INT-IAR-001.md",
      "docs/engineering/execution-control-plane/capabilities/CAP-ECP-003.md",
      "docs/engineering/instruction-architecture/capabilities/CAP-IAR-002.md",
      "docs/engineering/execution-control-plane/requirements/REQ-ECP-012.md",
      "docs/engineering/instruction-architecture/requirements/REQ-IAR-025.md",
      "docs/engineering/execution-control-plane/specifications/SPEC-ECP-007.md",
      "docs/engineering/execution-control-plane/specifications/SPEC-ECP-025.md",
      "docs/engineering/instruction-architecture/specifications/SPEC-IAR-014.md",
      "docs/engineering/instruction-architecture/architecture/ARCH-IAR-011.md",
      "docs/engineering/instruction-architecture/architecture/adr/ADR-IAR-011.md",
      "docs/engineering/execution-control-plane/verification/VER-ECP-027.md",
      "docs/engineering/instruction-architecture/verification/VER-IAR-014.md",
      "docs/engineering/instruction-architecture/work-orders/WO-IAR-019.md"
    ],
    "governing": [
      "ADR-IAR-011",
      "ARCH-IAR-011",
      "CAP-ECP-003",
      "CAP-IAR-002",
      "INT-ECP-001",
      "INT-IAR-001",
      "REQ-ECP-012",
      "REQ-IAR-025",
      "SPEC-ECP-007",
      "SPEC-ECP-025",
      "SPEC-IAR-014",
      "VER-ECP-027",
      "VER-IAR-014"
    ],
    "declared_paths": [
      "repository_tools/upgrade_rehearsal.py",
      "tests/test_upgrade_rehearsal.py",
      "docs/notes/evaluator-migration-rehearsal.md",
      "docs/engineering/instruction-architecture/work-orders/WO-IAR-019.md",
      "docs/engineering/instruction-architecture/evidence/WO-IAR-019/"
    ],
    "state": {
      "status": "approved",
      "family": "work_order"
    },
    "next": {
      "argv": [
        "harnessctl",
        "preflight",
        ".",
        "--work-order",
        "WO-IAR-019",
        "--phase",
        "start"
      ],
      "procedure_id": "PROC-WO-START",
      "step_id": "STEP-WO-START-PREFLIGHT"
    },
    "decision_required": null
  }
}
