{
  "schema": "se-harness-workflow-result-v2",
  "digest_format": "machine-fields-v1",
  "candidate": {},
  "operation": {
    "kind": "check",
    "outcome": "completed"
  },
  "selection": {
    "primary": "WO-IAR-019",
    "artifacts": [
      "WO-IAR-019"
    ]
  },
  "scope": {
    "mode": "selected",
    "governing": [
      "ADR-IAR-011",
      "ARCH-IAR-011",
      "CAP-ECP-003",
      "CAP-IAR-002",
      "INT-ECP-001",
      "INT-IAR-001",
      "REQ-ECP-012",
      "REQ-IAR-025",
      "SPEC-ECP-007",
      "SPEC-ECP-025",
      "SPEC-IAR-014",
      "VER-ECP-027",
      "VER-IAR-014"
    ],
    "dependencies": [],
    "declared_paths": [
      "docs/engineering/instruction-architecture/evidence/WO-IAR-019/",
      "docs/engineering/instruction-architecture/work-orders/WO-IAR-019.md",
      "docs/notes/evaluator-migration-rehearsal.md",
      "repository_tools/upgrade_rehearsal.py",
      "tests/test_upgrade_rehearsal.py"
    ],
    "changed_paths": [],
    "change_set_complete": false
  },
  "compliance": {
    "checkpoint": "pre-action",
    "workflow_rule_id": "WFL-WO-IMPLEMENT",
    "procedure_id": "PROC-WO-IMPLEMENT",
    "status": "not_assessable",
    "gates": []
  },
  "procedure": {
    "id": "PROC-WO-IMPLEMENT",
    "current_step": "STEP-WO-IMPLEMENT-CHECK",
    "steps": [
      {
        "id": "STEP-WO-IMPLEMENT-CHECK",
        "kind": "command",
        "gate_ids": [
          "QG-G4-IMPLEMENTATION-EVIDENCE"
        ],
        "effects": [
          "Evaluated implementation handoff for WO-IAR-019."
        ],
        "non_effects": [
          "A checkpoint does not complete or verify work."
        ],
        "argv": [
          "harnessctl",
          "check",
          ".",
          "--artifact",
          "WO-IAR-019",
          "--checkpoint",
          "handoff"
        ],
        "corrective": {
          "QGP-G4I-STATUS": {
            "kind": "escalation",
            "decision_right": "DR-WO-START"
          },
          "QGP-G4I-GRAPH": {
            "kind": "escalation",
            "decision_right": "DR-REMEDIATION-SCOPE"
          },
          "QGP-G4I-INTEGRITY": {
            "kind": "escalation",
            "decision_right": "DR-REMEDIATION-SCOPE"
          },
          "QGP-G4I-SCOPE": {
            "kind": "escalation",
            "decision_right": "DR-WO-SELECT"
          },
          "QGP-G4I-COMPLETE": {
            "kind": "command",
            "argv": [
              "harnessctl",
              "check",
              ".",
              "--artifact",
              "WO-IAR-019",
              "--checkpoint",
              "handoff",
              "--from-git",
              "<base>"
            ]
          },
          "QGP-G4I-PATHS": {
            "kind": "escalation",
            "decision_right": "DR-REMEDIATION-SCOPE"
          },
          "QGP-G4I-PREFLIGHT": {
            "kind": "command",
            "argv": [
              "harnessctl",
              "preflight",
              ".",
              "--work-order",
              "WO-IAR-019",
              "--phase",
              "review"
            ]
          },
          "QGP-G4I-EVIDENCE": {
            "kind": "command",
            "argv": [
              "harnessctl",
              "evidence",
              ".",
              "--artifact",
              "WO-IAR-019",
              "--checkpoint",
              "handoff"
            ]
          },
          "QGP-G4I-DECISION": {
            "kind": "escalation",
            "decision_right": "DR-DECISION-DISPOSE"
          }
        }
      },
      {
        "id": "STEP-WO-IMPLEMENT-PREVIEW",
        "kind": "command",
        "gate_ids": [
          "QG-G4-IMPLEMENTATION-EVIDENCE"
        ],
        "effects": [
          "Plan completion of WO-IAR-019."
        ],
        "non_effects": [
          "Completion does not verify, release or deliver the work."
        ],
        "argv": [
          "harnessctl",
          "transition",
          ".",
          "--set",
          "WO-IAR-019=implemented",
          "--decision",
          "WO-IAR-019=delegated-executor"
        ],
        "corrective": {
          "QGP-G4I-STATUS": {
            "kind": "escalation",
            "decision_right": "DR-WO-START"
          },
          "QGP-G4I-GRAPH": {
            "kind": "escalation",
            "decision_right": "DR-REMEDIATION-SCOPE"
          },
          "QGP-G4I-INTEGRITY": {
            "kind": "escalation",
            "decision_right": "DR-REMEDIATION-SCOPE"
          },
          "QGP-G4I-SCOPE": {
            "kind": "escalation",
            "decision_right": "DR-WO-SELECT"
          },
          "QGP-G4I-COMPLETE": {
            "kind": "command",
            "argv": [
              "harnessctl",
              "check",
              ".",
              "--artifact",
              "WO-IAR-019",
              "--checkpoint",
              "handoff",
              "--from-git",
              "<base>"
            ]
          },
          "QGP-G4I-PATHS": {
            "kind": "escalation",
            "decision_right": "DR-REMEDIATION-SCOPE"
          },
          "QGP-G4I-PREFLIGHT": {
            "kind": "command",
            "argv": [
              "harnessctl",
              "preflight",
              ".",
              "--work-order",
              "WO-IAR-019",
              "--phase",
              "review"
            ]
          },
          "QGP-G4I-EVIDENCE": {
            "kind": "command",
            "argv": [
              "harnessctl",
              "evidence",
              ".",
              "--artifact",
              "WO-IAR-019",
              "--checkpoint",
              "handoff"
            ]
          },
          "QGP-G4I-DECISION": {
            "kind": "escalation",
            "decision_right": "DR-DECISION-DISPOSE"
          }
        }
      },
      {
        "id": "STEP-WO-IMPLEMENT-APPLY",
        "kind": "command",
        "gate_ids": [
          "QG-G4-IMPLEMENTATION-EVIDENCE"
        ],
        "effects": [
          "Record completion of only WO-IAR-019 under its approved execution scope."
        ],
        "non_effects": [
          "Completion does not verify, release or deliver the work."
        ],
        "argv": [
          "harnessctl",
          "transition",
          ".",
          "--set",
          "WO-IAR-019=implemented",
          "--decision",
          "WO-IAR-019=delegated-executor",
          "--apply"
        ],
        "corrective": {
          "QGP-G4I-STATUS": {
            "kind": "escalation",
            "decision_right": "DR-WO-START"
          },
          "QGP-G4I-GRAPH": {
            "kind": "escalation",
            "decision_right": "DR-REMEDIATION-SCOPE"
          },
          "QGP-G4I-INTEGRITY": {
            "kind": "escalation",
            "decision_right": "DR-REMEDIATION-SCOPE"
          },
          "QGP-G4I-SCOPE": {
            "kind": "escalation",
            "decision_right": "DR-WO-SELECT"
          },
          "QGP-G4I-COMPLETE": {
            "kind": "command",
            "argv": [
              "harnessctl",
              "check",
              ".",
              "--artifact",
              "WO-IAR-019",
              "--checkpoint",
              "handoff",
              "--from-git",
              "<base>"
            ]
          },
          "QGP-G4I-PATHS": {
            "kind": "escalation",
            "decision_right": "DR-REMEDIATION-SCOPE"
          },
          "QGP-G4I-PREFLIGHT": {
            "kind": "command",
            "argv": [
              "harnessctl",
              "preflight",
              ".",
              "--work-order",
              "WO-IAR-019",
              "--phase",
              "review"
            ]
          },
          "QGP-G4I-EVIDENCE": {
            "kind": "command",
            "argv": [
              "harnessctl",
              "evidence",
              ".",
              "--artifact",
              "WO-IAR-019",
              "--checkpoint",
              "handoff"
            ]
          },
          "QGP-G4I-DECISION": {
            "kind": "escalation",
            "decision_right": "DR-DECISION-DISPOSE"
          }
        }
      }
    ]
  },
  "state": {
    "before": [
      {
        "id": "WO-IAR-019",
        "status": "in_progress"
      }
    ],
    "after": [
      {
        "id": "WO-IAR-019",
        "status": "in_progress"
      }
    ]
  },
  "findings": {
    "scoped_blockers": [],
    "repository_blockers": [],
    "unrelated_count": 50
  },
  "mutation": {
    "writes": []
  },
  "restitution": {
    "outcome": "completed",
    "done": [
      "Projected the selected scope for WO-IAR-019."
    ],
    "not_done": [],
    "blocked_by": [],
    "current_lifecycle_state": [
      "WO-IAR-019 is in_progress."
    ],
    "decision_required": null,
    "next": {
      "procedure_id": "PROC-WO-IMPLEMENT",
      "step_id": "STEP-WO-IMPLEMENT-CHECK",
      "action": "Run the bound command"
    },
    "command_or_response": {
      "kind": "command",
      "argv": [
        "harnessctl",
        "check",
        ".",
        "--artifact",
        "WO-IAR-019",
        "--checkpoint",
        "handoff"
      ]
    },
    "alternatives": []
  },
  "result_sha256": "3e0b76b93c6cbbd9933cf55d1259cf87cc05832ce0019ac69ebdd208ce583c5e",
  "context": {
    "reading_manifest": [
      "ENGINEERING_HARNESS.md",
      "docs/engineering/OPERATING_CARD.md",
      "AGENTS.md",
      "docs/engineering/ARTIFACT_AUTHORING.md",
      "docs/engineering/execution-control-plane/intent/INT-ECP-001.md",
      "docs/engineering/instruction-architecture/intent/INT-IAR-001.md",
      "docs/engineering/execution-control-plane/capabilities/CAP-ECP-003.md",
      "docs/engineering/instruction-architecture/capabilities/CAP-IAR-002.md",
      "docs/engineering/execution-control-plane/requirements/REQ-ECP-012.md",
      "docs/engineering/instruction-architecture/requirements/REQ-IAR-025.md",
      "docs/engineering/execution-control-plane/specifications/SPEC-ECP-007.md",
      "docs/engineering/execution-control-plane/specifications/SPEC-ECP-025.md",
      "docs/engineering/instruction-architecture/specifications/SPEC-IAR-014.md",
      "docs/engineering/instruction-architecture/architecture/ARCH-IAR-011.md",
      "docs/engineering/instruction-architecture/architecture/adr/ADR-IAR-011.md",
      "docs/engineering/execution-control-plane/verification/VER-ECP-027.md",
      "docs/engineering/instruction-architecture/verification/VER-IAR-014.md",
      "docs/engineering/instruction-architecture/work-orders/WO-IAR-019.md"
    ],
    "governing": [
      "ADR-IAR-011",
      "ARCH-IAR-011",
      "CAP-ECP-003",
      "CAP-IAR-002",
      "INT-ECP-001",
      "INT-IAR-001",
      "REQ-ECP-012",
      "REQ-IAR-025",
      "SPEC-ECP-007",
      "SPEC-ECP-025",
      "SPEC-IAR-014",
      "VER-ECP-027",
      "VER-IAR-014"
    ],
    "declared_paths": [
      "repository_tools/upgrade_rehearsal.py",
      "tests/test_upgrade_rehearsal.py",
      "docs/notes/evaluator-migration-rehearsal.md",
      "docs/engineering/instruction-architecture/work-orders/WO-IAR-019.md",
      "docs/engineering/instruction-architecture/evidence/WO-IAR-019/"
    ],
    "state": {
      "status": "in_progress",
      "family": "work_order"
    },
    "next": {
      "argv": [
        "harnessctl",
        "check",
        ".",
        "--artifact",
        "WO-IAR-019",
        "--checkpoint",
        "handoff"
      ],
      "procedure_id": "PROC-WO-IMPLEMENT",
      "step_id": "STEP-WO-IMPLEMENT-CHECK"
    },
    "decision_required": null
  }
}
