upgrade timing: start replay
upgrade timing: start git-archive
upgrade timing: end git-archive: 1.907871s (finished)
upgrade timing: start archive-extraction
upgrade timing: end archive-extraction: 16.227306s (finished)
upgrade timing: start git-init
upgrade timing: end git-init: 0.050468s (finished)
upgrade timing: start git-config-maintenance
upgrade timing: end git-config-maintenance: 0.030292s (finished)
upgrade timing: start git-config-gc
upgrade timing: end git-config-gc: 0.029145s (finished)
upgrade timing: start git-config-autocrlf
upgrade timing: end git-config-autocrlf: 0.032511s (finished)
upgrade timing: start git-config-email
upgrade timing: end git-config-email: 0.029682s (finished)
upgrade timing: start git-config-name
upgrade timing: end git-config-name: 0.030037s (finished)
upgrade timing: start git-config-signing
upgrade timing: end git-config-signing: 0.030047s (finished)
upgrade timing: start git-add
upgrade timing: end git-add: 25.410879s (finished)
upgrade timing: start git-commit
upgrade timing: end git-commit: 6.411542s (finished)
upgrade timing: start git-storage-paths
upgrade timing: end git-storage-paths: 0.030039s (finished)
upgrade timing: start predecessor-version
upgrade timing: end predecessor-version: 0.294276s (finished)
upgrade timing: start successor-version
upgrade timing: end successor-version: 0.291623s (finished)
upgrade timing: start predecessor-doctor-before
upgrade timing: end predecessor-doctor-before: 19.609118s (finished)
upgrade timing: start successor-upgrade-plan
upgrade timing: end successor-upgrade-plan: 0.358375s (finished)
upgrade timing: start delivery-refusal-snapshot-before
upgrade timing: end delivery-refusal-snapshot-before: 16.695817s (finished)
upgrade timing: start successor-upgrade-without-delivery
upgrade timing: end successor-upgrade-without-delivery: 0.508826s (finished)
upgrade timing: start delivery-refusal-snapshot-after
upgrade timing: end delivery-refusal-snapshot-after: 2.773438s (finished)
upgrade timing: start prepare-synthetic-delivery
upgrade timing: end prepare-synthetic-delivery: 0.310117s (finished)
upgrade timing: start successor-upgrade-apply
upgrade timing: end successor-upgrade-apply: 1.015804s (finished)
upgrade timing: start successor-doctor-after
upgrade timing: end successor-doctor-after: 2.323903s (finished)
upgrade timing: start successor-validate-after
upgrade timing: end successor-validate-after: 3.753637s (finished)
upgrade timing: start predecessor-doctor-after
upgrade timing: end predecessor-doctor-after: 2.274496s (finished)
upgrade timing: start scratch-cleanup
upgrade timing: end scratch-cleanup: 9.655205s (finished)
upgrade timing: end replay: 110.179043s (finished)
