test_no_json_under_se_harness_embeds_a_digest_of_a_python_module (tests.test_upgrade_rehearsal.RetiredSurfaceTests.test_no_json_under_se_harness_embeds_a_digest_of_a_python_module) ... ok
test_the_lane_runs_the_rehearsal_twice_per_platform_and_compares_across (tests.test_upgrade_rehearsal.RetiredSurfaceTests.test_the_lane_runs_the_rehearsal_twice_per_platform_and_compares_across) ... ok
test_the_owner_rules_and_the_retired_members_are_gone_or_forbidden (tests.test_upgrade_rehearsal.RetiredSurfaceTests.test_the_owner_rules_and_the_retired_members_are_gone_or_forbidden) ... ok
test_the_stage_machine_is_retired_dead_and_its_names_are_reserved (tests.test_upgrade_rehearsal.RetiredSurfaceTests.test_the_stage_machine_is_retired_dead_and_its_names_are_reserved) ... ok
test_a_timeout_becomes_a_failed_completed (tests.test_upgrade_rehearsal.RunnerTimeoutTests.test_a_timeout_becomes_a_failed_completed) ... ok
test_interruption_is_not_suppressed_or_reported_as_finished (tests.test_upgrade_rehearsal.TimingClockTests.test_interruption_is_not_suppressed_or_reported_as_finished) ... ok
test_nested_measurements_use_monotonic_intervals_and_flush_progress (tests.test_upgrade_rehearsal.TimingClockTests.test_nested_measurements_use_monotonic_intervals_and_flush_progress) ... ok
test_timing_identity_is_allowlisted (tests.test_upgrade_rehearsal.TimingClockTests.test_timing_identity_is_allowlisted) ... ok
test_a_four_number_validate_summary_is_read_as_a_summary (tests.test_upgrade_rehearsal.UpgradeRehearsalTests.test_a_four_number_validate_summary_is_read_as_a_summary) ... ok
test_an_upgrade_cannot_switch_ownership_in_either_direction (tests.test_upgrade_rehearsal.UpgradeRehearsalTests.test_an_upgrade_cannot_switch_ownership_in_either_direction) ... ok
test_both_ownership_modes_must_name_the_successor_and_its_payload (tests.test_upgrade_rehearsal.UpgradeRehearsalTests.test_both_ownership_modes_must_name_the_successor_and_its_payload) ... ok
test_canonical_digest_ignores_newline_form (tests.test_upgrade_rehearsal.UpgradeRehearsalTests.test_canonical_digest_ignores_newline_form) ... ok
test_cleanup_failure_remains_an_error_and_is_measured (tests.test_upgrade_rehearsal.UpgradeRehearsalTests.test_cleanup_failure_remains_an_error_and_is_measured) ... ok
test_cli_passes_the_explicit_workspace_without_changing_omitted_default (tests.test_upgrade_rehearsal.UpgradeRehearsalTests.test_cli_passes_the_explicit_workspace_without_changing_omitted_default) ... ok
test_credential_variables_never_reach_the_evaluators (tests.test_upgrade_rehearsal.UpgradeRehearsalTests.test_credential_variables_never_reach_the_evaluators) ... ok
test_default_and_explicit_workspace_report_actual_storage_and_cleanup (tests.test_upgrade_rehearsal.UpgradeRehearsalTests.test_default_and_explicit_workspace_report_actual_storage_and_cleanup) ... ok
test_git_path_diagnostic_failure_is_incomplete_and_does_not_hide_handover_failure (tests.test_upgrade_rehearsal.UpgradeRehearsalTests.test_git_path_diagnostic_failure_is_incomplete_and_does_not_hide_handover_failure) ... ok
test_guarded_upgrade_keeps_refusal_fixture_and_positive_failures_visible (tests.test_upgrade_rehearsal.UpgradeRehearsalTests.test_guarded_upgrade_keeps_refusal_fixture_and_positive_failures_visible) ... ok
test_guarded_upgrade_uses_disposable_synthetic_input_and_denies_native_qualification (tests.test_upgrade_rehearsal.UpgradeRehearsalTests.test_guarded_upgrade_uses_disposable_synthetic_input_and_denies_native_qualification) ... ok
test_invalid_workspace_is_rejected_before_output_or_scratch_writes (tests.test_upgrade_rehearsal.UpgradeRehearsalTests.test_invalid_workspace_is_rejected_before_output_or_scratch_writes) ... ok
test_maintenance_configuration_failure_stops_before_staging_and_is_measured (tests.test_upgrade_rehearsal.UpgradeRehearsalTests.test_maintenance_configuration_failure_stops_before_staging_and_is_measured) ... ok
test_only_e012_on_a_ready_record_is_tolerated (tests.test_upgrade_rehearsal.UpgradeRehearsalTests.test_only_e012_on_a_ready_record_is_tolerated) ... ok
test_partial_timing_retains_export_failure_without_masking_it (tests.test_upgrade_rehearsal.UpgradeRehearsalTests.test_partial_timing_retains_export_failure_without_masking_it) ... ok
test_plugin_ownership_passes_with_current_or_earlier_binding_metadata (tests.test_upgrade_rehearsal.UpgradeRehearsalTests.test_plugin_ownership_passes_with_current_or_earlier_binding_metadata) ... ok
test_preview_flag_is_optional_but_must_be_boolean (tests.test_upgrade_rehearsal.UpgradeRehearsalTests.test_preview_flag_is_optional_but_must_be_boolean) ... ok
test_same_version_is_no_handover (tests.test_upgrade_rehearsal.UpgradeRehearsalTests.test_same_version_is_no_handover) ... ok
test_the_export_is_the_committed_tree_not_the_working_tree (tests.test_upgrade_rehearsal.UpgradeRehearsalTests.test_the_export_is_the_committed_tree_not_the_working_tree) ... ok
test_the_exported_lock_must_belong_to_the_predecessor (tests.test_upgrade_rehearsal.UpgradeRehearsalTests.test_the_exported_lock_must_belong_to_the_predecessor) ... ok
test_the_output_must_lie_outside_the_repository_and_be_empty (tests.test_upgrade_rehearsal.UpgradeRehearsalTests.test_the_output_must_lie_outside_the_repository_and_be_empty) ... ok
test_the_predecessor_must_own_the_root_before_the_upgrade (tests.test_upgrade_rehearsal.UpgradeRehearsalTests.test_the_predecessor_must_own_the_root_before_the_upgrade) ... ok
test_the_predecessor_must_stop_owning_the_root_after_the_upgrade (tests.test_upgrade_rehearsal.UpgradeRehearsalTests.test_the_predecessor_must_stop_owning_the_root_after_the_upgrade) ... ok
test_the_real_handover_passes_and_binds_the_resulting_lock (tests.test_upgrade_rehearsal.UpgradeRehearsalTests.test_the_real_handover_passes_and_binds_the_resulting_lock) ... ok
test_the_successor_doctor_must_pass_after_the_upgrade (tests.test_upgrade_rehearsal.UpgradeRehearsalTests.test_the_successor_doctor_must_pass_after_the_upgrade) ... ok
test_timing_cannot_write_into_the_operational_repository (tests.test_upgrade_rehearsal.UpgradeRehearsalTests.test_timing_cannot_write_into_the_operational_repository) ... ok
test_timing_preserves_commands_results_and_success_and_failure_verdicts (tests.test_upgrade_rehearsal.UpgradeRehearsalTests.test_timing_preserves_commands_results_and_success_and_failure_verdicts) ... ok
test_unsupported_ownership_fails_for_initial_and_resulting_locks (tests.test_upgrade_rehearsal.UpgradeRehearsalTests.test_unsupported_ownership_fails_for_initial_and_resulting_locks) ... ok
test_unwritable_timing_cannot_hide_export_failure_or_claim_complete_success (tests.test_upgrade_rehearsal.UpgradeRehearsalTests.test_unwritable_timing_cannot_hide_export_failure_or_claim_complete_success) ... ok

----------------------------------------------------------------------
Ran 37 tests in 90.218s

OK
