{
  "schema": "se-harness-workflow-result-v2",
  "digest_format": "machine-fields-v1",
  "candidate": {},
  "operation": {
    "kind": "check",
    "outcome": "completed"
  },
  "selection": {
    "primary": "WO-IAR-018",
    "artifacts": [
      "WO-IAR-018"
    ]
  },
  "scope": {
    "mode": "selected",
    "governing": [
      "ADR-IAR-011",
      "ARCH-IAR-011",
      "CAP-IAR-002",
      "INT-IAR-001",
      "REQ-IAR-022",
      "REQ-IAR-023",
      "REQ-IAR-024",
      "REQ-IAR-025",
      "REQ-IAR-026",
      "REQ-IAR-027",
      "SPEC-IAR-014",
      "VER-IAR-014"
    ],
    "dependencies": [],
    "declared_paths": [
      "docs/engineering/instruction-architecture/architecture/adr/ADR-IAR-011.md",
      "docs/engineering/instruction-architecture/architecture/ARCH-IAR-011.md",
      "docs/engineering/instruction-architecture/capabilities/CAP-IAR-002.md",
      "docs/engineering/instruction-architecture/decisions/DEC-IAR-001.md",
      "docs/engineering/instruction-architecture/evidence/VREC-IAR-009-evaluator.json",
      "docs/engineering/instruction-architecture/evidence/WO-IAR-018/",
      "docs/engineering/instruction-architecture/proposals/progressive-discovery/APPLICABILITY.md",
      "docs/engineering/instruction-architecture/proposals/progressive-discovery/discovery-split-review-source.md",
      "docs/engineering/instruction-architecture/proposals/progressive-discovery/instruction-review-source.md",
      "docs/engineering/instruction-architecture/proposals/progressive-discovery/README.md",
      "docs/engineering/instruction-architecture/proposals/progressive-discovery/sources.json",
      "docs/engineering/instruction-architecture/requirements/REQ-IAR-022.md",
      "docs/engineering/instruction-architecture/requirements/REQ-IAR-023.md",
      "docs/engineering/instruction-architecture/requirements/REQ-IAR-024.md",
      "docs/engineering/instruction-architecture/requirements/REQ-IAR-025.md",
      "docs/engineering/instruction-architecture/requirements/REQ-IAR-026.md",
      "docs/engineering/instruction-architecture/requirements/REQ-IAR-027.md",
      "docs/engineering/instruction-architecture/specifications/SPEC-IAR-014.md",
      "docs/engineering/instruction-architecture/verification-records/VREC-IAR-009.md",
      "docs/engineering/instruction-architecture/verification/VER-IAR-014.md",
      "docs/engineering/instruction-architecture/work-orders/WO-IAR-018.md"
    ],
    "changed_paths": [],
    "change_set_complete": false
  },
  "compliance": {
    "checkpoint": "pre-action",
    "workflow_rule_id": "WFL-DEFAULT-REVIEW",
    "procedure_id": "PROC-FOCUS-SELECTED",
    "status": "not_assessable",
    "gates": []
  },
  "procedure": {
    "id": "PROC-FOCUS-SELECTED",
    "current_step": "STEP-FOCUS-SELECTED",
    "steps": [
      {
        "id": "STEP-FOCUS-SELECTED",
        "kind": "command",
        "gate_ids": [],
        "effects": [
          "Projected selected state for WO-IAR-018."
        ],
        "non_effects": [
          "Focus changes no lifecycle state."
        ],
        "argv": [
          "harnessctl",
          "check",
          ".",
          "--artifact",
          "WO-IAR-018"
        ]
      }
    ]
  },
  "state": {
    "before": [
      {
        "id": "WO-IAR-018",
        "status": "draft"
      }
    ],
    "after": [
      {
        "id": "WO-IAR-018",
        "status": "draft"
      }
    ]
  },
  "findings": {
    "scoped_blockers": [],
    "repository_blockers": [],
    "unrelated_count": 50
  },
  "mutation": {
    "writes": []
  },
  "restitution": {
    "outcome": "completed",
    "done": [
      "Projected the selected scope for WO-IAR-018."
    ],
    "not_done": [],
    "blocked_by": [],
    "current_lifecycle_state": [
      "WO-IAR-018 is draft."
    ],
    "decision_required": null,
    "next": {
      "procedure_id": "PROC-FOCUS-SELECTED",
      "step_id": "STEP-FOCUS-SELECTED",
      "action": "Run the bound command"
    },
    "command_or_response": {
      "kind": "command",
      "argv": [
        "harnessctl",
        "check",
        ".",
        "--artifact",
        "WO-IAR-018"
      ]
    },
    "alternatives": []
  },
  "result_sha256": "d01cb7cf536a03486622f8c2a83bc44a83bb8ae17dfe27d6feea29da104d12a8",
  "context": {
    "reading_manifest": [
      "ENGINEERING_HARNESS.md",
      "docs/engineering/OPERATING_CARD.md",
      "AGENTS.md",
      "docs/engineering/ARTIFACT_AUTHORING.md",
      "docs/engineering/instruction-architecture/intent/INT-IAR-001.md",
      "docs/engineering/instruction-architecture/capabilities/CAP-IAR-002.md",
      "docs/engineering/instruction-architecture/requirements/REQ-IAR-022.md",
      "docs/engineering/instruction-architecture/requirements/REQ-IAR-023.md",
      "docs/engineering/instruction-architecture/requirements/REQ-IAR-024.md",
      "docs/engineering/instruction-architecture/requirements/REQ-IAR-025.md",
      "docs/engineering/instruction-architecture/requirements/REQ-IAR-026.md",
      "docs/engineering/instruction-architecture/requirements/REQ-IAR-027.md",
      "docs/engineering/instruction-architecture/specifications/SPEC-IAR-014.md",
      "docs/engineering/instruction-architecture/architecture/ARCH-IAR-011.md",
      "docs/engineering/instruction-architecture/architecture/adr/ADR-IAR-011.md",
      "docs/engineering/instruction-architecture/verification/VER-IAR-014.md",
      "docs/engineering/instruction-architecture/work-orders/WO-IAR-018.md"
    ],
    "governing": [
      "ADR-IAR-011",
      "ARCH-IAR-011",
      "CAP-IAR-002",
      "INT-IAR-001",
      "REQ-IAR-022",
      "REQ-IAR-023",
      "REQ-IAR-024",
      "REQ-IAR-025",
      "REQ-IAR-026",
      "REQ-IAR-027",
      "SPEC-IAR-014",
      "VER-IAR-014"
    ],
    "declared_paths": [
      "docs/engineering/instruction-architecture/architecture/ARCH-IAR-011.md",
      "docs/engineering/instruction-architecture/architecture/adr/ADR-IAR-011.md",
      "docs/engineering/instruction-architecture/capabilities/CAP-IAR-002.md",
      "docs/engineering/instruction-architecture/decisions/DEC-IAR-001.md",
      "docs/engineering/instruction-architecture/evidence/VREC-IAR-009-evaluator.json",
      "docs/engineering/instruction-architecture/proposals/progressive-discovery/APPLICABILITY.md",
      "docs/engineering/instruction-architecture/proposals/progressive-discovery/README.md",
      "docs/engineering/instruction-architecture/proposals/progressive-discovery/discovery-split-review-source.md",
      "docs/engineering/instruction-architecture/proposals/progressive-discovery/instruction-review-source.md",
      "docs/engineering/instruction-architecture/proposals/progressive-discovery/sources.json",
      "docs/engineering/instruction-architecture/requirements/REQ-IAR-022.md",
      "docs/engineering/instruction-architecture/requirements/REQ-IAR-023.md",
      "docs/engineering/instruction-architecture/requirements/REQ-IAR-024.md",
      "docs/engineering/instruction-architecture/requirements/REQ-IAR-025.md",
      "docs/engineering/instruction-architecture/requirements/REQ-IAR-026.md",
      "docs/engineering/instruction-architecture/requirements/REQ-IAR-027.md",
      "docs/engineering/instruction-architecture/specifications/SPEC-IAR-014.md",
      "docs/engineering/instruction-architecture/verification-records/VREC-IAR-009.md",
      "docs/engineering/instruction-architecture/verification/VER-IAR-014.md",
      "docs/engineering/instruction-architecture/work-orders/WO-IAR-018.md",
      "docs/engineering/instruction-architecture/evidence/WO-IAR-018/"
    ],
    "state": {
      "status": "draft",
      "family": "work_order"
    },
    "next": {
      "argv": [
        "harnessctl",
        "check",
        ".",
        "--artifact",
        "WO-IAR-018"
      ],
      "procedure_id": "PROC-FOCUS-SELECTED",
      "step_id": "STEP-FOCUS-SELECTED"
    },
    "decision_required": null
  }
}
