Upgrade rehearsal (Linux)	Set up job	﻿2026-09-11T06:32:26.6031370Z Current runner version: '2.337.0'
Upgrade rehearsal (Linux)	Set up job	2026-09-11T06:32:26.6067011Z ##[group]Runner Image Provisioner
Upgrade rehearsal (Linux)	Set up job	2026-09-11T06:32:26.6068342Z Hosted Compute Agent
Upgrade rehearsal (Linux)	Set up job	2026-09-11T06:32:26.6069299Z Version: 20260828.587
Upgrade rehearsal (Linux)	Set up job	2026-09-11T06:32:26.6070476Z Commit: abac92662cab4cc7352de4f9f9d2e2419aad9c29
Upgrade rehearsal (Linux)	Set up job	2026-09-11T06:32:26.6071750Z Build Date: 2026-08-28T16:44:25Z
Upgrade rehearsal (Linux)	Set up job	2026-09-11T06:32:26.6073036Z Worker ID: {a0ae7fc0-9466-48b8-8c4f-bb11a091dfb6}
Upgrade rehearsal (Linux)	Set up job	2026-09-11T06:32:26.6074194Z Azure Region: eastus
Upgrade rehearsal (Linux)	Set up job	2026-09-11T06:32:26.6075196Z ##[endgroup]
Upgrade rehearsal (Linux)	Set up job	2026-09-11T06:32:26.6077844Z ##[group]Operating System
Upgrade rehearsal (Linux)	Set up job	2026-09-11T06:32:26.6078877Z Ubuntu
Upgrade rehearsal (Linux)	Set up job	2026-09-11T06:32:26.6079859Z 24.04.5
Upgrade rehearsal (Linux)	Set up job	2026-09-11T06:32:26.6080666Z LTS
Upgrade rehearsal (Linux)	Set up job	2026-09-11T06:32:26.6081526Z ##[endgroup]
Upgrade rehearsal (Linux)	Set up job	2026-09-11T06:32:26.6082544Z ##[group]Runner Image
Upgrade rehearsal (Linux)	Set up job	2026-09-11T06:32:26.6083657Z Image: ubuntu-24.04
Upgrade rehearsal (Linux)	Set up job	2026-09-11T06:32:26.6084783Z Version: 20260907.300.1
Upgrade rehearsal (Linux)	Set up job	2026-09-11T06:32:26.6086842Z Included Software: https://github.com/actions/runner-images/blob/ubuntu24/20260907.300/images/ubuntu/Ubuntu2404-Readme.md
Upgrade rehearsal (Linux)	Set up job	2026-09-11T06:32:26.6089923Z Image Release: https://github.com/actions/runner-images/releases/tag/ubuntu24%2F20260907.300
Upgrade rehearsal (Linux)	Set up job	2026-09-11T06:32:26.6091740Z ##[endgroup]
Upgrade rehearsal (Linux)	Set up job	2026-09-11T06:32:26.6093496Z ##[group]GITHUB_TOKEN Permissions
Upgrade rehearsal (Linux)	Set up job	2026-09-11T06:32:26.6096211Z Contents: read
Upgrade rehearsal (Linux)	Set up job	2026-09-11T06:32:26.6097611Z Metadata: read
Upgrade rehearsal (Linux)	Set up job	2026-09-11T06:32:26.6098576Z ##[endgroup]
Upgrade rehearsal (Linux)	Set up job	2026-09-11T06:32:26.6102233Z Secret source: Actions
Upgrade rehearsal (Linux)	Set up job	2026-09-11T06:32:26.6103699Z Cache mode: write
Upgrade rehearsal (Linux)	Set up job	2026-09-11T06:32:26.6105185Z Prepare workflow directory
Upgrade rehearsal (Linux)	Set up job	2026-09-11T06:32:26.6855382Z Prepare all required actions
Upgrade rehearsal (Linux)	Set up job	2026-09-11T06:32:26.6934003Z Getting action download info
Upgrade rehearsal (Linux)	Set up job	2026-09-11T06:32:26.8862069Z Download action repository 'actions/checkout@11d5960a326750d5838078e36cf38b85af677262' (SHA:11d5960a326750d5838078e36cf38b85af677262)
Upgrade rehearsal (Linux)	Set up job	2026-09-11T06:32:26.9976696Z Download action repository 'actions/setup-python@a26af69be951a213d495a4c3e4e4022e16d87065' (SHA:a26af69be951a213d495a4c3e4e4022e16d87065)
Upgrade rehearsal (Linux)	Set up job	2026-09-11T06:32:27.0862950Z Download action repository 'actions/download-artifact@d3f86a106a0bac45b974a628896c90dbdf5c8093' (SHA:d3f86a106a0bac45b974a628896c90dbdf5c8093)
Upgrade rehearsal (Linux)	Set up job	2026-09-11T06:32:27.2453698Z Download action repository 'actions/upload-artifact@ea165f8d65b6e75b540449e92b4886f43607fa02' (SHA:ea165f8d65b6e75b540449e92b4886f43607fa02)
Upgrade rehearsal (Linux)	Set up job	2026-09-11T06:32:27.4459354Z Complete job name: Upgrade rehearsal (Linux)
Upgrade rehearsal (Linux)	Run actions/checkout@11d5960a326750d5838078e36cf38b85af677262	﻿2026-09-11T06:32:27.5281732Z Node 20 is being deprecated. This workflow is running with Node 24 by default. If you need to temporarily use Node 20, you can set the ACTIONS_ALLOW_USE_UNSECURE_NODE_VERSION=true environment variable. For more information see: https://github.blog/changelog/2025-09-19-deprecation-of-node-20-on-github-actions-runners/
Upgrade rehearsal (Linux)	Run actions/checkout@11d5960a326750d5838078e36cf38b85af677262	2026-09-11T06:32:27.5290868Z ##[group]Run actions/checkout@11d5960a326750d5838078e36cf38b85af677262
Upgrade rehearsal (Linux)	Run actions/checkout@11d5960a326750d5838078e36cf38b85af677262	2026-09-11T06:32:27.5291843Z with:
Upgrade rehearsal (Linux)	Run actions/checkout@11d5960a326750d5838078e36cf38b85af677262	2026-09-11T06:32:27.5292280Z   fetch-depth: 0
Upgrade rehearsal (Linux)	Run actions/checkout@11d5960a326750d5838078e36cf38b85af677262	2026-09-11T06:32:27.5292753Z   persist-credentials: false
Upgrade rehearsal (Linux)	Run actions/checkout@11d5960a326750d5838078e36cf38b85af677262	2026-09-11T06:32:27.5293287Z   repository: mmzen/se_harness
Upgrade rehearsal (Linux)	Run actions/checkout@11d5960a326750d5838078e36cf38b85af677262	2026-09-11T06:32:27.5297185Z   token: ***
Upgrade rehearsal (Linux)	Run actions/checkout@11d5960a326750d5838078e36cf38b85af677262	2026-09-11T06:32:27.5297657Z   ssh-strict: true
Upgrade rehearsal (Linux)	Run actions/checkout@11d5960a326750d5838078e36cf38b85af677262	2026-09-11T06:32:27.5298100Z   ssh-user: git
Upgrade rehearsal (Linux)	Run actions/checkout@11d5960a326750d5838078e36cf38b85af677262	2026-09-11T06:32:27.5298527Z   clean: true
Upgrade rehearsal (Linux)	Run actions/checkout@11d5960a326750d5838078e36cf38b85af677262	2026-09-11T06:32:27.5298977Z   sparse-checkout-cone-mode: true
Upgrade rehearsal (Linux)	Run actions/checkout@11d5960a326750d5838078e36cf38b85af677262	2026-09-11T06:32:27.5299514Z   fetch-tags: false
Upgrade rehearsal (Linux)	Run actions/checkout@11d5960a326750d5838078e36cf38b85af677262	2026-09-11T06:32:27.5299966Z   show-progress: true
Upgrade rehearsal (Linux)	Run actions/checkout@11d5960a326750d5838078e36cf38b85af677262	2026-09-11T06:32:27.5300410Z   lfs: false
Upgrade rehearsal (Linux)	Run actions/checkout@11d5960a326750d5838078e36cf38b85af677262	2026-09-11T06:32:27.5300855Z   submodules: false
Upgrade rehearsal (Linux)	Run actions/checkout@11d5960a326750d5838078e36cf38b85af677262	2026-09-11T06:32:27.5301498Z   set-safe-directory: true
Upgrade rehearsal (Linux)	Run actions/checkout@11d5960a326750d5838078e36cf38b85af677262	2026-09-11T06:32:27.5302022Z   allow-unsafe-pr-checkout: false
Upgrade rehearsal (Linux)	Run actions/checkout@11d5960a326750d5838078e36cf38b85af677262	2026-09-11T06:32:27.5302851Z env:
Upgrade rehearsal (Linux)	Run actions/checkout@11d5960a326750d5838078e36cf38b85af677262	2026-09-11T06:32:27.5303296Z   PREDECESSOR_VERSION: 0.17.0
Upgrade rehearsal (Linux)	Run actions/checkout@11d5960a326750d5838078e36cf38b85af677262	2026-09-11T06:32:27.5304123Z   PREDECESSOR_WHEEL_SHA256: 305c7cbc79f87baa76ea3bea939b134999f9cad3bfdfa0b4c9c2fd2d9caacced
Upgrade rehearsal (Linux)	Run actions/checkout@11d5960a326750d5838078e36cf38b85af677262	2026-09-11T06:32:27.5304998Z   PYTHONNOUSERSITE: 1
Upgrade rehearsal (Linux)	Run actions/checkout@11d5960a326750d5838078e36cf38b85af677262	2026-09-11T06:32:27.5305459Z   PYTHONPATH: 
Upgrade rehearsal (Linux)	Run actions/checkout@11d5960a326750d5838078e36cf38b85af677262	2026-09-11T06:32:27.5305874Z ##[endgroup]
Upgrade rehearsal (Linux)	Run actions/checkout@11d5960a326750d5838078e36cf38b85af677262	2026-09-11T06:32:27.6407106Z Syncing repository: mmzen/se_harness
Upgrade rehearsal (Linux)	Run actions/checkout@11d5960a326750d5838078e36cf38b85af677262	2026-09-11T06:32:27.6410093Z ##[group]Getting Git version info
Upgrade rehearsal (Linux)	Run actions/checkout@11d5960a326750d5838078e36cf38b85af677262	2026-09-11T06:32:27.6412077Z Working directory is '/home/runner/work/se_harness/se_harness'
Upgrade rehearsal (Linux)	Run actions/checkout@11d5960a326750d5838078e36cf38b85af677262	2026-09-11T06:32:27.6448313Z [command]/usr/bin/git version
Upgrade rehearsal (Linux)	Run actions/checkout@11d5960a326750d5838078e36cf38b85af677262	2026-09-11T06:32:27.6568143Z git version 2.55.0
Upgrade rehearsal (Linux)	Run actions/checkout@11d5960a326750d5838078e36cf38b85af677262	2026-09-11T06:32:27.6579452Z ##[endgroup]
Upgrade rehearsal (Linux)	Run actions/checkout@11d5960a326750d5838078e36cf38b85af677262	2026-09-11T06:32:27.6593359Z Temporarily overriding HOME='/home/runner/work/_temp/973d656c-b87b-46aa-9651-101233c75879' before making global git config changes
Upgrade rehearsal (Linux)	Run actions/checkout@11d5960a326750d5838078e36cf38b85af677262	2026-09-11T06:32:27.6595187Z Adding repository directory to the temporary git global config as a safe directory
Upgrade rehearsal (Linux)	Run actions/checkout@11d5960a326750d5838078e36cf38b85af677262	2026-09-11T06:32:27.6602042Z [command]/usr/bin/git config --global --add safe.directory /home/runner/work/se_harness/se_harness
Upgrade rehearsal (Linux)	Run actions/checkout@11d5960a326750d5838078e36cf38b85af677262	2026-09-11T06:32:27.6663581Z Deleting the contents of '/home/runner/work/se_harness/se_harness'
Upgrade rehearsal (Linux)	Run actions/checkout@11d5960a326750d5838078e36cf38b85af677262	2026-09-11T06:32:27.6667415Z ##[group]Initializing the repository
Upgrade rehearsal (Linux)	Run actions/checkout@11d5960a326750d5838078e36cf38b85af677262	2026-09-11T06:32:27.6672986Z [command]/usr/bin/git init /home/runner/work/se_harness/se_harness
Upgrade rehearsal (Linux)	Run actions/checkout@11d5960a326750d5838078e36cf38b85af677262	2026-09-11T06:32:27.6815991Z hint: Using 'master' as the name for the initial branch. This default branch name
Upgrade rehearsal (Linux)	Run actions/checkout@11d5960a326750d5838078e36cf38b85af677262	2026-09-11T06:32:27.6818181Z hint: will change to "main" in Git 3.0. To configure the initial branch name
Upgrade rehearsal (Linux)	Run actions/checkout@11d5960a326750d5838078e36cf38b85af677262	2026-09-11T06:32:27.6820012Z hint: to use in all of your new repositories, which will suppress this warning,
Upgrade rehearsal (Linux)	Run actions/checkout@11d5960a326750d5838078e36cf38b85af677262	2026-09-11T06:32:27.6821371Z hint: call:
Upgrade rehearsal (Linux)	Run actions/checkout@11d5960a326750d5838078e36cf38b85af677262	2026-09-11T06:32:27.6833694Z hint:
Upgrade rehearsal (Linux)	Run actions/checkout@11d5960a326750d5838078e36cf38b85af677262	2026-09-11T06:32:27.6837803Z hint: 	git config --global init.defaultBranch <name>
Upgrade rehearsal (Linux)	Run actions/checkout@11d5960a326750d5838078e36cf38b85af677262	2026-09-11T06:32:27.6838771Z hint:
Upgrade rehearsal (Linux)	Run actions/checkout@11d5960a326750d5838078e36cf38b85af677262	2026-09-11T06:32:27.6839441Z hint: Names commonly chosen instead of 'master' are 'main', 'trunk' and
Upgrade rehearsal (Linux)	Run actions/checkout@11d5960a326750d5838078e36cf38b85af677262	2026-09-11T06:32:27.6841023Z hint: 'development'. The just-created branch can be renamed via this command:
Upgrade rehearsal (Linux)	Run actions/checkout@11d5960a326750d5838078e36cf38b85af677262	2026-09-11T06:32:27.6842310Z hint:
Upgrade rehearsal (Linux)	Run actions/checkout@11d5960a326750d5838078e36cf38b85af677262	2026-09-11T06:32:27.6843031Z hint: 	git branch -m <name>
Upgrade rehearsal (Linux)	Run actions/checkout@11d5960a326750d5838078e36cf38b85af677262	2026-09-11T06:32:27.6843767Z hint:
Upgrade rehearsal (Linux)	Run actions/checkout@11d5960a326750d5838078e36cf38b85af677262	2026-09-11T06:32:27.6844819Z hint: Disable this message with "git config set advice.defaultBranchName false"
Upgrade rehearsal (Linux)	Run actions/checkout@11d5960a326750d5838078e36cf38b85af677262	2026-09-11T06:32:27.6846746Z Initialized empty Git repository in /home/runner/work/se_harness/se_harness/.git/
Upgrade rehearsal (Linux)	Run actions/checkout@11d5960a326750d5838078e36cf38b85af677262	2026-09-11T06:32:27.6849763Z [command]/usr/bin/git remote add origin https://github.com/mmzen/se_harness
Upgrade rehearsal (Linux)	Run actions/checkout@11d5960a326750d5838078e36cf38b85af677262	2026-09-11T06:32:27.6892482Z ##[endgroup]
Upgrade rehearsal (Linux)	Run actions/checkout@11d5960a326750d5838078e36cf38b85af677262	2026-09-11T06:32:27.6893844Z ##[group]Disabling automatic garbage collection
Upgrade rehearsal (Linux)	Run actions/checkout@11d5960a326750d5838078e36cf38b85af677262	2026-09-11T06:32:27.6896748Z [command]/usr/bin/git config --local gc.auto 0
Upgrade rehearsal (Linux)	Run actions/checkout@11d5960a326750d5838078e36cf38b85af677262	2026-09-11T06:32:27.6968918Z ##[endgroup]
Upgrade rehearsal (Linux)	Run actions/checkout@11d5960a326750d5838078e36cf38b85af677262	2026-09-11T06:32:27.6970159Z ##[group]Setting up auth
Upgrade rehearsal (Linux)	Run actions/checkout@11d5960a326750d5838078e36cf38b85af677262	2026-09-11T06:32:27.6971246Z [command]/usr/bin/git config --local --name-only --get-regexp core\.sshCommand
Upgrade rehearsal (Linux)	Run actions/checkout@11d5960a326750d5838078e36cf38b85af677262	2026-09-11T06:32:27.6984728Z [command]/usr/bin/git submodule foreach --recursive sh -c "git config --local --name-only --get-regexp 'core\.sshCommand' && git config --local --unset-all 'core.sshCommand' || :"
Upgrade rehearsal (Linux)	Run actions/checkout@11d5960a326750d5838078e36cf38b85af677262	2026-09-11T06:32:27.7405950Z [command]/usr/bin/git config --local --name-only --get-regexp http\.https\:\/\/github\.com\/\.extraheader
Upgrade rehearsal (Linux)	Run actions/checkout@11d5960a326750d5838078e36cf38b85af677262	2026-09-11T06:32:27.7444094Z [command]/usr/bin/git submodule foreach --recursive sh -c "git config --local --name-only --get-regexp 'http\.https\:\/\/github\.com\/\.extraheader' && git config --local --unset-all 'http.https://github.com/.extraheader' || :"
Upgrade rehearsal (Linux)	Run actions/checkout@11d5960a326750d5838078e36cf38b85af677262	2026-09-11T06:32:27.7673395Z [command]/usr/bin/git config --local --name-only --get-regexp ^includeIf\.gitdir:
Upgrade rehearsal (Linux)	Run actions/checkout@11d5960a326750d5838078e36cf38b85af677262	2026-09-11T06:32:27.7713447Z [command]/usr/bin/git submodule foreach --recursive git config --local --show-origin --name-only --get-regexp remote.origin.url
Upgrade rehearsal (Linux)	Run actions/checkout@11d5960a326750d5838078e36cf38b85af677262	2026-09-11T06:32:27.7940602Z [command]/usr/bin/git config --local http.https://github.com/.extraheader AUTHORIZATION: basic ***
Upgrade rehearsal (Linux)	Run actions/checkout@11d5960a326750d5838078e36cf38b85af677262	2026-09-11T06:32:27.7981573Z ##[endgroup]
Upgrade rehearsal (Linux)	Run actions/checkout@11d5960a326750d5838078e36cf38b85af677262	2026-09-11T06:32:27.7982385Z ##[group]Fetching the repository
Upgrade rehearsal (Linux)	Run actions/checkout@11d5960a326750d5838078e36cf38b85af677262	2026-09-11T06:32:27.7992233Z [command]/usr/bin/git -c protocol.version=2 fetch --prune --no-recurse-submodules origin +refs/heads/*:refs/remotes/origin/* +refs/tags/*:refs/tags/* +2d6c072e68aced6b6b234b17232c32e0c13c3c61:refs/remotes/pull/446/merge
Upgrade rehearsal (Linux)	Run actions/checkout@11d5960a326750d5838078e36cf38b85af677262	2026-09-11T06:32:29.3316622Z From https://github.com/mmzen/se_harness
Upgrade rehearsal (Linux)	Run actions/checkout@11d5960a326750d5838078e36cf38b85af677262	2026-09-11T06:32:29.3319515Z  * [new branch]        artifacts/plugin-implementation          -> origin/artifacts/plugin-implementation
Upgrade rehearsal (Linux)	Run actions/checkout@11d5960a326750d5838078e36cf38b85af677262	2026-09-11T06:32:29.3322439Z  * [new branch]        definitions/plg010-delegation            -> origin/definitions/plg010-delegation
Upgrade rehearsal (Linux)	Run actions/checkout@11d5960a326750d5838078e36cf38b85af677262	2026-09-11T06:32:29.3325853Z  * [new branch]        definitions/plg011-delegation            -> origin/definitions/plg011-delegation
Upgrade rehearsal (Linux)	Run actions/checkout@11d5960a326750d5838078e36cf38b85af677262	2026-09-11T06:32:29.3328965Z  * [new branch]        definitions/plg012-delegation            -> origin/definitions/plg012-delegation
Upgrade rehearsal (Linux)	Run actions/checkout@11d5960a326750d5838078e36cf38b85af677262	2026-09-11T06:32:29.3331626Z  * [new branch]        definitions/plg017-path-repair           -> origin/definitions/plg017-path-repair
Upgrade rehearsal (Linux)	Run actions/checkout@11d5960a326750d5838078e36cf38b85af677262	2026-09-11T06:32:29.3333776Z  * [new branch]        main                                     -> origin/main
Upgrade rehearsal (Linux)	Run actions/checkout@11d5960a326750d5838078e36cf38b85af677262	2026-09-11T06:32:29.3336166Z  * [new branch]        notes/plugin-installation-proposal       -> origin/notes/plugin-installation-proposal
Upgrade rehearsal (Linux)	Run actions/checkout@11d5960a326750d5838078e36cf38b85af677262	2026-09-11T06:32:29.3339951Z  * [new branch]        notes/plugin-proposal-assessment-2026-09-08 -> origin/notes/plugin-proposal-assessment-2026-09-08
Upgrade rehearsal (Linux)	Run actions/checkout@11d5960a326750d5838078e36cf38b85af677262	2026-09-11T06:32:29.3342266Z  * [new branch]        release/0.10                             -> origin/release/0.10
Upgrade rehearsal (Linux)	Run actions/checkout@11d5960a326750d5838078e36cf38b85af677262	2026-09-11T06:32:29.3343947Z  * [new branch]        release/0.11                             -> origin/release/0.11
Upgrade rehearsal (Linux)	Run actions/checkout@11d5960a326750d5838078e36cf38b85af677262	2026-09-11T06:32:29.3345633Z  * [new branch]        release/0.12                             -> origin/release/0.12
Upgrade rehearsal (Linux)	Run actions/checkout@11d5960a326750d5838078e36cf38b85af677262	2026-09-11T06:32:29.3347837Z  * [new branch]        release/0.12.0                           -> origin/release/0.12.0
Upgrade rehearsal (Linux)	Run actions/checkout@11d5960a326750d5838078e36cf38b85af677262	2026-09-11T06:32:29.3348934Z  * [new branch]        release/0.13                             -> origin/release/0.13
Upgrade rehearsal (Linux)	Run actions/checkout@11d5960a326750d5838078e36cf38b85af677262	2026-09-11T06:32:29.3350016Z  * [new branch]        release/0.13.0                           -> origin/release/0.13.0
Upgrade rehearsal (Linux)	Run actions/checkout@11d5960a326750d5838078e36cf38b85af677262	2026-09-11T06:32:29.3351125Z  * [new branch]        release/0.14                             -> origin/release/0.14
Upgrade rehearsal (Linux)	Run actions/checkout@11d5960a326750d5838078e36cf38b85af677262	2026-09-11T06:32:29.3352109Z  * [new branch]        release/0.14.0                           -> origin/release/0.14.0
Upgrade rehearsal (Linux)	Run actions/checkout@11d5960a326750d5838078e36cf38b85af677262	2026-09-11T06:32:29.3353103Z  * [new branch]        release/0.15                             -> origin/release/0.15
Upgrade rehearsal (Linux)	Run actions/checkout@11d5960a326750d5838078e36cf38b85af677262	2026-09-11T06:32:29.3354096Z  * [new branch]        release/0.15.0                           -> origin/release/0.15.0
Upgrade rehearsal (Linux)	Run actions/checkout@11d5960a326750d5838078e36cf38b85af677262	2026-09-11T06:32:29.3355079Z  * [new branch]        release/0.16                             -> origin/release/0.16
Upgrade rehearsal (Linux)	Run actions/checkout@11d5960a326750d5838078e36cf38b85af677262	2026-09-11T06:32:29.3356780Z  * [new branch]        release/0.16.0                           -> origin/release/0.16.0
Upgrade rehearsal (Linux)	Run actions/checkout@11d5960a326750d5838078e36cf38b85af677262	2026-09-11T06:32:29.3358552Z  * [new branch]        release/0.17                             -> origin/release/0.17
Upgrade rehearsal (Linux)	Run actions/checkout@11d5960a326750d5838078e36cf38b85af677262	2026-09-11T06:32:29.3359622Z  * [new branch]        release/0.17.0                           -> origin/release/0.17.0
Upgrade rehearsal (Linux)	Run actions/checkout@11d5960a326750d5838078e36cf38b85af677262	2026-09-11T06:32:29.3360970Z  * [new branch]        release/0.2.0                            -> origin/release/0.2.0
Upgrade rehearsal (Linux)	Run actions/checkout@11d5960a326750d5838078e36cf38b85af677262	2026-09-11T06:32:29.3361968Z  * [new branch]        release/0.2.1                            -> origin/release/0.2.1
Upgrade rehearsal (Linux)	Run actions/checkout@11d5960a326750d5838078e36cf38b85af677262	2026-09-11T06:32:29.3362950Z  * [new branch]        release/0.2.2                            -> origin/release/0.2.2
Upgrade rehearsal (Linux)	Run actions/checkout@11d5960a326750d5838078e36cf38b85af677262	2026-09-11T06:32:29.3363929Z  * [new branch]        release/0.3.0                            -> origin/release/0.3.0
Upgrade rehearsal (Linux)	Run actions/checkout@11d5960a326750d5838078e36cf38b85af677262	2026-09-11T06:32:29.3364905Z  * [new branch]        release/0.4.0                            -> origin/release/0.4.0
Upgrade rehearsal (Linux)	Run actions/checkout@11d5960a326750d5838078e36cf38b85af677262	2026-09-11T06:32:29.3365888Z  * [new branch]        release/0.6                              -> origin/release/0.6
Upgrade rehearsal (Linux)	Run actions/checkout@11d5960a326750d5838078e36cf38b85af677262	2026-09-11T06:32:29.3367306Z  * [new branch]        release/0.7                              -> origin/release/0.7
Upgrade rehearsal (Linux)	Run actions/checkout@11d5960a326750d5838078e36cf38b85af677262	2026-09-11T06:32:29.3368384Z  * [new branch]        release/0.8                              -> origin/release/0.8
Upgrade rehearsal (Linux)	Run actions/checkout@11d5960a326750d5838078e36cf38b85af677262	2026-09-11T06:32:29.3369524Z  * [new branch]        release/0.9                              -> origin/release/0.9
Upgrade rehearsal (Linux)	Run actions/checkout@11d5960a326750d5838078e36cf38b85af677262	2026-09-11T06:32:29.3370602Z  * [new branch]        work/plugin-change-skill                 -> origin/work/plugin-change-skill
Upgrade rehearsal (Linux)	Run actions/checkout@11d5960a326750d5838078e36cf38b85af677262	2026-09-11T06:32:29.3371836Z  * [new branch]        work/plugin-evidence-path-repair         -> origin/work/plugin-evidence-path-repair
Upgrade rehearsal (Linux)	Run actions/checkout@11d5960a326750d5838078e36cf38b85af677262	2026-09-11T06:32:29.3373198Z  * [new branch]        work/plugin-evidence-skill               -> origin/work/plugin-evidence-skill
Upgrade rehearsal (Linux)	Run actions/checkout@11d5960a326750d5838078e36cf38b85af677262	2026-09-11T06:32:29.3374405Z  * [new branch]        work/plugin-retained-skills              -> origin/work/plugin-retained-skills
Upgrade rehearsal (Linux)	Run actions/checkout@11d5960a326750d5838078e36cf38b85af677262	2026-09-11T06:32:29.3375397Z  * [new tag]           last                                     -> last
Upgrade rehearsal (Linux)	Run actions/checkout@11d5960a326750d5838078e36cf38b85af677262	2026-09-11T06:32:29.3376780Z  * [new tag]           v0.10.0                                  -> v0.10.0
Upgrade rehearsal (Linux)	Run actions/checkout@11d5960a326750d5838078e36cf38b85af677262	2026-09-11T06:32:29.3377647Z  * [new tag]           v0.11.0                                  -> v0.11.0
Upgrade rehearsal (Linux)	Run actions/checkout@11d5960a326750d5838078e36cf38b85af677262	2026-09-11T06:32:29.3378502Z  * [new tag]           v0.12.0                                  -> v0.12.0
Upgrade rehearsal (Linux)	Run actions/checkout@11d5960a326750d5838078e36cf38b85af677262	2026-09-11T06:32:29.3379627Z  * [new tag]           v0.13.0                                  -> v0.13.0
Upgrade rehearsal (Linux)	Run actions/checkout@11d5960a326750d5838078e36cf38b85af677262	2026-09-11T06:32:29.3380435Z  * [new tag]           v0.14.0                                  -> v0.14.0
Upgrade rehearsal (Linux)	Run actions/checkout@11d5960a326750d5838078e36cf38b85af677262	2026-09-11T06:32:29.3381432Z  * [new tag]           v0.15.0                                  -> v0.15.0
Upgrade rehearsal (Linux)	Run actions/checkout@11d5960a326750d5838078e36cf38b85af677262	2026-09-11T06:32:29.3382291Z  * [new tag]           v0.16.0                                  -> v0.16.0
Upgrade rehearsal (Linux)	Run actions/checkout@11d5960a326750d5838078e36cf38b85af677262	2026-09-11T06:32:29.3383330Z  * [new tag]           v0.17.0                                  -> v0.17.0
Upgrade rehearsal (Linux)	Run actions/checkout@11d5960a326750d5838078e36cf38b85af677262	2026-09-11T06:32:29.3384534Z  * [new tag]           v0.2.0                                   -> v0.2.0
Upgrade rehearsal (Linux)	Run actions/checkout@11d5960a326750d5838078e36cf38b85af677262	2026-09-11T06:32:29.3386325Z  * [new tag]           v0.2.1                                   -> v0.2.1
Upgrade rehearsal (Linux)	Run actions/checkout@11d5960a326750d5838078e36cf38b85af677262	2026-09-11T06:32:29.3388275Z  * [new tag]           v0.2.2                                   -> v0.2.2
Upgrade rehearsal (Linux)	Run actions/checkout@11d5960a326750d5838078e36cf38b85af677262	2026-09-11T06:32:29.3389995Z  * [new tag]           v0.3.0                                   -> v0.3.0
Upgrade rehearsal (Linux)	Run actions/checkout@11d5960a326750d5838078e36cf38b85af677262	2026-09-11T06:32:29.3391613Z  * [new tag]           v0.4.0                                   -> v0.4.0
Upgrade rehearsal (Linux)	Run actions/checkout@11d5960a326750d5838078e36cf38b85af677262	2026-09-11T06:32:29.3393202Z  * [new tag]           v0.4.1                                   -> v0.4.1
Upgrade rehearsal (Linux)	Run actions/checkout@11d5960a326750d5838078e36cf38b85af677262	2026-09-11T06:32:29.3394951Z  * [new tag]           v0.5.0                                   -> v0.5.0
Upgrade rehearsal (Linux)	Run actions/checkout@11d5960a326750d5838078e36cf38b85af677262	2026-09-11T06:32:29.3396696Z  * [new tag]           v0.5.0a1                                 -> v0.5.0a1
Upgrade rehearsal (Linux)	Run actions/checkout@11d5960a326750d5838078e36cf38b85af677262	2026-09-11T06:32:29.3398164Z  * [new tag]           v0.6.0                                   -> v0.6.0
Upgrade rehearsal (Linux)	Run actions/checkout@11d5960a326750d5838078e36cf38b85af677262	2026-09-11T06:32:29.3399822Z  * [new tag]           v0.7.0                                   -> v0.7.0
Upgrade rehearsal (Linux)	Run actions/checkout@11d5960a326750d5838078e36cf38b85af677262	2026-09-11T06:32:29.3401190Z  * [new tag]           v0.7.1                                   -> v0.7.1
Upgrade rehearsal (Linux)	Run actions/checkout@11d5960a326750d5838078e36cf38b85af677262	2026-09-11T06:32:29.3402817Z  * [new tag]           v0.8.0                                   -> v0.8.0
Upgrade rehearsal (Linux)	Run actions/checkout@11d5960a326750d5838078e36cf38b85af677262	2026-09-11T06:32:29.3404009Z  * [new tag]           v0.9.0                                   -> v0.9.0
Upgrade rehearsal (Linux)	Run actions/checkout@11d5960a326750d5838078e36cf38b85af677262	2026-09-11T06:32:29.3404917Z  * [new ref]           2d6c072e68aced6b6b234b17232c32e0c13c3c61 -> pull/446/merge
Upgrade rehearsal (Linux)	Run actions/checkout@11d5960a326750d5838078e36cf38b85af677262	2026-09-11T06:32:29.3407594Z ##[endgroup]
Upgrade rehearsal (Linux)	Run actions/checkout@11d5960a326750d5838078e36cf38b85af677262	2026-09-11T06:32:29.3408784Z ##[group]Determining the checkout info
Upgrade rehearsal (Linux)	Run actions/checkout@11d5960a326750d5838078e36cf38b85af677262	2026-09-11T06:32:29.3410796Z ##[endgroup]
Upgrade rehearsal (Linux)	Run actions/checkout@11d5960a326750d5838078e36cf38b85af677262	2026-09-11T06:32:29.3411812Z [command]/usr/bin/git sparse-checkout disable
Upgrade rehearsal (Linux)	Run actions/checkout@11d5960a326750d5838078e36cf38b85af677262	2026-09-11T06:32:29.3414444Z [command]/usr/bin/git config --local --unset-all extensions.worktreeConfig
Upgrade rehearsal (Linux)	Run actions/checkout@11d5960a326750d5838078e36cf38b85af677262	2026-09-11T06:32:29.3443901Z ##[group]Checking out the ref
Upgrade rehearsal (Linux)	Run actions/checkout@11d5960a326750d5838078e36cf38b85af677262	2026-09-11T06:32:29.3448354Z [command]/usr/bin/git checkout --progress --force refs/remotes/pull/446/merge
Upgrade rehearsal (Linux)	Run actions/checkout@11d5960a326750d5838078e36cf38b85af677262	2026-09-11T06:32:30.0179455Z Note: switching to 'refs/remotes/pull/446/merge'.
Upgrade rehearsal (Linux)	Run actions/checkout@11d5960a326750d5838078e36cf38b85af677262	2026-09-11T06:32:30.0181383Z 
Upgrade rehearsal (Linux)	Run actions/checkout@11d5960a326750d5838078e36cf38b85af677262	2026-09-11T06:32:30.0181887Z You are in 'detached HEAD' state. You can look around, make experimental
Upgrade rehearsal (Linux)	Run actions/checkout@11d5960a326750d5838078e36cf38b85af677262	2026-09-11T06:32:30.0182926Z changes and commit them, and you can discard any commits you make in this
Upgrade rehearsal (Linux)	Run actions/checkout@11d5960a326750d5838078e36cf38b85af677262	2026-09-11T06:32:30.0184064Z state without impacting any branches by switching back to a branch.
Upgrade rehearsal (Linux)	Run actions/checkout@11d5960a326750d5838078e36cf38b85af677262	2026-09-11T06:32:30.0184667Z 
Upgrade rehearsal (Linux)	Run actions/checkout@11d5960a326750d5838078e36cf38b85af677262	2026-09-11T06:32:30.0185075Z If you want to create a new branch to retain commits you create, you may
Upgrade rehearsal (Linux)	Run actions/checkout@11d5960a326750d5838078e36cf38b85af677262	2026-09-11T06:32:30.0186051Z do so (now or later) by using -c with the switch command. Example:
Upgrade rehearsal (Linux)	Run actions/checkout@11d5960a326750d5838078e36cf38b85af677262	2026-09-11T06:32:30.0186916Z 
Upgrade rehearsal (Linux)	Run actions/checkout@11d5960a326750d5838078e36cf38b85af677262	2026-09-11T06:32:30.0187196Z   git switch -c <new-branch-name>
Upgrade rehearsal (Linux)	Run actions/checkout@11d5960a326750d5838078e36cf38b85af677262	2026-09-11T06:32:30.0187614Z 
Upgrade rehearsal (Linux)	Run actions/checkout@11d5960a326750d5838078e36cf38b85af677262	2026-09-11T06:32:30.0187899Z Or undo this operation with:
Upgrade rehearsal (Linux)	Run actions/checkout@11d5960a326750d5838078e36cf38b85af677262	2026-09-11T06:32:30.0188306Z 
Upgrade rehearsal (Linux)	Run actions/checkout@11d5960a326750d5838078e36cf38b85af677262	2026-09-11T06:32:30.0188547Z   git switch -
Upgrade rehearsal (Linux)	Run actions/checkout@11d5960a326750d5838078e36cf38b85af677262	2026-09-11T06:32:30.0188860Z 
Upgrade rehearsal (Linux)	Run actions/checkout@11d5960a326750d5838078e36cf38b85af677262	2026-09-11T06:32:30.0189432Z Turn off this advice by setting config variable advice.detachedHead to false
Upgrade rehearsal (Linux)	Run actions/checkout@11d5960a326750d5838078e36cf38b85af677262	2026-09-11T06:32:30.0190134Z 
Upgrade rehearsal (Linux)	Run actions/checkout@11d5960a326750d5838078e36cf38b85af677262	2026-09-11T06:32:30.0190916Z HEAD is now at 2d6c072e Merge 5aba54143d43d1b64be4b6cb2529c30570cabc26 into 47f7b842d395764583adbe834c39aecdc0afd521
Upgrade rehearsal (Linux)	Run actions/checkout@11d5960a326750d5838078e36cf38b85af677262	2026-09-11T06:32:30.0236161Z ##[endgroup]
Upgrade rehearsal (Linux)	Run actions/checkout@11d5960a326750d5838078e36cf38b85af677262	2026-09-11T06:32:30.0284532Z [command]/usr/bin/git log -1 --format=%H
Upgrade rehearsal (Linux)	Run actions/checkout@11d5960a326750d5838078e36cf38b85af677262	2026-09-11T06:32:30.0311911Z 2d6c072e68aced6b6b234b17232c32e0c13c3c61
Upgrade rehearsal (Linux)	Run actions/checkout@11d5960a326750d5838078e36cf38b85af677262	2026-09-11T06:32:30.0322565Z ##[group]Removing auth
Upgrade rehearsal (Linux)	Run actions/checkout@11d5960a326750d5838078e36cf38b85af677262	2026-09-11T06:32:30.0326023Z [command]/usr/bin/git config --local --name-only --get-regexp core\.sshCommand
Upgrade rehearsal (Linux)	Run actions/checkout@11d5960a326750d5838078e36cf38b85af677262	2026-09-11T06:32:30.0359556Z [command]/usr/bin/git submodule foreach --recursive sh -c "git config --local --name-only --get-regexp 'core\.sshCommand' && git config --local --unset-all 'core.sshCommand' || :"
Upgrade rehearsal (Linux)	Run actions/checkout@11d5960a326750d5838078e36cf38b85af677262	2026-09-11T06:32:30.0602869Z [command]/usr/bin/git config --local --name-only --get-regexp http\.https\:\/\/github\.com\/\.extraheader
Upgrade rehearsal (Linux)	Run actions/checkout@11d5960a326750d5838078e36cf38b85af677262	2026-09-11T06:32:30.0631580Z http.https://github.com/.extraheader
Upgrade rehearsal (Linux)	Run actions/checkout@11d5960a326750d5838078e36cf38b85af677262	2026-09-11T06:32:30.0639561Z [command]/usr/bin/git config --local --unset-all http.https://github.com/.extraheader
Upgrade rehearsal (Linux)	Run actions/checkout@11d5960a326750d5838078e36cf38b85af677262	2026-09-11T06:32:30.0675496Z [command]/usr/bin/git submodule foreach --recursive sh -c "git config --local --name-only --get-regexp 'http\.https\:\/\/github\.com\/\.extraheader' && git config --local --unset-all 'http.https://github.com/.extraheader' || :"
Upgrade rehearsal (Linux)	Run actions/checkout@11d5960a326750d5838078e36cf38b85af677262	2026-09-11T06:32:30.0913695Z [command]/usr/bin/git config --local --name-only --get-regexp ^includeIf\.gitdir:
Upgrade rehearsal (Linux)	Run actions/checkout@11d5960a326750d5838078e36cf38b85af677262	2026-09-11T06:32:30.0949040Z [command]/usr/bin/git submodule foreach --recursive git config --local --show-origin --name-only --get-regexp remote.origin.url
Upgrade rehearsal (Linux)	Run actions/checkout@11d5960a326750d5838078e36cf38b85af677262	2026-09-11T06:32:30.1182890Z ##[endgroup]
Upgrade rehearsal (Linux)	Run actions/setup-python@a26af69be951a213d495a4c3e4e4022e16d87065	﻿2026-09-11T06:32:30.1447524Z Node 20 is being deprecated. This workflow is running with Node 24 by default. If you need to temporarily use Node 20, you can set the ACTIONS_ALLOW_USE_UNSECURE_NODE_VERSION=true environment variable. For more information see: https://github.blog/changelog/2025-09-19-deprecation-of-node-20-on-github-actions-runners/
Upgrade rehearsal (Linux)	Run actions/setup-python@a26af69be951a213d495a4c3e4e4022e16d87065	2026-09-11T06:32:30.1449693Z ##[group]Run actions/setup-python@a26af69be951a213d495a4c3e4e4022e16d87065
Upgrade rehearsal (Linux)	Run actions/setup-python@a26af69be951a213d495a4c3e4e4022e16d87065	2026-09-11T06:32:30.1450198Z with:
Upgrade rehearsal (Linux)	Run actions/setup-python@a26af69be951a213d495a4c3e4e4022e16d87065	2026-09-11T06:32:30.1450495Z   python-version: 3.11
Upgrade rehearsal (Linux)	Run actions/setup-python@a26af69be951a213d495a4c3e4e4022e16d87065	2026-09-11T06:32:30.1450812Z   check-latest: false
Upgrade rehearsal (Linux)	Run actions/setup-python@a26af69be951a213d495a4c3e4e4022e16d87065	2026-09-11T06:32:30.1453510Z   token: ***
Upgrade rehearsal (Linux)	Run actions/setup-python@a26af69be951a213d495a4c3e4e4022e16d87065	2026-09-11T06:32:30.1453837Z   update-environment: true
Upgrade rehearsal (Linux)	Run actions/setup-python@a26af69be951a213d495a4c3e4e4022e16d87065	2026-09-11T06:32:30.1454218Z   allow-prereleases: false
Upgrade rehearsal (Linux)	Run actions/setup-python@a26af69be951a213d495a4c3e4e4022e16d87065	2026-09-11T06:32:30.1454552Z   freethreaded: false
Upgrade rehearsal (Linux)	Run actions/setup-python@a26af69be951a213d495a4c3e4e4022e16d87065	2026-09-11T06:32:30.1454849Z env:
Upgrade rehearsal (Linux)	Run actions/setup-python@a26af69be951a213d495a4c3e4e4022e16d87065	2026-09-11T06:32:30.1455132Z   PREDECESSOR_VERSION: 0.17.0
Upgrade rehearsal (Linux)	Run actions/setup-python@a26af69be951a213d495a4c3e4e4022e16d87065	2026-09-11T06:32:30.1455688Z   PREDECESSOR_WHEEL_SHA256: 305c7cbc79f87baa76ea3bea939b134999f9cad3bfdfa0b4c9c2fd2d9caacced
Upgrade rehearsal (Linux)	Run actions/setup-python@a26af69be951a213d495a4c3e4e4022e16d87065	2026-09-11T06:32:30.1456274Z   PYTHONNOUSERSITE: 1
Upgrade rehearsal (Linux)	Run actions/setup-python@a26af69be951a213d495a4c3e4e4022e16d87065	2026-09-11T06:32:30.1456801Z   PYTHONPATH: 
Upgrade rehearsal (Linux)	Run actions/setup-python@a26af69be951a213d495a4c3e4e4022e16d87065	2026-09-11T06:32:30.1457086Z ##[endgroup]
Upgrade rehearsal (Linux)	Run actions/setup-python@a26af69be951a213d495a4c3e4e4022e16d87065	2026-09-11T06:32:30.2769313Z ##[group]Installed versions
Upgrade rehearsal (Linux)	Run actions/setup-python@a26af69be951a213d495a4c3e4e4022e16d87065	2026-09-11T06:32:30.2871824Z (node:2342) [DEP0040] DeprecationWarning: The `punycode` module is deprecated. Please use a userland alternative instead.
Upgrade rehearsal (Linux)	Run actions/setup-python@a26af69be951a213d495a4c3e4e4022e16d87065	2026-09-11T06:32:30.2873302Z (Use `node --trace-deprecation ...` to show where the warning was created)
Upgrade rehearsal (Linux)	Run actions/setup-python@a26af69be951a213d495a4c3e4e4022e16d87065	2026-09-11T06:32:30.2874227Z Successfully set up CPython (3.11.16)
Upgrade rehearsal (Linux)	Run actions/setup-python@a26af69be951a213d495a4c3e4e4022e16d87065	2026-09-11T06:32:30.2875047Z ##[endgroup]
Upgrade rehearsal (Linux)	Require the derived predecessor facts	﻿2026-09-11T06:32:30.3069008Z ##[group]Run if (-not $env:PREDECESSOR_VERSION -or -not $env:PREDECESSOR_WHEEL_SHA256) {
Upgrade rehearsal (Linux)	Require the derived predecessor facts	2026-09-11T06:32:30.3069958Z ^[[36;1mif (-not $env:PREDECESSOR_VERSION -or -not $env:PREDECESSOR_WHEEL_SHA256) {^[[0m
Upgrade rehearsal (Linux)	Require the derived predecessor facts	2026-09-11T06:32:30.3070672Z ^[[36;1m  throw 'predecessor facts were not derived by candidate-source'^[[0m
Upgrade rehearsal (Linux)	Require the derived predecessor facts	2026-09-11T06:32:30.3071192Z ^[[36;1m}^[[0m
Upgrade rehearsal (Linux)	Require the derived predecessor facts	2026-09-11T06:32:30.3141518Z shell: /usr/bin/pwsh -command ". '{0}'"
Upgrade rehearsal (Linux)	Require the derived predecessor facts	2026-09-11T06:32:30.3142249Z env:
Upgrade rehearsal (Linux)	Require the derived predecessor facts	2026-09-11T06:32:30.3142770Z   PREDECESSOR_VERSION: 0.17.0
Upgrade rehearsal (Linux)	Require the derived predecessor facts	2026-09-11T06:32:30.3143786Z   PREDECESSOR_WHEEL_SHA256: 305c7cbc79f87baa76ea3bea939b134999f9cad3bfdfa0b4c9c2fd2d9caacced
Upgrade rehearsal (Linux)	Require the derived predecessor facts	2026-09-11T06:32:30.3144942Z   PYTHONNOUSERSITE: 1
Upgrade rehearsal (Linux)	Require the derived predecessor facts	2026-09-11T06:32:30.3145798Z   PYTHONPATH: 
Upgrade rehearsal (Linux)	Require the derived predecessor facts	2026-09-11T06:32:30.3146728Z   pythonLocation: /opt/hostedtoolcache/Python/3.11.16/x64
Upgrade rehearsal (Linux)	Require the derived predecessor facts	2026-09-11T06:32:30.3147854Z   PKG_CONFIG_PATH: /opt/hostedtoolcache/Python/3.11.16/x64/lib/pkgconfig
Upgrade rehearsal (Linux)	Require the derived predecessor facts	2026-09-11T06:32:30.3149132Z   Python_ROOT_DIR: /opt/hostedtoolcache/Python/3.11.16/x64
Upgrade rehearsal (Linux)	Require the derived predecessor facts	2026-09-11T06:32:30.3150215Z   Python2_ROOT_DIR: /opt/hostedtoolcache/Python/3.11.16/x64
Upgrade rehearsal (Linux)	Require the derived predecessor facts	2026-09-11T06:32:30.3151652Z   Python3_ROOT_DIR: /opt/hostedtoolcache/Python/3.11.16/x64
Upgrade rehearsal (Linux)	Require the derived predecessor facts	2026-09-11T06:32:30.3152688Z   LD_LIBRARY_PATH: /opt/hostedtoolcache/Python/3.11.16/x64/lib
Upgrade rehearsal (Linux)	Require the derived predecessor facts	2026-09-11T06:32:30.3153432Z ##[endgroup]
Upgrade rehearsal (Linux)	Acquire and verify the already-public predecessor	﻿2026-09-11T06:32:31.5024340Z ##[group]Run $predecessorDist = Join-Path '/home/runner/work/_temp' 'predecessor-dist'
Upgrade rehearsal (Linux)	Acquire and verify the already-public predecessor	2026-09-11T06:32:31.5025026Z ^[[36;1m$predecessorDist = Join-Path '/home/runner/work/_temp' 'predecessor-dist'^[[0m
Upgrade rehearsal (Linux)	Acquire and verify the already-public predecessor	2026-09-11T06:32:31.5025568Z ^[[36;1mNew-Item -ItemType Directory -Path $predecessorDist | Out-Null^[[0m
Upgrade rehearsal (Linux)	Acquire and verify the already-public predecessor	2026-09-11T06:32:31.5026143Z ^[[36;1mpython -m pip download --disable-pip-version-check --only-binary=:all: --no-deps `^[[0m
Upgrade rehearsal (Linux)	Acquire and verify the already-public predecessor	2026-09-11T06:32:31.5027087Z ^[[36;1m  --dest $predecessorDist "se-harness==$env:PREDECESSOR_VERSION"^[[0m
Upgrade rehearsal (Linux)	Acquire and verify the already-public predecessor	2026-09-11T06:32:31.5027609Z ^[[36;1m$wheel = Get-ChildItem -LiteralPath $predecessorDist -Filter '*.whl'^[[0m
Upgrade rehearsal (Linux)	Acquire and verify the already-public predecessor	2026-09-11T06:32:31.5028128Z ^[[36;1mif ($wheel.Count -ne 1) { throw 'expected exactly one predecessor wheel' }^[[0m
Upgrade rehearsal (Linux)	Acquire and verify the already-public predecessor	2026-09-11T06:32:31.5028749Z ^[[36;1m$actual = (Get-FileHash -Algorithm SHA256 -LiteralPath $wheel.FullName).Hash.ToLowerInvariant()^[[0m
Upgrade rehearsal (Linux)	Acquire and verify the already-public predecessor	2026-09-11T06:32:31.5029451Z ^[[36;1mif ($actual -ne $env:PREDECESSOR_WHEEL_SHA256) { throw 'predecessor wheel digest mismatch' }^[[0m
Upgrade rehearsal (Linux)	Acquire and verify the already-public predecessor	2026-09-11T06:32:31.5071922Z shell: /usr/bin/pwsh -command ". '{0}'"
Upgrade rehearsal (Linux)	Acquire and verify the already-public predecessor	2026-09-11T06:32:31.5072215Z env:
Upgrade rehearsal (Linux)	Acquire and verify the already-public predecessor	2026-09-11T06:32:31.5072421Z   PREDECESSOR_VERSION: 0.17.0
Upgrade rehearsal (Linux)	Acquire and verify the already-public predecessor	2026-09-11T06:32:31.5072872Z   PREDECESSOR_WHEEL_SHA256: 305c7cbc79f87baa76ea3bea939b134999f9cad3bfdfa0b4c9c2fd2d9caacced
Upgrade rehearsal (Linux)	Acquire and verify the already-public predecessor	2026-09-11T06:32:31.5073354Z   PYTHONNOUSERSITE: 1
Upgrade rehearsal (Linux)	Acquire and verify the already-public predecessor	2026-09-11T06:32:31.5073583Z   PYTHONPATH: 
Upgrade rehearsal (Linux)	Acquire and verify the already-public predecessor	2026-09-11T06:32:31.5073857Z   pythonLocation: /opt/hostedtoolcache/Python/3.11.16/x64
Upgrade rehearsal (Linux)	Acquire and verify the already-public predecessor	2026-09-11T06:32:31.5074294Z   PKG_CONFIG_PATH: /opt/hostedtoolcache/Python/3.11.16/x64/lib/pkgconfig
Upgrade rehearsal (Linux)	Acquire and verify the already-public predecessor	2026-09-11T06:32:31.5074721Z   Python_ROOT_DIR: /opt/hostedtoolcache/Python/3.11.16/x64
Upgrade rehearsal (Linux)	Acquire and verify the already-public predecessor	2026-09-11T06:32:31.5075101Z   Python2_ROOT_DIR: /opt/hostedtoolcache/Python/3.11.16/x64
Upgrade rehearsal (Linux)	Acquire and verify the already-public predecessor	2026-09-11T06:32:31.5075480Z   Python3_ROOT_DIR: /opt/hostedtoolcache/Python/3.11.16/x64
Upgrade rehearsal (Linux)	Acquire and verify the already-public predecessor	2026-09-11T06:32:31.5075886Z   LD_LIBRARY_PATH: /opt/hostedtoolcache/Python/3.11.16/x64/lib
Upgrade rehearsal (Linux)	Acquire and verify the already-public predecessor	2026-09-11T06:32:31.5076208Z ##[endgroup]
Upgrade rehearsal (Linux)	Acquire and verify the already-public predecessor	2026-09-11T06:32:32.9756147Z Collecting se-harness==0.17.0
Upgrade rehearsal (Linux)	Acquire and verify the already-public predecessor	2026-09-11T06:32:33.0243638Z   Downloading se_harness-0.17.0-py3-none-any.whl.metadata (45 kB)
Upgrade rehearsal (Linux)	Acquire and verify the already-public predecessor	2026-09-11T06:32:33.0508528Z Downloading se_harness-0.17.0-py3-none-any.whl (484 kB)
Upgrade rehearsal (Linux)	Acquire and verify the already-public predecessor	2026-09-11T06:32:33.0872324Z Saved /home/runner/work/_temp/predecessor-dist/se_harness-0.17.0-py3-none-any.whl
Upgrade rehearsal (Linux)	Acquire and verify the already-public predecessor	2026-09-11T06:32:33.0873323Z Successfully downloaded se-harness
Upgrade rehearsal (Linux)	Take the exact successor wheel built by candidate-source	﻿2026-09-11T06:32:33.2564057Z Node 20 is being deprecated. This workflow is running with Node 24 by default. If you need to temporarily use Node 20, you can set the ACTIONS_ALLOW_USE_UNSECURE_NODE_VERSION=true environment variable. For more information see: https://github.blog/changelog/2025-09-19-deprecation-of-node-20-on-github-actions-runners/
Upgrade rehearsal (Linux)	Take the exact successor wheel built by candidate-source	2026-09-11T06:32:33.2566990Z ##[group]Run actions/download-artifact@d3f86a106a0bac45b974a628896c90dbdf5c8093
Upgrade rehearsal (Linux)	Take the exact successor wheel built by candidate-source	2026-09-11T06:32:33.2567752Z with:
Upgrade rehearsal (Linux)	Take the exact successor wheel built by candidate-source	2026-09-11T06:32:33.2568408Z   name: candidate-wheel-non-promotable-2d6c072e68aced6b6b234b17232c32e0c13c3c61
Upgrade rehearsal (Linux)	Take the exact successor wheel built by candidate-source	2026-09-11T06:32:33.2569122Z   path: /home/runner/work/_temp/candidate-dist
Upgrade rehearsal (Linux)	Take the exact successor wheel built by candidate-source	2026-09-11T06:32:33.2569435Z   merge-multiple: false
Upgrade rehearsal (Linux)	Take the exact successor wheel built by candidate-source	2026-09-11T06:32:33.2569679Z   repository: mmzen/se_harness
Upgrade rehearsal (Linux)	Take the exact successor wheel built by candidate-source	2026-09-11T06:32:33.2569917Z   run-id: 34570251940
Upgrade rehearsal (Linux)	Take the exact successor wheel built by candidate-source	2026-09-11T06:32:33.2570126Z env:
Upgrade rehearsal (Linux)	Take the exact successor wheel built by candidate-source	2026-09-11T06:32:33.2570316Z   PREDECESSOR_VERSION: 0.17.0
Upgrade rehearsal (Linux)	Take the exact successor wheel built by candidate-source	2026-09-11T06:32:33.2570752Z   PREDECESSOR_WHEEL_SHA256: 305c7cbc79f87baa76ea3bea939b134999f9cad3bfdfa0b4c9c2fd2d9caacced
Upgrade rehearsal (Linux)	Take the exact successor wheel built by candidate-source	2026-09-11T06:32:33.2571260Z   PYTHONNOUSERSITE: 1
Upgrade rehearsal (Linux)	Take the exact successor wheel built by candidate-source	2026-09-11T06:32:33.2571473Z   PYTHONPATH: 
Upgrade rehearsal (Linux)	Take the exact successor wheel built by candidate-source	2026-09-11T06:32:33.2571744Z   pythonLocation: /opt/hostedtoolcache/Python/3.11.16/x64
Upgrade rehearsal (Linux)	Take the exact successor wheel built by candidate-source	2026-09-11T06:32:33.2572176Z   PKG_CONFIG_PATH: /opt/hostedtoolcache/Python/3.11.16/x64/lib/pkgconfig
Upgrade rehearsal (Linux)	Take the exact successor wheel built by candidate-source	2026-09-11T06:32:33.2572597Z   Python_ROOT_DIR: /opt/hostedtoolcache/Python/3.11.16/x64
Upgrade rehearsal (Linux)	Take the exact successor wheel built by candidate-source	2026-09-11T06:32:33.2572978Z   Python2_ROOT_DIR: /opt/hostedtoolcache/Python/3.11.16/x64
Upgrade rehearsal (Linux)	Take the exact successor wheel built by candidate-source	2026-09-11T06:32:33.2573576Z   Python3_ROOT_DIR: /opt/hostedtoolcache/Python/3.11.16/x64
Upgrade rehearsal (Linux)	Take the exact successor wheel built by candidate-source	2026-09-11T06:32:33.2573959Z   LD_LIBRARY_PATH: /opt/hostedtoolcache/Python/3.11.16/x64/lib
Upgrade rehearsal (Linux)	Take the exact successor wheel built by candidate-source	2026-09-11T06:32:33.2574278Z ##[endgroup]
Upgrade rehearsal (Linux)	Take the exact successor wheel built by candidate-source	2026-09-11T06:32:33.4075683Z Downloading single artifact
Upgrade rehearsal (Linux)	Take the exact successor wheel built by candidate-source	2026-09-11T06:32:33.4227690Z (node:2412) [DEP0040] DeprecationWarning: The `punycode` module is deprecated. Please use a userland alternative instead.
Upgrade rehearsal (Linux)	Take the exact successor wheel built by candidate-source	2026-09-11T06:32:33.4229069Z (Use `node --trace-deprecation ...` to show where the warning was created)
Upgrade rehearsal (Linux)	Take the exact successor wheel built by candidate-source	2026-09-11T06:32:33.4849329Z Preparing to download the following artifacts:
Upgrade rehearsal (Linux)	Take the exact successor wheel built by candidate-source	2026-09-11T06:32:33.4851194Z - candidate-wheel-non-promotable-2d6c072e68aced6b6b234b17232c32e0c13c3c61 (ID: 10187506037, Size: 471519, Expected Digest: sha256:cfd46a3a818cdbc2325554716bb7cb74fa950c864e8706c0aab88e029250f727)
Upgrade rehearsal (Linux)	Take the exact successor wheel built by candidate-source	2026-09-11T06:32:33.5942041Z Redirecting to blob download url: https://productionresultssa19.blob.core.windows.net/actions-results/b9e9d3a8-bdfa-4c70-80d2-cd4e6fb2432c/workflow-job-run-637f8db3-adf4-5811-b595-b408c3c40776/artifacts/f7cb62308e61de452ed43611d0f9898b889b42c1d3d11b5ba91816db409d0e97.zip
Upgrade rehearsal (Linux)	Take the exact successor wheel built by candidate-source	2026-09-11T06:32:33.5944619Z Starting download of artifact to: /home/runner/work/_temp/candidate-dist
Upgrade rehearsal (Linux)	Take the exact successor wheel built by candidate-source	2026-09-11T06:32:33.6586414Z (node:2412) [DEP0005] DeprecationWarning: Buffer() is deprecated due to security and usability issues. Please use the Buffer.alloc(), Buffer.allocUnsafe(), or Buffer.from() methods instead.
Upgrade rehearsal (Linux)	Take the exact successor wheel built by candidate-source	2026-09-11T06:32:33.6966201Z SHA256 digest of downloaded artifact is cfd46a3a818cdbc2325554716bb7cb74fa950c864e8706c0aab88e029250f727
Upgrade rehearsal (Linux)	Take the exact successor wheel built by candidate-source	2026-09-11T06:32:33.6967594Z Artifact download completed successfully.
Upgrade rehearsal (Linux)	Take the exact successor wheel built by candidate-source	2026-09-11T06:32:33.6968208Z Total of 1 artifact(s) downloaded
Upgrade rehearsal (Linux)	Take the exact successor wheel built by candidate-source	2026-09-11T06:32:33.6972934Z Download artifact has finished successfully
Upgrade rehearsal (Linux)	Verify the handed-over successor bytes	﻿2026-09-11T06:32:33.7090057Z ##[group]Run $candidateDist = Join-Path '/home/runner/work/_temp' 'candidate-dist'
Upgrade rehearsal (Linux)	Verify the handed-over successor bytes	2026-09-11T06:32:33.7090683Z ^[[36;1m$candidateDist = Join-Path '/home/runner/work/_temp' 'candidate-dist'^[[0m
Upgrade rehearsal (Linux)	Verify the handed-over successor bytes	2026-09-11T06:32:33.7091210Z ^[[36;1m$wheel = Get-ChildItem -LiteralPath $candidateDist -Filter '*.whl'^[[0m
Upgrade rehearsal (Linux)	Verify the handed-over successor bytes	2026-09-11T06:32:33.7091717Z ^[[36;1mif ($wheel.Count -ne 1) { throw 'expected exactly one successor wheel' }^[[0m
Upgrade rehearsal (Linux)	Verify the handed-over successor bytes	2026-09-11T06:32:33.7092459Z ^[[36;1m$expected = (Get-Content -LiteralPath (Join-Path $candidateDist 'SHA256SUMS') | Where-Object { $_ -match [regex]::Escape($wheel.Name) })^[[0m
Upgrade rehearsal (Linux)	Verify the handed-over successor bytes	2026-09-11T06:32:33.7093203Z ^[[36;1mif (-not $expected) { throw 'SHA256SUMS does not name the successor wheel' }^[[0m
Upgrade rehearsal (Linux)	Verify the handed-over successor bytes	2026-09-11T06:32:33.7093714Z ^[[36;1m$expectedDigest = ($expected -split '\s+')[0].ToLowerInvariant()^[[0m
Upgrade rehearsal (Linux)	Verify the handed-over successor bytes	2026-09-11T06:32:33.7094319Z ^[[36;1m$actual = (Get-FileHash -Algorithm SHA256 -LiteralPath $wheel.FullName).Hash.ToLowerInvariant()^[[0m
Upgrade rehearsal (Linux)	Verify the handed-over successor bytes	2026-09-11T06:32:33.7095084Z ^[[36;1mif ($actual -ne $expectedDigest) { throw "successor wheel digest mismatch: expected $expectedDigest, got $actual" }^[[0m
Upgrade rehearsal (Linux)	Verify the handed-over successor bytes	2026-09-11T06:32:33.7135650Z shell: /usr/bin/pwsh -command ". '{0}'"
Upgrade rehearsal (Linux)	Verify the handed-over successor bytes	2026-09-11T06:32:33.7135962Z env:
Upgrade rehearsal (Linux)	Verify the handed-over successor bytes	2026-09-11T06:32:33.7136178Z   PREDECESSOR_VERSION: 0.17.0
Upgrade rehearsal (Linux)	Verify the handed-over successor bytes	2026-09-11T06:32:33.7136925Z   PREDECESSOR_WHEEL_SHA256: 305c7cbc79f87baa76ea3bea939b134999f9cad3bfdfa0b4c9c2fd2d9caacced
Upgrade rehearsal (Linux)	Verify the handed-over successor bytes	2026-09-11T06:32:33.7137412Z   PYTHONNOUSERSITE: 1
Upgrade rehearsal (Linux)	Verify the handed-over successor bytes	2026-09-11T06:32:33.7137634Z   PYTHONPATH: 
Upgrade rehearsal (Linux)	Verify the handed-over successor bytes	2026-09-11T06:32:33.7137913Z   pythonLocation: /opt/hostedtoolcache/Python/3.11.16/x64
Upgrade rehearsal (Linux)	Verify the handed-over successor bytes	2026-09-11T06:32:33.7138360Z   PKG_CONFIG_PATH: /opt/hostedtoolcache/Python/3.11.16/x64/lib/pkgconfig
Upgrade rehearsal (Linux)	Verify the handed-over successor bytes	2026-09-11T06:32:33.7138800Z   Python_ROOT_DIR: /opt/hostedtoolcache/Python/3.11.16/x64
Upgrade rehearsal (Linux)	Verify the handed-over successor bytes	2026-09-11T06:32:33.7139212Z   Python2_ROOT_DIR: /opt/hostedtoolcache/Python/3.11.16/x64
Upgrade rehearsal (Linux)	Verify the handed-over successor bytes	2026-09-11T06:32:33.7139609Z   Python3_ROOT_DIR: /opt/hostedtoolcache/Python/3.11.16/x64
Upgrade rehearsal (Linux)	Verify the handed-over successor bytes	2026-09-11T06:32:33.7140030Z   LD_LIBRARY_PATH: /opt/hostedtoolcache/Python/3.11.16/x64/lib
Upgrade rehearsal (Linux)	Verify the handed-over successor bytes	2026-09-11T06:32:33.7140372Z ##[endgroup]
Upgrade rehearsal (Linux)	Install isolated local runtimes	﻿2026-09-11T06:32:34.5410958Z ##[group]Run $predecessorRoot = Join-Path '/home/runner/work/_temp' 'predecessor-env'
Upgrade rehearsal (Linux)	Install isolated local runtimes	2026-09-11T06:32:34.5411643Z ^[[36;1m$predecessorRoot = Join-Path '/home/runner/work/_temp' 'predecessor-env'^[[0m
Upgrade rehearsal (Linux)	Install isolated local runtimes	2026-09-11T06:32:34.5412336Z ^[[36;1m$successorRoot = Join-Path '/home/runner/work/_temp' 'successor-env'^[[0m
Upgrade rehearsal (Linux)	Install isolated local runtimes	2026-09-11T06:32:34.5412755Z ^[[36;1mpython -m venv $predecessorRoot^[[0m
Upgrade rehearsal (Linux)	Install isolated local runtimes	2026-09-11T06:32:34.5413051Z ^[[36;1mpython -m venv $successorRoot^[[0m
Upgrade rehearsal (Linux)	Install isolated local runtimes	2026-09-11T06:32:34.5413423Z ^[[36;1m$predecessorPython = Join-Path $predecessorRoot 'bin/python'^[[0m
Upgrade rehearsal (Linux)	Install isolated local runtimes	2026-09-11T06:32:34.5413874Z ^[[36;1m$successorPython = Join-Path $successorRoot 'bin/python'^[[0m
Upgrade rehearsal (Linux)	Install isolated local runtimes	2026-09-11T06:32:34.5414579Z ^[[36;1m$predecessorWheel = (Get-ChildItem -LiteralPath (Join-Path '/home/runner/work/_temp' 'predecessor-dist') -Filter '*.whl').FullName^[[0m
Upgrade rehearsal (Linux)	Install isolated local runtimes	2026-09-11T06:32:34.5415489Z ^[[36;1m$successorWheel = (Get-ChildItem -LiteralPath (Join-Path '/home/runner/work/_temp' 'candidate-dist') -Filter '*.whl').FullName^[[0m
Upgrade rehearsal (Linux)	Install isolated local runtimes	2026-09-11T06:32:34.5416330Z ^[[36;1m& $predecessorPython -m pip install --disable-pip-version-check --no-index --no-deps $predecessorWheel^[[0m
Upgrade rehearsal (Linux)	Install isolated local runtimes	2026-09-11T06:32:34.5418047Z ^[[36;1m& $successorPython -m pip install --disable-pip-version-check --no-index --no-deps $successorWheel^[[0m
Upgrade rehearsal (Linux)	Install isolated local runtimes	2026-09-11T06:32:34.5458964Z shell: /usr/bin/pwsh -command ". '{0}'"
Upgrade rehearsal (Linux)	Install isolated local runtimes	2026-09-11T06:32:34.5459258Z env:
Upgrade rehearsal (Linux)	Install isolated local runtimes	2026-09-11T06:32:34.5459479Z   PREDECESSOR_VERSION: 0.17.0
Upgrade rehearsal (Linux)	Install isolated local runtimes	2026-09-11T06:32:34.5459937Z   PREDECESSOR_WHEEL_SHA256: 305c7cbc79f87baa76ea3bea939b134999f9cad3bfdfa0b4c9c2fd2d9caacced
Upgrade rehearsal (Linux)	Install isolated local runtimes	2026-09-11T06:32:34.5460425Z   PYTHONNOUSERSITE: 1
Upgrade rehearsal (Linux)	Install isolated local runtimes	2026-09-11T06:32:34.5460654Z   PYTHONPATH: 
Upgrade rehearsal (Linux)	Install isolated local runtimes	2026-09-11T06:32:34.5460938Z   pythonLocation: /opt/hostedtoolcache/Python/3.11.16/x64
Upgrade rehearsal (Linux)	Install isolated local runtimes	2026-09-11T06:32:34.5461372Z   PKG_CONFIG_PATH: /opt/hostedtoolcache/Python/3.11.16/x64/lib/pkgconfig
Upgrade rehearsal (Linux)	Install isolated local runtimes	2026-09-11T06:32:34.5461802Z   Python_ROOT_DIR: /opt/hostedtoolcache/Python/3.11.16/x64
Upgrade rehearsal (Linux)	Install isolated local runtimes	2026-09-11T06:32:34.5462180Z   Python2_ROOT_DIR: /opt/hostedtoolcache/Python/3.11.16/x64
Upgrade rehearsal (Linux)	Install isolated local runtimes	2026-09-11T06:32:34.5462568Z   Python3_ROOT_DIR: /opt/hostedtoolcache/Python/3.11.16/x64
Upgrade rehearsal (Linux)	Install isolated local runtimes	2026-09-11T06:32:34.5462971Z   LD_LIBRARY_PATH: /opt/hostedtoolcache/Python/3.11.16/x64/lib
Upgrade rehearsal (Linux)	Install isolated local runtimes	2026-09-11T06:32:34.5463312Z ##[endgroup]
Upgrade rehearsal (Linux)	Install isolated local runtimes	2026-09-11T06:32:42.6888362Z Processing /home/runner/work/_temp/predecessor-dist/se_harness-0.17.0-py3-none-any.whl
Upgrade rehearsal (Linux)	Install isolated local runtimes	2026-09-11T06:32:42.6992059Z Installing collected packages: se-harness
Upgrade rehearsal (Linux)	Install isolated local runtimes	2026-09-11T06:32:42.8942802Z Successfully installed se-harness-0.17.0
Upgrade rehearsal (Linux)	Install isolated local runtimes	2026-09-11T06:32:43.2580462Z Processing /home/runner/work/_temp/candidate-dist/se_harness-0.18.0-py3-none-any.whl
Upgrade rehearsal (Linux)	Install isolated local runtimes	2026-09-11T06:32:43.2674852Z Installing collected packages: se-harness
Upgrade rehearsal (Linux)	Install isolated local runtimes	2026-09-11T06:32:43.4608538Z Successfully installed se-harness-0.18.0
Upgrade rehearsal (Linux)	Rehearse the real predecessor-to-successor upgrade twice	﻿2026-09-11T06:32:43.5569826Z ##[group]Run # WO-ECP-010 (REQ-ECP-012, ECP-PRD-008): the successor's own upgrade --apply
Upgrade rehearsal (Linux)	Rehearse the real predecessor-to-successor upgrade twice	2026-09-11T06:32:43.5570516Z ^[[36;1m# WO-ECP-010 (REQ-ECP-012, ECP-PRD-008): the successor's own upgrade --apply^[[0m
Upgrade rehearsal (Linux)	Rehearse the real predecessor-to-successor upgrade twice	2026-09-11T06:32:43.5571092Z ^[[36;1m# against a throwaway export whose lock is the released predecessor's, judged^[[0m
Upgrade rehearsal (Linux)	Rehearse the real predecessor-to-successor upgrade twice	2026-09-11T06:32:43.5571648Z ^[[36;1m# by both evaluators' doctor and by the resulting lock. No per-release^[[0m
Upgrade rehearsal (Linux)	Rehearse the real predecessor-to-successor upgrade twice	2026-09-11T06:32:43.5572174Z ^[[36;1m# fixture, no network inside the rehearsal, no write to this checkout.^[[0m
Upgrade rehearsal (Linux)	Rehearse the real predecessor-to-successor upgrade twice	2026-09-11T06:32:43.5572795Z ^[[36;1m$predecessorPython = Join-Path (Join-Path '/home/runner/work/_temp' 'predecessor-env') 'bin/python'^[[0m
Upgrade rehearsal (Linux)	Rehearse the real predecessor-to-successor upgrade twice	2026-09-11T06:32:43.5573502Z ^[[36;1m$successorPython = Join-Path (Join-Path '/home/runner/work/_temp' 'successor-env') 'bin/python'^[[0m
Upgrade rehearsal (Linux)	Rehearse the real predecessor-to-successor upgrade twice	2026-09-11T06:32:43.5574090Z ^[[36;1m$first = Join-Path '/home/runner/work/_temp' 'rehearsal-result-1'^[[0m
Upgrade rehearsal (Linux)	Rehearse the real predecessor-to-successor upgrade twice	2026-09-11T06:32:43.5574584Z ^[[36;1m$second = Join-Path '/home/runner/work/_temp' 'rehearsal-result-2'^[[0m
Upgrade rehearsal (Linux)	Rehearse the real predecessor-to-successor upgrade twice	2026-09-11T06:32:43.5575102Z ^[[36;1mpython -m repository_tools.upgrade_rehearsal --repository . `^[[0m
Upgrade rehearsal (Linux)	Rehearse the real predecessor-to-successor upgrade twice	2026-09-11T06:32:43.5575689Z ^[[36;1m  --predecessor-python $predecessorPython --successor-python $successorPython --output $first^[[0m
Upgrade rehearsal (Linux)	Rehearse the real predecessor-to-successor upgrade twice	2026-09-11T06:32:43.5576298Z ^[[36;1mif ($LASTEXITCODE -ne 0) { throw 'first upgrade rehearsal failed' }^[[0m
Upgrade rehearsal (Linux)	Rehearse the real predecessor-to-successor upgrade twice	2026-09-11T06:32:43.5577150Z ^[[36;1mpython -m repository_tools.upgrade_rehearsal --repository . `^[[0m
Upgrade rehearsal (Linux)	Rehearse the real predecessor-to-successor upgrade twice	2026-09-11T06:32:43.5577952Z ^[[36;1m  --predecessor-python $predecessorPython --successor-python $successorPython --output $second^[[0m
Upgrade rehearsal (Linux)	Rehearse the real predecessor-to-successor upgrade twice	2026-09-11T06:32:43.5578595Z ^[[36;1mif ($LASTEXITCODE -ne 0) { throw 'second upgrade rehearsal failed' }^[[0m
Upgrade rehearsal (Linux)	Rehearse the real predecessor-to-successor upgrade twice	2026-09-11T06:32:43.5579278Z ^[[36;1m$firstResult = Get-Content -Raw -LiteralPath (Join-Path $first 'upgrade-rehearsal-result.json') | ConvertFrom-Json^[[0m
Upgrade rehearsal (Linux)	Rehearse the real predecessor-to-successor upgrade twice	2026-09-11T06:32:43.5580139Z ^[[36;1m$secondResult = Get-Content -Raw -LiteralPath (Join-Path $second 'upgrade-rehearsal-result.json') | ConvertFrom-Json^[[0m
Upgrade rehearsal (Linux)	Rehearse the real predecessor-to-successor upgrade twice	2026-09-11T06:32:43.5581000Z ^[[36;1mif ($firstResult.semantic_sha256 -ne $secondResult.semantic_sha256) { throw 'upgrade rehearsal replay digest differs' }^[[0m
Upgrade rehearsal (Linux)	Rehearse the real predecessor-to-successor upgrade twice	2026-09-11T06:32:43.5581885Z ^[[36;1mif ($firstResult.overall_result -ne 'pass' -or $secondResult.overall_result -ne 'pass') { throw 'upgrade rehearsal did not pass' }^[[0m
Upgrade rehearsal (Linux)	Rehearse the real predecessor-to-successor upgrade twice	2026-09-11T06:32:43.5622268Z shell: /usr/bin/pwsh -command ". '{0}'"
Upgrade rehearsal (Linux)	Rehearse the real predecessor-to-successor upgrade twice	2026-09-11T06:32:43.5622578Z env:
Upgrade rehearsal (Linux)	Rehearse the real predecessor-to-successor upgrade twice	2026-09-11T06:32:43.5622788Z   PREDECESSOR_VERSION: 0.17.0
Upgrade rehearsal (Linux)	Rehearse the real predecessor-to-successor upgrade twice	2026-09-11T06:32:43.5623250Z   PREDECESSOR_WHEEL_SHA256: 305c7cbc79f87baa76ea3bea939b134999f9cad3bfdfa0b4c9c2fd2d9caacced
Upgrade rehearsal (Linux)	Rehearse the real predecessor-to-successor upgrade twice	2026-09-11T06:32:43.5623734Z   PYTHONNOUSERSITE: 1
Upgrade rehearsal (Linux)	Rehearse the real predecessor-to-successor upgrade twice	2026-09-11T06:32:43.5623968Z   PYTHONPATH: 
Upgrade rehearsal (Linux)	Rehearse the real predecessor-to-successor upgrade twice	2026-09-11T06:32:43.5624255Z   pythonLocation: /opt/hostedtoolcache/Python/3.11.16/x64
Upgrade rehearsal (Linux)	Rehearse the real predecessor-to-successor upgrade twice	2026-09-11T06:32:43.5624693Z   PKG_CONFIG_PATH: /opt/hostedtoolcache/Python/3.11.16/x64/lib/pkgconfig
Upgrade rehearsal (Linux)	Rehearse the real predecessor-to-successor upgrade twice	2026-09-11T06:32:43.5625129Z   Python_ROOT_DIR: /opt/hostedtoolcache/Python/3.11.16/x64
Upgrade rehearsal (Linux)	Rehearse the real predecessor-to-successor upgrade twice	2026-09-11T06:32:43.5625528Z   Python2_ROOT_DIR: /opt/hostedtoolcache/Python/3.11.16/x64
Upgrade rehearsal (Linux)	Rehearse the real predecessor-to-successor upgrade twice	2026-09-11T06:32:43.5625921Z   Python3_ROOT_DIR: /opt/hostedtoolcache/Python/3.11.16/x64
Upgrade rehearsal (Linux)	Rehearse the real predecessor-to-successor upgrade twice	2026-09-11T06:32:43.5626309Z   LD_LIBRARY_PATH: /opt/hostedtoolcache/Python/3.11.16/x64/lib
Upgrade rehearsal (Linux)	Rehearse the real predecessor-to-successor upgrade twice	2026-09-11T06:32:43.5626877Z ##[endgroup]
Upgrade rehearsal (Linux)	Rehearse the real predecessor-to-successor upgrade twice	2026-09-11T06:32:54.6012800Z upgrade rehearsal: PASS (0.17.0 -> 0.18.0)
Upgrade rehearsal (Linux)	Rehearse the real predecessor-to-successor upgrade twice	2026-09-11T06:32:54.6013655Z semantic_sha256: 9635365b3c58b6d61eadabf29490eb514cc98866ddc3076052db72cabe1e6b3c
Upgrade rehearsal (Linux)	Rehearse the real predecessor-to-successor upgrade twice	2026-09-11T06:33:04.9779696Z upgrade rehearsal: PASS (0.17.0 -> 0.18.0)
Upgrade rehearsal (Linux)	Rehearse the real predecessor-to-successor upgrade twice	2026-09-11T06:33:04.9782201Z semantic_sha256: 9635365b3c58b6d61eadabf29490eb514cc98866ddc3076052db72cabe1e6b3c
Upgrade rehearsal (Linux)	Publish this platform's semantic digest as a job output	﻿2026-09-11T06:33:05.1150679Z ##[group]Run $result = Get-Content -Raw -LiteralPath (Join-Path (Join-Path '/home/runner/work/_temp' 'rehearsal-result-1') 'upgrade-rehearsal-result.json') | ConvertFrom-Json
Upgrade rehearsal (Linux)	Publish this platform's semantic digest as a job output	2026-09-11T06:33:05.1151999Z ^[[36;1m$result = Get-Content -Raw -LiteralPath (Join-Path (Join-Path '/home/runner/work/_temp' 'rehearsal-result-1') 'upgrade-rehearsal-result.json') | ConvertFrom-Json^[[0m
Upgrade rehearsal (Linux)	Publish this platform's semantic digest as a job output	2026-09-11T06:33:05.1152939Z ^[[36;1m"Linux=$($result.semantic_sha256)" | Out-File -FilePath $env:GITHUB_OUTPUT -Append -Encoding utf8^[[0m
Upgrade rehearsal (Linux)	Publish this platform's semantic digest as a job output	2026-09-11T06:33:05.1192865Z shell: /usr/bin/pwsh -command ". '{0}'"
Upgrade rehearsal (Linux)	Publish this platform's semantic digest as a job output	2026-09-11T06:33:05.1193163Z env:
Upgrade rehearsal (Linux)	Publish this platform's semantic digest as a job output	2026-09-11T06:33:05.1193371Z   PREDECESSOR_VERSION: 0.17.0
Upgrade rehearsal (Linux)	Publish this platform's semantic digest as a job output	2026-09-11T06:33:05.1193832Z   PREDECESSOR_WHEEL_SHA256: 305c7cbc79f87baa76ea3bea939b134999f9cad3bfdfa0b4c9c2fd2d9caacced
Upgrade rehearsal (Linux)	Publish this platform's semantic digest as a job output	2026-09-11T06:33:05.1194322Z   PYTHONNOUSERSITE: 1
Upgrade rehearsal (Linux)	Publish this platform's semantic digest as a job output	2026-09-11T06:33:05.1194551Z   PYTHONPATH: 
Upgrade rehearsal (Linux)	Publish this platform's semantic digest as a job output	2026-09-11T06:33:05.1194832Z   pythonLocation: /opt/hostedtoolcache/Python/3.11.16/x64
Upgrade rehearsal (Linux)	Publish this platform's semantic digest as a job output	2026-09-11T06:33:05.1195272Z   PKG_CONFIG_PATH: /opt/hostedtoolcache/Python/3.11.16/x64/lib/pkgconfig
Upgrade rehearsal (Linux)	Publish this platform's semantic digest as a job output	2026-09-11T06:33:05.1195733Z   Python_ROOT_DIR: /opt/hostedtoolcache/Python/3.11.16/x64
Upgrade rehearsal (Linux)	Publish this platform's semantic digest as a job output	2026-09-11T06:33:05.1196119Z   Python2_ROOT_DIR: /opt/hostedtoolcache/Python/3.11.16/x64
Upgrade rehearsal (Linux)	Publish this platform's semantic digest as a job output	2026-09-11T06:33:05.1196815Z   Python3_ROOT_DIR: /opt/hostedtoolcache/Python/3.11.16/x64
Upgrade rehearsal (Linux)	Publish this platform's semantic digest as a job output	2026-09-11T06:33:05.1197417Z   LD_LIBRARY_PATH: /opt/hostedtoolcache/Python/3.11.16/x64/lib
Upgrade rehearsal (Linux)	Publish this platform's semantic digest as a job output	2026-09-11T06:33:05.1197766Z ##[endgroup]
Upgrade rehearsal (Linux)	Retain the bounded upgrade rehearsal evidence	﻿2026-09-11T06:33:05.4614013Z Node 20 is being deprecated. This workflow is running with Node 24 by default. If you need to temporarily use Node 20, you can set the ACTIONS_ALLOW_USE_UNSECURE_NODE_VERSION=true environment variable. For more information see: https://github.blog/changelog/2025-09-19-deprecation-of-node-20-on-github-actions-runners/
Upgrade rehearsal (Linux)	Retain the bounded upgrade rehearsal evidence	2026-09-11T06:33:05.4615591Z ##[group]Run actions/upload-artifact@ea165f8d65b6e75b540449e92b4886f43607fa02
Upgrade rehearsal (Linux)	Retain the bounded upgrade rehearsal evidence	2026-09-11T06:33:05.4615981Z with:
Upgrade rehearsal (Linux)	Retain the bounded upgrade rehearsal evidence	2026-09-11T06:33:05.4616194Z   name: upgrade-rehearsal-Linux
Upgrade rehearsal (Linux)	Retain the bounded upgrade rehearsal evidence	2026-09-11T06:33:05.4616962Z   path: /home/runner/work/_temp/rehearsal-result-*/upgrade-rehearsal-result.json
Upgrade rehearsal (Linux)	Retain the bounded upgrade rehearsal evidence	2026-09-11T06:33:05.4617397Z   if-no-files-found: warn
Upgrade rehearsal (Linux)	Retain the bounded upgrade rehearsal evidence	2026-09-11T06:33:05.4636260Z   compression-level: 6
Upgrade rehearsal (Linux)	Retain the bounded upgrade rehearsal evidence	2026-09-11T06:33:05.4636733Z   overwrite: false
Upgrade rehearsal (Linux)	Retain the bounded upgrade rehearsal evidence	2026-09-11T06:33:05.4636972Z   include-hidden-files: false
Upgrade rehearsal (Linux)	Retain the bounded upgrade rehearsal evidence	2026-09-11T06:33:05.4637230Z env:
Upgrade rehearsal (Linux)	Retain the bounded upgrade rehearsal evidence	2026-09-11T06:33:05.4637438Z   PREDECESSOR_VERSION: 0.17.0
Upgrade rehearsal (Linux)	Retain the bounded upgrade rehearsal evidence	2026-09-11T06:33:05.4637891Z   PREDECESSOR_WHEEL_SHA256: 305c7cbc79f87baa76ea3bea939b134999f9cad3bfdfa0b4c9c2fd2d9caacced
Upgrade rehearsal (Linux)	Retain the bounded upgrade rehearsal evidence	2026-09-11T06:33:05.4638401Z   PYTHONNOUSERSITE: 1
Upgrade rehearsal (Linux)	Retain the bounded upgrade rehearsal evidence	2026-09-11T06:33:05.4638625Z   PYTHONPATH: 
Upgrade rehearsal (Linux)	Retain the bounded upgrade rehearsal evidence	2026-09-11T06:33:05.4638900Z   pythonLocation: /opt/hostedtoolcache/Python/3.11.16/x64
Upgrade rehearsal (Linux)	Retain the bounded upgrade rehearsal evidence	2026-09-11T06:33:05.4639335Z   PKG_CONFIG_PATH: /opt/hostedtoolcache/Python/3.11.16/x64/lib/pkgconfig
Upgrade rehearsal (Linux)	Retain the bounded upgrade rehearsal evidence	2026-09-11T06:33:05.4639773Z   Python_ROOT_DIR: /opt/hostedtoolcache/Python/3.11.16/x64
Upgrade rehearsal (Linux)	Retain the bounded upgrade rehearsal evidence	2026-09-11T06:33:05.4640178Z   Python2_ROOT_DIR: /opt/hostedtoolcache/Python/3.11.16/x64
Upgrade rehearsal (Linux)	Retain the bounded upgrade rehearsal evidence	2026-09-11T06:33:05.4640565Z   Python3_ROOT_DIR: /opt/hostedtoolcache/Python/3.11.16/x64
Upgrade rehearsal (Linux)	Retain the bounded upgrade rehearsal evidence	2026-09-11T06:33:05.4640957Z   LD_LIBRARY_PATH: /opt/hostedtoolcache/Python/3.11.16/x64/lib
Upgrade rehearsal (Linux)	Retain the bounded upgrade rehearsal evidence	2026-09-11T06:33:05.4641283Z ##[endgroup]
Upgrade rehearsal (Linux)	Retain the bounded upgrade rehearsal evidence	2026-09-11T06:33:05.6308039Z (node:2737) [DEP0040] DeprecationWarning: The `punycode` module is deprecated. Please use a userland alternative instead.
Upgrade rehearsal (Linux)	Retain the bounded upgrade rehearsal evidence	2026-09-11T06:33:05.6309436Z (Use `node --trace-deprecation ...` to show where the warning was created)
Upgrade rehearsal (Linux)	Retain the bounded upgrade rehearsal evidence	2026-09-11T06:33:05.6399436Z With the provided path, there will be 2 files uploaded
Upgrade rehearsal (Linux)	Retain the bounded upgrade rehearsal evidence	2026-09-11T06:33:05.6400834Z Artifact name is valid!
Upgrade rehearsal (Linux)	Retain the bounded upgrade rehearsal evidence	2026-09-11T06:33:05.6401114Z Root directory input is valid!
Upgrade rehearsal (Linux)	Retain the bounded upgrade rehearsal evidence	2026-09-11T06:33:05.8556481Z Beginning upload of artifact content to blob storage
Upgrade rehearsal (Linux)	Retain the bounded upgrade rehearsal evidence	2026-09-11T06:33:05.8784061Z (node:2737) [DEP0169] DeprecationWarning: `url.parse()` behavior is not standardized and prone to errors that have security implications. Use the WHATWG URL API instead. CVEs are not issued for `url.parse()` vulnerabilities.
Upgrade rehearsal (Linux)	Retain the bounded upgrade rehearsal evidence	2026-09-11T06:33:05.9419844Z Uploaded bytes 2384
Upgrade rehearsal (Linux)	Retain the bounded upgrade rehearsal evidence	2026-09-11T06:33:05.9617839Z Finished uploading artifact content to blob storage!
Upgrade rehearsal (Linux)	Retain the bounded upgrade rehearsal evidence	2026-09-11T06:33:05.9618980Z SHA256 digest of uploaded artifact zip is 0a40ff3f720a4a2df67f2ab15e5c1604b7436886a81b4f045a3a322e7b9e8f3d
Upgrade rehearsal (Linux)	Retain the bounded upgrade rehearsal evidence	2026-09-11T06:33:05.9620338Z Finalizing artifact upload
Upgrade rehearsal (Linux)	Retain the bounded upgrade rehearsal evidence	2026-09-11T06:33:06.1531490Z Artifact upgrade-rehearsal-Linux.zip successfully finalized. Artifact ID 10187539472
Upgrade rehearsal (Linux)	Retain the bounded upgrade rehearsal evidence	2026-09-11T06:33:06.1532705Z Artifact upgrade-rehearsal-Linux has been successfully uploaded! Final size is 2384 bytes. Artifact ID is 10187539472
Upgrade rehearsal (Linux)	Retain the bounded upgrade rehearsal evidence	2026-09-11T06:33:06.1538686Z Artifact download URL: https://github.com/mmzen/se_harness/actions/runs/34570251940/artifacts/10187539472
Upgrade rehearsal (Linux)	Prove the upgrade rehearsal made no checkout change	﻿2026-09-11T06:33:06.1673208Z ##[group]Run git diff --exit-code
Upgrade rehearsal (Linux)	Prove the upgrade rehearsal made no checkout change	2026-09-11T06:33:06.1673575Z ^[[36;1mgit diff --exit-code^[[0m
Upgrade rehearsal (Linux)	Prove the upgrade rehearsal made no checkout change	2026-09-11T06:33:06.1673937Z ^[[36;1m$status = git status --porcelain=v1 --untracked-files=all^[[0m
Upgrade rehearsal (Linux)	Prove the upgrade rehearsal made no checkout change	2026-09-11T06:33:06.1674405Z ^[[36;1mif ($status) { throw 'upgrade rehearsal changed the checkout' }^[[0m
Upgrade rehearsal (Linux)	Prove the upgrade rehearsal made no checkout change	2026-09-11T06:33:06.1714718Z shell: /usr/bin/pwsh -command ". '{0}'"
Upgrade rehearsal (Linux)	Prove the upgrade rehearsal made no checkout change	2026-09-11T06:33:06.1715025Z env:
Upgrade rehearsal (Linux)	Prove the upgrade rehearsal made no checkout change	2026-09-11T06:33:06.1715235Z   PREDECESSOR_VERSION: 0.17.0
Upgrade rehearsal (Linux)	Prove the upgrade rehearsal made no checkout change	2026-09-11T06:33:06.1715689Z   PREDECESSOR_WHEEL_SHA256: 305c7cbc79f87baa76ea3bea939b134999f9cad3bfdfa0b4c9c2fd2d9caacced
Upgrade rehearsal (Linux)	Prove the upgrade rehearsal made no checkout change	2026-09-11T06:33:06.1716189Z   PYTHONNOUSERSITE: 1
Upgrade rehearsal (Linux)	Prove the upgrade rehearsal made no checkout change	2026-09-11T06:33:06.1716732Z   PYTHONPATH: 
Upgrade rehearsal (Linux)	Prove the upgrade rehearsal made no checkout change	2026-09-11T06:33:06.1717030Z   pythonLocation: /opt/hostedtoolcache/Python/3.11.16/x64
Upgrade rehearsal (Linux)	Prove the upgrade rehearsal made no checkout change	2026-09-11T06:33:06.1717473Z   PKG_CONFIG_PATH: /opt/hostedtoolcache/Python/3.11.16/x64/lib/pkgconfig
Upgrade rehearsal (Linux)	Prove the upgrade rehearsal made no checkout change	2026-09-11T06:33:06.1717904Z   Python_ROOT_DIR: /opt/hostedtoolcache/Python/3.11.16/x64
Upgrade rehearsal (Linux)	Prove the upgrade rehearsal made no checkout change	2026-09-11T06:33:06.1718307Z   Python2_ROOT_DIR: /opt/hostedtoolcache/Python/3.11.16/x64
Upgrade rehearsal (Linux)	Prove the upgrade rehearsal made no checkout change	2026-09-11T06:33:06.1718748Z   Python3_ROOT_DIR: /opt/hostedtoolcache/Python/3.11.16/x64
Upgrade rehearsal (Linux)	Prove the upgrade rehearsal made no checkout change	2026-09-11T06:33:06.1719355Z   LD_LIBRARY_PATH: /opt/hostedtoolcache/Python/3.11.16/x64/lib
Upgrade rehearsal (Linux)	Prove the upgrade rehearsal made no checkout change	2026-09-11T06:33:06.1719689Z ##[endgroup]
Upgrade rehearsal (Linux)	Post Run actions/setup-python@a26af69be951a213d495a4c3e4e4022e16d87065	﻿2026-09-11T06:33:06.5317000Z Node 20 is being deprecated. This workflow is running with Node 24 by default. If you need to temporarily use Node 20, you can set the ACTIONS_ALLOW_USE_UNSECURE_NODE_VERSION=true environment variable. For more information see: https://github.blog/changelog/2025-09-19-deprecation-of-node-20-on-github-actions-runners/
Upgrade rehearsal (Linux)	Post Run actions/setup-python@a26af69be951a213d495a4c3e4e4022e16d87065	2026-09-11T06:33:06.5318309Z Post job cleanup.
Upgrade rehearsal (Linux)	Post Run actions/setup-python@a26af69be951a213d495a4c3e4e4022e16d87065	2026-09-11T06:33:06.6529294Z (node:2804) [DEP0040] DeprecationWarning: The `punycode` module is deprecated. Please use a userland alternative instead.
Upgrade rehearsal (Linux)	Post Run actions/setup-python@a26af69be951a213d495a4c3e4e4022e16d87065	2026-09-11T06:33:06.6530258Z (Use `node --trace-deprecation ...` to show where the warning was created)
Upgrade rehearsal (Linux)	Post Run actions/checkout@11d5960a326750d5838078e36cf38b85af677262	﻿2026-09-11T06:33:06.6699967Z Node 20 is being deprecated. This workflow is running with Node 24 by default. If you need to temporarily use Node 20, you can set the ACTIONS_ALLOW_USE_UNSECURE_NODE_VERSION=true environment variable. For more information see: https://github.blog/changelog/2025-09-19-deprecation-of-node-20-on-github-actions-runners/
Upgrade rehearsal (Linux)	Post Run actions/checkout@11d5960a326750d5838078e36cf38b85af677262	2026-09-11T06:33:06.6701311Z Post job cleanup.
Upgrade rehearsal (Linux)	Post Run actions/checkout@11d5960a326750d5838078e36cf38b85af677262	2026-09-11T06:33:06.7686018Z [command]/usr/bin/git version
Upgrade rehearsal (Linux)	Post Run actions/checkout@11d5960a326750d5838078e36cf38b85af677262	2026-09-11T06:33:06.7733719Z git version 2.55.0
Upgrade rehearsal (Linux)	Post Run actions/checkout@11d5960a326750d5838078e36cf38b85af677262	2026-09-11T06:33:06.7778108Z Temporarily overriding HOME='/home/runner/work/_temp/ffe08560-5418-4f87-bba0-d67f63067bd7' before making global git config changes
Upgrade rehearsal (Linux)	Post Run actions/checkout@11d5960a326750d5838078e36cf38b85af677262	2026-09-11T06:33:06.7779500Z Adding repository directory to the temporary git global config as a safe directory
Upgrade rehearsal (Linux)	Post Run actions/checkout@11d5960a326750d5838078e36cf38b85af677262	2026-09-11T06:33:06.7783467Z [command]/usr/bin/git config --global --add safe.directory /home/runner/work/se_harness/se_harness
Upgrade rehearsal (Linux)	Post Run actions/checkout@11d5960a326750d5838078e36cf38b85af677262	2026-09-11T06:33:06.7832534Z [command]/usr/bin/git config --local --name-only --get-regexp core\.sshCommand
Upgrade rehearsal (Linux)	Post Run actions/checkout@11d5960a326750d5838078e36cf38b85af677262	2026-09-11T06:33:06.7873005Z [command]/usr/bin/git submodule foreach --recursive sh -c "git config --local --name-only --get-regexp 'core\.sshCommand' && git config --local --unset-all 'core.sshCommand' || :"
Upgrade rehearsal (Linux)	Post Run actions/checkout@11d5960a326750d5838078e36cf38b85af677262	2026-09-11T06:33:06.8141926Z [command]/usr/bin/git config --local --name-only --get-regexp http\.https\:\/\/github\.com\/\.extraheader
Upgrade rehearsal (Linux)	Post Run actions/checkout@11d5960a326750d5838078e36cf38b85af677262	2026-09-11T06:33:06.8180171Z [command]/usr/bin/git submodule foreach --recursive sh -c "git config --local --name-only --get-regexp 'http\.https\:\/\/github\.com\/\.extraheader' && git config --local --unset-all 'http.https://github.com/.extraheader' || :"
Upgrade rehearsal (Linux)	Post Run actions/checkout@11d5960a326750d5838078e36cf38b85af677262	2026-09-11T06:33:06.8479003Z [command]/usr/bin/git config --local --name-only --get-regexp ^includeIf\.gitdir:
Upgrade rehearsal (Linux)	Post Run actions/checkout@11d5960a326750d5838078e36cf38b85af677262	2026-09-11T06:33:06.8519343Z [command]/usr/bin/git submodule foreach --recursive git config --local --show-origin --name-only --get-regexp remote.origin.url
Upgrade rehearsal (Linux)	Complete job	﻿2026-09-11T06:33:06.8919523Z Evaluate and set job outputs
Upgrade rehearsal (Linux)	Complete job	2026-09-11T06:33:06.8925480Z Set output 'Linux'
Upgrade rehearsal (Linux)	Complete job	2026-09-11T06:33:06.8927634Z Cleaning up orphan processes
Upgrade rehearsal (Linux)	Complete job	2026-09-11T06:33:06.9280958Z ##[warning]Node.js 20 is deprecated. The following actions target Node.js 20 but are being forced to run on Node.js 24: actions/checkout@11d5960a326750d5838078e36cf38b85af677262, actions/download-artifact@d3f86a106a0bac45b974a628896c90dbdf5c8093, actions/setup-python@a26af69be951a213d495a4c3e4e4022e16d87065, actions/upload-artifact@ea165f8d65b6e75b540449e92b4886f43607fa02. For more information see: https://github.blog/changelog/2025-09-19-deprecation-of-node-20-on-github-actions-runners/
