Retain verified integration package	Set up job	﻿2026-09-11T07:16:33.6058512Z Current runner version: '2.337.0'
Retain verified integration package	Set up job	2026-09-11T07:16:33.6102052Z ##[group]Runner Image Provisioner
Retain verified integration package	Set up job	2026-09-11T07:16:33.6103581Z Hosted Compute Agent
Retain verified integration package	Set up job	2026-09-11T07:16:33.6104808Z Version: 20260828.587
Retain verified integration package	Set up job	2026-09-11T07:16:33.6106035Z Commit: abac92662cab4cc7352de4f9f9d2e2419aad9c29
Retain verified integration package	Set up job	2026-09-11T07:16:33.6107597Z Build Date: 2026-08-28T16:44:25Z
Retain verified integration package	Set up job	2026-09-11T07:16:33.6108924Z Worker ID: {3bbf8cfc-0e48-4f1e-a716-52d2a5a84378}
Retain verified integration package	Set up job	2026-09-11T07:16:33.6110616Z Azure Region: eastus
Retain verified integration package	Set up job	2026-09-11T07:16:33.6111853Z ##[endgroup]
Retain verified integration package	Set up job	2026-09-11T07:16:33.6114457Z ##[group]Operating System
Retain verified integration package	Set up job	2026-09-11T07:16:33.6115691Z Ubuntu
Retain verified integration package	Set up job	2026-09-11T07:16:33.6116649Z 24.04.5
Retain verified integration package	Set up job	2026-09-11T07:16:33.6117520Z LTS
Retain verified integration package	Set up job	2026-09-11T07:16:33.6118611Z ##[endgroup]
Retain verified integration package	Set up job	2026-09-11T07:16:33.6119616Z ##[group]Runner Image
Retain verified integration package	Set up job	2026-09-11T07:16:33.6121339Z Image: ubuntu-24.04
Retain verified integration package	Set up job	2026-09-11T07:16:33.6122502Z Version: 20260907.300.1
Retain verified integration package	Set up job	2026-09-11T07:16:33.6124684Z Included Software: https://github.com/actions/runner-images/blob/ubuntu24/20260907.300/images/ubuntu/Ubuntu2404-Readme.md
Retain verified integration package	Set up job	2026-09-11T07:16:33.6128102Z Image Release: https://github.com/actions/runner-images/releases/tag/ubuntu24%2F20260907.300
Retain verified integration package	Set up job	2026-09-11T07:16:33.6129997Z ##[endgroup]
Retain verified integration package	Set up job	2026-09-11T07:16:33.6132573Z ##[group]GITHUB_TOKEN Permissions
Retain verified integration package	Set up job	2026-09-11T07:16:33.6135873Z Contents: read
Retain verified integration package	Set up job	2026-09-11T07:16:33.6137050Z Metadata: read
Retain verified integration package	Set up job	2026-09-11T07:16:33.6138238Z ##[endgroup]
Retain verified integration package	Set up job	2026-09-11T07:16:33.6142410Z Secret source: Actions
Retain verified integration package	Set up job	2026-09-11T07:16:33.6144252Z Cache mode: write
Retain verified integration package	Set up job	2026-09-11T07:16:33.6145500Z Prepare workflow directory
Retain verified integration package	Set up job	2026-09-11T07:16:33.7029352Z Prepare all required actions
Retain verified integration package	Set up job	2026-09-11T07:16:33.7112672Z Getting action download info
Retain verified integration package	Set up job	2026-09-11T07:16:33.9028100Z Download action repository 'actions/checkout@11d5960a326750d5838078e36cf38b85af677262' (SHA:11d5960a326750d5838078e36cf38b85af677262)
Retain verified integration package	Set up job	2026-09-11T07:16:34.0086934Z Download action repository 'actions/setup-python@a26af69be951a213d495a4c3e4e4022e16d87065' (SHA:a26af69be951a213d495a4c3e4e4022e16d87065)
Retain verified integration package	Set up job	2026-09-11T07:16:34.1101134Z Download action repository 'actions/download-artifact@d3f86a106a0bac45b974a628896c90dbdf5c8093' (SHA:d3f86a106a0bac45b974a628896c90dbdf5c8093)
Retain verified integration package	Set up job	2026-09-11T07:16:34.2957360Z Download action repository 'actions/upload-artifact@ea165f8d65b6e75b540449e92b4886f43607fa02' (SHA:ea165f8d65b6e75b540449e92b4886f43607fa02)
Retain verified integration package	Set up job	2026-09-11T07:16:34.5063094Z Complete job name: Retain verified integration package
Retain verified integration package	Run actions/checkout@11d5960a326750d5838078e36cf38b85af677262	﻿2026-09-11T07:16:34.5808064Z Node 20 is being deprecated. This workflow is running with Node 24 by default. If you need to temporarily use Node 20, you can set the ACTIONS_ALLOW_USE_UNSECURE_NODE_VERSION=true environment variable. For more information see: https://github.blog/changelog/2025-09-19-deprecation-of-node-20-on-github-actions-runners/
Retain verified integration package	Run actions/checkout@11d5960a326750d5838078e36cf38b85af677262	2026-09-11T07:16:34.5817799Z ##[group]Run actions/checkout@11d5960a326750d5838078e36cf38b85af677262
Retain verified integration package	Run actions/checkout@11d5960a326750d5838078e36cf38b85af677262	2026-09-11T07:16:34.5818787Z with:
Retain verified integration package	Run actions/checkout@11d5960a326750d5838078e36cf38b85af677262	2026-09-11T07:16:34.5819258Z   fetch-depth: 0
Retain verified integration package	Run actions/checkout@11d5960a326750d5838078e36cf38b85af677262	2026-09-11T07:16:34.5819804Z   persist-credentials: false
Retain verified integration package	Run actions/checkout@11d5960a326750d5838078e36cf38b85af677262	2026-09-11T07:16:34.5820662Z   repository: mmzen/se_harness
Retain verified integration package	Run actions/checkout@11d5960a326750d5838078e36cf38b85af677262	2026-09-11T07:16:34.5824815Z   token: ***
Retain verified integration package	Run actions/checkout@11d5960a326750d5838078e36cf38b85af677262	2026-09-11T07:16:34.5825300Z   ssh-strict: true
Retain verified integration package	Run actions/checkout@11d5960a326750d5838078e36cf38b85af677262	2026-09-11T07:16:34.5825772Z   ssh-user: git
Retain verified integration package	Run actions/checkout@11d5960a326750d5838078e36cf38b85af677262	2026-09-11T07:16:34.5826230Z   clean: true
Retain verified integration package	Run actions/checkout@11d5960a326750d5838078e36cf38b85af677262	2026-09-11T07:16:34.5826721Z   sparse-checkout-cone-mode: true
Retain verified integration package	Run actions/checkout@11d5960a326750d5838078e36cf38b85af677262	2026-09-11T07:16:34.5827296Z   fetch-tags: false
Retain verified integration package	Run actions/checkout@11d5960a326750d5838078e36cf38b85af677262	2026-09-11T07:16:34.5827790Z   show-progress: true
Retain verified integration package	Run actions/checkout@11d5960a326750d5838078e36cf38b85af677262	2026-09-11T07:16:34.5828289Z   lfs: false
Retain verified integration package	Run actions/checkout@11d5960a326750d5838078e36cf38b85af677262	2026-09-11T07:16:34.5828788Z   submodules: false
Retain verified integration package	Run actions/checkout@11d5960a326750d5838078e36cf38b85af677262	2026-09-11T07:16:34.5829281Z   set-safe-directory: true
Retain verified integration package	Run actions/checkout@11d5960a326750d5838078e36cf38b85af677262	2026-09-11T07:16:34.5829846Z   allow-unsafe-pr-checkout: false
Retain verified integration package	Run actions/checkout@11d5960a326750d5838078e36cf38b85af677262	2026-09-11T07:16:34.5830865Z env:
Retain verified integration package	Run actions/checkout@11d5960a326750d5838078e36cf38b85af677262	2026-09-11T07:16:34.5831362Z   INTEGRATION_EVENT: pull_request
Retain verified integration package	Run actions/checkout@11d5960a326750d5838078e36cf38b85af677262	2026-09-11T07:16:34.5831963Z   INTEGRATION_REF: refs/pull/446/merge
Retain verified integration package	Run actions/checkout@11d5960a326750d5838078e36cf38b85af677262	2026-09-11T07:16:34.5832566Z   INTEGRATION_PR: 446
Retain verified integration package	Run actions/checkout@11d5960a326750d5838078e36cf38b85af677262	2026-09-11T07:16:34.5833096Z   INTEGRATION_RETENTION_DAYS: 3
Retain verified integration package	Run actions/checkout@11d5960a326750d5838078e36cf38b85af677262	2026-09-11T07:16:34.5833641Z   PYTHONNOUSERSITE: 1
Retain verified integration package	Run actions/checkout@11d5960a326750d5838078e36cf38b85af677262	2026-09-11T07:16:34.5834135Z   PYTHONPATH: 
Retain verified integration package	Run actions/checkout@11d5960a326750d5838078e36cf38b85af677262	2026-09-11T07:16:34.5834583Z ##[endgroup]
Retain verified integration package	Run actions/checkout@11d5960a326750d5838078e36cf38b85af677262	2026-09-11T07:16:34.7012730Z Syncing repository: mmzen/se_harness
Retain verified integration package	Run actions/checkout@11d5960a326750d5838078e36cf38b85af677262	2026-09-11T07:16:34.7016129Z ##[group]Getting Git version info
Retain verified integration package	Run actions/checkout@11d5960a326750d5838078e36cf38b85af677262	2026-09-11T07:16:34.7017547Z Working directory is '/home/runner/work/se_harness/se_harness'
Retain verified integration package	Run actions/checkout@11d5960a326750d5838078e36cf38b85af677262	2026-09-11T07:16:34.7019536Z [command]/usr/bin/git version
Retain verified integration package	Run actions/checkout@11d5960a326750d5838078e36cf38b85af677262	2026-09-11T07:16:34.7115030Z git version 2.55.0
Retain verified integration package	Run actions/checkout@11d5960a326750d5838078e36cf38b85af677262	2026-09-11T07:16:34.7144449Z ##[endgroup]
Retain verified integration package	Run actions/checkout@11d5960a326750d5838078e36cf38b85af677262	2026-09-11T07:16:34.7164252Z Temporarily overriding HOME='/home/runner/work/_temp/595c919f-3691-4714-961b-483c540d15be' before making global git config changes
Retain verified integration package	Run actions/checkout@11d5960a326750d5838078e36cf38b85af677262	2026-09-11T07:16:34.7167280Z Adding repository directory to the temporary git global config as a safe directory
Retain verified integration package	Run actions/checkout@11d5960a326750d5838078e36cf38b85af677262	2026-09-11T07:16:34.7174081Z [command]/usr/bin/git config --global --add safe.directory /home/runner/work/se_harness/se_harness
Retain verified integration package	Run actions/checkout@11d5960a326750d5838078e36cf38b85af677262	2026-09-11T07:16:34.7230731Z Deleting the contents of '/home/runner/work/se_harness/se_harness'
Retain verified integration package	Run actions/checkout@11d5960a326750d5838078e36cf38b85af677262	2026-09-11T07:16:34.7235391Z ##[group]Initializing the repository
Retain verified integration package	Run actions/checkout@11d5960a326750d5838078e36cf38b85af677262	2026-09-11T07:16:34.7239277Z [command]/usr/bin/git init /home/runner/work/se_harness/se_harness
Retain verified integration package	Run actions/checkout@11d5960a326750d5838078e36cf38b85af677262	2026-09-11T07:16:34.7361405Z hint: Using 'master' as the name for the initial branch. This default branch name
Retain verified integration package	Run actions/checkout@11d5960a326750d5838078e36cf38b85af677262	2026-09-11T07:16:34.7363222Z hint: will change to "main" in Git 3.0. To configure the initial branch name
Retain verified integration package	Run actions/checkout@11d5960a326750d5838078e36cf38b85af677262	2026-09-11T07:16:34.7365038Z hint: to use in all of your new repositories, which will suppress this warning,
Retain verified integration package	Run actions/checkout@11d5960a326750d5838078e36cf38b85af677262	2026-09-11T07:16:34.7366368Z hint: call:
Retain verified integration package	Run actions/checkout@11d5960a326750d5838078e36cf38b85af677262	2026-09-11T07:16:34.7367241Z hint:
Retain verified integration package	Run actions/checkout@11d5960a326750d5838078e36cf38b85af677262	2026-09-11T07:16:34.7368348Z hint: 	git config --global init.defaultBranch <name>
Retain verified integration package	Run actions/checkout@11d5960a326750d5838078e36cf38b85af677262	2026-09-11T07:16:34.7369734Z hint:
Retain verified integration package	Run actions/checkout@11d5960a326750d5838078e36cf38b85af677262	2026-09-11T07:16:34.7371167Z hint: Names commonly chosen instead of 'master' are 'main', 'trunk' and
Retain verified integration package	Run actions/checkout@11d5960a326750d5838078e36cf38b85af677262	2026-09-11T07:16:34.7373053Z hint: 'development'. The just-created branch can be renamed via this command:
Retain verified integration package	Run actions/checkout@11d5960a326750d5838078e36cf38b85af677262	2026-09-11T07:16:34.7374835Z hint:
Retain verified integration package	Run actions/checkout@11d5960a326750d5838078e36cf38b85af677262	2026-09-11T07:16:34.7375759Z hint: 	git branch -m <name>
Retain verified integration package	Run actions/checkout@11d5960a326750d5838078e36cf38b85af677262	2026-09-11T07:16:34.7376705Z hint:
Retain verified integration package	Run actions/checkout@11d5960a326750d5838078e36cf38b85af677262	2026-09-11T07:16:34.7377940Z hint: Disable this message with "git config set advice.defaultBranchName false"
Retain verified integration package	Run actions/checkout@11d5960a326750d5838078e36cf38b85af677262	2026-09-11T07:16:34.7379773Z Initialized empty Git repository in /home/runner/work/se_harness/se_harness/.git/
Retain verified integration package	Run actions/checkout@11d5960a326750d5838078e36cf38b85af677262	2026-09-11T07:16:34.7382862Z [command]/usr/bin/git remote add origin https://github.com/mmzen/se_harness
Retain verified integration package	Run actions/checkout@11d5960a326750d5838078e36cf38b85af677262	2026-09-11T07:16:34.7442075Z ##[endgroup]
Retain verified integration package	Run actions/checkout@11d5960a326750d5838078e36cf38b85af677262	2026-09-11T07:16:34.7443798Z ##[group]Disabling automatic garbage collection
Retain verified integration package	Run actions/checkout@11d5960a326750d5838078e36cf38b85af677262	2026-09-11T07:16:34.7446705Z [command]/usr/bin/git config --local gc.auto 0
Retain verified integration package	Run actions/checkout@11d5960a326750d5838078e36cf38b85af677262	2026-09-11T07:16:34.7483991Z ##[endgroup]
Retain verified integration package	Run actions/checkout@11d5960a326750d5838078e36cf38b85af677262	2026-09-11T07:16:34.7485641Z ##[group]Setting up auth
Retain verified integration package	Run actions/checkout@11d5960a326750d5838078e36cf38b85af677262	2026-09-11T07:16:34.7582022Z [command]/usr/bin/git config --local --name-only --get-regexp core\.sshCommand
Retain verified integration package	Run actions/checkout@11d5960a326750d5838078e36cf38b85af677262	2026-09-11T07:16:34.7607103Z [command]/usr/bin/git submodule foreach --recursive sh -c "git config --local --name-only --get-regexp 'core\.sshCommand' && git config --local --unset-all 'core.sshCommand' || :"
Retain verified integration package	Run actions/checkout@11d5960a326750d5838078e36cf38b85af677262	2026-09-11T07:16:34.7953839Z [command]/usr/bin/git config --local --name-only --get-regexp http\.https\:\/\/github\.com\/\.extraheader
Retain verified integration package	Run actions/checkout@11d5960a326750d5838078e36cf38b85af677262	2026-09-11T07:16:34.7999776Z [command]/usr/bin/git submodule foreach --recursive sh -c "git config --local --name-only --get-regexp 'http\.https\:\/\/github\.com\/\.extraheader' && git config --local --unset-all 'http.https://github.com/.extraheader' || :"
Retain verified integration package	Run actions/checkout@11d5960a326750d5838078e36cf38b85af677262	2026-09-11T07:16:34.8254791Z [command]/usr/bin/git config --local --name-only --get-regexp ^includeIf\.gitdir:
Retain verified integration package	Run actions/checkout@11d5960a326750d5838078e36cf38b85af677262	2026-09-11T07:16:34.8297277Z [command]/usr/bin/git submodule foreach --recursive git config --local --show-origin --name-only --get-regexp remote.origin.url
Retain verified integration package	Run actions/checkout@11d5960a326750d5838078e36cf38b85af677262	2026-09-11T07:16:34.8543328Z [command]/usr/bin/git config --local http.https://github.com/.extraheader AUTHORIZATION: basic ***
Retain verified integration package	Run actions/checkout@11d5960a326750d5838078e36cf38b85af677262	2026-09-11T07:16:34.8586694Z ##[endgroup]
Retain verified integration package	Run actions/checkout@11d5960a326750d5838078e36cf38b85af677262	2026-09-11T07:16:34.8588196Z ##[group]Fetching the repository
Retain verified integration package	Run actions/checkout@11d5960a326750d5838078e36cf38b85af677262	2026-09-11T07:16:34.8598804Z [command]/usr/bin/git -c protocol.version=2 fetch --prune --no-recurse-submodules origin +refs/heads/*:refs/remotes/origin/* +refs/tags/*:refs/tags/* +4755b2dcbb97e37701b9436814423c264eb177f3:refs/remotes/pull/446/merge
Retain verified integration package	Run actions/checkout@11d5960a326750d5838078e36cf38b85af677262	2026-09-11T07:16:36.6476383Z From https://github.com/mmzen/se_harness
Retain verified integration package	Run actions/checkout@11d5960a326750d5838078e36cf38b85af677262	2026-09-11T07:16:36.6478687Z  * [new branch]        artifacts/plugin-implementation          -> origin/artifacts/plugin-implementation
Retain verified integration package	Run actions/checkout@11d5960a326750d5838078e36cf38b85af677262	2026-09-11T07:16:36.6483176Z  * [new branch]        definitions/plg010-delegation            -> origin/definitions/plg010-delegation
Retain verified integration package	Run actions/checkout@11d5960a326750d5838078e36cf38b85af677262	2026-09-11T07:16:36.6485958Z  * [new branch]        definitions/plg011-delegation            -> origin/definitions/plg011-delegation
Retain verified integration package	Run actions/checkout@11d5960a326750d5838078e36cf38b85af677262	2026-09-11T07:16:36.6488786Z  * [new branch]        definitions/plg012-delegation            -> origin/definitions/plg012-delegation
Retain verified integration package	Run actions/checkout@11d5960a326750d5838078e36cf38b85af677262	2026-09-11T07:16:36.6492305Z  * [new branch]        definitions/plg017-path-repair           -> origin/definitions/plg017-path-repair
Retain verified integration package	Run actions/checkout@11d5960a326750d5838078e36cf38b85af677262	2026-09-11T07:16:36.6494506Z  * [new branch]        main                                     -> origin/main
Retain verified integration package	Run actions/checkout@11d5960a326750d5838078e36cf38b85af677262	2026-09-11T07:16:36.6496980Z  * [new branch]        notes/plugin-installation-proposal       -> origin/notes/plugin-installation-proposal
Retain verified integration package	Run actions/checkout@11d5960a326750d5838078e36cf38b85af677262	2026-09-11T07:16:36.6500622Z  * [new branch]        notes/plugin-proposal-assessment-2026-09-08 -> origin/notes/plugin-proposal-assessment-2026-09-08
Retain verified integration package	Run actions/checkout@11d5960a326750d5838078e36cf38b85af677262	2026-09-11T07:16:36.6503876Z  * [new branch]        release/0.10                             -> origin/release/0.10
Retain verified integration package	Run actions/checkout@11d5960a326750d5838078e36cf38b85af677262	2026-09-11T07:16:36.6506091Z  * [new branch]        release/0.11                             -> origin/release/0.11
Retain verified integration package	Run actions/checkout@11d5960a326750d5838078e36cf38b85af677262	2026-09-11T07:16:36.6508139Z  * [new branch]        release/0.12                             -> origin/release/0.12
Retain verified integration package	Run actions/checkout@11d5960a326750d5838078e36cf38b85af677262	2026-09-11T07:16:36.6510501Z  * [new branch]        release/0.12.0                           -> origin/release/0.12.0
Retain verified integration package	Run actions/checkout@11d5960a326750d5838078e36cf38b85af677262	2026-09-11T07:16:36.6512683Z  * [new branch]        release/0.13                             -> origin/release/0.13
Retain verified integration package	Run actions/checkout@11d5960a326750d5838078e36cf38b85af677262	2026-09-11T07:16:36.6515124Z  * [new branch]        release/0.13.0                           -> origin/release/0.13.0
Retain verified integration package	Run actions/checkout@11d5960a326750d5838078e36cf38b85af677262	2026-09-11T07:16:36.6517511Z  * [new branch]        release/0.14                             -> origin/release/0.14
Retain verified integration package	Run actions/checkout@11d5960a326750d5838078e36cf38b85af677262	2026-09-11T07:16:36.6519788Z  * [new branch]        release/0.14.0                           -> origin/release/0.14.0
Retain verified integration package	Run actions/checkout@11d5960a326750d5838078e36cf38b85af677262	2026-09-11T07:16:36.6522324Z  * [new branch]        release/0.15                             -> origin/release/0.15
Retain verified integration package	Run actions/checkout@11d5960a326750d5838078e36cf38b85af677262	2026-09-11T07:16:36.6524601Z  * [new branch]        release/0.15.0                           -> origin/release/0.15.0
Retain verified integration package	Run actions/checkout@11d5960a326750d5838078e36cf38b85af677262	2026-09-11T07:16:36.6526938Z  * [new branch]        release/0.16                             -> origin/release/0.16
Retain verified integration package	Run actions/checkout@11d5960a326750d5838078e36cf38b85af677262	2026-09-11T07:16:36.6529429Z  * [new branch]        release/0.16.0                           -> origin/release/0.16.0
Retain verified integration package	Run actions/checkout@11d5960a326750d5838078e36cf38b85af677262	2026-09-11T07:16:36.6532148Z  * [new branch]        release/0.17                             -> origin/release/0.17
Retain verified integration package	Run actions/checkout@11d5960a326750d5838078e36cf38b85af677262	2026-09-11T07:16:36.6534918Z  * [new branch]        release/0.17.0                           -> origin/release/0.17.0
Retain verified integration package	Run actions/checkout@11d5960a326750d5838078e36cf38b85af677262	2026-09-11T07:16:36.6537466Z  * [new branch]        release/0.2.0                            -> origin/release/0.2.0
Retain verified integration package	Run actions/checkout@11d5960a326750d5838078e36cf38b85af677262	2026-09-11T07:16:36.6539960Z  * [new branch]        release/0.2.1                            -> origin/release/0.2.1
Retain verified integration package	Run actions/checkout@11d5960a326750d5838078e36cf38b85af677262	2026-09-11T07:16:36.6542695Z  * [new branch]        release/0.2.2                            -> origin/release/0.2.2
Retain verified integration package	Run actions/checkout@11d5960a326750d5838078e36cf38b85af677262	2026-09-11T07:16:36.6545308Z  * [new branch]        release/0.3.0                            -> origin/release/0.3.0
Retain verified integration package	Run actions/checkout@11d5960a326750d5838078e36cf38b85af677262	2026-09-11T07:16:36.6547754Z  * [new branch]        release/0.4.0                            -> origin/release/0.4.0
Retain verified integration package	Run actions/checkout@11d5960a326750d5838078e36cf38b85af677262	2026-09-11T07:16:36.6550586Z  * [new branch]        release/0.6                              -> origin/release/0.6
Retain verified integration package	Run actions/checkout@11d5960a326750d5838078e36cf38b85af677262	2026-09-11T07:16:36.6553692Z  * [new branch]        release/0.7                              -> origin/release/0.7
Retain verified integration package	Run actions/checkout@11d5960a326750d5838078e36cf38b85af677262	2026-09-11T07:16:36.6556566Z  * [new branch]        release/0.8                              -> origin/release/0.8
Retain verified integration package	Run actions/checkout@11d5960a326750d5838078e36cf38b85af677262	2026-09-11T07:16:36.6560203Z  * [new branch]        release/0.9                              -> origin/release/0.9
Retain verified integration package	Run actions/checkout@11d5960a326750d5838078e36cf38b85af677262	2026-09-11T07:16:36.6564676Z  * [new branch]        work/plugin-change-skill                 -> origin/work/plugin-change-skill
Retain verified integration package	Run actions/checkout@11d5960a326750d5838078e36cf38b85af677262	2026-09-11T07:16:36.6568280Z  * [new branch]        work/plugin-evidence-path-repair         -> origin/work/plugin-evidence-path-repair
Retain verified integration package	Run actions/checkout@11d5960a326750d5838078e36cf38b85af677262	2026-09-11T07:16:36.6571897Z  * [new branch]        work/plugin-evidence-skill               -> origin/work/plugin-evidence-skill
Retain verified integration package	Run actions/checkout@11d5960a326750d5838078e36cf38b85af677262	2026-09-11T07:16:36.6575081Z  * [new branch]        work/plugin-retained-skills              -> origin/work/plugin-retained-skills
Retain verified integration package	Run actions/checkout@11d5960a326750d5838078e36cf38b85af677262	2026-09-11T07:16:36.6577941Z  * [new tag]           last                                     -> last
Retain verified integration package	Run actions/checkout@11d5960a326750d5838078e36cf38b85af677262	2026-09-11T07:16:36.6579906Z  * [new tag]           v0.10.0                                  -> v0.10.0
Retain verified integration package	Run actions/checkout@11d5960a326750d5838078e36cf38b85af677262	2026-09-11T07:16:36.6582179Z  * [new tag]           v0.11.0                                  -> v0.11.0
Retain verified integration package	Run actions/checkout@11d5960a326750d5838078e36cf38b85af677262	2026-09-11T07:16:36.6584157Z  * [new tag]           v0.12.0                                  -> v0.12.0
Retain verified integration package	Run actions/checkout@11d5960a326750d5838078e36cf38b85af677262	2026-09-11T07:16:36.6586124Z  * [new tag]           v0.13.0                                  -> v0.13.0
Retain verified integration package	Run actions/checkout@11d5960a326750d5838078e36cf38b85af677262	2026-09-11T07:16:36.6588072Z  * [new tag]           v0.14.0                                  -> v0.14.0
Retain verified integration package	Run actions/checkout@11d5960a326750d5838078e36cf38b85af677262	2026-09-11T07:16:36.6590272Z  * [new tag]           v0.15.0                                  -> v0.15.0
Retain verified integration package	Run actions/checkout@11d5960a326750d5838078e36cf38b85af677262	2026-09-11T07:16:36.6592584Z  * [new tag]           v0.16.0                                  -> v0.16.0
Retain verified integration package	Run actions/checkout@11d5960a326750d5838078e36cf38b85af677262	2026-09-11T07:16:36.6595083Z  * [new tag]           v0.17.0                                  -> v0.17.0
Retain verified integration package	Run actions/checkout@11d5960a326750d5838078e36cf38b85af677262	2026-09-11T07:16:36.6597005Z  * [new tag]           v0.2.0                                   -> v0.2.0
Retain verified integration package	Run actions/checkout@11d5960a326750d5838078e36cf38b85af677262	2026-09-11T07:16:36.6598917Z  * [new tag]           v0.2.1                                   -> v0.2.1
Retain verified integration package	Run actions/checkout@11d5960a326750d5838078e36cf38b85af677262	2026-09-11T07:16:36.6601105Z  * [new tag]           v0.2.2                                   -> v0.2.2
Retain verified integration package	Run actions/checkout@11d5960a326750d5838078e36cf38b85af677262	2026-09-11T07:16:36.6603193Z  * [new tag]           v0.3.0                                   -> v0.3.0
Retain verified integration package	Run actions/checkout@11d5960a326750d5838078e36cf38b85af677262	2026-09-11T07:16:36.6605058Z  * [new tag]           v0.4.0                                   -> v0.4.0
Retain verified integration package	Run actions/checkout@11d5960a326750d5838078e36cf38b85af677262	2026-09-11T07:16:36.6606902Z  * [new tag]           v0.4.1                                   -> v0.4.1
Retain verified integration package	Run actions/checkout@11d5960a326750d5838078e36cf38b85af677262	2026-09-11T07:16:36.6608722Z  * [new tag]           v0.5.0                                   -> v0.5.0
Retain verified integration package	Run actions/checkout@11d5960a326750d5838078e36cf38b85af677262	2026-09-11T07:16:36.6610842Z  * [new tag]           v0.5.0a1                                 -> v0.5.0a1
Retain verified integration package	Run actions/checkout@11d5960a326750d5838078e36cf38b85af677262	2026-09-11T07:16:36.6612755Z  * [new tag]           v0.6.0                                   -> v0.6.0
Retain verified integration package	Run actions/checkout@11d5960a326750d5838078e36cf38b85af677262	2026-09-11T07:16:36.6614867Z  * [new tag]           v0.7.0                                   -> v0.7.0
Retain verified integration package	Run actions/checkout@11d5960a326750d5838078e36cf38b85af677262	2026-09-11T07:16:36.6617379Z  * [new tag]           v0.7.1                                   -> v0.7.1
Retain verified integration package	Run actions/checkout@11d5960a326750d5838078e36cf38b85af677262	2026-09-11T07:16:36.6619327Z  * [new tag]           v0.8.0                                   -> v0.8.0
Retain verified integration package	Run actions/checkout@11d5960a326750d5838078e36cf38b85af677262	2026-09-11T07:16:36.6621570Z  * [new tag]           v0.9.0                                   -> v0.9.0
Retain verified integration package	Run actions/checkout@11d5960a326750d5838078e36cf38b85af677262	2026-09-11T07:16:36.6623681Z  * [new ref]           4755b2dcbb97e37701b9436814423c264eb177f3 -> pull/446/merge
Retain verified integration package	Run actions/checkout@11d5960a326750d5838078e36cf38b85af677262	2026-09-11T07:16:36.6628596Z ##[endgroup]
Retain verified integration package	Run actions/checkout@11d5960a326750d5838078e36cf38b85af677262	2026-09-11T07:16:36.6630670Z ##[group]Determining the checkout info
Retain verified integration package	Run actions/checkout@11d5960a326750d5838078e36cf38b85af677262	2026-09-11T07:16:36.6633661Z ##[endgroup]
Retain verified integration package	Run actions/checkout@11d5960a326750d5838078e36cf38b85af677262	2026-09-11T07:16:36.6635136Z [command]/usr/bin/git sparse-checkout disable
Retain verified integration package	Run actions/checkout@11d5960a326750d5838078e36cf38b85af677262	2026-09-11T07:16:36.6640319Z [command]/usr/bin/git config --local --unset-all extensions.worktreeConfig
Retain verified integration package	Run actions/checkout@11d5960a326750d5838078e36cf38b85af677262	2026-09-11T07:16:36.6644340Z ##[group]Checking out the ref
Retain verified integration package	Run actions/checkout@11d5960a326750d5838078e36cf38b85af677262	2026-09-11T07:16:36.6647176Z [command]/usr/bin/git checkout --progress --force refs/remotes/pull/446/merge
Retain verified integration package	Run actions/checkout@11d5960a326750d5838078e36cf38b85af677262	2026-09-11T07:16:37.3540574Z Note: switching to 'refs/remotes/pull/446/merge'.
Retain verified integration package	Run actions/checkout@11d5960a326750d5838078e36cf38b85af677262	2026-09-11T07:16:37.3551471Z 
Retain verified integration package	Run actions/checkout@11d5960a326750d5838078e36cf38b85af677262	2026-09-11T07:16:37.3552559Z You are in 'detached HEAD' state. You can look around, make experimental
Retain verified integration package	Run actions/checkout@11d5960a326750d5838078e36cf38b85af677262	2026-09-11T07:16:37.3554752Z changes and commit them, and you can discard any commits you make in this
Retain verified integration package	Run actions/checkout@11d5960a326750d5838078e36cf38b85af677262	2026-09-11T07:16:37.3556901Z state without impacting any branches by switching back to a branch.
Retain verified integration package	Run actions/checkout@11d5960a326750d5838078e36cf38b85af677262	2026-09-11T07:16:37.3558200Z 
Retain verified integration package	Run actions/checkout@11d5960a326750d5838078e36cf38b85af677262	2026-09-11T07:16:37.3559098Z If you want to create a new branch to retain commits you create, you may
Retain verified integration package	Run actions/checkout@11d5960a326750d5838078e36cf38b85af677262	2026-09-11T07:16:37.3561481Z do so (now or later) by using -c with the switch command. Example:
Retain verified integration package	Run actions/checkout@11d5960a326750d5838078e36cf38b85af677262	2026-09-11T07:16:37.3562494Z 
Retain verified integration package	Run actions/checkout@11d5960a326750d5838078e36cf38b85af677262	2026-09-11T07:16:37.3562837Z   git switch -c <new-branch-name>
Retain verified integration package	Run actions/checkout@11d5960a326750d5838078e36cf38b85af677262	2026-09-11T07:16:37.3563358Z 
Retain verified integration package	Run actions/checkout@11d5960a326750d5838078e36cf38b85af677262	2026-09-11T07:16:37.3563686Z Or undo this operation with:
Retain verified integration package	Run actions/checkout@11d5960a326750d5838078e36cf38b85af677262	2026-09-11T07:16:37.3564185Z 
Retain verified integration package	Run actions/checkout@11d5960a326750d5838078e36cf38b85af677262	2026-09-11T07:16:37.3564464Z   git switch -
Retain verified integration package	Run actions/checkout@11d5960a326750d5838078e36cf38b85af677262	2026-09-11T07:16:37.3564853Z 
Retain verified integration package	Run actions/checkout@11d5960a326750d5838078e36cf38b85af677262	2026-09-11T07:16:37.3565398Z Turn off this advice by setting config variable advice.detachedHead to false
Retain verified integration package	Run actions/checkout@11d5960a326750d5838078e36cf38b85af677262	2026-09-11T07:16:37.3566025Z 
Retain verified integration package	Run actions/checkout@11d5960a326750d5838078e36cf38b85af677262	2026-09-11T07:16:37.3566735Z HEAD is now at 4755b2dc Merge aea16859a3ea106e33f759098712cf80f83f3843 into 731014d8fa58ba193f6eaf05af3408ed5c41e43f
Retain verified integration package	Run actions/checkout@11d5960a326750d5838078e36cf38b85af677262	2026-09-11T07:16:37.3643249Z ##[endgroup]
Retain verified integration package	Run actions/checkout@11d5960a326750d5838078e36cf38b85af677262	2026-09-11T07:16:37.3647972Z [command]/usr/bin/git log -1 --format=%H
Retain verified integration package	Run actions/checkout@11d5960a326750d5838078e36cf38b85af677262	2026-09-11T07:16:37.3682617Z 4755b2dcbb97e37701b9436814423c264eb177f3
Retain verified integration package	Run actions/checkout@11d5960a326750d5838078e36cf38b85af677262	2026-09-11T07:16:37.3694824Z ##[group]Removing auth
Retain verified integration package	Run actions/checkout@11d5960a326750d5838078e36cf38b85af677262	2026-09-11T07:16:37.3698748Z [command]/usr/bin/git config --local --name-only --get-regexp core\.sshCommand
Retain verified integration package	Run actions/checkout@11d5960a326750d5838078e36cf38b85af677262	2026-09-11T07:16:37.3736257Z [command]/usr/bin/git submodule foreach --recursive sh -c "git config --local --name-only --get-regexp 'core\.sshCommand' && git config --local --unset-all 'core.sshCommand' || :"
Retain verified integration package	Run actions/checkout@11d5960a326750d5838078e36cf38b85af677262	2026-09-11T07:16:37.3996667Z [command]/usr/bin/git config --local --name-only --get-regexp http\.https\:\/\/github\.com\/\.extraheader
Retain verified integration package	Run actions/checkout@11d5960a326750d5838078e36cf38b85af677262	2026-09-11T07:16:37.4029030Z http.https://github.com/.extraheader
Retain verified integration package	Run actions/checkout@11d5960a326750d5838078e36cf38b85af677262	2026-09-11T07:16:37.4039243Z [command]/usr/bin/git config --local --unset-all http.https://github.com/.extraheader
Retain verified integration package	Run actions/checkout@11d5960a326750d5838078e36cf38b85af677262	2026-09-11T07:16:37.4079793Z [command]/usr/bin/git submodule foreach --recursive sh -c "git config --local --name-only --get-regexp 'http\.https\:\/\/github\.com\/\.extraheader' && git config --local --unset-all 'http.https://github.com/.extraheader' || :"
Retain verified integration package	Run actions/checkout@11d5960a326750d5838078e36cf38b85af677262	2026-09-11T07:16:37.4337282Z [command]/usr/bin/git config --local --name-only --get-regexp ^includeIf\.gitdir:
Retain verified integration package	Run actions/checkout@11d5960a326750d5838078e36cf38b85af677262	2026-09-11T07:16:37.4373933Z [command]/usr/bin/git submodule foreach --recursive git config --local --show-origin --name-only --get-regexp remote.origin.url
Retain verified integration package	Run actions/checkout@11d5960a326750d5838078e36cf38b85af677262	2026-09-11T07:16:37.4627954Z ##[endgroup]
Retain verified integration package	Run actions/setup-python@a26af69be951a213d495a4c3e4e4022e16d87065	﻿2026-09-11T07:16:37.4904266Z Node 20 is being deprecated. This workflow is running with Node 24 by default. If you need to temporarily use Node 20, you can set the ACTIONS_ALLOW_USE_UNSECURE_NODE_VERSION=true environment variable. For more information see: https://github.blog/changelog/2025-09-19-deprecation-of-node-20-on-github-actions-runners/
Retain verified integration package	Run actions/setup-python@a26af69be951a213d495a4c3e4e4022e16d87065	2026-09-11T07:16:37.4906816Z ##[group]Run actions/setup-python@a26af69be951a213d495a4c3e4e4022e16d87065
Retain verified integration package	Run actions/setup-python@a26af69be951a213d495a4c3e4e4022e16d87065	2026-09-11T07:16:37.4907435Z with:
Retain verified integration package	Run actions/setup-python@a26af69be951a213d495a4c3e4e4022e16d87065	2026-09-11T07:16:37.4907774Z   python-version: 3.11
Retain verified integration package	Run actions/setup-python@a26af69be951a213d495a4c3e4e4022e16d87065	2026-09-11T07:16:37.4908158Z   check-latest: false
Retain verified integration package	Run actions/setup-python@a26af69be951a213d495a4c3e4e4022e16d87065	2026-09-11T07:16:37.4912137Z   token: ***
Retain verified integration package	Run actions/setup-python@a26af69be951a213d495a4c3e4e4022e16d87065	2026-09-11T07:16:37.4912542Z   update-environment: true
Retain verified integration package	Run actions/setup-python@a26af69be951a213d495a4c3e4e4022e16d87065	2026-09-11T07:16:37.4912974Z   allow-prereleases: false
Retain verified integration package	Run actions/setup-python@a26af69be951a213d495a4c3e4e4022e16d87065	2026-09-11T07:16:37.4913381Z   freethreaded: false
Retain verified integration package	Run actions/setup-python@a26af69be951a213d495a4c3e4e4022e16d87065	2026-09-11T07:16:37.4913742Z env:
Retain verified integration package	Run actions/setup-python@a26af69be951a213d495a4c3e4e4022e16d87065	2026-09-11T07:16:37.4914087Z   INTEGRATION_EVENT: pull_request
Retain verified integration package	Run actions/setup-python@a26af69be951a213d495a4c3e4e4022e16d87065	2026-09-11T07:16:37.4914537Z   INTEGRATION_REF: refs/pull/446/merge
Retain verified integration package	Run actions/setup-python@a26af69be951a213d495a4c3e4e4022e16d87065	2026-09-11T07:16:37.4914986Z   INTEGRATION_PR: 446
Retain verified integration package	Run actions/setup-python@a26af69be951a213d495a4c3e4e4022e16d87065	2026-09-11T07:16:37.4915374Z   INTEGRATION_RETENTION_DAYS: 3
Retain verified integration package	Run actions/setup-python@a26af69be951a213d495a4c3e4e4022e16d87065	2026-09-11T07:16:37.4915840Z   PYTHONNOUSERSITE: 1
Retain verified integration package	Run actions/setup-python@a26af69be951a213d495a4c3e4e4022e16d87065	2026-09-11T07:16:37.4916213Z   PYTHONPATH: 
Retain verified integration package	Run actions/setup-python@a26af69be951a213d495a4c3e4e4022e16d87065	2026-09-11T07:16:37.4916557Z ##[endgroup]
Retain verified integration package	Run actions/setup-python@a26af69be951a213d495a4c3e4e4022e16d87065	2026-09-11T07:16:37.6384342Z ##[group]Installed versions
Retain verified integration package	Run actions/setup-python@a26af69be951a213d495a4c3e4e4022e16d87065	2026-09-11T07:16:37.6497551Z (node:2308) [DEP0040] DeprecationWarning: The `punycode` module is deprecated. Please use a userland alternative instead.
Retain verified integration package	Run actions/setup-python@a26af69be951a213d495a4c3e4e4022e16d87065	2026-09-11T07:16:37.6499677Z (Use `node --trace-deprecation ...` to show where the warning was created)
Retain verified integration package	Run actions/setup-python@a26af69be951a213d495a4c3e4e4022e16d87065	2026-09-11T07:16:37.6501670Z Successfully set up CPython (3.11.16)
Retain verified integration package	Run actions/setup-python@a26af69be951a213d495a4c3e4e4022e16d87065	2026-09-11T07:16:37.6503743Z ##[endgroup]
Retain verified integration package	Run actions/download-artifact@d3f86a106a0bac45b974a628896c90dbdf5c8093	﻿2026-09-11T07:16:37.6738088Z Node 20 is being deprecated. This workflow is running with Node 24 by default. If you need to temporarily use Node 20, you can set the ACTIONS_ALLOW_USE_UNSECURE_NODE_VERSION=true environment variable. For more information see: https://github.blog/changelog/2025-09-19-deprecation-of-node-20-on-github-actions-runners/
Retain verified integration package	Run actions/download-artifact@d3f86a106a0bac45b974a628896c90dbdf5c8093	2026-09-11T07:16:37.6740420Z ##[group]Run actions/download-artifact@d3f86a106a0bac45b974a628896c90dbdf5c8093
Retain verified integration package	Run actions/download-artifact@d3f86a106a0bac45b974a628896c90dbdf5c8093	2026-09-11T07:16:37.6741226Z with:
Retain verified integration package	Run actions/download-artifact@d3f86a106a0bac45b974a628896c90dbdf5c8093	2026-09-11T07:16:37.6741807Z   name: integration-package-staging-4755b2dcbb97e37701b9436814423c264eb177f3
Retain verified integration package	Run actions/download-artifact@d3f86a106a0bac45b974a628896c90dbdf5c8093	2026-09-11T07:16:37.6742544Z   path: /home/runner/work/_temp/integration-payload
Retain verified integration package	Run actions/download-artifact@d3f86a106a0bac45b974a628896c90dbdf5c8093	2026-09-11T07:16:37.6743065Z   merge-multiple: false
Retain verified integration package	Run actions/download-artifact@d3f86a106a0bac45b974a628896c90dbdf5c8093	2026-09-11T07:16:37.6743486Z   repository: mmzen/se_harness
Retain verified integration package	Run actions/download-artifact@d3f86a106a0bac45b974a628896c90dbdf5c8093	2026-09-11T07:16:37.6743919Z   run-id: 34573132476
Retain verified integration package	Run actions/download-artifact@d3f86a106a0bac45b974a628896c90dbdf5c8093	2026-09-11T07:16:37.6744298Z env:
Retain verified integration package	Run actions/download-artifact@d3f86a106a0bac45b974a628896c90dbdf5c8093	2026-09-11T07:16:37.6744668Z   INTEGRATION_EVENT: pull_request
Retain verified integration package	Run actions/download-artifact@d3f86a106a0bac45b974a628896c90dbdf5c8093	2026-09-11T07:16:37.6745131Z   INTEGRATION_REF: refs/pull/446/merge
Retain verified integration package	Run actions/download-artifact@d3f86a106a0bac45b974a628896c90dbdf5c8093	2026-09-11T07:16:37.6745855Z   INTEGRATION_PR: 446
Retain verified integration package	Run actions/download-artifact@d3f86a106a0bac45b974a628896c90dbdf5c8093	2026-09-11T07:16:37.6746303Z   INTEGRATION_RETENTION_DAYS: 3
Retain verified integration package	Run actions/download-artifact@d3f86a106a0bac45b974a628896c90dbdf5c8093	2026-09-11T07:16:37.6746724Z   PYTHONNOUSERSITE: 1
Retain verified integration package	Run actions/download-artifact@d3f86a106a0bac45b974a628896c90dbdf5c8093	2026-09-11T07:16:37.6747112Z   PYTHONPATH: 
Retain verified integration package	Run actions/download-artifact@d3f86a106a0bac45b974a628896c90dbdf5c8093	2026-09-11T07:16:37.6747578Z   pythonLocation: /opt/hostedtoolcache/Python/3.11.16/x64
Retain verified integration package	Run actions/download-artifact@d3f86a106a0bac45b974a628896c90dbdf5c8093	2026-09-11T07:16:37.6748290Z   PKG_CONFIG_PATH: /opt/hostedtoolcache/Python/3.11.16/x64/lib/pkgconfig
Retain verified integration package	Run actions/download-artifact@d3f86a106a0bac45b974a628896c90dbdf5c8093	2026-09-11T07:16:37.6748974Z   Python_ROOT_DIR: /opt/hostedtoolcache/Python/3.11.16/x64
Retain verified integration package	Run actions/download-artifact@d3f86a106a0bac45b974a628896c90dbdf5c8093	2026-09-11T07:16:37.6749602Z   Python2_ROOT_DIR: /opt/hostedtoolcache/Python/3.11.16/x64
Retain verified integration package	Run actions/download-artifact@d3f86a106a0bac45b974a628896c90dbdf5c8093	2026-09-11T07:16:37.6750571Z   Python3_ROOT_DIR: /opt/hostedtoolcache/Python/3.11.16/x64
Retain verified integration package	Run actions/download-artifact@d3f86a106a0bac45b974a628896c90dbdf5c8093	2026-09-11T07:16:37.6751249Z   LD_LIBRARY_PATH: /opt/hostedtoolcache/Python/3.11.16/x64/lib
Retain verified integration package	Run actions/download-artifact@d3f86a106a0bac45b974a628896c90dbdf5c8093	2026-09-11T07:16:37.6751767Z ##[endgroup]
Retain verified integration package	Run actions/download-artifact@d3f86a106a0bac45b974a628896c90dbdf5c8093	2026-09-11T07:16:37.8483229Z Downloading single artifact
Retain verified integration package	Run actions/download-artifact@d3f86a106a0bac45b974a628896c90dbdf5c8093	2026-09-11T07:16:37.8651467Z (node:2317) [DEP0040] DeprecationWarning: The `punycode` module is deprecated. Please use a userland alternative instead.
Retain verified integration package	Run actions/download-artifact@d3f86a106a0bac45b974a628896c90dbdf5c8093	2026-09-11T07:16:37.8653583Z (Use `node --trace-deprecation ...` to show where the warning was created)
Retain verified integration package	Run actions/download-artifact@d3f86a106a0bac45b974a628896c90dbdf5c8093	2026-09-11T07:16:37.9337628Z Preparing to download the following artifacts:
Retain verified integration package	Run actions/download-artifact@d3f86a106a0bac45b974a628896c90dbdf5c8093	2026-09-11T07:16:37.9340591Z - integration-package-staging-4755b2dcbb97e37701b9436814423c264eb177f3 (ID: 10188700012, Size: 472525, Expected Digest: sha256:1ee9bdc8d87750cff0b831a602da5243c12539810b4af40787a01717a68825e9)
Retain verified integration package	Run actions/download-artifact@d3f86a106a0bac45b974a628896c90dbdf5c8093	2026-09-11T07:16:38.0584038Z Redirecting to blob download url: https://productionresultssa17.blob.core.windows.net/actions-results/82976cc5-2852-4644-bfff-6446ae99d810/workflow-job-run-4f37100f-4e81-503e-9825-542c945775b5/artifacts/13d21f638ab5f1a158311c6962bbb2df934688b4c91dc3a08bcb5a82f8d43f22.zip
Retain verified integration package	Run actions/download-artifact@d3f86a106a0bac45b974a628896c90dbdf5c8093	2026-09-11T07:16:38.0586939Z Starting download of artifact to: /home/runner/work/_temp/integration-payload
Retain verified integration package	Run actions/download-artifact@d3f86a106a0bac45b974a628896c90dbdf5c8093	2026-09-11T07:16:38.1397685Z (node:2317) [DEP0005] DeprecationWarning: Buffer() is deprecated due to security and usability issues. Please use the Buffer.alloc(), Buffer.allocUnsafe(), or Buffer.from() methods instead.
Retain verified integration package	Run actions/download-artifact@d3f86a106a0bac45b974a628896c90dbdf5c8093	2026-09-11T07:16:38.1767454Z SHA256 digest of downloaded artifact is 1ee9bdc8d87750cff0b831a602da5243c12539810b4af40787a01717a68825e9
Retain verified integration package	Run actions/download-artifact@d3f86a106a0bac45b974a628896c90dbdf5c8093	2026-09-11T07:16:38.1769097Z Artifact download completed successfully.
Retain verified integration package	Run actions/download-artifact@d3f86a106a0bac45b974a628896c90dbdf5c8093	2026-09-11T07:16:38.1770312Z Total of 1 artifact(s) downloaded
Retain verified integration package	Run actions/download-artifact@d3f86a106a0bac45b974a628896c90dbdf5c8093	2026-09-11T07:16:38.1774965Z Download artifact has finished successfully
Retain verified integration package	Reverify the final payload boundary	﻿2026-09-11T07:16:38.1944289Z ##[group]Run set -euo pipefail
Retain verified integration package	Reverify the final payload boundary	2026-09-11T07:16:38.1944765Z ^[[36;1mset -euo pipefail^[[0m
Retain verified integration package	Reverify the final payload boundary	2026-09-11T07:16:38.1945104Z ^[[36;1mintegration_args=(^[[0m
Retain verified integration package	Reverify the final payload boundary	2026-09-11T07:16:38.1945428Z ^[[36;1m  verify^[[0m
Retain verified integration package	Reverify the final payload boundary	2026-09-11T07:16:38.1945791Z ^[[36;1m  --payload "$RUNNER_TEMP/integration-payload"^[[0m
Retain verified integration package	Reverify the final payload boundary	2026-09-11T07:16:38.1946262Z ^[[36;1m  --expected-commit "$GITHUB_SHA"^[[0m
Retain verified integration package	Reverify the final payload boundary	2026-09-11T07:16:38.1946709Z ^[[36;1m  --expected-repository "$GITHUB_REPOSITORY"^[[0m
Retain verified integration package	Reverify the final payload boundary	2026-09-11T07:16:38.1947193Z ^[[36;1m  --expected-event "$INTEGRATION_EVENT"^[[0m
Retain verified integration package	Reverify the final payload boundary	2026-09-11T07:16:38.1947619Z ^[[36;1m  --expected-ref "$INTEGRATION_REF"^[[0m
Retain verified integration package	Reverify the final payload boundary	2026-09-11T07:16:38.1948029Z ^[[36;1m  --expected-run-id "$GITHUB_RUN_ID"^[[0m
Retain verified integration package	Reverify the final payload boundary	2026-09-11T07:16:38.1948496Z ^[[36;1m  --expected-run-attempt "$GITHUB_RUN_ATTEMPT"^[[0m
Retain verified integration package	Reverify the final payload boundary	2026-09-11T07:16:38.1948956Z ^[[36;1m  --expected-workflow "$GITHUB_WORKFLOW"^[[0m
Retain verified integration package	Reverify the final payload boundary	2026-09-11T07:16:38.1949464Z ^[[36;1m  --expected-retention-days "$INTEGRATION_RETENTION_DAYS"^[[0m
Retain verified integration package	Reverify the final payload boundary	2026-09-11T07:16:38.1949943Z ^[[36;1m)^[[0m
Retain verified integration package	Reverify the final payload boundary	2026-09-11T07:16:38.1950446Z ^[[36;1mif [[ -n "$INTEGRATION_PR" ]]; then^[[0m
Retain verified integration package	Reverify the final payload boundary	2026-09-11T07:16:38.1951042Z ^[[36;1m  integration_args+=(--expected-pull-request "$INTEGRATION_PR")^[[0m
Retain verified integration package	Reverify the final payload boundary	2026-09-11T07:16:38.1951576Z ^[[36;1mfi^[[0m
Retain verified integration package	Reverify the final payload boundary	2026-09-11T07:16:38.1952074Z ^[[36;1mpython .github/scripts/build_integration_package.py "${integration_args[@]}"^[[0m
Retain verified integration package	Reverify the final payload boundary	2026-09-11T07:16:38.2005669Z shell: /usr/bin/bash --noprofile --norc -e -o pipefail {0}
Retain verified integration package	Reverify the final payload boundary	2026-09-11T07:16:38.2006263Z env:
Retain verified integration package	Reverify the final payload boundary	2026-09-11T07:16:38.2006613Z   INTEGRATION_EVENT: pull_request
Retain verified integration package	Reverify the final payload boundary	2026-09-11T07:16:38.2007088Z   INTEGRATION_REF: refs/pull/446/merge
Retain verified integration package	Reverify the final payload boundary	2026-09-11T07:16:38.2007555Z   INTEGRATION_PR: 446
Retain verified integration package	Reverify the final payload boundary	2026-09-11T07:16:38.2007946Z   INTEGRATION_RETENTION_DAYS: 3
Retain verified integration package	Reverify the final payload boundary	2026-09-11T07:16:38.2008605Z   PYTHONNOUSERSITE: 1
Retain verified integration package	Reverify the final payload boundary	2026-09-11T07:16:38.2008991Z   PYTHONPATH: 
Retain verified integration package	Reverify the final payload boundary	2026-09-11T07:16:38.2009467Z   pythonLocation: /opt/hostedtoolcache/Python/3.11.16/x64
Retain verified integration package	Reverify the final payload boundary	2026-09-11T07:16:38.2010620Z   PKG_CONFIG_PATH: /opt/hostedtoolcache/Python/3.11.16/x64/lib/pkgconfig
Retain verified integration package	Reverify the final payload boundary	2026-09-11T07:16:38.2011340Z   Python_ROOT_DIR: /opt/hostedtoolcache/Python/3.11.16/x64
Retain verified integration package	Reverify the final payload boundary	2026-09-11T07:16:38.2011961Z   Python2_ROOT_DIR: /opt/hostedtoolcache/Python/3.11.16/x64
Retain verified integration package	Reverify the final payload boundary	2026-09-11T07:16:38.2012562Z   Python3_ROOT_DIR: /opt/hostedtoolcache/Python/3.11.16/x64
Retain verified integration package	Reverify the final payload boundary	2026-09-11T07:16:38.2013175Z   LD_LIBRARY_PATH: /opt/hostedtoolcache/Python/3.11.16/x64/lib
Retain verified integration package	Reverify the final payload boundary	2026-09-11T07:16:38.2013693Z ##[endgroup]
Retain verified integration package	Reverify the final payload boundary	2026-09-11T07:16:39.1185174Z {"commit":"4755b2dcbb97e37701b9436814423c264eb177f3","result":"pass","schema":"se-harness-integration-package-v1","version":"0.18.0+pr446.g4755b2dcbb97","wheel_sha256":"6ac4c74aca6688c3f8fa4a1c1c4ff0cc42bc60f5635fbb907bdb280c081ba962"}
Retain verified integration package	Retain the exact cross-platform-verified bytes	﻿2026-09-11T07:16:39.1444192Z Node 20 is being deprecated. This workflow is running with Node 24 by default. If you need to temporarily use Node 20, you can set the ACTIONS_ALLOW_USE_UNSECURE_NODE_VERSION=true environment variable. For more information see: https://github.blog/changelog/2025-09-19-deprecation-of-node-20-on-github-actions-runners/
Retain verified integration package	Retain the exact cross-platform-verified bytes	2026-09-11T07:16:39.1446065Z ##[group]Run actions/upload-artifact@ea165f8d65b6e75b540449e92b4886f43607fa02
Retain verified integration package	Retain the exact cross-platform-verified bytes	2026-09-11T07:16:39.1446580Z with:
Retain verified integration package	Retain the exact cross-platform-verified bytes	2026-09-11T07:16:39.1446985Z   name: se-harness-integration-4755b2dcbb97e37701b9436814423c264eb177f3
Retain verified integration package	Retain the exact cross-platform-verified bytes	2026-09-11T07:16:39.1447560Z   path: /home/runner/work/_temp/integration-payload/
Retain verified integration package	Retain the exact cross-platform-verified bytes	2026-09-11T07:16:39.1447972Z   if-no-files-found: error
Retain verified integration package	Retain the exact cross-platform-verified bytes	2026-09-11T07:16:39.1448279Z   retention-days: 3
Retain verified integration package	Retain the exact cross-platform-verified bytes	2026-09-11T07:16:39.1448557Z   compression-level: 6
Retain verified integration package	Retain the exact cross-platform-verified bytes	2026-09-11T07:16:39.1448839Z   overwrite: false
Retain verified integration package	Retain the exact cross-platform-verified bytes	2026-09-11T07:16:39.1449112Z   include-hidden-files: false
Retain verified integration package	Retain the exact cross-platform-verified bytes	2026-09-11T07:16:39.1449416Z env:
Retain verified integration package	Retain the exact cross-platform-verified bytes	2026-09-11T07:16:39.1449679Z   INTEGRATION_EVENT: pull_request
Retain verified integration package	Retain the exact cross-platform-verified bytes	2026-09-11T07:16:39.1450268Z   INTEGRATION_REF: refs/pull/446/merge
Retain verified integration package	Retain the exact cross-platform-verified bytes	2026-09-11T07:16:39.1450648Z   INTEGRATION_PR: 446
Retain verified integration package	Retain the exact cross-platform-verified bytes	2026-09-11T07:16:39.1450947Z   INTEGRATION_RETENTION_DAYS: 3
Retain verified integration package	Retain the exact cross-platform-verified bytes	2026-09-11T07:16:39.1451270Z   PYTHONNOUSERSITE: 1
Retain verified integration package	Retain the exact cross-platform-verified bytes	2026-09-11T07:16:39.1451557Z   PYTHONPATH: 
Retain verified integration package	Retain the exact cross-platform-verified bytes	2026-09-11T07:16:39.1451903Z   pythonLocation: /opt/hostedtoolcache/Python/3.11.16/x64
Retain verified integration package	Retain the exact cross-platform-verified bytes	2026-09-11T07:16:39.1452467Z   PKG_CONFIG_PATH: /opt/hostedtoolcache/Python/3.11.16/x64/lib/pkgconfig
Retain verified integration package	Retain the exact cross-platform-verified bytes	2026-09-11T07:16:39.1453024Z   Python_ROOT_DIR: /opt/hostedtoolcache/Python/3.11.16/x64
Retain verified integration package	Retain the exact cross-platform-verified bytes	2026-09-11T07:16:39.1453535Z   Python2_ROOT_DIR: /opt/hostedtoolcache/Python/3.11.16/x64
Retain verified integration package	Retain the exact cross-platform-verified bytes	2026-09-11T07:16:39.1454048Z   Python3_ROOT_DIR: /opt/hostedtoolcache/Python/3.11.16/x64
Retain verified integration package	Retain the exact cross-platform-verified bytes	2026-09-11T07:16:39.1454562Z   LD_LIBRARY_PATH: /opt/hostedtoolcache/Python/3.11.16/x64/lib
Retain verified integration package	Retain the exact cross-platform-verified bytes	2026-09-11T07:16:39.1454987Z ##[endgroup]
Retain verified integration package	Retain the exact cross-platform-verified bytes	2026-09-11T07:16:39.3286984Z (node:2332) [DEP0040] DeprecationWarning: The `punycode` module is deprecated. Please use a userland alternative instead.
Retain verified integration package	Retain the exact cross-platform-verified bytes	2026-09-11T07:16:39.3288457Z (Use `node --trace-deprecation ...` to show where the warning was created)
Retain verified integration package	Retain the exact cross-platform-verified bytes	2026-09-11T07:16:39.3359456Z With the provided path, there will be 3 files uploaded
Retain verified integration package	Retain the exact cross-platform-verified bytes	2026-09-11T07:16:39.3368096Z Artifact name is valid!
Retain verified integration package	Retain the exact cross-platform-verified bytes	2026-09-11T07:16:39.3368815Z Root directory input is valid!
Retain verified integration package	Retain the exact cross-platform-verified bytes	2026-09-11T07:16:39.5328919Z Beginning upload of artifact content to blob storage
Retain verified integration package	Retain the exact cross-platform-verified bytes	2026-09-11T07:16:39.5909800Z (node:2332) [DEP0169] DeprecationWarning: `url.parse()` behavior is not standardized and prone to errors that have security implications. Use the WHATWG URL API instead. CVEs are not issued for `url.parse()` vulnerabilities.
Retain verified integration package	Retain the exact cross-platform-verified bytes	2026-09-11T07:16:39.7082491Z Uploaded bytes 472525
Retain verified integration package	Retain the exact cross-platform-verified bytes	2026-09-11T07:16:39.7272838Z Finished uploading artifact content to blob storage!
Retain verified integration package	Retain the exact cross-platform-verified bytes	2026-09-11T07:16:39.7275689Z SHA256 digest of uploaded artifact zip is 366db5f1b07cc41463fb112a25c46d10b57e7f5c5a4b0ebb348e1c5763de1878
Retain verified integration package	Retain the exact cross-platform-verified bytes	2026-09-11T07:16:39.7277675Z Finalizing artifact upload
Retain verified integration package	Retain the exact cross-platform-verified bytes	2026-09-11T07:16:39.9407070Z Artifact se-harness-integration-4755b2dcbb97e37701b9436814423c264eb177f3.zip successfully finalized. Artifact ID 10188727209
Retain verified integration package	Retain the exact cross-platform-verified bytes	2026-09-11T07:16:39.9409964Z Artifact se-harness-integration-4755b2dcbb97e37701b9436814423c264eb177f3 has been successfully uploaded! Final size is 472525 bytes. Artifact ID is 10188727209
Retain verified integration package	Retain the exact cross-platform-verified bytes	2026-09-11T07:16:39.9412387Z Artifact download URL: https://github.com/mmzen/se_harness/actions/runs/34573132476/artifacts/10188727209
Retain verified integration package	Post Run actions/setup-python@a26af69be951a213d495a4c3e4e4022e16d87065	﻿2026-09-11T07:16:39.9626091Z Node 20 is being deprecated. This workflow is running with Node 24 by default. If you need to temporarily use Node 20, you can set the ACTIONS_ALLOW_USE_UNSECURE_NODE_VERSION=true environment variable. For more information see: https://github.blog/changelog/2025-09-19-deprecation-of-node-20-on-github-actions-runners/
Retain verified integration package	Post Run actions/setup-python@a26af69be951a213d495a4c3e4e4022e16d87065	2026-09-11T07:16:39.9627738Z Post job cleanup.
Retain verified integration package	Post Run actions/setup-python@a26af69be951a213d495a4c3e4e4022e16d87065	2026-09-11T07:16:40.0908504Z (node:2344) [DEP0040] DeprecationWarning: The `punycode` module is deprecated. Please use a userland alternative instead.
Retain verified integration package	Post Run actions/setup-python@a26af69be951a213d495a4c3e4e4022e16d87065	2026-09-11T07:16:40.0910337Z (Use `node --trace-deprecation ...` to show where the warning was created)
Retain verified integration package	Post Run actions/checkout@11d5960a326750d5838078e36cf38b85af677262	﻿2026-09-11T07:16:40.1130345Z Node 20 is being deprecated. This workflow is running with Node 24 by default. If you need to temporarily use Node 20, you can set the ACTIONS_ALLOW_USE_UNSECURE_NODE_VERSION=true environment variable. For more information see: https://github.blog/changelog/2025-09-19-deprecation-of-node-20-on-github-actions-runners/
Retain verified integration package	Post Run actions/checkout@11d5960a326750d5838078e36cf38b85af677262	2026-09-11T07:16:40.1133156Z Post job cleanup.
Retain verified integration package	Post Run actions/checkout@11d5960a326750d5838078e36cf38b85af677262	2026-09-11T07:16:40.2139495Z [command]/usr/bin/git version
Retain verified integration package	Post Run actions/checkout@11d5960a326750d5838078e36cf38b85af677262	2026-09-11T07:16:40.2191226Z git version 2.55.0
Retain verified integration package	Post Run actions/checkout@11d5960a326750d5838078e36cf38b85af677262	2026-09-11T07:16:40.2236993Z Temporarily overriding HOME='/home/runner/work/_temp/78f7b83a-e673-412a-aabe-f1a4712a6b8e' before making global git config changes
Retain verified integration package	Post Run actions/checkout@11d5960a326750d5838078e36cf38b85af677262	2026-09-11T07:16:40.2238535Z Adding repository directory to the temporary git global config as a safe directory
Retain verified integration package	Post Run actions/checkout@11d5960a326750d5838078e36cf38b85af677262	2026-09-11T07:16:40.2246504Z [command]/usr/bin/git config --global --add safe.directory /home/runner/work/se_harness/se_harness
Retain verified integration package	Post Run actions/checkout@11d5960a326750d5838078e36cf38b85af677262	2026-09-11T07:16:40.2297661Z [command]/usr/bin/git config --local --name-only --get-regexp core\.sshCommand
Retain verified integration package	Post Run actions/checkout@11d5960a326750d5838078e36cf38b85af677262	2026-09-11T07:16:40.2356003Z [command]/usr/bin/git submodule foreach --recursive sh -c "git config --local --name-only --get-regexp 'core\.sshCommand' && git config --local --unset-all 'core.sshCommand' || :"
Retain verified integration package	Post Run actions/checkout@11d5960a326750d5838078e36cf38b85af677262	2026-09-11T07:16:40.2664755Z [command]/usr/bin/git config --local --name-only --get-regexp http\.https\:\/\/github\.com\/\.extraheader
Retain verified integration package	Post Run actions/checkout@11d5960a326750d5838078e36cf38b85af677262	2026-09-11T07:16:40.2747845Z [command]/usr/bin/git submodule foreach --recursive sh -c "git config --local --name-only --get-regexp 'http\.https\:\/\/github\.com\/\.extraheader' && git config --local --unset-all 'http.https://github.com/.extraheader' || :"
Retain verified integration package	Post Run actions/checkout@11d5960a326750d5838078e36cf38b85af677262	2026-09-11T07:16:40.3136891Z [command]/usr/bin/git config --local --name-only --get-regexp ^includeIf\.gitdir:
Retain verified integration package	Post Run actions/checkout@11d5960a326750d5838078e36cf38b85af677262	2026-09-11T07:16:40.3191314Z [command]/usr/bin/git submodule foreach --recursive git config --local --show-origin --name-only --get-regexp remote.origin.url
Retain verified integration package	Complete job	﻿2026-09-11T07:16:40.3686012Z Cleaning up orphan processes
Retain verified integration package	Complete job	2026-09-11T07:16:40.4001143Z ##[warning]Node.js 20 is deprecated. The following actions target Node.js 20 but are being forced to run on Node.js 24: actions/checkout@11d5960a326750d5838078e36cf38b85af677262, actions/download-artifact@d3f86a106a0bac45b974a628896c90dbdf5c8093, actions/setup-python@a26af69be951a213d495a4c3e4e4022e16d87065, actions/upload-artifact@ea165f8d65b6e75b540449e92b4886f43607fa02. For more information see: https://github.blog/changelog/2025-09-19-deprecation-of-node-20-on-github-actions-runners/
