Build deterministic integration package	Set up job	﻿2026-09-11T07:15:26.3623551Z Current runner version: '2.337.0'
Build deterministic integration package	Set up job	2026-09-11T07:15:26.3649841Z ##[group]Runner Image Provisioner
Build deterministic integration package	Set up job	2026-09-11T07:15:26.3650760Z Hosted Compute Agent
Build deterministic integration package	Set up job	2026-09-11T07:15:26.3651701Z Version: 20260828.587
Build deterministic integration package	Set up job	2026-09-11T07:15:26.3652385Z Commit: abac92662cab4cc7352de4f9f9d2e2419aad9c29
Build deterministic integration package	Set up job	2026-09-11T07:15:26.3653117Z Build Date: 2026-08-28T16:44:25Z
Build deterministic integration package	Set up job	2026-09-11T07:15:26.3653918Z Worker ID: {155eafe8-b571-4b5a-b316-5b8e0a8095bf}
Build deterministic integration package	Set up job	2026-09-11T07:15:26.3654666Z Azure Region: westus2
Build deterministic integration package	Set up job	2026-09-11T07:15:26.3655311Z ##[endgroup]
Build deterministic integration package	Set up job	2026-09-11T07:15:26.3656755Z ##[group]Operating System
Build deterministic integration package	Set up job	2026-09-11T07:15:26.3657409Z Ubuntu
Build deterministic integration package	Set up job	2026-09-11T07:15:26.3658046Z 24.04.5
Build deterministic integration package	Set up job	2026-09-11T07:15:26.3658559Z LTS
Build deterministic integration package	Set up job	2026-09-11T07:15:26.3659139Z ##[endgroup]
Build deterministic integration package	Set up job	2026-09-11T07:15:26.3659749Z ##[group]Runner Image
Build deterministic integration package	Set up job	2026-09-11T07:15:26.3660371Z Image: ubuntu-24.04
Build deterministic integration package	Set up job	2026-09-11T07:15:26.3661007Z Version: 20260907.300.1
Build deterministic integration package	Set up job	2026-09-11T07:15:26.3662489Z Included Software: https://github.com/actions/runner-images/blob/ubuntu24/20260907.300/images/ubuntu/Ubuntu2404-Readme.md
Build deterministic integration package	Set up job	2026-09-11T07:15:26.3664457Z Image Release: https://github.com/actions/runner-images/releases/tag/ubuntu24%2F20260907.300
Build deterministic integration package	Set up job	2026-09-11T07:15:26.3665447Z ##[endgroup]
Build deterministic integration package	Set up job	2026-09-11T07:15:26.3666610Z ##[group]GITHUB_TOKEN Permissions
Build deterministic integration package	Set up job	2026-09-11T07:15:26.3668486Z Contents: read
Build deterministic integration package	Set up job	2026-09-11T07:15:26.3669206Z Metadata: read
Build deterministic integration package	Set up job	2026-09-11T07:15:26.3669767Z ##[endgroup]
Build deterministic integration package	Set up job	2026-09-11T07:15:26.3672240Z Secret source: Actions
Build deterministic integration package	Set up job	2026-09-11T07:15:26.3673361Z Cache mode: write
Build deterministic integration package	Set up job	2026-09-11T07:15:26.3674083Z Prepare workflow directory
Build deterministic integration package	Set up job	2026-09-11T07:15:26.4243471Z Prepare all required actions
Build deterministic integration package	Set up job	2026-09-11T07:15:26.4293385Z Getting action download info
Build deterministic integration package	Set up job	2026-09-11T07:15:26.8147735Z Download action repository 'actions/checkout@11d5960a326750d5838078e36cf38b85af677262' (SHA:11d5960a326750d5838078e36cf38b85af677262)
Build deterministic integration package	Set up job	2026-09-11T07:15:26.9409137Z Download action repository 'actions/setup-python@a26af69be951a213d495a4c3e4e4022e16d87065' (SHA:a26af69be951a213d495a4c3e4e4022e16d87065)
Build deterministic integration package	Set up job	2026-09-11T07:15:27.0496102Z Download action repository 'actions/upload-artifact@ea165f8d65b6e75b540449e92b4886f43607fa02' (SHA:ea165f8d65b6e75b540449e92b4886f43607fa02)
Build deterministic integration package	Set up job	2026-09-11T07:15:27.2795102Z Complete job name: Build deterministic integration package
Build deterministic integration package	Require one cross-platform upgrade rehearsal semantic result	﻿2026-09-11T07:15:27.3476849Z ##[group]Run set -euo pipefail
Build deterministic integration package	Require one cross-platform upgrade rehearsal semantic result	2026-09-11T07:15:27.3477608Z ^[[36;1mset -euo pipefail^[[0m
Build deterministic integration package	Require one cross-platform upgrade rehearsal semantic result	2026-09-11T07:15:27.3478566Z ^[[36;1mtest -n "$REHEARSAL_DIGEST_LINUX" || { echo "Linux upgrade rehearsal digest is missing" >&2; exit 1; }^[[0m
Build deterministic integration package	Require one cross-platform upgrade rehearsal semantic result	2026-09-11T07:15:27.3479949Z ^[[36;1mtest -n "$REHEARSAL_DIGEST_WINDOWS" || { echo "Windows upgrade rehearsal digest is missing" >&2; exit 1; }^[[0m
Build deterministic integration package	Require one cross-platform upgrade rehearsal semantic result	2026-09-11T07:15:27.3481160Z ^[[36;1mif [[ "$REHEARSAL_DIGEST_LINUX" != "$REHEARSAL_DIGEST_WINDOWS" ]]; then^[[0m
Build deterministic integration package	Require one cross-platform upgrade rehearsal semantic result	2026-09-11T07:15:27.3482728Z ^[[36;1m  echo "cross-platform semantic mismatch: Linux=$REHEARSAL_DIGEST_LINUX Windows=$REHEARSAL_DIGEST_WINDOWS" >&2^[[0m
Build deterministic integration package	Require one cross-platform upgrade rehearsal semantic result	2026-09-11T07:15:27.3483787Z ^[[36;1m  exit 1^[[0m
Build deterministic integration package	Require one cross-platform upgrade rehearsal semantic result	2026-09-11T07:15:27.3484241Z ^[[36;1mfi^[[0m
Build deterministic integration package	Require one cross-platform upgrade rehearsal semantic result	2026-09-11T07:15:27.3485058Z ^[[36;1mecho "upgrade rehearsal semantic result (resulting lock, canonical): $REHEARSAL_DIGEST_LINUX"^[[0m
Build deterministic integration package	Require one cross-platform upgrade rehearsal semantic result	2026-09-11T07:15:27.3526745Z shell: /usr/bin/bash --noprofile --norc -e -o pipefail {0}
Build deterministic integration package	Require one cross-platform upgrade rehearsal semantic result	2026-09-11T07:15:27.3527838Z env:
Build deterministic integration package	Require one cross-platform upgrade rehearsal semantic result	2026-09-11T07:15:27.3528360Z   INTEGRATION_EVENT: pull_request
Build deterministic integration package	Require one cross-platform upgrade rehearsal semantic result	2026-09-11T07:15:27.3529025Z   INTEGRATION_REF: refs/pull/446/merge
Build deterministic integration package	Require one cross-platform upgrade rehearsal semantic result	2026-09-11T07:15:27.3529628Z   INTEGRATION_PR: 446
Build deterministic integration package	Require one cross-platform upgrade rehearsal semantic result	2026-09-11T07:15:27.3530142Z   INTEGRATION_RETENTION_DAYS: 3
Build deterministic integration package	Require one cross-platform upgrade rehearsal semantic result	2026-09-11T07:15:27.3531010Z   REHEARSAL_DIGEST_LINUX: 607e9eaa503881a3f78653e1290ed3212dc2f749c87907050385e2a5a73e1eb0
Build deterministic integration package	Require one cross-platform upgrade rehearsal semantic result	2026-09-11T07:15:27.3532592Z   REHEARSAL_DIGEST_WINDOWS: 607e9eaa503881a3f78653e1290ed3212dc2f749c87907050385e2a5a73e1eb0
Build deterministic integration package	Require one cross-platform upgrade rehearsal semantic result	2026-09-11T07:15:27.3533574Z   INTEGRATION_BUILD_VERSION: 1.2.2.post1
Build deterministic integration package	Require one cross-platform upgrade rehearsal semantic result	2026-09-11T07:15:27.3534201Z   INTEGRATION_SETUPTOOLS_VERSION: 75.8.0
Build deterministic integration package	Require one cross-platform upgrade rehearsal semantic result	2026-09-11T07:15:27.3534809Z   INTEGRATION_WHEEL_VERSION: 0.45.1
Build deterministic integration package	Require one cross-platform upgrade rehearsal semantic result	2026-09-11T07:15:27.3535373Z   PYTHONNOUSERSITE: 1
Build deterministic integration package	Require one cross-platform upgrade rehearsal semantic result	2026-09-11T07:15:27.3535869Z   PYTHONPATH: 
Build deterministic integration package	Require one cross-platform upgrade rehearsal semantic result	2026-09-11T07:15:27.3536317Z ##[endgroup]
Build deterministic integration package	Require one cross-platform upgrade rehearsal semantic result	2026-09-11T07:15:27.3672851Z upgrade rehearsal semantic result (resulting lock, canonical): 607e9eaa503881a3f78653e1290ed3212dc2f749c87907050385e2a5a73e1eb0
Build deterministic integration package	Run actions/checkout@11d5960a326750d5838078e36cf38b85af677262	﻿2026-09-11T07:15:27.3898010Z Node 20 is being deprecated. This workflow is running with Node 24 by default. If you need to temporarily use Node 20, you can set the ACTIONS_ALLOW_USE_UNSECURE_NODE_VERSION=true environment variable. For more information see: https://github.blog/changelog/2025-09-19-deprecation-of-node-20-on-github-actions-runners/
Build deterministic integration package	Run actions/checkout@11d5960a326750d5838078e36cf38b85af677262	2026-09-11T07:15:27.3906316Z ##[group]Run actions/checkout@11d5960a326750d5838078e36cf38b85af677262
Build deterministic integration package	Run actions/checkout@11d5960a326750d5838078e36cf38b85af677262	2026-09-11T07:15:27.3907198Z with:
Build deterministic integration package	Run actions/checkout@11d5960a326750d5838078e36cf38b85af677262	2026-09-11T07:15:27.3907643Z   fetch-depth: 0
Build deterministic integration package	Run actions/checkout@11d5960a326750d5838078e36cf38b85af677262	2026-09-11T07:15:27.3908145Z   persist-credentials: false
Build deterministic integration package	Run actions/checkout@11d5960a326750d5838078e36cf38b85af677262	2026-09-11T07:15:27.3908719Z   repository: mmzen/se_harness
Build deterministic integration package	Run actions/checkout@11d5960a326750d5838078e36cf38b85af677262	2026-09-11T07:15:27.3913550Z   token: ***
Build deterministic integration package	Run actions/checkout@11d5960a326750d5838078e36cf38b85af677262	2026-09-11T07:15:27.3914045Z   ssh-strict: true
Build deterministic integration package	Run actions/checkout@11d5960a326750d5838078e36cf38b85af677262	2026-09-11T07:15:27.3914643Z   ssh-user: git
Build deterministic integration package	Run actions/checkout@11d5960a326750d5838078e36cf38b85af677262	2026-09-11T07:15:27.3915114Z   clean: true
Build deterministic integration package	Run actions/checkout@11d5960a326750d5838078e36cf38b85af677262	2026-09-11T07:15:27.3915599Z   sparse-checkout-cone-mode: true
Build deterministic integration package	Run actions/checkout@11d5960a326750d5838078e36cf38b85af677262	2026-09-11T07:15:27.3916211Z   fetch-tags: false
Build deterministic integration package	Run actions/checkout@11d5960a326750d5838078e36cf38b85af677262	2026-09-11T07:15:27.3916694Z   show-progress: true
Build deterministic integration package	Run actions/checkout@11d5960a326750d5838078e36cf38b85af677262	2026-09-11T07:15:27.3917193Z   lfs: false
Build deterministic integration package	Run actions/checkout@11d5960a326750d5838078e36cf38b85af677262	2026-09-11T07:15:27.3917684Z   submodules: false
Build deterministic integration package	Run actions/checkout@11d5960a326750d5838078e36cf38b85af677262	2026-09-11T07:15:27.3918176Z   set-safe-directory: true
Build deterministic integration package	Run actions/checkout@11d5960a326750d5838078e36cf38b85af677262	2026-09-11T07:15:27.3918728Z   allow-unsafe-pr-checkout: false
Build deterministic integration package	Run actions/checkout@11d5960a326750d5838078e36cf38b85af677262	2026-09-11T07:15:27.3919285Z env:
Build deterministic integration package	Run actions/checkout@11d5960a326750d5838078e36cf38b85af677262	2026-09-11T07:15:27.3919738Z   INTEGRATION_EVENT: pull_request
Build deterministic integration package	Run actions/checkout@11d5960a326750d5838078e36cf38b85af677262	2026-09-11T07:15:27.3920323Z   INTEGRATION_REF: refs/pull/446/merge
Build deterministic integration package	Run actions/checkout@11d5960a326750d5838078e36cf38b85af677262	2026-09-11T07:15:27.3920916Z   INTEGRATION_PR: 446
Build deterministic integration package	Run actions/checkout@11d5960a326750d5838078e36cf38b85af677262	2026-09-11T07:15:27.3921576Z   INTEGRATION_RETENTION_DAYS: 3
Build deterministic integration package	Run actions/checkout@11d5960a326750d5838078e36cf38b85af677262	2026-09-11T07:15:27.3922446Z   REHEARSAL_DIGEST_LINUX: 607e9eaa503881a3f78653e1290ed3212dc2f749c87907050385e2a5a73e1eb0
Build deterministic integration package	Run actions/checkout@11d5960a326750d5838078e36cf38b85af677262	2026-09-11T07:15:27.3923707Z   REHEARSAL_DIGEST_WINDOWS: 607e9eaa503881a3f78653e1290ed3212dc2f749c87907050385e2a5a73e1eb0
Build deterministic integration package	Run actions/checkout@11d5960a326750d5838078e36cf38b85af677262	2026-09-11T07:15:27.3924662Z   INTEGRATION_BUILD_VERSION: 1.2.2.post1
Build deterministic integration package	Run actions/checkout@11d5960a326750d5838078e36cf38b85af677262	2026-09-11T07:15:27.3925283Z   INTEGRATION_SETUPTOOLS_VERSION: 75.8.0
Build deterministic integration package	Run actions/checkout@11d5960a326750d5838078e36cf38b85af677262	2026-09-11T07:15:27.3925888Z   INTEGRATION_WHEEL_VERSION: 0.45.1
Build deterministic integration package	Run actions/checkout@11d5960a326750d5838078e36cf38b85af677262	2026-09-11T07:15:27.3926455Z   PYTHONNOUSERSITE: 1
Build deterministic integration package	Run actions/checkout@11d5960a326750d5838078e36cf38b85af677262	2026-09-11T07:15:27.3926943Z   PYTHONPATH: 
Build deterministic integration package	Run actions/checkout@11d5960a326750d5838078e36cf38b85af677262	2026-09-11T07:15:27.3927389Z ##[endgroup]
Build deterministic integration package	Run actions/checkout@11d5960a326750d5838078e36cf38b85af677262	2026-09-11T07:15:27.5122449Z Syncing repository: mmzen/se_harness
Build deterministic integration package	Run actions/checkout@11d5960a326750d5838078e36cf38b85af677262	2026-09-11T07:15:27.5125360Z ##[group]Getting Git version info
Build deterministic integration package	Run actions/checkout@11d5960a326750d5838078e36cf38b85af677262	2026-09-11T07:15:27.5126626Z Working directory is '/home/runner/work/se_harness/se_harness'
Build deterministic integration package	Run actions/checkout@11d5960a326750d5838078e36cf38b85af677262	2026-09-11T07:15:27.5128500Z [command]/usr/bin/git version
Build deterministic integration package	Run actions/checkout@11d5960a326750d5838078e36cf38b85af677262	2026-09-11T07:15:27.5129704Z git version 2.55.0
Build deterministic integration package	Run actions/checkout@11d5960a326750d5838078e36cf38b85af677262	2026-09-11T07:15:27.5161208Z ##[endgroup]
Build deterministic integration package	Run actions/checkout@11d5960a326750d5838078e36cf38b85af677262	2026-09-11T07:15:27.5168970Z Temporarily overriding HOME='/home/runner/work/_temp/c3af9951-64dd-4697-a2ab-399bab39f3c7' before making global git config changes
Build deterministic integration package	Run actions/checkout@11d5960a326750d5838078e36cf38b85af677262	2026-09-11T07:15:27.5170523Z Adding repository directory to the temporary git global config as a safe directory
Build deterministic integration package	Run actions/checkout@11d5960a326750d5838078e36cf38b85af677262	2026-09-11T07:15:27.5177321Z [command]/usr/bin/git config --global --add safe.directory /home/runner/work/se_harness/se_harness
Build deterministic integration package	Run actions/checkout@11d5960a326750d5838078e36cf38b85af677262	2026-09-11T07:15:27.5243488Z Deleting the contents of '/home/runner/work/se_harness/se_harness'
Build deterministic integration package	Run actions/checkout@11d5960a326750d5838078e36cf38b85af677262	2026-09-11T07:15:27.5245693Z ##[group]Initializing the repository
Build deterministic integration package	Run actions/checkout@11d5960a326750d5838078e36cf38b85af677262	2026-09-11T07:15:27.5327139Z [command]/usr/bin/git init /home/runner/work/se_harness/se_harness
Build deterministic integration package	Run actions/checkout@11d5960a326750d5838078e36cf38b85af677262	2026-09-11T07:15:27.5362548Z hint: Using 'master' as the name for the initial branch. This default branch name
Build deterministic integration package	Run actions/checkout@11d5960a326750d5838078e36cf38b85af677262	2026-09-11T07:15:27.5364519Z hint: will change to "main" in Git 3.0. To configure the initial branch name
Build deterministic integration package	Run actions/checkout@11d5960a326750d5838078e36cf38b85af677262	2026-09-11T07:15:27.5366365Z hint: to use in all of your new repositories, which will suppress this warning,
Build deterministic integration package	Run actions/checkout@11d5960a326750d5838078e36cf38b85af677262	2026-09-11T07:15:27.5367652Z hint: call:
Build deterministic integration package	Run actions/checkout@11d5960a326750d5838078e36cf38b85af677262	2026-09-11T07:15:27.5368260Z hint:
Build deterministic integration package	Run actions/checkout@11d5960a326750d5838078e36cf38b85af677262	2026-09-11T07:15:27.5369264Z hint: 	git config --global init.defaultBranch <name>
Build deterministic integration package	Run actions/checkout@11d5960a326750d5838078e36cf38b85af677262	2026-09-11T07:15:27.5370123Z hint:
Build deterministic integration package	Run actions/checkout@11d5960a326750d5838078e36cf38b85af677262	2026-09-11T07:15:27.5371625Z hint: Names commonly chosen instead of 'master' are 'main', 'trunk' and
Build deterministic integration package	Run actions/checkout@11d5960a326750d5838078e36cf38b85af677262	2026-09-11T07:15:27.5373090Z hint: 'development'. The just-created branch can be renamed via this command:
Build deterministic integration package	Run actions/checkout@11d5960a326750d5838078e36cf38b85af677262	2026-09-11T07:15:27.5373917Z hint:
Build deterministic integration package	Run actions/checkout@11d5960a326750d5838078e36cf38b85af677262	2026-09-11T07:15:27.5374373Z hint: 	git branch -m <name>
Build deterministic integration package	Run actions/checkout@11d5960a326750d5838078e36cf38b85af677262	2026-09-11T07:15:27.5374916Z hint:
Build deterministic integration package	Run actions/checkout@11d5960a326750d5838078e36cf38b85af677262	2026-09-11T07:15:27.5375984Z hint: Disable this message with "git config set advice.defaultBranchName false"
Build deterministic integration package	Run actions/checkout@11d5960a326750d5838078e36cf38b85af677262	2026-09-11T07:15:27.5377109Z Initialized empty Git repository in /home/runner/work/se_harness/se_harness/.git/
Build deterministic integration package	Run actions/checkout@11d5960a326750d5838078e36cf38b85af677262	2026-09-11T07:15:27.5379875Z [command]/usr/bin/git remote add origin https://github.com/mmzen/se_harness
Build deterministic integration package	Run actions/checkout@11d5960a326750d5838078e36cf38b85af677262	2026-09-11T07:15:27.5434701Z ##[endgroup]
Build deterministic integration package	Run actions/checkout@11d5960a326750d5838078e36cf38b85af677262	2026-09-11T07:15:27.5435656Z ##[group]Disabling automatic garbage collection
Build deterministic integration package	Run actions/checkout@11d5960a326750d5838078e36cf38b85af677262	2026-09-11T07:15:27.5439024Z [command]/usr/bin/git config --local gc.auto 0
Build deterministic integration package	Run actions/checkout@11d5960a326750d5838078e36cf38b85af677262	2026-09-11T07:15:27.5471113Z ##[endgroup]
Build deterministic integration package	Run actions/checkout@11d5960a326750d5838078e36cf38b85af677262	2026-09-11T07:15:27.5472480Z ##[group]Setting up auth
Build deterministic integration package	Run actions/checkout@11d5960a326750d5838078e36cf38b85af677262	2026-09-11T07:15:27.5479071Z [command]/usr/bin/git config --local --name-only --get-regexp core\.sshCommand
Build deterministic integration package	Run actions/checkout@11d5960a326750d5838078e36cf38b85af677262	2026-09-11T07:15:27.5513965Z [command]/usr/bin/git submodule foreach --recursive sh -c "git config --local --name-only --get-regexp 'core\.sshCommand' && git config --local --unset-all 'core.sshCommand' || :"
Build deterministic integration package	Run actions/checkout@11d5960a326750d5838078e36cf38b85af677262	2026-09-11T07:15:27.5900174Z [command]/usr/bin/git config --local --name-only --get-regexp http\.https\:\/\/github\.com\/\.extraheader
Build deterministic integration package	Run actions/checkout@11d5960a326750d5838078e36cf38b85af677262	2026-09-11T07:15:27.5947470Z [command]/usr/bin/git submodule foreach --recursive sh -c "git config --local --name-only --get-regexp 'http\.https\:\/\/github\.com\/\.extraheader' && git config --local --unset-all 'http.https://github.com/.extraheader' || :"
Build deterministic integration package	Run actions/checkout@11d5960a326750d5838078e36cf38b85af677262	2026-09-11T07:15:27.6209449Z [command]/usr/bin/git config --local --name-only --get-regexp ^includeIf\.gitdir:
Build deterministic integration package	Run actions/checkout@11d5960a326750d5838078e36cf38b85af677262	2026-09-11T07:15:27.6248004Z [command]/usr/bin/git submodule foreach --recursive git config --local --show-origin --name-only --get-regexp remote.origin.url
Build deterministic integration package	Run actions/checkout@11d5960a326750d5838078e36cf38b85af677262	2026-09-11T07:15:27.6477058Z [command]/usr/bin/git config --local http.https://github.com/.extraheader AUTHORIZATION: basic ***
Build deterministic integration package	Run actions/checkout@11d5960a326750d5838078e36cf38b85af677262	2026-09-11T07:15:27.6517331Z ##[endgroup]
Build deterministic integration package	Run actions/checkout@11d5960a326750d5838078e36cf38b85af677262	2026-09-11T07:15:27.6518979Z ##[group]Fetching the repository
Build deterministic integration package	Run actions/checkout@11d5960a326750d5838078e36cf38b85af677262	2026-09-11T07:15:27.6530190Z [command]/usr/bin/git -c protocol.version=2 fetch --prune --no-recurse-submodules origin +refs/heads/*:refs/remotes/origin/* +refs/tags/*:refs/tags/* +4755b2dcbb97e37701b9436814423c264eb177f3:refs/remotes/pull/446/merge
Build deterministic integration package	Run actions/checkout@11d5960a326750d5838078e36cf38b85af677262	2026-09-11T07:15:29.8970629Z From https://github.com/mmzen/se_harness
Build deterministic integration package	Run actions/checkout@11d5960a326750d5838078e36cf38b85af677262	2026-09-11T07:15:29.8983683Z  * [new branch]        artifacts/plugin-implementation          -> origin/artifacts/plugin-implementation
Build deterministic integration package	Run actions/checkout@11d5960a326750d5838078e36cf38b85af677262	2026-09-11T07:15:29.8985430Z  * [new branch]        definitions/plg010-delegation            -> origin/definitions/plg010-delegation
Build deterministic integration package	Run actions/checkout@11d5960a326750d5838078e36cf38b85af677262	2026-09-11T07:15:29.8987052Z  * [new branch]        definitions/plg011-delegation            -> origin/definitions/plg011-delegation
Build deterministic integration package	Run actions/checkout@11d5960a326750d5838078e36cf38b85af677262	2026-09-11T07:15:29.8988661Z  * [new branch]        definitions/plg012-delegation            -> origin/definitions/plg012-delegation
Build deterministic integration package	Run actions/checkout@11d5960a326750d5838078e36cf38b85af677262	2026-09-11T07:15:29.8991892Z  * [new branch]        definitions/plg017-path-repair           -> origin/definitions/plg017-path-repair
Build deterministic integration package	Run actions/checkout@11d5960a326750d5838078e36cf38b85af677262	2026-09-11T07:15:29.8992940Z  * [new branch]        main                                     -> origin/main
Build deterministic integration package	Run actions/checkout@11d5960a326750d5838078e36cf38b85af677262	2026-09-11T07:15:29.8993940Z  * [new branch]        notes/plugin-installation-proposal       -> origin/notes/plugin-installation-proposal
Build deterministic integration package	Run actions/checkout@11d5960a326750d5838078e36cf38b85af677262	2026-09-11T07:15:29.8995366Z  * [new branch]        notes/plugin-proposal-assessment-2026-09-08 -> origin/notes/plugin-proposal-assessment-2026-09-08
Build deterministic integration package	Run actions/checkout@11d5960a326750d5838078e36cf38b85af677262	2026-09-11T07:15:29.8996577Z  * [new branch]        release/0.10                             -> origin/release/0.10
Build deterministic integration package	Run actions/checkout@11d5960a326750d5838078e36cf38b85af677262	2026-09-11T07:15:29.8997493Z  * [new branch]        release/0.11                             -> origin/release/0.11
Build deterministic integration package	Run actions/checkout@11d5960a326750d5838078e36cf38b85af677262	2026-09-11T07:15:29.8998423Z  * [new branch]        release/0.12                             -> origin/release/0.12
Build deterministic integration package	Run actions/checkout@11d5960a326750d5838078e36cf38b85af677262	2026-09-11T07:15:29.8999347Z  * [new branch]        release/0.12.0                           -> origin/release/0.12.0
Build deterministic integration package	Run actions/checkout@11d5960a326750d5838078e36cf38b85af677262	2026-09-11T07:15:29.9000447Z  * [new branch]        release/0.13                             -> origin/release/0.13
Build deterministic integration package	Run actions/checkout@11d5960a326750d5838078e36cf38b85af677262	2026-09-11T07:15:29.9001058Z  * [new branch]        release/0.13.0                           -> origin/release/0.13.0
Build deterministic integration package	Run actions/checkout@11d5960a326750d5838078e36cf38b85af677262	2026-09-11T07:15:29.9002206Z  * [new branch]        release/0.14                             -> origin/release/0.14
Build deterministic integration package	Run actions/checkout@11d5960a326750d5838078e36cf38b85af677262	2026-09-11T07:15:29.9002929Z  * [new branch]        release/0.14.0                           -> origin/release/0.14.0
Build deterministic integration package	Run actions/checkout@11d5960a326750d5838078e36cf38b85af677262	2026-09-11T07:15:29.9003832Z  * [new branch]        release/0.15                             -> origin/release/0.15
Build deterministic integration package	Run actions/checkout@11d5960a326750d5838078e36cf38b85af677262	2026-09-11T07:15:29.9004531Z  * [new branch]        release/0.15.0                           -> origin/release/0.15.0
Build deterministic integration package	Run actions/checkout@11d5960a326750d5838078e36cf38b85af677262	2026-09-11T07:15:29.9005049Z  * [new branch]        release/0.16                             -> origin/release/0.16
Build deterministic integration package	Run actions/checkout@11d5960a326750d5838078e36cf38b85af677262	2026-09-11T07:15:29.9005587Z  * [new branch]        release/0.16.0                           -> origin/release/0.16.0
Build deterministic integration package	Run actions/checkout@11d5960a326750d5838078e36cf38b85af677262	2026-09-11T07:15:29.9006117Z  * [new branch]        release/0.17                             -> origin/release/0.17
Build deterministic integration package	Run actions/checkout@11d5960a326750d5838078e36cf38b85af677262	2026-09-11T07:15:29.9006680Z  * [new branch]        release/0.17.0                           -> origin/release/0.17.0
Build deterministic integration package	Run actions/checkout@11d5960a326750d5838078e36cf38b85af677262	2026-09-11T07:15:29.9007211Z  * [new branch]        release/0.2.0                            -> origin/release/0.2.0
Build deterministic integration package	Run actions/checkout@11d5960a326750d5838078e36cf38b85af677262	2026-09-11T07:15:29.9007745Z  * [new branch]        release/0.2.1                            -> origin/release/0.2.1
Build deterministic integration package	Run actions/checkout@11d5960a326750d5838078e36cf38b85af677262	2026-09-11T07:15:29.9008262Z  * [new branch]        release/0.2.2                            -> origin/release/0.2.2
Build deterministic integration package	Run actions/checkout@11d5960a326750d5838078e36cf38b85af677262	2026-09-11T07:15:29.9009181Z  * [new branch]        release/0.3.0                            -> origin/release/0.3.0
Build deterministic integration package	Run actions/checkout@11d5960a326750d5838078e36cf38b85af677262	2026-09-11T07:15:29.9010205Z  * [new branch]        release/0.4.0                            -> origin/release/0.4.0
Build deterministic integration package	Run actions/checkout@11d5960a326750d5838078e36cf38b85af677262	2026-09-11T07:15:29.9011040Z  * [new branch]        release/0.6                              -> origin/release/0.6
Build deterministic integration package	Run actions/checkout@11d5960a326750d5838078e36cf38b85af677262	2026-09-11T07:15:29.9011979Z  * [new branch]        release/0.7                              -> origin/release/0.7
Build deterministic integration package	Run actions/checkout@11d5960a326750d5838078e36cf38b85af677262	2026-09-11T07:15:29.9012558Z  * [new branch]        release/0.8                              -> origin/release/0.8
Build deterministic integration package	Run actions/checkout@11d5960a326750d5838078e36cf38b85af677262	2026-09-11T07:15:29.9013071Z  * [new branch]        release/0.9                              -> origin/release/0.9
Build deterministic integration package	Run actions/checkout@11d5960a326750d5838078e36cf38b85af677262	2026-09-11T07:15:29.9013657Z  * [new branch]        work/plugin-change-skill                 -> origin/work/plugin-change-skill
Build deterministic integration package	Run actions/checkout@11d5960a326750d5838078e36cf38b85af677262	2026-09-11T07:15:29.9014362Z  * [new branch]        work/plugin-evidence-path-repair         -> origin/work/plugin-evidence-path-repair
Build deterministic integration package	Run actions/checkout@11d5960a326750d5838078e36cf38b85af677262	2026-09-11T07:15:29.9015098Z  * [new branch]        work/plugin-evidence-skill               -> origin/work/plugin-evidence-skill
Build deterministic integration package	Run actions/checkout@11d5960a326750d5838078e36cf38b85af677262	2026-09-11T07:15:29.9015773Z  * [new branch]        work/plugin-retained-skills              -> origin/work/plugin-retained-skills
Build deterministic integration package	Run actions/checkout@11d5960a326750d5838078e36cf38b85af677262	2026-09-11T07:15:29.9016363Z  * [new tag]           last                                     -> last
Build deterministic integration package	Run actions/checkout@11d5960a326750d5838078e36cf38b85af677262	2026-09-11T07:15:29.9016805Z  * [new tag]           v0.10.0                                  -> v0.10.0
Build deterministic integration package	Run actions/checkout@11d5960a326750d5838078e36cf38b85af677262	2026-09-11T07:15:29.9017241Z  * [new tag]           v0.11.0                                  -> v0.11.0
Build deterministic integration package	Run actions/checkout@11d5960a326750d5838078e36cf38b85af677262	2026-09-11T07:15:29.9017695Z  * [new tag]           v0.12.0                                  -> v0.12.0
Build deterministic integration package	Run actions/checkout@11d5960a326750d5838078e36cf38b85af677262	2026-09-11T07:15:29.9018113Z  * [new tag]           v0.13.0                                  -> v0.13.0
Build deterministic integration package	Run actions/checkout@11d5960a326750d5838078e36cf38b85af677262	2026-09-11T07:15:29.9018533Z  * [new tag]           v0.14.0                                  -> v0.14.0
Build deterministic integration package	Run actions/checkout@11d5960a326750d5838078e36cf38b85af677262	2026-09-11T07:15:29.9018952Z  * [new tag]           v0.15.0                                  -> v0.15.0
Build deterministic integration package	Run actions/checkout@11d5960a326750d5838078e36cf38b85af677262	2026-09-11T07:15:29.9019375Z  * [new tag]           v0.16.0                                  -> v0.16.0
Build deterministic integration package	Run actions/checkout@11d5960a326750d5838078e36cf38b85af677262	2026-09-11T07:15:29.9019817Z  * [new tag]           v0.17.0                                  -> v0.17.0
Build deterministic integration package	Run actions/checkout@11d5960a326750d5838078e36cf38b85af677262	2026-09-11T07:15:29.9020268Z  * [new tag]           v0.2.0                                   -> v0.2.0
Build deterministic integration package	Run actions/checkout@11d5960a326750d5838078e36cf38b85af677262	2026-09-11T07:15:29.9020688Z  * [new tag]           v0.2.1                                   -> v0.2.1
Build deterministic integration package	Run actions/checkout@11d5960a326750d5838078e36cf38b85af677262	2026-09-11T07:15:29.9021101Z  * [new tag]           v0.2.2                                   -> v0.2.2
Build deterministic integration package	Run actions/checkout@11d5960a326750d5838078e36cf38b85af677262	2026-09-11T07:15:29.9021816Z  * [new tag]           v0.3.0                                   -> v0.3.0
Build deterministic integration package	Run actions/checkout@11d5960a326750d5838078e36cf38b85af677262	2026-09-11T07:15:29.9022268Z  * [new tag]           v0.4.0                                   -> v0.4.0
Build deterministic integration package	Run actions/checkout@11d5960a326750d5838078e36cf38b85af677262	2026-09-11T07:15:29.9022714Z  * [new tag]           v0.4.1                                   -> v0.4.1
Build deterministic integration package	Run actions/checkout@11d5960a326750d5838078e36cf38b85af677262	2026-09-11T07:15:29.9023156Z  * [new tag]           v0.5.0                                   -> v0.5.0
Build deterministic integration package	Run actions/checkout@11d5960a326750d5838078e36cf38b85af677262	2026-09-11T07:15:29.9023606Z  * [new tag]           v0.5.0a1                                 -> v0.5.0a1
Build deterministic integration package	Run actions/checkout@11d5960a326750d5838078e36cf38b85af677262	2026-09-11T07:15:29.9024056Z  * [new tag]           v0.6.0                                   -> v0.6.0
Build deterministic integration package	Run actions/checkout@11d5960a326750d5838078e36cf38b85af677262	2026-09-11T07:15:29.9024686Z  * [new tag]           v0.7.0                                   -> v0.7.0
Build deterministic integration package	Run actions/checkout@11d5960a326750d5838078e36cf38b85af677262	2026-09-11T07:15:29.9025244Z  * [new tag]           v0.7.1                                   -> v0.7.1
Build deterministic integration package	Run actions/checkout@11d5960a326750d5838078e36cf38b85af677262	2026-09-11T07:15:29.9025674Z  * [new tag]           v0.8.0                                   -> v0.8.0
Build deterministic integration package	Run actions/checkout@11d5960a326750d5838078e36cf38b85af677262	2026-09-11T07:15:29.9026108Z  * [new tag]           v0.9.0                                   -> v0.9.0
Build deterministic integration package	Run actions/checkout@11d5960a326750d5838078e36cf38b85af677262	2026-09-11T07:15:29.9026613Z  * [new ref]           4755b2dcbb97e37701b9436814423c264eb177f3 -> pull/446/merge
Build deterministic integration package	Run actions/checkout@11d5960a326750d5838078e36cf38b85af677262	2026-09-11T07:15:29.9028071Z ##[endgroup]
Build deterministic integration package	Run actions/checkout@11d5960a326750d5838078e36cf38b85af677262	2026-09-11T07:15:29.9028511Z ##[group]Determining the checkout info
Build deterministic integration package	Run actions/checkout@11d5960a326750d5838078e36cf38b85af677262	2026-09-11T07:15:29.9028991Z ##[endgroup]
Build deterministic integration package	Run actions/checkout@11d5960a326750d5838078e36cf38b85af677262	2026-09-11T07:15:29.9029295Z [command]/usr/bin/git sparse-checkout disable
Build deterministic integration package	Run actions/checkout@11d5960a326750d5838078e36cf38b85af677262	2026-09-11T07:15:29.9052493Z [command]/usr/bin/git config --local --unset-all extensions.worktreeConfig
Build deterministic integration package	Run actions/checkout@11d5960a326750d5838078e36cf38b85af677262	2026-09-11T07:15:29.9084325Z ##[group]Checking out the ref
Build deterministic integration package	Run actions/checkout@11d5960a326750d5838078e36cf38b85af677262	2026-09-11T07:15:29.9088503Z [command]/usr/bin/git checkout --progress --force refs/remotes/pull/446/merge
Build deterministic integration package	Run actions/checkout@11d5960a326750d5838078e36cf38b85af677262	2026-09-11T07:15:30.5689787Z Note: switching to 'refs/remotes/pull/446/merge'.
Build deterministic integration package	Run actions/checkout@11d5960a326750d5838078e36cf38b85af677262	2026-09-11T07:15:30.5690151Z 
Build deterministic integration package	Run actions/checkout@11d5960a326750d5838078e36cf38b85af677262	2026-09-11T07:15:30.5690364Z You are in 'detached HEAD' state. You can look around, make experimental
Build deterministic integration package	Run actions/checkout@11d5960a326750d5838078e36cf38b85af677262	2026-09-11T07:15:30.5690874Z changes and commit them, and you can discard any commits you make in this
Build deterministic integration package	Run actions/checkout@11d5960a326750d5838078e36cf38b85af677262	2026-09-11T07:15:30.5691709Z state without impacting any branches by switching back to a branch.
Build deterministic integration package	Run actions/checkout@11d5960a326750d5838078e36cf38b85af677262	2026-09-11T07:15:30.5692214Z 
Build deterministic integration package	Run actions/checkout@11d5960a326750d5838078e36cf38b85af677262	2026-09-11T07:15:30.5692537Z If you want to create a new branch to retain commits you create, you may
Build deterministic integration package	Run actions/checkout@11d5960a326750d5838078e36cf38b85af677262	2026-09-11T07:15:30.5693088Z do so (now or later) by using -c with the switch command. Example:
Build deterministic integration package	Run actions/checkout@11d5960a326750d5838078e36cf38b85af677262	2026-09-11T07:15:30.5693347Z 
Build deterministic integration package	Run actions/checkout@11d5960a326750d5838078e36cf38b85af677262	2026-09-11T07:15:30.5693464Z   git switch -c <new-branch-name>
Build deterministic integration package	Run actions/checkout@11d5960a326750d5838078e36cf38b85af677262	2026-09-11T07:15:30.5693640Z 
Build deterministic integration package	Run actions/checkout@11d5960a326750d5838078e36cf38b85af677262	2026-09-11T07:15:30.5693870Z Or undo this operation with:
Build deterministic integration package	Run actions/checkout@11d5960a326750d5838078e36cf38b85af677262	2026-09-11T07:15:30.5694158Z 
Build deterministic integration package	Run actions/checkout@11d5960a326750d5838078e36cf38b85af677262	2026-09-11T07:15:30.5694292Z   git switch -
Build deterministic integration package	Run actions/checkout@11d5960a326750d5838078e36cf38b85af677262	2026-09-11T07:15:30.5694487Z 
Build deterministic integration package	Run actions/checkout@11d5960a326750d5838078e36cf38b85af677262	2026-09-11T07:15:30.5694819Z Turn off this advice by setting config variable advice.detachedHead to false
Build deterministic integration package	Run actions/checkout@11d5960a326750d5838078e36cf38b85af677262	2026-09-11T07:15:30.5695301Z 
Build deterministic integration package	Run actions/checkout@11d5960a326750d5838078e36cf38b85af677262	2026-09-11T07:15:30.5695809Z HEAD is now at 4755b2dc Merge aea16859a3ea106e33f759098712cf80f83f3843 into 731014d8fa58ba193f6eaf05af3408ed5c41e43f
Build deterministic integration package	Run actions/checkout@11d5960a326750d5838078e36cf38b85af677262	2026-09-11T07:15:30.5746314Z ##[endgroup]
Build deterministic integration package	Run actions/checkout@11d5960a326750d5838078e36cf38b85af677262	2026-09-11T07:15:30.5798825Z [command]/usr/bin/git log -1 --format=%H
Build deterministic integration package	Run actions/checkout@11d5960a326750d5838078e36cf38b85af677262	2026-09-11T07:15:30.5830170Z 4755b2dcbb97e37701b9436814423c264eb177f3
Build deterministic integration package	Run actions/checkout@11d5960a326750d5838078e36cf38b85af677262	2026-09-11T07:15:30.5845076Z ##[group]Removing auth
Build deterministic integration package	Run actions/checkout@11d5960a326750d5838078e36cf38b85af677262	2026-09-11T07:15:30.5850928Z [command]/usr/bin/git config --local --name-only --get-regexp core\.sshCommand
Build deterministic integration package	Run actions/checkout@11d5960a326750d5838078e36cf38b85af677262	2026-09-11T07:15:30.5893246Z [command]/usr/bin/git submodule foreach --recursive sh -c "git config --local --name-only --get-regexp 'core\.sshCommand' && git config --local --unset-all 'core.sshCommand' || :"
Build deterministic integration package	Run actions/checkout@11d5960a326750d5838078e36cf38b85af677262	2026-09-11T07:15:30.6145043Z [command]/usr/bin/git config --local --name-only --get-regexp http\.https\:\/\/github\.com\/\.extraheader
Build deterministic integration package	Run actions/checkout@11d5960a326750d5838078e36cf38b85af677262	2026-09-11T07:15:30.6177003Z http.https://github.com/.extraheader
Build deterministic integration package	Run actions/checkout@11d5960a326750d5838078e36cf38b85af677262	2026-09-11T07:15:30.6186981Z [command]/usr/bin/git config --local --unset-all http.https://github.com/.extraheader
Build deterministic integration package	Run actions/checkout@11d5960a326750d5838078e36cf38b85af677262	2026-09-11T07:15:30.6234306Z [command]/usr/bin/git submodule foreach --recursive sh -c "git config --local --name-only --get-regexp 'http\.https\:\/\/github\.com\/\.extraheader' && git config --local --unset-all 'http.https://github.com/.extraheader' || :"
Build deterministic integration package	Run actions/checkout@11d5960a326750d5838078e36cf38b85af677262	2026-09-11T07:15:30.6490063Z [command]/usr/bin/git config --local --name-only --get-regexp ^includeIf\.gitdir:
Build deterministic integration package	Run actions/checkout@11d5960a326750d5838078e36cf38b85af677262	2026-09-11T07:15:30.6531198Z [command]/usr/bin/git submodule foreach --recursive git config --local --show-origin --name-only --get-regexp remote.origin.url
Build deterministic integration package	Run actions/checkout@11d5960a326750d5838078e36cf38b85af677262	2026-09-11T07:15:30.6781822Z ##[endgroup]
Build deterministic integration package	Run actions/setup-python@a26af69be951a213d495a4c3e4e4022e16d87065	﻿2026-09-11T07:15:30.6977602Z Node 20 is being deprecated. This workflow is running with Node 24 by default. If you need to temporarily use Node 20, you can set the ACTIONS_ALLOW_USE_UNSECURE_NODE_VERSION=true environment variable. For more information see: https://github.blog/changelog/2025-09-19-deprecation-of-node-20-on-github-actions-runners/
Build deterministic integration package	Run actions/setup-python@a26af69be951a213d495a4c3e4e4022e16d87065	2026-09-11T07:15:30.6979923Z ##[group]Run actions/setup-python@a26af69be951a213d495a4c3e4e4022e16d87065
Build deterministic integration package	Run actions/setup-python@a26af69be951a213d495a4c3e4e4022e16d87065	2026-09-11T07:15:30.6980318Z with:
Build deterministic integration package	Run actions/setup-python@a26af69be951a213d495a4c3e4e4022e16d87065	2026-09-11T07:15:30.6980525Z   python-version: 3.11
Build deterministic integration package	Run actions/setup-python@a26af69be951a213d495a4c3e4e4022e16d87065	2026-09-11T07:15:30.6980759Z   check-latest: false
Build deterministic integration package	Run actions/setup-python@a26af69be951a213d495a4c3e4e4022e16d87065	2026-09-11T07:15:30.6983493Z   token: ***
Build deterministic integration package	Run actions/setup-python@a26af69be951a213d495a4c3e4e4022e16d87065	2026-09-11T07:15:30.6983727Z   update-environment: true
Build deterministic integration package	Run actions/setup-python@a26af69be951a213d495a4c3e4e4022e16d87065	2026-09-11T07:15:30.6983994Z   allow-prereleases: false
Build deterministic integration package	Run actions/setup-python@a26af69be951a213d495a4c3e4e4022e16d87065	2026-09-11T07:15:30.6984230Z   freethreaded: false
Build deterministic integration package	Run actions/setup-python@a26af69be951a213d495a4c3e4e4022e16d87065	2026-09-11T07:15:30.6984444Z env:
Build deterministic integration package	Run actions/setup-python@a26af69be951a213d495a4c3e4e4022e16d87065	2026-09-11T07:15:30.6984644Z   INTEGRATION_EVENT: pull_request
Build deterministic integration package	Run actions/setup-python@a26af69be951a213d495a4c3e4e4022e16d87065	2026-09-11T07:15:30.6984918Z   INTEGRATION_REF: refs/pull/446/merge
Build deterministic integration package	Run actions/setup-python@a26af69be951a213d495a4c3e4e4022e16d87065	2026-09-11T07:15:30.6985187Z   INTEGRATION_PR: 446
Build deterministic integration package	Run actions/setup-python@a26af69be951a213d495a4c3e4e4022e16d87065	2026-09-11T07:15:30.6985416Z   INTEGRATION_RETENTION_DAYS: 3
Build deterministic integration package	Run actions/setup-python@a26af69be951a213d495a4c3e4e4022e16d87065	2026-09-11T07:15:30.6985882Z   REHEARSAL_DIGEST_LINUX: 607e9eaa503881a3f78653e1290ed3212dc2f749c87907050385e2a5a73e1eb0
Build deterministic integration package	Run actions/setup-python@a26af69be951a213d495a4c3e4e4022e16d87065	2026-09-11T07:15:30.6986475Z   REHEARSAL_DIGEST_WINDOWS: 607e9eaa503881a3f78653e1290ed3212dc2f749c87907050385e2a5a73e1eb0
Build deterministic integration package	Run actions/setup-python@a26af69be951a213d495a4c3e4e4022e16d87065	2026-09-11T07:15:30.6986926Z   INTEGRATION_BUILD_VERSION: 1.2.2.post1
Build deterministic integration package	Run actions/setup-python@a26af69be951a213d495a4c3e4e4022e16d87065	2026-09-11T07:15:30.6987219Z   INTEGRATION_SETUPTOOLS_VERSION: 75.8.0
Build deterministic integration package	Run actions/setup-python@a26af69be951a213d495a4c3e4e4022e16d87065	2026-09-11T07:15:30.6987494Z   INTEGRATION_WHEEL_VERSION: 0.45.1
Build deterministic integration package	Run actions/setup-python@a26af69be951a213d495a4c3e4e4022e16d87065	2026-09-11T07:15:30.6987752Z   PYTHONNOUSERSITE: 1
Build deterministic integration package	Run actions/setup-python@a26af69be951a213d495a4c3e4e4022e16d87065	2026-09-11T07:15:30.6987974Z   PYTHONPATH: 
Build deterministic integration package	Run actions/setup-python@a26af69be951a213d495a4c3e4e4022e16d87065	2026-09-11T07:15:30.6988178Z ##[endgroup]
Build deterministic integration package	Run actions/setup-python@a26af69be951a213d495a4c3e4e4022e16d87065	2026-09-11T07:15:30.8419088Z ##[group]Installed versions
Build deterministic integration package	Run actions/setup-python@a26af69be951a213d495a4c3e4e4022e16d87065	2026-09-11T07:15:30.8909105Z (node:2320) [DEP0040] DeprecationWarning: The `punycode` module is deprecated. Please use a userland alternative instead.
Build deterministic integration package	Run actions/setup-python@a26af69be951a213d495a4c3e4e4022e16d87065	2026-09-11T07:15:30.8910292Z (Use `node --trace-deprecation ...` to show where the warning was created)
Build deterministic integration package	Run actions/setup-python@a26af69be951a213d495a4c3e4e4022e16d87065	2026-09-11T07:15:30.8911171Z Successfully set up CPython (3.11.16)
Build deterministic integration package	Run actions/setup-python@a26af69be951a213d495a4c3e4e4022e16d87065	2026-09-11T07:15:30.8912601Z ##[endgroup]
Build deterministic integration package	Install exact integration build tools	﻿2026-09-11T07:15:30.9081537Z ##[group]Run set -euo pipefail
Build deterministic integration package	Install exact integration build tools	2026-09-11T07:15:30.9081959Z ^[[36;1mset -euo pipefail^[[0m
Build deterministic integration package	Install exact integration build tools	2026-09-11T07:15:30.9082310Z ^[[36;1mpython -m pip install --disable-pip-version-check \^[[0m
Build deterministic integration package	Install exact integration build tools	2026-09-11T07:15:30.9082717Z ^[[36;1m  "build==$INTEGRATION_BUILD_VERSION" \^[[0m
Build deterministic integration package	Install exact integration build tools	2026-09-11T07:15:30.9083241Z ^[[36;1m  "setuptools==$INTEGRATION_SETUPTOOLS_VERSION" \^[[0m
Build deterministic integration package	Install exact integration build tools	2026-09-11T07:15:30.9083627Z ^[[36;1m  "wheel==$INTEGRATION_WHEEL_VERSION"^[[0m
Build deterministic integration package	Install exact integration build tools	2026-09-11T07:15:30.9168632Z shell: /usr/bin/bash --noprofile --norc -e -o pipefail {0}
Build deterministic integration package	Install exact integration build tools	2026-09-11T07:15:30.9169591Z env:
Build deterministic integration package	Install exact integration build tools	2026-09-11T07:15:30.9170148Z   INTEGRATION_EVENT: pull_request
Build deterministic integration package	Install exact integration build tools	2026-09-11T07:15:30.9170890Z   INTEGRATION_REF: refs/pull/446/merge
Build deterministic integration package	Install exact integration build tools	2026-09-11T07:15:30.9171720Z   INTEGRATION_PR: 446
Build deterministic integration package	Install exact integration build tools	2026-09-11T07:15:30.9172296Z   INTEGRATION_RETENTION_DAYS: 3
Build deterministic integration package	Install exact integration build tools	2026-09-11T07:15:30.9173342Z   REHEARSAL_DIGEST_LINUX: 607e9eaa503881a3f78653e1290ed3212dc2f749c87907050385e2a5a73e1eb0
Build deterministic integration package	Install exact integration build tools	2026-09-11T07:15:30.9174754Z   REHEARSAL_DIGEST_WINDOWS: 607e9eaa503881a3f78653e1290ed3212dc2f749c87907050385e2a5a73e1eb0
Build deterministic integration package	Install exact integration build tools	2026-09-11T07:15:30.9175522Z   INTEGRATION_BUILD_VERSION: 1.2.2.post1
Build deterministic integration package	Install exact integration build tools	2026-09-11T07:15:30.9175951Z   INTEGRATION_SETUPTOOLS_VERSION: 75.8.0
Build deterministic integration package	Install exact integration build tools	2026-09-11T07:15:30.9176593Z   INTEGRATION_WHEEL_VERSION: 0.45.1
Build deterministic integration package	Install exact integration build tools	2026-09-11T07:15:30.9177103Z   PYTHONNOUSERSITE: 1
Build deterministic integration package	Install exact integration build tools	2026-09-11T07:15:30.9177551Z   PYTHONPATH: 
Build deterministic integration package	Install exact integration build tools	2026-09-11T07:15:30.9178054Z   pythonLocation: /opt/hostedtoolcache/Python/3.11.16/x64
Build deterministic integration package	Install exact integration build tools	2026-09-11T07:15:30.9178615Z   PKG_CONFIG_PATH: /opt/hostedtoolcache/Python/3.11.16/x64/lib/pkgconfig
Build deterministic integration package	Install exact integration build tools	2026-09-11T07:15:30.9179312Z   Python_ROOT_DIR: /opt/hostedtoolcache/Python/3.11.16/x64
Build deterministic integration package	Install exact integration build tools	2026-09-11T07:15:30.9180021Z   Python2_ROOT_DIR: /opt/hostedtoolcache/Python/3.11.16/x64
Build deterministic integration package	Install exact integration build tools	2026-09-11T07:15:30.9180639Z   Python3_ROOT_DIR: /opt/hostedtoolcache/Python/3.11.16/x64
Build deterministic integration package	Install exact integration build tools	2026-09-11T07:15:30.9181409Z   LD_LIBRARY_PATH: /opt/hostedtoolcache/Python/3.11.16/x64/lib
Build deterministic integration package	Install exact integration build tools	2026-09-11T07:15:30.9181896Z ##[endgroup]
Build deterministic integration package	Install exact integration build tools	2026-09-11T07:15:33.5592838Z Collecting build==1.2.2.post1
Build deterministic integration package	Install exact integration build tools	2026-09-11T07:15:33.6262412Z   Downloading build-1.2.2.post1-py3-none-any.whl.metadata (6.5 kB)
Build deterministic integration package	Install exact integration build tools	2026-09-11T07:15:33.7339511Z Collecting setuptools==75.8.0
Build deterministic integration package	Install exact integration build tools	2026-09-11T07:15:33.7426515Z   Downloading setuptools-75.8.0-py3-none-any.whl.metadata (6.7 kB)
Build deterministic integration package	Install exact integration build tools	2026-09-11T07:15:33.7686597Z Collecting wheel==0.45.1
Build deterministic integration package	Install exact integration build tools	2026-09-11T07:15:33.7772484Z   Downloading wheel-0.45.1-py3-none-any.whl.metadata (2.3 kB)
Build deterministic integration package	Install exact integration build tools	2026-09-11T07:15:33.7976581Z Collecting packaging>=19.1 (from build==1.2.2.post1)
Build deterministic integration package	Install exact integration build tools	2026-09-11T07:15:33.8150246Z   Downloading packaging-26.3-py3-none-any.whl.metadata (3.5 kB)
Build deterministic integration package	Install exact integration build tools	2026-09-11T07:15:33.8309649Z Collecting pyproject_hooks (from build==1.2.2.post1)
Build deterministic integration package	Install exact integration build tools	2026-09-11T07:15:33.8391257Z   Downloading pyproject_hooks-1.2.0-py3-none-any.whl.metadata (1.3 kB)
Build deterministic integration package	Install exact integration build tools	2026-09-11T07:15:33.8521633Z Downloading build-1.2.2.post1-py3-none-any.whl (22 kB)
Build deterministic integration package	Install exact integration build tools	2026-09-11T07:15:33.8658357Z Downloading setuptools-75.8.0-py3-none-any.whl (1.2 MB)
Build deterministic integration package	Install exact integration build tools	2026-09-11T07:15:33.9054893Z    ━━━━━━━━━━━━━━━━━━━━━━━━━━━━━━━━━━━━━━━━ 1.2/1.2 MB 43.7 MB/s  0:00:00
Build deterministic integration package	Install exact integration build tools	2026-09-11T07:15:33.9129071Z Downloading wheel-0.45.1-py3-none-any.whl (72 kB)
Build deterministic integration package	Install exact integration build tools	2026-09-11T07:15:33.9223622Z Downloading packaging-26.3-py3-none-any.whl (129 kB)
Build deterministic integration package	Install exact integration build tools	2026-09-11T07:15:33.9320005Z Downloading pyproject_hooks-1.2.0-py3-none-any.whl (10 kB)
Build deterministic integration package	Install exact integration build tools	2026-09-11T07:15:34.0694346Z Installing collected packages: wheel, setuptools, pyproject_hooks, packaging, build
Build deterministic integration package	Install exact integration build tools	2026-09-11T07:15:34.1142196Z   Attempting uninstall: setuptools
Build deterministic integration package	Install exact integration build tools	2026-09-11T07:15:34.1155117Z     Found existing installation: setuptools 79.0.1
Build deterministic integration package	Install exact integration build tools	2026-09-11T07:15:34.2743087Z     Uninstalling setuptools-79.0.1:
Build deterministic integration package	Install exact integration build tools	2026-09-11T07:15:34.3011963Z       Successfully uninstalled setuptools-79.0.1
Build deterministic integration package	Install exact integration build tools	2026-09-11T07:15:35.1423092Z 
Build deterministic integration package	Install exact integration build tools	2026-09-11T07:15:35.1432868Z Successfully installed build-1.2.2.post1 packaging-26.3 pyproject_hooks-1.2.0 setuptools-75.8.0 wheel-0.45.1
Build deterministic integration package	Build twice and stage one canonical non-promotable payload	﻿2026-09-11T07:15:35.2044176Z ##[group]Run set -euo pipefail
Build deterministic integration package	Build twice and stage one canonical non-promotable payload	2026-09-11T07:15:35.2044538Z ^[[36;1mset -euo pipefail^[[0m
Build deterministic integration package	Build twice and stage one canonical non-promotable payload	2026-09-11T07:15:35.2044808Z ^[[36;1mintegration_args=(^[[0m
Build deterministic integration package	Build twice and stage one canonical non-promotable payload	2026-09-11T07:15:35.2045056Z ^[[36;1m  build^[[0m
Build deterministic integration package	Build twice and stage one canonical non-promotable payload	2026-09-11T07:15:35.2045324Z ^[[36;1m  --repository "$GITHUB_WORKSPACE"^[[0m
Build deterministic integration package	Build twice and stage one canonical non-promotable payload	2026-09-11T07:15:35.2045699Z ^[[36;1m  --repository-slug "$GITHUB_REPOSITORY"^[[0m
Build deterministic integration package	Build twice and stage one canonical non-promotable payload	2026-09-11T07:15:35.2046032Z ^[[36;1m  --commit "$GITHUB_SHA"^[[0m
Build deterministic integration package	Build twice and stage one canonical non-promotable payload	2026-09-11T07:15:35.2046316Z ^[[36;1m  --event "$INTEGRATION_EVENT"^[[0m
Build deterministic integration package	Build twice and stage one canonical non-promotable payload	2026-09-11T07:15:35.2046662Z ^[[36;1m  --ref "$INTEGRATION_REF"^[[0m
Build deterministic integration package	Build twice and stage one canonical non-promotable payload	2026-09-11T07:15:35.2047061Z ^[[36;1m  --workflow "$GITHUB_WORKFLOW"^[[0m
Build deterministic integration package	Build twice and stage one canonical non-promotable payload	2026-09-11T07:15:35.2047359Z ^[[36;1m  --run-id "$GITHUB_RUN_ID"^[[0m
Build deterministic integration package	Build twice and stage one canonical non-promotable payload	2026-09-11T07:15:35.2047661Z ^[[36;1m  --run-attempt "$GITHUB_RUN_ATTEMPT"^[[0m
Build deterministic integration package	Build twice and stage one canonical non-promotable payload	2026-09-11T07:15:35.2048025Z ^[[36;1m  --retention-days "$INTEGRATION_RETENTION_DAYS"^[[0m
Build deterministic integration package	Build twice and stage one canonical non-promotable payload	2026-09-11T07:15:35.2048444Z ^[[36;1m  --expect-build-version "$INTEGRATION_BUILD_VERSION"^[[0m
Build deterministic integration package	Build twice and stage one canonical non-promotable payload	2026-09-11T07:15:35.2048962Z ^[[36;1m  --expect-setuptools-version "$INTEGRATION_SETUPTOOLS_VERSION"^[[0m
Build deterministic integration package	Build twice and stage one canonical non-promotable payload	2026-09-11T07:15:35.2049476Z ^[[36;1m  --expect-wheel-version "$INTEGRATION_WHEEL_VERSION"^[[0m
Build deterministic integration package	Build twice and stage one canonical non-promotable payload	2026-09-11T07:15:35.2049884Z ^[[36;1m  --output "$RUNNER_TEMP/integration-payload"^[[0m
Build deterministic integration package	Build twice and stage one canonical non-promotable payload	2026-09-11T07:15:35.2050219Z ^[[36;1m)^[[0m
Build deterministic integration package	Build twice and stage one canonical non-promotable payload	2026-09-11T07:15:35.2050474Z ^[[36;1mif [[ -n "$INTEGRATION_PR" ]]; then^[[0m
Build deterministic integration package	Build twice and stage one canonical non-promotable payload	2026-09-11T07:15:35.2050948Z ^[[36;1m  integration_args+=(--pull-request "$INTEGRATION_PR")^[[0m
Build deterministic integration package	Build twice and stage one canonical non-promotable payload	2026-09-11T07:15:35.2051525Z ^[[36;1mfi^[[0m
Build deterministic integration package	Build twice and stage one canonical non-promotable payload	2026-09-11T07:15:35.2051929Z ^[[36;1mpython .github/scripts/build_integration_package.py "${integration_args[@]}"^[[0m
Build deterministic integration package	Build twice and stage one canonical non-promotable payload	2026-09-11T07:15:35.2089078Z shell: /usr/bin/bash --noprofile --norc -e -o pipefail {0}
Build deterministic integration package	Build twice and stage one canonical non-promotable payload	2026-09-11T07:15:35.2089429Z env:
Build deterministic integration package	Build twice and stage one canonical non-promotable payload	2026-09-11T07:15:35.2089645Z   INTEGRATION_EVENT: pull_request
Build deterministic integration package	Build twice and stage one canonical non-promotable payload	2026-09-11T07:15:35.2089931Z   INTEGRATION_REF: refs/pull/446/merge
Build deterministic integration package	Build twice and stage one canonical non-promotable payload	2026-09-11T07:15:35.2090206Z   INTEGRATION_PR: 446
Build deterministic integration package	Build twice and stage one canonical non-promotable payload	2026-09-11T07:15:35.2090439Z   INTEGRATION_RETENTION_DAYS: 3
Build deterministic integration package	Build twice and stage one canonical non-promotable payload	2026-09-11T07:15:35.2090877Z   REHEARSAL_DIGEST_LINUX: 607e9eaa503881a3f78653e1290ed3212dc2f749c87907050385e2a5a73e1eb0
Build deterministic integration package	Build twice and stage one canonical non-promotable payload	2026-09-11T07:15:35.2091756Z   REHEARSAL_DIGEST_WINDOWS: 607e9eaa503881a3f78653e1290ed3212dc2f749c87907050385e2a5a73e1eb0
Build deterministic integration package	Build twice and stage one canonical non-promotable payload	2026-09-11T07:15:35.2092230Z   INTEGRATION_BUILD_VERSION: 1.2.2.post1
Build deterministic integration package	Build twice and stage one canonical non-promotable payload	2026-09-11T07:15:35.2092528Z   INTEGRATION_SETUPTOOLS_VERSION: 75.8.0
Build deterministic integration package	Build twice and stage one canonical non-promotable payload	2026-09-11T07:15:35.2092808Z   INTEGRATION_WHEEL_VERSION: 0.45.1
Build deterministic integration package	Build twice and stage one canonical non-promotable payload	2026-09-11T07:15:35.2093070Z   PYTHONNOUSERSITE: 1
Build deterministic integration package	Build twice and stage one canonical non-promotable payload	2026-09-11T07:15:35.2093292Z   PYTHONPATH: 
Build deterministic integration package	Build twice and stage one canonical non-promotable payload	2026-09-11T07:15:35.2093565Z   pythonLocation: /opt/hostedtoolcache/Python/3.11.16/x64
Build deterministic integration package	Build twice and stage one canonical non-promotable payload	2026-09-11T07:15:35.2094164Z   PKG_CONFIG_PATH: /opt/hostedtoolcache/Python/3.11.16/x64/lib/pkgconfig
Build deterministic integration package	Build twice and stage one canonical non-promotable payload	2026-09-11T07:15:35.2094596Z   Python_ROOT_DIR: /opt/hostedtoolcache/Python/3.11.16/x64
Build deterministic integration package	Build twice and stage one canonical non-promotable payload	2026-09-11T07:15:35.2094983Z   Python2_ROOT_DIR: /opt/hostedtoolcache/Python/3.11.16/x64
Build deterministic integration package	Build twice and stage one canonical non-promotable payload	2026-09-11T07:15:35.2095369Z   Python3_ROOT_DIR: /opt/hostedtoolcache/Python/3.11.16/x64
Build deterministic integration package	Build twice and stage one canonical non-promotable payload	2026-09-11T07:15:35.2095763Z   LD_LIBRARY_PATH: /opt/hostedtoolcache/Python/3.11.16/x64/lib
Build deterministic integration package	Build twice and stage one canonical non-promotable payload	2026-09-11T07:15:35.2096098Z ##[endgroup]
Build deterministic integration package	Build twice and stage one canonical non-promotable payload	2026-09-11T07:15:44.1833635Z {"commit":"4755b2dcbb97e37701b9436814423c264eb177f3","output":"/home/runner/work/_temp/integration-payload","result":"pass","schema":"se-harness-integration-package-v1","version":"0.18.0+pr446.g4755b2dcbb97","wheel":{"filename":"se_harness-0.18.0+pr446.g4755b2dcbb97-py3-none-any.whl","sha256":"6ac4c74aca6688c3f8fa4a1c1c4ff0cc42bc60f5635fbb907bdb280c081ba962","size":486736}}
Build deterministic integration package	Upload one-day staging bytes	﻿2026-09-11T07:15:44.2112919Z Node 20 is being deprecated. This workflow is running with Node 24 by default. If you need to temporarily use Node 20, you can set the ACTIONS_ALLOW_USE_UNSECURE_NODE_VERSION=true environment variable. For more information see: https://github.blog/changelog/2025-09-19-deprecation-of-node-20-on-github-actions-runners/
Build deterministic integration package	Upload one-day staging bytes	2026-09-11T07:15:44.2114350Z ##[group]Run actions/upload-artifact@ea165f8d65b6e75b540449e92b4886f43607fa02
Build deterministic integration package	Upload one-day staging bytes	2026-09-11T07:15:44.2114745Z with:
Build deterministic integration package	Upload one-day staging bytes	2026-09-11T07:15:44.2115088Z   name: integration-package-staging-4755b2dcbb97e37701b9436814423c264eb177f3
Build deterministic integration package	Upload one-day staging bytes	2026-09-11T07:15:44.2115556Z   path: /home/runner/work/_temp/integration-payload/
Build deterministic integration package	Upload one-day staging bytes	2026-09-11T07:15:44.2115871Z   if-no-files-found: error
Build deterministic integration package	Upload one-day staging bytes	2026-09-11T07:15:44.2116110Z   retention-days: 1
Build deterministic integration package	Upload one-day staging bytes	2026-09-11T07:15:44.2116330Z   compression-level: 6
Build deterministic integration package	Upload one-day staging bytes	2026-09-11T07:15:44.2116550Z   overwrite: false
Build deterministic integration package	Upload one-day staging bytes	2026-09-11T07:15:44.2116768Z   include-hidden-files: false
Build deterministic integration package	Upload one-day staging bytes	2026-09-11T07:15:44.2117008Z env:
Build deterministic integration package	Upload one-day staging bytes	2026-09-11T07:15:44.2117222Z   INTEGRATION_EVENT: pull_request
Build deterministic integration package	Upload one-day staging bytes	2026-09-11T07:15:44.2117543Z   INTEGRATION_REF: refs/pull/446/merge
Build deterministic integration package	Upload one-day staging bytes	2026-09-11T07:15:44.2117830Z   INTEGRATION_PR: 446
Build deterministic integration package	Upload one-day staging bytes	2026-09-11T07:15:44.2118063Z   INTEGRATION_RETENTION_DAYS: 3
Build deterministic integration package	Upload one-day staging bytes	2026-09-11T07:15:44.2118473Z   REHEARSAL_DIGEST_LINUX: 607e9eaa503881a3f78653e1290ed3212dc2f749c87907050385e2a5a73e1eb0
Build deterministic integration package	Upload one-day staging bytes	2026-09-11T07:15:44.2119086Z   REHEARSAL_DIGEST_WINDOWS: 607e9eaa503881a3f78653e1290ed3212dc2f749c87907050385e2a5a73e1eb0
Build deterministic integration package	Upload one-day staging bytes	2026-09-11T07:15:44.2119550Z   INTEGRATION_BUILD_VERSION: 1.2.2.post1
Build deterministic integration package	Upload one-day staging bytes	2026-09-11T07:15:44.2119840Z   INTEGRATION_SETUPTOOLS_VERSION: 75.8.0
Build deterministic integration package	Upload one-day staging bytes	2026-09-11T07:15:44.2120116Z   INTEGRATION_WHEEL_VERSION: 0.45.1
Build deterministic integration package	Upload one-day staging bytes	2026-09-11T07:15:44.2120373Z   PYTHONNOUSERSITE: 1
Build deterministic integration package	Upload one-day staging bytes	2026-09-11T07:15:44.2120590Z   PYTHONPATH: 
Build deterministic integration package	Upload one-day staging bytes	2026-09-11T07:15:44.2120859Z   pythonLocation: /opt/hostedtoolcache/Python/3.11.16/x64
Build deterministic integration package	Upload one-day staging bytes	2026-09-11T07:15:44.2121540Z   PKG_CONFIG_PATH: /opt/hostedtoolcache/Python/3.11.16/x64/lib/pkgconfig
Build deterministic integration package	Upload one-day staging bytes	2026-09-11T07:15:44.2121995Z   Python_ROOT_DIR: /opt/hostedtoolcache/Python/3.11.16/x64
Build deterministic integration package	Upload one-day staging bytes	2026-09-11T07:15:44.2122376Z   Python2_ROOT_DIR: /opt/hostedtoolcache/Python/3.11.16/x64
Build deterministic integration package	Upload one-day staging bytes	2026-09-11T07:15:44.2122775Z   Python3_ROOT_DIR: /opt/hostedtoolcache/Python/3.11.16/x64
Build deterministic integration package	Upload one-day staging bytes	2026-09-11T07:15:44.2123160Z   LD_LIBRARY_PATH: /opt/hostedtoolcache/Python/3.11.16/x64/lib
Build deterministic integration package	Upload one-day staging bytes	2026-09-11T07:15:44.2123483Z ##[endgroup]
Build deterministic integration package	Upload one-day staging bytes	2026-09-11T07:15:44.3790272Z (node:2369) [DEP0040] DeprecationWarning: The `punycode` module is deprecated. Please use a userland alternative instead.
Build deterministic integration package	Upload one-day staging bytes	2026-09-11T07:15:44.3791056Z (Use `node --trace-deprecation ...` to show where the warning was created)
Build deterministic integration package	Upload one-day staging bytes	2026-09-11T07:15:44.3862323Z With the provided path, there will be 3 files uploaded
Build deterministic integration package	Upload one-day staging bytes	2026-09-11T07:15:44.3882624Z Artifact name is valid!
Build deterministic integration package	Upload one-day staging bytes	2026-09-11T07:15:44.3883322Z Root directory input is valid!
Build deterministic integration package	Upload one-day staging bytes	2026-09-11T07:15:44.8043659Z Beginning upload of artifact content to blob storage
Build deterministic integration package	Upload one-day staging bytes	2026-09-11T07:15:44.8455993Z (node:2369) [DEP0169] DeprecationWarning: `url.parse()` behavior is not standardized and prone to errors that have security implications. Use the WHATWG URL API instead. CVEs are not issued for `url.parse()` vulnerabilities.
Build deterministic integration package	Upload one-day staging bytes	2026-09-11T07:15:45.4696909Z Uploaded bytes 472525
Build deterministic integration package	Upload one-day staging bytes	2026-09-11T07:15:45.5519246Z Finished uploading artifact content to blob storage!
Build deterministic integration package	Upload one-day staging bytes	2026-09-11T07:15:45.5520638Z SHA256 digest of uploaded artifact zip is 1ee9bdc8d87750cff0b831a602da5243c12539810b4af40787a01717a68825e9
Build deterministic integration package	Upload one-day staging bytes	2026-09-11T07:15:45.5522674Z Finalizing artifact upload
Build deterministic integration package	Upload one-day staging bytes	2026-09-11T07:15:45.8158944Z Artifact integration-package-staging-4755b2dcbb97e37701b9436814423c264eb177f3.zip successfully finalized. Artifact ID 10188700012
Build deterministic integration package	Upload one-day staging bytes	2026-09-11T07:15:45.8161144Z Artifact integration-package-staging-4755b2dcbb97e37701b9436814423c264eb177f3 has been successfully uploaded! Final size is 472525 bytes. Artifact ID is 10188700012
Build deterministic integration package	Upload one-day staging bytes	2026-09-11T07:15:45.8163083Z Artifact download URL: https://github.com/mmzen/se_harness/actions/runs/34573132476/artifacts/10188700012
Build deterministic integration package	Post Run actions/setup-python@a26af69be951a213d495a4c3e4e4022e16d87065	﻿2026-09-11T07:15:45.8336362Z Node 20 is being deprecated. This workflow is running with Node 24 by default. If you need to temporarily use Node 20, you can set the ACTIONS_ALLOW_USE_UNSECURE_NODE_VERSION=true environment variable. For more information see: https://github.blog/changelog/2025-09-19-deprecation-of-node-20-on-github-actions-runners/
Build deterministic integration package	Post Run actions/setup-python@a26af69be951a213d495a4c3e4e4022e16d87065	2026-09-11T07:15:45.8337646Z Post job cleanup.
Build deterministic integration package	Post Run actions/setup-python@a26af69be951a213d495a4c3e4e4022e16d87065	2026-09-11T07:15:45.9543077Z (node:2382) [DEP0040] DeprecationWarning: The `punycode` module is deprecated. Please use a userland alternative instead.
Build deterministic integration package	Post Run actions/setup-python@a26af69be951a213d495a4c3e4e4022e16d87065	2026-09-11T07:15:45.9544501Z (Use `node --trace-deprecation ...` to show where the warning was created)
Build deterministic integration package	Post Run actions/checkout@11d5960a326750d5838078e36cf38b85af677262	﻿2026-09-11T07:15:45.9717264Z Node 20 is being deprecated. This workflow is running with Node 24 by default. If you need to temporarily use Node 20, you can set the ACTIONS_ALLOW_USE_UNSECURE_NODE_VERSION=true environment variable. For more information see: https://github.blog/changelog/2025-09-19-deprecation-of-node-20-on-github-actions-runners/
Build deterministic integration package	Post Run actions/checkout@11d5960a326750d5838078e36cf38b85af677262	2026-09-11T07:15:45.9718547Z Post job cleanup.
Build deterministic integration package	Post Run actions/checkout@11d5960a326750d5838078e36cf38b85af677262	2026-09-11T07:15:46.0619968Z [command]/usr/bin/git version
Build deterministic integration package	Post Run actions/checkout@11d5960a326750d5838078e36cf38b85af677262	2026-09-11T07:15:46.0667135Z git version 2.55.0
Build deterministic integration package	Post Run actions/checkout@11d5960a326750d5838078e36cf38b85af677262	2026-09-11T07:15:46.0710177Z Temporarily overriding HOME='/home/runner/work/_temp/09cb4942-9de8-4a38-8909-99a904af72be' before making global git config changes
Build deterministic integration package	Post Run actions/checkout@11d5960a326750d5838078e36cf38b85af677262	2026-09-11T07:15:46.0711869Z Adding repository directory to the temporary git global config as a safe directory
Build deterministic integration package	Post Run actions/checkout@11d5960a326750d5838078e36cf38b85af677262	2026-09-11T07:15:46.0717401Z [command]/usr/bin/git config --global --add safe.directory /home/runner/work/se_harness/se_harness
Build deterministic integration package	Post Run actions/checkout@11d5960a326750d5838078e36cf38b85af677262	2026-09-11T07:15:46.0760758Z [command]/usr/bin/git config --local --name-only --get-regexp core\.sshCommand
Build deterministic integration package	Post Run actions/checkout@11d5960a326750d5838078e36cf38b85af677262	2026-09-11T07:15:46.0817085Z [command]/usr/bin/git submodule foreach --recursive sh -c "git config --local --name-only --get-regexp 'core\.sshCommand' && git config --local --unset-all 'core.sshCommand' || :"
Build deterministic integration package	Post Run actions/checkout@11d5960a326750d5838078e36cf38b85af677262	2026-09-11T07:15:46.1091879Z [command]/usr/bin/git config --local --name-only --get-regexp http\.https\:\/\/github\.com\/\.extraheader
Build deterministic integration package	Post Run actions/checkout@11d5960a326750d5838078e36cf38b85af677262	2026-09-11T07:15:46.1133811Z [command]/usr/bin/git submodule foreach --recursive sh -c "git config --local --name-only --get-regexp 'http\.https\:\/\/github\.com\/\.extraheader' && git config --local --unset-all 'http.https://github.com/.extraheader' || :"
Build deterministic integration package	Post Run actions/checkout@11d5960a326750d5838078e36cf38b85af677262	2026-09-11T07:15:46.1430037Z [command]/usr/bin/git config --local --name-only --get-regexp ^includeIf\.gitdir:
Build deterministic integration package	Post Run actions/checkout@11d5960a326750d5838078e36cf38b85af677262	2026-09-11T07:15:46.1470450Z [command]/usr/bin/git submodule foreach --recursive git config --local --show-origin --name-only --get-regexp remote.origin.url
Build deterministic integration package	Complete job	﻿2026-09-11T07:15:46.1978029Z Cleaning up orphan processes
Build deterministic integration package	Complete job	2026-09-11T07:15:46.2281655Z ##[warning]Node.js 20 is deprecated. The following actions target Node.js 20 but are being forced to run on Node.js 24: actions/checkout@11d5960a326750d5838078e36cf38b85af677262, actions/setup-python@a26af69be951a213d495a4c3e4e4022e16d87065, actions/upload-artifact@ea165f8d65b6e75b540449e92b4886f43607fa02. For more information see: https://github.blog/changelog/2025-09-19-deprecation-of-node-20-on-github-actions-runners/
