Upgrade rehearsal (Windows)	Set up job	﻿2026-09-11T07:11:46.4509852Z Current runner version: '2.337.0'
Upgrade rehearsal (Windows)	Set up job	2026-09-11T07:11:46.4569927Z ##[group]Runner Image Provisioner
Upgrade rehearsal (Windows)	Set up job	2026-09-11T07:11:46.4571167Z Hosted Compute Agent
Upgrade rehearsal (Windows)	Set up job	2026-09-11T07:11:46.4571994Z Version: 20260828.587
Upgrade rehearsal (Windows)	Set up job	2026-09-11T07:11:46.4572913Z Commit: abac92662cab4cc7352de4f9f9d2e2419aad9c29
Upgrade rehearsal (Windows)	Set up job	2026-09-11T07:11:46.4573974Z Build Date: 2026-08-28T16:44:25Z
Upgrade rehearsal (Windows)	Set up job	2026-09-11T07:11:46.4574971Z Worker ID: {3b7b5d23-df17-4a8e-bc41-92f37052350e}
Upgrade rehearsal (Windows)	Set up job	2026-09-11T07:11:46.4576091Z Azure Region: eastus2
Upgrade rehearsal (Windows)	Set up job	2026-09-11T07:11:46.4576890Z ##[endgroup]
Upgrade rehearsal (Windows)	Set up job	2026-09-11T07:11:46.4579309Z ##[group]Operating System
Upgrade rehearsal (Windows)	Set up job	2026-09-11T07:11:46.4580320Z Microsoft Windows Server 2025
Upgrade rehearsal (Windows)	Set up job	2026-09-11T07:11:46.4581230Z 10.0.26100
Upgrade rehearsal (Windows)	Set up job	2026-09-11T07:11:46.4582087Z Datacenter
Upgrade rehearsal (Windows)	Set up job	2026-09-11T07:11:46.4582786Z ##[endgroup]
Upgrade rehearsal (Windows)	Set up job	2026-09-11T07:11:46.4583574Z ##[group]Runner Image
Upgrade rehearsal (Windows)	Set up job	2026-09-11T07:11:46.4584408Z Image: windows-2025-vs2026
Upgrade rehearsal (Windows)	Set up job	2026-09-11T07:11:46.4585315Z Version: 20260907.229.1
Upgrade rehearsal (Windows)	Set up job	2026-09-11T07:11:46.4587064Z Included Software: https://github.com/actions/runner-images/blob/win25-vs2026/20260907.229/images/windows/Windows2025-VS2026-Readme.md
Upgrade rehearsal (Windows)	Set up job	2026-09-11T07:11:46.4590475Z Image Release: https://github.com/actions/runner-images/releases/tag/win25-vs2026%2F20260907.229
Upgrade rehearsal (Windows)	Set up job	2026-09-11T07:11:46.4592018Z ##[endgroup]
Upgrade rehearsal (Windows)	Set up job	2026-09-11T07:11:46.4594139Z ##[group]GITHUB_TOKEN Permissions
Upgrade rehearsal (Windows)	Set up job	2026-09-11T07:11:46.4597309Z Contents: read
Upgrade rehearsal (Windows)	Set up job	2026-09-11T07:11:46.4598206Z Metadata: read
Upgrade rehearsal (Windows)	Set up job	2026-09-11T07:11:46.4598975Z ##[endgroup]
Upgrade rehearsal (Windows)	Set up job	2026-09-11T07:11:46.4601821Z Secret source: Actions
Upgrade rehearsal (Windows)	Set up job	2026-09-11T07:11:46.4603225Z Cache mode: write
Upgrade rehearsal (Windows)	Set up job	2026-09-11T07:11:46.4604264Z Prepare workflow directory
Upgrade rehearsal (Windows)	Set up job	2026-09-11T07:11:46.5180804Z Prepare all required actions
Upgrade rehearsal (Windows)	Set up job	2026-09-11T07:11:46.5234071Z Getting action download info
Upgrade rehearsal (Windows)	Set up job	2026-09-11T07:11:46.7144939Z Download action repository 'actions/checkout@11d5960a326750d5838078e36cf38b85af677262' (SHA:11d5960a326750d5838078e36cf38b85af677262)
Upgrade rehearsal (Windows)	Set up job	2026-09-11T07:11:46.8447410Z Download action repository 'actions/setup-python@a26af69be951a213d495a4c3e4e4022e16d87065' (SHA:a26af69be951a213d495a4c3e4e4022e16d87065)
Upgrade rehearsal (Windows)	Set up job	2026-09-11T07:11:46.9918253Z Download action repository 'actions/download-artifact@d3f86a106a0bac45b974a628896c90dbdf5c8093' (SHA:d3f86a106a0bac45b974a628896c90dbdf5c8093)
Upgrade rehearsal (Windows)	Set up job	2026-09-11T07:11:47.2539633Z Download action repository 'actions/upload-artifact@ea165f8d65b6e75b540449e92b4886f43607fa02' (SHA:ea165f8d65b6e75b540449e92b4886f43607fa02)
Upgrade rehearsal (Windows)	Set up job	2026-09-11T07:11:47.5782546Z Complete job name: Upgrade rehearsal (Windows)
Upgrade rehearsal (Windows)	Run actions/checkout@11d5960a326750d5838078e36cf38b85af677262	﻿2026-09-11T07:11:47.7255171Z Node 20 is being deprecated. This workflow is running with Node 24 by default. If you need to temporarily use Node 20, you can set the ACTIONS_ALLOW_USE_UNSECURE_NODE_VERSION=true environment variable. For more information see: https://github.blog/changelog/2025-09-19-deprecation-of-node-20-on-github-actions-runners/
Upgrade rehearsal (Windows)	Run actions/checkout@11d5960a326750d5838078e36cf38b85af677262	2026-09-11T07:11:47.7266028Z ##[group]Run actions/checkout@11d5960a326750d5838078e36cf38b85af677262
Upgrade rehearsal (Windows)	Run actions/checkout@11d5960a326750d5838078e36cf38b85af677262	2026-09-11T07:11:47.7267098Z with:
Upgrade rehearsal (Windows)	Run actions/checkout@11d5960a326750d5838078e36cf38b85af677262	2026-09-11T07:11:47.7267628Z   fetch-depth: 0
Upgrade rehearsal (Windows)	Run actions/checkout@11d5960a326750d5838078e36cf38b85af677262	2026-09-11T07:11:47.7268198Z   persist-credentials: false
Upgrade rehearsal (Windows)	Run actions/checkout@11d5960a326750d5838078e36cf38b85af677262	2026-09-11T07:11:47.7268904Z   repository: mmzen/se_harness
Upgrade rehearsal (Windows)	Run actions/checkout@11d5960a326750d5838078e36cf38b85af677262	2026-09-11T07:11:47.7273302Z   token: ***
Upgrade rehearsal (Windows)	Run actions/checkout@11d5960a326750d5838078e36cf38b85af677262	2026-09-11T07:11:47.7273846Z   ssh-strict: true
Upgrade rehearsal (Windows)	Run actions/checkout@11d5960a326750d5838078e36cf38b85af677262	2026-09-11T07:11:47.7274391Z   ssh-user: git
Upgrade rehearsal (Windows)	Run actions/checkout@11d5960a326750d5838078e36cf38b85af677262	2026-09-11T07:11:47.7274915Z   clean: true
Upgrade rehearsal (Windows)	Run actions/checkout@11d5960a326750d5838078e36cf38b85af677262	2026-09-11T07:11:47.7275452Z   sparse-checkout-cone-mode: true
Upgrade rehearsal (Windows)	Run actions/checkout@11d5960a326750d5838078e36cf38b85af677262	2026-09-11T07:11:47.7276103Z   fetch-tags: false
Upgrade rehearsal (Windows)	Run actions/checkout@11d5960a326750d5838078e36cf38b85af677262	2026-09-11T07:11:47.7276663Z   show-progress: true
Upgrade rehearsal (Windows)	Run actions/checkout@11d5960a326750d5838078e36cf38b85af677262	2026-09-11T07:11:47.7277198Z   lfs: false
Upgrade rehearsal (Windows)	Run actions/checkout@11d5960a326750d5838078e36cf38b85af677262	2026-09-11T07:11:47.7277851Z   submodules: false
Upgrade rehearsal (Windows)	Run actions/checkout@11d5960a326750d5838078e36cf38b85af677262	2026-09-11T07:11:47.7278392Z   set-safe-directory: true
Upgrade rehearsal (Windows)	Run actions/checkout@11d5960a326750d5838078e36cf38b85af677262	2026-09-11T07:11:47.7279748Z   allow-unsafe-pr-checkout: false
Upgrade rehearsal (Windows)	Run actions/checkout@11d5960a326750d5838078e36cf38b85af677262	2026-09-11T07:11:47.7280707Z env:
Upgrade rehearsal (Windows)	Run actions/checkout@11d5960a326750d5838078e36cf38b85af677262	2026-09-11T07:11:47.7281215Z   PREDECESSOR_VERSION: 0.17.0
Upgrade rehearsal (Windows)	Run actions/checkout@11d5960a326750d5838078e36cf38b85af677262	2026-09-11T07:11:47.7282226Z   PREDECESSOR_WHEEL_SHA256: 305c7cbc79f87baa76ea3bea939b134999f9cad3bfdfa0b4c9c2fd2d9caacced
Upgrade rehearsal (Windows)	Run actions/checkout@11d5960a326750d5838078e36cf38b85af677262	2026-09-11T07:11:47.7283242Z   PYTHONNOUSERSITE: 1
Upgrade rehearsal (Windows)	Run actions/checkout@11d5960a326750d5838078e36cf38b85af677262	2026-09-11T07:11:47.7283799Z   PYTHONPATH: 
Upgrade rehearsal (Windows)	Run actions/checkout@11d5960a326750d5838078e36cf38b85af677262	2026-09-11T07:11:47.7284371Z ##[endgroup]
Upgrade rehearsal (Windows)	Run actions/checkout@11d5960a326750d5838078e36cf38b85af677262	2026-09-11T07:11:47.8804911Z Syncing repository: mmzen/se_harness
Upgrade rehearsal (Windows)	Run actions/checkout@11d5960a326750d5838078e36cf38b85af677262	2026-09-11T07:11:47.8810405Z ##[group]Getting Git version info
Upgrade rehearsal (Windows)	Run actions/checkout@11d5960a326750d5838078e36cf38b85af677262	2026-09-11T07:11:47.8811162Z Working directory is 'D:\a\se_harness\se_harness'
Upgrade rehearsal (Windows)	Run actions/checkout@11d5960a326750d5838078e36cf38b85af677262	2026-09-11T07:11:47.9584116Z [command]"C:\Program Files\Git\bin\git.exe" version
Upgrade rehearsal (Windows)	Run actions/checkout@11d5960a326750d5838078e36cf38b85af677262	2026-09-11T07:11:48.3149637Z git version 2.55.0.windows.5
Upgrade rehearsal (Windows)	Run actions/checkout@11d5960a326750d5838078e36cf38b85af677262	2026-09-11T07:11:48.3196027Z ##[endgroup]
Upgrade rehearsal (Windows)	Run actions/checkout@11d5960a326750d5838078e36cf38b85af677262	2026-09-11T07:11:48.3215814Z Temporarily overriding HOME='D:\a\_temp\630a8ffe-af48-43f0-a384-c1fc294a3a85' before making global git config changes
Upgrade rehearsal (Windows)	Run actions/checkout@11d5960a326750d5838078e36cf38b85af677262	2026-09-11T07:11:48.3227289Z Adding repository directory to the temporary git global config as a safe directory
Upgrade rehearsal (Windows)	Run actions/checkout@11d5960a326750d5838078e36cf38b85af677262	2026-09-11T07:11:48.3229747Z [command]"C:\Program Files\Git\bin\git.exe" config --global --add safe.directory D:\a\se_harness\se_harness
Upgrade rehearsal (Windows)	Run actions/checkout@11d5960a326750d5838078e36cf38b85af677262	2026-09-11T07:11:48.3950204Z Deleting the contents of 'D:\a\se_harness\se_harness'
Upgrade rehearsal (Windows)	Run actions/checkout@11d5960a326750d5838078e36cf38b85af677262	2026-09-11T07:11:48.3956771Z ##[group]Initializing the repository
Upgrade rehearsal (Windows)	Run actions/checkout@11d5960a326750d5838078e36cf38b85af677262	2026-09-11T07:11:48.3965940Z [command]"C:\Program Files\Git\bin\git.exe" init D:\a\se_harness\se_harness
Upgrade rehearsal (Windows)	Run actions/checkout@11d5960a326750d5838078e36cf38b85af677262	2026-09-11T07:11:48.4980281Z Initialized empty Git repository in D:/a/se_harness/se_harness/.git/
Upgrade rehearsal (Windows)	Run actions/checkout@11d5960a326750d5838078e36cf38b85af677262	2026-09-11T07:11:48.5037173Z [command]"C:\Program Files\Git\bin\git.exe" remote add origin https://github.com/mmzen/se_harness
Upgrade rehearsal (Windows)	Run actions/checkout@11d5960a326750d5838078e36cf38b85af677262	2026-09-11T07:11:48.5741510Z ##[endgroup]
Upgrade rehearsal (Windows)	Run actions/checkout@11d5960a326750d5838078e36cf38b85af677262	2026-09-11T07:11:48.5743636Z ##[group]Disabling automatic garbage collection
Upgrade rehearsal (Windows)	Run actions/checkout@11d5960a326750d5838078e36cf38b85af677262	2026-09-11T07:11:48.5751523Z [command]"C:\Program Files\Git\bin\git.exe" config --local gc.auto 0
Upgrade rehearsal (Windows)	Run actions/checkout@11d5960a326750d5838078e36cf38b85af677262	2026-09-11T07:11:48.6060904Z ##[endgroup]
Upgrade rehearsal (Windows)	Run actions/checkout@11d5960a326750d5838078e36cf38b85af677262	2026-09-11T07:11:48.6063027Z ##[group]Setting up auth
Upgrade rehearsal (Windows)	Run actions/checkout@11d5960a326750d5838078e36cf38b85af677262	2026-09-11T07:11:48.6074256Z [command]"C:\Program Files\Git\bin\git.exe" config --local --name-only --get-regexp core\.sshCommand
Upgrade rehearsal (Windows)	Run actions/checkout@11d5960a326750d5838078e36cf38b85af677262	2026-09-11T07:11:48.6384368Z [command]"C:\Program Files\Git\bin\git.exe" submodule foreach --recursive "sh -c \"git config --local --name-only --get-regexp 'core\.sshCommand' && git config --local --unset-all 'core.sshCommand' || :\""
Upgrade rehearsal (Windows)	Run actions/checkout@11d5960a326750d5838078e36cf38b85af677262	2026-09-11T07:11:50.1116973Z [command]"C:\Program Files\Git\bin\git.exe" config --local --name-only --get-regexp http\.https\:\/\/github\.com\/\.extraheader
Upgrade rehearsal (Windows)	Run actions/checkout@11d5960a326750d5838078e36cf38b85af677262	2026-09-11T07:11:50.1426194Z [command]"C:\Program Files\Git\bin\git.exe" submodule foreach --recursive "sh -c \"git config --local --name-only --get-regexp 'http\.https\:\/\/github\.com\/\.extraheader' && git config --local --unset-all 'http.https://github.com/.extraheader' || :\""
Upgrade rehearsal (Windows)	Run actions/checkout@11d5960a326750d5838078e36cf38b85af677262	2026-09-11T07:11:50.6762926Z [command]"C:\Program Files\Git\bin\git.exe" config --local --name-only --get-regexp ^includeIf\.gitdir:
Upgrade rehearsal (Windows)	Run actions/checkout@11d5960a326750d5838078e36cf38b85af677262	2026-09-11T07:11:50.7080338Z [command]"C:\Program Files\Git\bin\git.exe" submodule foreach --recursive "git config --local --show-origin --name-only --get-regexp remote.origin.url"
Upgrade rehearsal (Windows)	Run actions/checkout@11d5960a326750d5838078e36cf38b85af677262	2026-09-11T07:11:51.2380821Z [command]"C:\Program Files\Git\bin\git.exe" config --local http.https://github.com/.extraheader "AUTHORIZATION: basic ***"
Upgrade rehearsal (Windows)	Run actions/checkout@11d5960a326750d5838078e36cf38b85af677262	2026-09-11T07:11:51.2727434Z ##[endgroup]
Upgrade rehearsal (Windows)	Run actions/checkout@11d5960a326750d5838078e36cf38b85af677262	2026-09-11T07:11:51.2728321Z ##[group]Fetching the repository
Upgrade rehearsal (Windows)	Run actions/checkout@11d5960a326750d5838078e36cf38b85af677262	2026-09-11T07:11:51.2744038Z [command]"C:\Program Files\Git\bin\git.exe" -c protocol.version=2 fetch --prune --no-recurse-submodules origin +refs/heads/*:refs/remotes/origin/* +refs/tags/*:refs/tags/* +4755b2dcbb97e37701b9436814423c264eb177f3:refs/remotes/pull/446/merge
Upgrade rehearsal (Windows)	Run actions/checkout@11d5960a326750d5838078e36cf38b85af677262	2026-09-11T07:11:53.8262812Z From https://github.com/mmzen/se_harness
Upgrade rehearsal (Windows)	Run actions/checkout@11d5960a326750d5838078e36cf38b85af677262	2026-09-11T07:11:53.8265905Z  * [new branch]        artifacts/plugin-implementation          -> origin/artifacts/plugin-implementation
Upgrade rehearsal (Windows)	Run actions/checkout@11d5960a326750d5838078e36cf38b85af677262	2026-09-11T07:11:53.8267545Z  * [new branch]        definitions/plg010-delegation            -> origin/definitions/plg010-delegation
Upgrade rehearsal (Windows)	Run actions/checkout@11d5960a326750d5838078e36cf38b85af677262	2026-09-11T07:11:53.8268588Z  * [new branch]        definitions/plg011-delegation            -> origin/definitions/plg011-delegation
Upgrade rehearsal (Windows)	Run actions/checkout@11d5960a326750d5838078e36cf38b85af677262	2026-09-11T07:11:53.8269628Z  * [new branch]        definitions/plg012-delegation            -> origin/definitions/plg012-delegation
Upgrade rehearsal (Windows)	Run actions/checkout@11d5960a326750d5838078e36cf38b85af677262	2026-09-11T07:11:53.8270884Z  * [new branch]        definitions/plg017-path-repair           -> origin/definitions/plg017-path-repair
Upgrade rehearsal (Windows)	Run actions/checkout@11d5960a326750d5838078e36cf38b85af677262	2026-09-11T07:11:53.8271703Z  * [new branch]        main                                     -> origin/main
Upgrade rehearsal (Windows)	Run actions/checkout@11d5960a326750d5838078e36cf38b85af677262	2026-09-11T07:11:53.8272370Z  * [new branch]        notes/plugin-installation-proposal       -> origin/notes/plugin-installation-proposal
Upgrade rehearsal (Windows)	Run actions/checkout@11d5960a326750d5838078e36cf38b85af677262	2026-09-11T07:11:53.8274291Z  * [new branch]        notes/plugin-proposal-assessment-2026-09-08 -> origin/notes/plugin-proposal-assessment-2026-09-08
Upgrade rehearsal (Windows)	Run actions/checkout@11d5960a326750d5838078e36cf38b85af677262	2026-09-11T07:11:53.8275746Z  * [new branch]        release/0.10                             -> origin/release/0.10
Upgrade rehearsal (Windows)	Run actions/checkout@11d5960a326750d5838078e36cf38b85af677262	2026-09-11T07:11:53.8276640Z  * [new branch]        release/0.11                             -> origin/release/0.11
Upgrade rehearsal (Windows)	Run actions/checkout@11d5960a326750d5838078e36cf38b85af677262	2026-09-11T07:11:53.8277453Z  * [new branch]        release/0.12                             -> origin/release/0.12
Upgrade rehearsal (Windows)	Run actions/checkout@11d5960a326750d5838078e36cf38b85af677262	2026-09-11T07:11:53.8278460Z  * [new branch]        release/0.12.0                           -> origin/release/0.12.0
Upgrade rehearsal (Windows)	Run actions/checkout@11d5960a326750d5838078e36cf38b85af677262	2026-09-11T07:11:53.8279176Z  * [new branch]        release/0.13                             -> origin/release/0.13
Upgrade rehearsal (Windows)	Run actions/checkout@11d5960a326750d5838078e36cf38b85af677262	2026-09-11T07:11:53.8279887Z  * [new branch]        release/0.13.0                           -> origin/release/0.13.0
Upgrade rehearsal (Windows)	Run actions/checkout@11d5960a326750d5838078e36cf38b85af677262	2026-09-11T07:11:53.8280588Z  * [new branch]        release/0.14                             -> origin/release/0.14
Upgrade rehearsal (Windows)	Run actions/checkout@11d5960a326750d5838078e36cf38b85af677262	2026-09-11T07:11:53.8281303Z  * [new branch]        release/0.14.0                           -> origin/release/0.14.0
Upgrade rehearsal (Windows)	Run actions/checkout@11d5960a326750d5838078e36cf38b85af677262	2026-09-11T07:11:53.8282025Z  * [new branch]        release/0.15                             -> origin/release/0.15
Upgrade rehearsal (Windows)	Run actions/checkout@11d5960a326750d5838078e36cf38b85af677262	2026-09-11T07:11:53.8282763Z  * [new branch]        release/0.15.0                           -> origin/release/0.15.0
Upgrade rehearsal (Windows)	Run actions/checkout@11d5960a326750d5838078e36cf38b85af677262	2026-09-11T07:11:53.8283469Z  * [new branch]        release/0.16                             -> origin/release/0.16
Upgrade rehearsal (Windows)	Run actions/checkout@11d5960a326750d5838078e36cf38b85af677262	2026-09-11T07:11:53.8284150Z  * [new branch]        release/0.16.0                           -> origin/release/0.16.0
Upgrade rehearsal (Windows)	Run actions/checkout@11d5960a326750d5838078e36cf38b85af677262	2026-09-11T07:11:53.8284894Z  * [new branch]        release/0.17                             -> origin/release/0.17
Upgrade rehearsal (Windows)	Run actions/checkout@11d5960a326750d5838078e36cf38b85af677262	2026-09-11T07:11:53.8285661Z  * [new branch]        release/0.17.0                           -> origin/release/0.17.0
Upgrade rehearsal (Windows)	Run actions/checkout@11d5960a326750d5838078e36cf38b85af677262	2026-09-11T07:11:53.8286378Z  * [new branch]        release/0.2.0                            -> origin/release/0.2.0
Upgrade rehearsal (Windows)	Run actions/checkout@11d5960a326750d5838078e36cf38b85af677262	2026-09-11T07:11:53.8287110Z  * [new branch]        release/0.2.1                            -> origin/release/0.2.1
Upgrade rehearsal (Windows)	Run actions/checkout@11d5960a326750d5838078e36cf38b85af677262	2026-09-11T07:11:53.8287808Z  * [new branch]        release/0.2.2                            -> origin/release/0.2.2
Upgrade rehearsal (Windows)	Run actions/checkout@11d5960a326750d5838078e36cf38b85af677262	2026-09-11T07:11:53.8288467Z  * [new branch]        release/0.3.0                            -> origin/release/0.3.0
Upgrade rehearsal (Windows)	Run actions/checkout@11d5960a326750d5838078e36cf38b85af677262	2026-09-11T07:11:53.8289148Z  * [new branch]        release/0.4.0                            -> origin/release/0.4.0
Upgrade rehearsal (Windows)	Run actions/checkout@11d5960a326750d5838078e36cf38b85af677262	2026-09-11T07:11:53.8290788Z  * [new branch]        release/0.6                              -> origin/release/0.6
Upgrade rehearsal (Windows)	Run actions/checkout@11d5960a326750d5838078e36cf38b85af677262	2026-09-11T07:11:53.8291490Z  * [new branch]        release/0.7                              -> origin/release/0.7
Upgrade rehearsal (Windows)	Run actions/checkout@11d5960a326750d5838078e36cf38b85af677262	2026-09-11T07:11:53.8292151Z  * [new branch]        release/0.8                              -> origin/release/0.8
Upgrade rehearsal (Windows)	Run actions/checkout@11d5960a326750d5838078e36cf38b85af677262	2026-09-11T07:11:53.8292795Z  * [new branch]        release/0.9                              -> origin/release/0.9
Upgrade rehearsal (Windows)	Run actions/checkout@11d5960a326750d5838078e36cf38b85af677262	2026-09-11T07:11:53.8293596Z  * [new branch]        work/plugin-change-skill                 -> origin/work/plugin-change-skill
Upgrade rehearsal (Windows)	Run actions/checkout@11d5960a326750d5838078e36cf38b85af677262	2026-09-11T07:11:53.8294734Z  * [new branch]        work/plugin-evidence-path-repair         -> origin/work/plugin-evidence-path-repair
Upgrade rehearsal (Windows)	Run actions/checkout@11d5960a326750d5838078e36cf38b85af677262	2026-09-11T07:11:53.8296550Z  * [new branch]        work/plugin-evidence-skill               -> origin/work/plugin-evidence-skill
Upgrade rehearsal (Windows)	Run actions/checkout@11d5960a326750d5838078e36cf38b85af677262	2026-09-11T07:11:53.8297209Z  * [new branch]        work/plugin-retained-skills              -> origin/work/plugin-retained-skills
Upgrade rehearsal (Windows)	Run actions/checkout@11d5960a326750d5838078e36cf38b85af677262	2026-09-11T07:11:53.8297702Z  * [new tag]           last                                     -> last
Upgrade rehearsal (Windows)	Run actions/checkout@11d5960a326750d5838078e36cf38b85af677262	2026-09-11T07:11:53.8298091Z  * [new tag]           v0.10.0                                  -> v0.10.0
Upgrade rehearsal (Windows)	Run actions/checkout@11d5960a326750d5838078e36cf38b85af677262	2026-09-11T07:11:53.8298444Z  * [new tag]           v0.11.0                                  -> v0.11.0
Upgrade rehearsal (Windows)	Run actions/checkout@11d5960a326750d5838078e36cf38b85af677262	2026-09-11T07:11:53.8298782Z  * [new tag]           v0.12.0                                  -> v0.12.0
Upgrade rehearsal (Windows)	Run actions/checkout@11d5960a326750d5838078e36cf38b85af677262	2026-09-11T07:11:53.8299105Z  * [new tag]           v0.13.0                                  -> v0.13.0
Upgrade rehearsal (Windows)	Run actions/checkout@11d5960a326750d5838078e36cf38b85af677262	2026-09-11T07:11:53.8299433Z  * [new tag]           v0.14.0                                  -> v0.14.0
Upgrade rehearsal (Windows)	Run actions/checkout@11d5960a326750d5838078e36cf38b85af677262	2026-09-11T07:11:53.8299997Z  * [new tag]           v0.15.0                                  -> v0.15.0
Upgrade rehearsal (Windows)	Run actions/checkout@11d5960a326750d5838078e36cf38b85af677262	2026-09-11T07:11:53.8300328Z  * [new tag]           v0.16.0                                  -> v0.16.0
Upgrade rehearsal (Windows)	Run actions/checkout@11d5960a326750d5838078e36cf38b85af677262	2026-09-11T07:11:53.8300660Z  * [new tag]           v0.17.0                                  -> v0.17.0
Upgrade rehearsal (Windows)	Run actions/checkout@11d5960a326750d5838078e36cf38b85af677262	2026-09-11T07:11:53.8301011Z  * [new tag]           v0.2.0                                   -> v0.2.0
Upgrade rehearsal (Windows)	Run actions/checkout@11d5960a326750d5838078e36cf38b85af677262	2026-09-11T07:11:53.8301358Z  * [new tag]           v0.2.1                                   -> v0.2.1
Upgrade rehearsal (Windows)	Run actions/checkout@11d5960a326750d5838078e36cf38b85af677262	2026-09-11T07:11:53.8301835Z  * [new tag]           v0.2.2                                   -> v0.2.2
Upgrade rehearsal (Windows)	Run actions/checkout@11d5960a326750d5838078e36cf38b85af677262	2026-09-11T07:11:53.8302199Z  * [new tag]           v0.3.0                                   -> v0.3.0
Upgrade rehearsal (Windows)	Run actions/checkout@11d5960a326750d5838078e36cf38b85af677262	2026-09-11T07:11:53.8302540Z  * [new tag]           v0.4.0                                   -> v0.4.0
Upgrade rehearsal (Windows)	Run actions/checkout@11d5960a326750d5838078e36cf38b85af677262	2026-09-11T07:11:53.8302864Z  * [new tag]           v0.4.1                                   -> v0.4.1
Upgrade rehearsal (Windows)	Run actions/checkout@11d5960a326750d5838078e36cf38b85af677262	2026-09-11T07:11:53.8303197Z  * [new tag]           v0.5.0                                   -> v0.5.0
Upgrade rehearsal (Windows)	Run actions/checkout@11d5960a326750d5838078e36cf38b85af677262	2026-09-11T07:11:53.8303568Z  * [new tag]           v0.5.0a1                                 -> v0.5.0a1
Upgrade rehearsal (Windows)	Run actions/checkout@11d5960a326750d5838078e36cf38b85af677262	2026-09-11T07:11:53.8303910Z  * [new tag]           v0.6.0                                   -> v0.6.0
Upgrade rehearsal (Windows)	Run actions/checkout@11d5960a326750d5838078e36cf38b85af677262	2026-09-11T07:11:53.8304272Z  * [new tag]           v0.7.0                                   -> v0.7.0
Upgrade rehearsal (Windows)	Run actions/checkout@11d5960a326750d5838078e36cf38b85af677262	2026-09-11T07:11:53.8304780Z  * [new tag]           v0.7.1                                   -> v0.7.1
Upgrade rehearsal (Windows)	Run actions/checkout@11d5960a326750d5838078e36cf38b85af677262	2026-09-11T07:11:53.8305129Z  * [new tag]           v0.8.0                                   -> v0.8.0
Upgrade rehearsal (Windows)	Run actions/checkout@11d5960a326750d5838078e36cf38b85af677262	2026-09-11T07:11:53.8305459Z  * [new tag]           v0.9.0                                   -> v0.9.0
Upgrade rehearsal (Windows)	Run actions/checkout@11d5960a326750d5838078e36cf38b85af677262	2026-09-11T07:11:53.8305846Z  * [new ref]           4755b2dcbb97e37701b9436814423c264eb177f3 -> pull/446/merge
Upgrade rehearsal (Windows)	Run actions/checkout@11d5960a326750d5838078e36cf38b85af677262	2026-09-11T07:11:53.8318454Z ##[endgroup]
Upgrade rehearsal (Windows)	Run actions/checkout@11d5960a326750d5838078e36cf38b85af677262	2026-09-11T07:11:53.8319005Z ##[group]Determining the checkout info
Upgrade rehearsal (Windows)	Run actions/checkout@11d5960a326750d5838078e36cf38b85af677262	2026-09-11T07:11:53.8320341Z ##[endgroup]
Upgrade rehearsal (Windows)	Run actions/checkout@11d5960a326750d5838078e36cf38b85af677262	2026-09-11T07:11:53.8329765Z [command]"C:\Program Files\Git\bin\git.exe" sparse-checkout disable
Upgrade rehearsal (Windows)	Run actions/checkout@11d5960a326750d5838078e36cf38b85af677262	2026-09-11T07:11:53.8789785Z [command]"C:\Program Files\Git\bin\git.exe" config --local --unset-all extensions.worktreeConfig
Upgrade rehearsal (Windows)	Run actions/checkout@11d5960a326750d5838078e36cf38b85af677262	2026-09-11T07:11:53.9080839Z ##[group]Checking out the ref
Upgrade rehearsal (Windows)	Run actions/checkout@11d5960a326750d5838078e36cf38b85af677262	2026-09-11T07:11:53.9090389Z [command]"C:\Program Files\Git\bin\git.exe" checkout --progress --force refs/remotes/pull/446/merge
Upgrade rehearsal (Windows)	Run actions/checkout@11d5960a326750d5838078e36cf38b85af677262	2026-09-11T07:11:55.0333564Z Updating files:  44% (3642/8190)
Upgrade rehearsal (Windows)	Run actions/checkout@11d5960a326750d5838078e36cf38b85af677262	2026-09-11T07:11:55.0538952Z Updating files:  45% (3686/8190)
Upgrade rehearsal (Windows)	Run actions/checkout@11d5960a326750d5838078e36cf38b85af677262	2026-09-11T07:11:55.0789444Z Updating files:  46% (3768/8190)
Upgrade rehearsal (Windows)	Run actions/checkout@11d5960a326750d5838078e36cf38b85af677262	2026-09-11T07:11:55.0984526Z Updating files:  47% (3850/8190)
Upgrade rehearsal (Windows)	Run actions/checkout@11d5960a326750d5838078e36cf38b85af677262	2026-09-11T07:11:55.1200477Z Updating files:  48% (3932/8190)
Upgrade rehearsal (Windows)	Run actions/checkout@11d5960a326750d5838078e36cf38b85af677262	2026-09-11T07:11:55.1757954Z Updating files:  49% (4014/8190)
Upgrade rehearsal (Windows)	Run actions/checkout@11d5960a326750d5838078e36cf38b85af677262	2026-09-11T07:11:55.2185973Z Updating files:  50% (4095/8190)
Upgrade rehearsal (Windows)	Run actions/checkout@11d5960a326750d5838078e36cf38b85af677262	2026-09-11T07:11:55.2370957Z Updating files:  51% (4177/8190)
Upgrade rehearsal (Windows)	Run actions/checkout@11d5960a326750d5838078e36cf38b85af677262	2026-09-11T07:11:55.2572568Z Updating files:  52% (4259/8190)
Upgrade rehearsal (Windows)	Run actions/checkout@11d5960a326750d5838078e36cf38b85af677262	2026-09-11T07:11:55.2841548Z Updating files:  53% (4341/8190)
Upgrade rehearsal (Windows)	Run actions/checkout@11d5960a326750d5838078e36cf38b85af677262	2026-09-11T07:11:55.3020097Z Updating files:  54% (4423/8190)
Upgrade rehearsal (Windows)	Run actions/checkout@11d5960a326750d5838078e36cf38b85af677262	2026-09-11T07:11:55.3205994Z Updating files:  55% (4505/8190)
Upgrade rehearsal (Windows)	Run actions/checkout@11d5960a326750d5838078e36cf38b85af677262	2026-09-11T07:11:55.3409689Z Updating files:  56% (4587/8190)
Upgrade rehearsal (Windows)	Run actions/checkout@11d5960a326750d5838078e36cf38b85af677262	2026-09-11T07:11:55.3615216Z Updating files:  57% (4669/8190)
Upgrade rehearsal (Windows)	Run actions/checkout@11d5960a326750d5838078e36cf38b85af677262	2026-09-11T07:11:55.3924432Z Updating files:  58% (4751/8190)
Upgrade rehearsal (Windows)	Run actions/checkout@11d5960a326750d5838078e36cf38b85af677262	2026-09-11T07:11:55.4130796Z Updating files:  59% (4833/8190)
Upgrade rehearsal (Windows)	Run actions/checkout@11d5960a326750d5838078e36cf38b85af677262	2026-09-11T07:11:55.4316926Z Updating files:  60% (4914/8190)
Upgrade rehearsal (Windows)	Run actions/checkout@11d5960a326750d5838078e36cf38b85af677262	2026-09-11T07:11:55.4504091Z Updating files:  61% (4996/8190)
Upgrade rehearsal (Windows)	Run actions/checkout@11d5960a326750d5838078e36cf38b85af677262	2026-09-11T07:11:55.4682594Z Updating files:  62% (5078/8190)
Upgrade rehearsal (Windows)	Run actions/checkout@11d5960a326750d5838078e36cf38b85af677262	2026-09-11T07:11:55.4857679Z Updating files:  63% (5160/8190)
Upgrade rehearsal (Windows)	Run actions/checkout@11d5960a326750d5838078e36cf38b85af677262	2026-09-11T07:11:55.5057316Z Updating files:  64% (5242/8190)
Upgrade rehearsal (Windows)	Run actions/checkout@11d5960a326750d5838078e36cf38b85af677262	2026-09-11T07:11:55.5254584Z Updating files:  65% (5324/8190)
Upgrade rehearsal (Windows)	Run actions/checkout@11d5960a326750d5838078e36cf38b85af677262	2026-09-11T07:11:55.5697617Z Updating files:  66% (5406/8190)
Upgrade rehearsal (Windows)	Run actions/checkout@11d5960a326750d5838078e36cf38b85af677262	2026-09-11T07:11:55.5893742Z Updating files:  67% (5488/8190)
Upgrade rehearsal (Windows)	Run actions/checkout@11d5960a326750d5838078e36cf38b85af677262	2026-09-11T07:11:55.6080218Z Updating files:  68% (5570/8190)
Upgrade rehearsal (Windows)	Run actions/checkout@11d5960a326750d5838078e36cf38b85af677262	2026-09-11T07:11:55.6332481Z Updating files:  69% (5652/8190)
Upgrade rehearsal (Windows)	Run actions/checkout@11d5960a326750d5838078e36cf38b85af677262	2026-09-11T07:11:55.6533672Z Updating files:  70% (5733/8190)
Upgrade rehearsal (Windows)	Run actions/checkout@11d5960a326750d5838078e36cf38b85af677262	2026-09-11T07:11:55.6779420Z Updating files:  71% (5815/8190)
Upgrade rehearsal (Windows)	Run actions/checkout@11d5960a326750d5838078e36cf38b85af677262	2026-09-11T07:11:55.7486003Z Updating files:  72% (5897/8190)
Upgrade rehearsal (Windows)	Run actions/checkout@11d5960a326750d5838078e36cf38b85af677262	2026-09-11T07:11:55.7802590Z Updating files:  73% (5979/8190)
Upgrade rehearsal (Windows)	Run actions/checkout@11d5960a326750d5838078e36cf38b85af677262	2026-09-11T07:11:55.7988229Z Updating files:  74% (6061/8190)
Upgrade rehearsal (Windows)	Run actions/checkout@11d5960a326750d5838078e36cf38b85af677262	2026-09-11T07:11:55.8155307Z Updating files:  75% (6143/8190)
Upgrade rehearsal (Windows)	Run actions/checkout@11d5960a326750d5838078e36cf38b85af677262	2026-09-11T07:11:55.8345788Z Updating files:  76% (6225/8190)
Upgrade rehearsal (Windows)	Run actions/checkout@11d5960a326750d5838078e36cf38b85af677262	2026-09-11T07:11:55.8550442Z Updating files:  77% (6307/8190)
Upgrade rehearsal (Windows)	Run actions/checkout@11d5960a326750d5838078e36cf38b85af677262	2026-09-11T07:11:55.8781648Z Updating files:  78% (6389/8190)
Upgrade rehearsal (Windows)	Run actions/checkout@11d5960a326750d5838078e36cf38b85af677262	2026-09-11T07:11:55.9023884Z Updating files:  79% (6471/8190)
Upgrade rehearsal (Windows)	Run actions/checkout@11d5960a326750d5838078e36cf38b85af677262	2026-09-11T07:11:55.9261961Z Updating files:  80% (6552/8190)
Upgrade rehearsal (Windows)	Run actions/checkout@11d5960a326750d5838078e36cf38b85af677262	2026-09-11T07:11:55.9472788Z Updating files:  81% (6634/8190)
Upgrade rehearsal (Windows)	Run actions/checkout@11d5960a326750d5838078e36cf38b85af677262	2026-09-11T07:11:55.9689581Z Updating files:  82% (6716/8190)
Upgrade rehearsal (Windows)	Run actions/checkout@11d5960a326750d5838078e36cf38b85af677262	2026-09-11T07:11:55.9926144Z Updating files:  83% (6798/8190)
Upgrade rehearsal (Windows)	Run actions/checkout@11d5960a326750d5838078e36cf38b85af677262	2026-09-11T07:11:56.0033539Z Updating files:  84% (6880/8190)
Upgrade rehearsal (Windows)	Run actions/checkout@11d5960a326750d5838078e36cf38b85af677262	2026-09-11T07:11:56.0120073Z Updating files:  84% (6927/8190)
Upgrade rehearsal (Windows)	Run actions/checkout@11d5960a326750d5838078e36cf38b85af677262	2026-09-11T07:11:56.0315173Z Updating files:  85% (6962/8190)
Upgrade rehearsal (Windows)	Run actions/checkout@11d5960a326750d5838078e36cf38b85af677262	2026-09-11T07:11:56.0544386Z Updating files:  86% (7044/8190)
Upgrade rehearsal (Windows)	Run actions/checkout@11d5960a326750d5838078e36cf38b85af677262	2026-09-11T07:11:56.0761777Z Updating files:  87% (7126/8190)
Upgrade rehearsal (Windows)	Run actions/checkout@11d5960a326750d5838078e36cf38b85af677262	2026-09-11T07:11:56.0986073Z Updating files:  88% (7208/8190)
Upgrade rehearsal (Windows)	Run actions/checkout@11d5960a326750d5838078e36cf38b85af677262	2026-09-11T07:11:56.1198777Z Updating files:  89% (7290/8190)
Upgrade rehearsal (Windows)	Run actions/checkout@11d5960a326750d5838078e36cf38b85af677262	2026-09-11T07:11:56.1636565Z Updating files:  90% (7371/8190)
Upgrade rehearsal (Windows)	Run actions/checkout@11d5960a326750d5838078e36cf38b85af677262	2026-09-11T07:11:56.1949626Z Updating files:  91% (7453/8190)
Upgrade rehearsal (Windows)	Run actions/checkout@11d5960a326750d5838078e36cf38b85af677262	2026-09-11T07:11:56.2209311Z Updating files:  92% (7535/8190)
Upgrade rehearsal (Windows)	Run actions/checkout@11d5960a326750d5838078e36cf38b85af677262	2026-09-11T07:11:56.2731795Z Updating files:  93% (7617/8190)
Upgrade rehearsal (Windows)	Run actions/checkout@11d5960a326750d5838078e36cf38b85af677262	2026-09-11T07:11:56.4327916Z Updating files:  94% (7699/8190)
Upgrade rehearsal (Windows)	Run actions/checkout@11d5960a326750d5838078e36cf38b85af677262	2026-09-11T07:11:56.4533452Z Updating files:  95% (7781/8190)
Upgrade rehearsal (Windows)	Run actions/checkout@11d5960a326750d5838078e36cf38b85af677262	2026-09-11T07:11:56.4764989Z Updating files:  96% (7863/8190)
Upgrade rehearsal (Windows)	Run actions/checkout@11d5960a326750d5838078e36cf38b85af677262	2026-09-11T07:11:56.5008380Z Updating files:  97% (7945/8190)
Upgrade rehearsal (Windows)	Run actions/checkout@11d5960a326750d5838078e36cf38b85af677262	2026-09-11T07:11:56.5231369Z Updating files:  98% (8027/8190)
Upgrade rehearsal (Windows)	Run actions/checkout@11d5960a326750d5838078e36cf38b85af677262	2026-09-11T07:11:56.5534974Z Updating files:  99% (8109/8190)
Upgrade rehearsal (Windows)	Run actions/checkout@11d5960a326750d5838078e36cf38b85af677262	2026-09-11T07:11:56.5535695Z Updating files: 100% (8190/8190)
Upgrade rehearsal (Windows)	Run actions/checkout@11d5960a326750d5838078e36cf38b85af677262	2026-09-11T07:11:56.5535972Z Updating files: 100% (8190/8190), done.
Upgrade rehearsal (Windows)	Run actions/checkout@11d5960a326750d5838078e36cf38b85af677262	2026-09-11T07:11:56.5757382Z Note: switching to 'refs/remotes/pull/446/merge'.
Upgrade rehearsal (Windows)	Run actions/checkout@11d5960a326750d5838078e36cf38b85af677262	2026-09-11T07:11:56.5757730Z 
Upgrade rehearsal (Windows)	Run actions/checkout@11d5960a326750d5838078e36cf38b85af677262	2026-09-11T07:11:56.5757937Z You are in 'detached HEAD' state. You can look around, make experimental
Upgrade rehearsal (Windows)	Run actions/checkout@11d5960a326750d5838078e36cf38b85af677262	2026-09-11T07:11:56.5758399Z changes and commit them, and you can discard any commits you make in this
Upgrade rehearsal (Windows)	Run actions/checkout@11d5960a326750d5838078e36cf38b85af677262	2026-09-11T07:11:56.5758846Z state without impacting any branches by switching back to a branch.
Upgrade rehearsal (Windows)	Run actions/checkout@11d5960a326750d5838078e36cf38b85af677262	2026-09-11T07:11:56.5759207Z 
Upgrade rehearsal (Windows)	Run actions/checkout@11d5960a326750d5838078e36cf38b85af677262	2026-09-11T07:11:56.5759487Z If you want to create a new branch to retain commits you create, you may
Upgrade rehearsal (Windows)	Run actions/checkout@11d5960a326750d5838078e36cf38b85af677262	2026-09-11T07:11:56.5760235Z do so (now or later) by using -c with the switch command. Example:
Upgrade rehearsal (Windows)	Run actions/checkout@11d5960a326750d5838078e36cf38b85af677262	2026-09-11T07:11:56.5760486Z 
Upgrade rehearsal (Windows)	Run actions/checkout@11d5960a326750d5838078e36cf38b85af677262	2026-09-11T07:11:56.5760617Z   git switch -c <new-branch-name>
Upgrade rehearsal (Windows)	Run actions/checkout@11d5960a326750d5838078e36cf38b85af677262	2026-09-11T07:11:56.5760793Z 
Upgrade rehearsal (Windows)	Run actions/checkout@11d5960a326750d5838078e36cf38b85af677262	2026-09-11T07:11:56.5760883Z Or undo this operation with:
Upgrade rehearsal (Windows)	Run actions/checkout@11d5960a326750d5838078e36cf38b85af677262	2026-09-11T07:11:56.5761039Z 
Upgrade rehearsal (Windows)	Run actions/checkout@11d5960a326750d5838078e36cf38b85af677262	2026-09-11T07:11:56.5761118Z   git switch -
Upgrade rehearsal (Windows)	Run actions/checkout@11d5960a326750d5838078e36cf38b85af677262	2026-09-11T07:11:56.5761239Z 
Upgrade rehearsal (Windows)	Run actions/checkout@11d5960a326750d5838078e36cf38b85af677262	2026-09-11T07:11:56.5761467Z Turn off this advice by setting config variable advice.detachedHead to false
Upgrade rehearsal (Windows)	Run actions/checkout@11d5960a326750d5838078e36cf38b85af677262	2026-09-11T07:11:56.5761762Z 
Upgrade rehearsal (Windows)	Run actions/checkout@11d5960a326750d5838078e36cf38b85af677262	2026-09-11T07:11:56.5762101Z HEAD is now at 4755b2dc Merge aea16859a3ea106e33f759098712cf80f83f3843 into 731014d8fa58ba193f6eaf05af3408ed5c41e43f
Upgrade rehearsal (Windows)	Run actions/checkout@11d5960a326750d5838078e36cf38b85af677262	2026-09-11T07:11:56.5953354Z ##[endgroup]
Upgrade rehearsal (Windows)	Run actions/checkout@11d5960a326750d5838078e36cf38b85af677262	2026-09-11T07:11:56.6341782Z [command]"C:\Program Files\Git\bin\git.exe" log -1 --format=%H
Upgrade rehearsal (Windows)	Run actions/checkout@11d5960a326750d5838078e36cf38b85af677262	2026-09-11T07:11:56.6610415Z 4755b2dcbb97e37701b9436814423c264eb177f3
Upgrade rehearsal (Windows)	Run actions/checkout@11d5960a326750d5838078e36cf38b85af677262	2026-09-11T07:11:56.6654048Z ##[group]Removing auth
Upgrade rehearsal (Windows)	Run actions/checkout@11d5960a326750d5838078e36cf38b85af677262	2026-09-11T07:11:56.6663740Z [command]"C:\Program Files\Git\bin\git.exe" config --local --name-only --get-regexp core\.sshCommand
Upgrade rehearsal (Windows)	Run actions/checkout@11d5960a326750d5838078e36cf38b85af677262	2026-09-11T07:11:56.6955757Z [command]"C:\Program Files\Git\bin\git.exe" submodule foreach --recursive "sh -c \"git config --local --name-only --get-regexp 'core\.sshCommand' && git config --local --unset-all 'core.sshCommand' || :\""
Upgrade rehearsal (Windows)	Run actions/checkout@11d5960a326750d5838078e36cf38b85af677262	2026-09-11T07:11:57.2081041Z [command]"C:\Program Files\Git\bin\git.exe" config --local --name-only --get-regexp http\.https\:\/\/github\.com\/\.extraheader
Upgrade rehearsal (Windows)	Run actions/checkout@11d5960a326750d5838078e36cf38b85af677262	2026-09-11T07:11:57.2344409Z http.https://github.com/.extraheader
Upgrade rehearsal (Windows)	Run actions/checkout@11d5960a326750d5838078e36cf38b85af677262	2026-09-11T07:11:57.2385145Z [command]"C:\Program Files\Git\bin\git.exe" config --local --unset-all http.https://github.com/.extraheader
Upgrade rehearsal (Windows)	Run actions/checkout@11d5960a326750d5838078e36cf38b85af677262	2026-09-11T07:11:57.2698502Z [command]"C:\Program Files\Git\bin\git.exe" submodule foreach --recursive "sh -c \"git config --local --name-only --get-regexp 'http\.https\:\/\/github\.com\/\.extraheader' && git config --local --unset-all 'http.https://github.com/.extraheader' || :\""
Upgrade rehearsal (Windows)	Run actions/checkout@11d5960a326750d5838078e36cf38b85af677262	2026-09-11T07:11:57.8583534Z [command]"C:\Program Files\Git\bin\git.exe" config --local --name-only --get-regexp ^includeIf\.gitdir:
Upgrade rehearsal (Windows)	Run actions/checkout@11d5960a326750d5838078e36cf38b85af677262	2026-09-11T07:11:57.8882823Z [command]"C:\Program Files\Git\bin\git.exe" submodule foreach --recursive "git config --local --show-origin --name-only --get-regexp remote.origin.url"
Upgrade rehearsal (Windows)	Run actions/checkout@11d5960a326750d5838078e36cf38b85af677262	2026-09-11T07:11:58.4118063Z ##[endgroup]
Upgrade rehearsal (Windows)	Run actions/setup-python@a26af69be951a213d495a4c3e4e4022e16d87065	﻿2026-09-11T07:11:58.4553340Z Node 20 is being deprecated. This workflow is running with Node 24 by default. If you need to temporarily use Node 20, you can set the ACTIONS_ALLOW_USE_UNSECURE_NODE_VERSION=true environment variable. For more information see: https://github.blog/changelog/2025-09-19-deprecation-of-node-20-on-github-actions-runners/
Upgrade rehearsal (Windows)	Run actions/setup-python@a26af69be951a213d495a4c3e4e4022e16d87065	2026-09-11T07:11:58.4555601Z ##[group]Run actions/setup-python@a26af69be951a213d495a4c3e4e4022e16d87065
Upgrade rehearsal (Windows)	Run actions/setup-python@a26af69be951a213d495a4c3e4e4022e16d87065	2026-09-11T07:11:58.4555978Z with:
Upgrade rehearsal (Windows)	Run actions/setup-python@a26af69be951a213d495a4c3e4e4022e16d87065	2026-09-11T07:11:58.4556171Z   python-version: 3.11
Upgrade rehearsal (Windows)	Run actions/setup-python@a26af69be951a213d495a4c3e4e4022e16d87065	2026-09-11T07:11:58.4556396Z   check-latest: false
Upgrade rehearsal (Windows)	Run actions/setup-python@a26af69be951a213d495a4c3e4e4022e16d87065	2026-09-11T07:11:58.4558839Z   token: ***
Upgrade rehearsal (Windows)	Run actions/setup-python@a26af69be951a213d495a4c3e4e4022e16d87065	2026-09-11T07:11:58.4559050Z   update-environment: true
Upgrade rehearsal (Windows)	Run actions/setup-python@a26af69be951a213d495a4c3e4e4022e16d87065	2026-09-11T07:11:58.4559287Z   allow-prereleases: false
Upgrade rehearsal (Windows)	Run actions/setup-python@a26af69be951a213d495a4c3e4e4022e16d87065	2026-09-11T07:11:58.4559495Z   freethreaded: false
Upgrade rehearsal (Windows)	Run actions/setup-python@a26af69be951a213d495a4c3e4e4022e16d87065	2026-09-11T07:11:58.4559773Z env:
Upgrade rehearsal (Windows)	Run actions/setup-python@a26af69be951a213d495a4c3e4e4022e16d87065	2026-09-11T07:11:58.4560347Z   PREDECESSOR_VERSION: 0.17.0
Upgrade rehearsal (Windows)	Run actions/setup-python@a26af69be951a213d495a4c3e4e4022e16d87065	2026-09-11T07:11:58.4560798Z   PREDECESSOR_WHEEL_SHA256: 305c7cbc79f87baa76ea3bea939b134999f9cad3bfdfa0b4c9c2fd2d9caacced
Upgrade rehearsal (Windows)	Run actions/setup-python@a26af69be951a213d495a4c3e4e4022e16d87065	2026-09-11T07:11:58.4561233Z   PYTHONNOUSERSITE: 1
Upgrade rehearsal (Windows)	Run actions/setup-python@a26af69be951a213d495a4c3e4e4022e16d87065	2026-09-11T07:11:58.4561479Z   PYTHONPATH: 
Upgrade rehearsal (Windows)	Run actions/setup-python@a26af69be951a213d495a4c3e4e4022e16d87065	2026-09-11T07:11:58.4561658Z ##[endgroup]
Upgrade rehearsal (Windows)	Run actions/setup-python@a26af69be951a213d495a4c3e4e4022e16d87065	2026-09-11T07:11:58.6198759Z ##[group]Installed versions
Upgrade rehearsal (Windows)	Run actions/setup-python@a26af69be951a213d495a4c3e4e4022e16d87065	2026-09-11T07:11:58.6459653Z (node:8180) [DEP0040] DeprecationWarning: The `punycode` module is deprecated. Please use a userland alternative instead.
Upgrade rehearsal (Windows)	Run actions/setup-python@a26af69be951a213d495a4c3e4e4022e16d87065	2026-09-11T07:11:58.6460802Z (Use `node --trace-deprecation ...` to show where the warning was created)
Upgrade rehearsal (Windows)	Run actions/setup-python@a26af69be951a213d495a4c3e4e4022e16d87065	2026-09-11T07:11:58.6461430Z Successfully set up CPython (3.11.9)
Upgrade rehearsal (Windows)	Run actions/setup-python@a26af69be951a213d495a4c3e4e4022e16d87065	2026-09-11T07:11:58.6462087Z ##[endgroup]
Upgrade rehearsal (Windows)	Require the derived predecessor facts	﻿2026-09-11T07:11:58.6773770Z ##[group]Run if (-not $env:PREDECESSOR_VERSION -or -not $env:PREDECESSOR_WHEEL_SHA256) {
Upgrade rehearsal (Windows)	Require the derived predecessor facts	2026-09-11T07:11:58.6774505Z ^[[36;1mif (-not $env:PREDECESSOR_VERSION -or -not $env:PREDECESSOR_WHEEL_SHA256) {^[[0m
Upgrade rehearsal (Windows)	Require the derived predecessor facts	2026-09-11T07:11:58.6775030Z ^[[36;1m  throw 'predecessor facts were not derived by candidate-source'^[[0m
Upgrade rehearsal (Windows)	Require the derived predecessor facts	2026-09-11T07:11:58.6775376Z ^[[36;1m}^[[0m
Upgrade rehearsal (Windows)	Require the derived predecessor facts	2026-09-11T07:11:58.7430346Z shell: C:\Program Files\PowerShell\7\pwsh.EXE -command ". '{0}'"
Upgrade rehearsal (Windows)	Require the derived predecessor facts	2026-09-11T07:11:58.7430734Z env:
Upgrade rehearsal (Windows)	Require the derived predecessor facts	2026-09-11T07:11:58.7430947Z   PREDECESSOR_VERSION: 0.17.0
Upgrade rehearsal (Windows)	Require the derived predecessor facts	2026-09-11T07:11:58.7431380Z   PREDECESSOR_WHEEL_SHA256: 305c7cbc79f87baa76ea3bea939b134999f9cad3bfdfa0b4c9c2fd2d9caacced
Upgrade rehearsal (Windows)	Require the derived predecessor facts	2026-09-11T07:11:58.7431840Z   PYTHONNOUSERSITE: 1
Upgrade rehearsal (Windows)	Require the derived predecessor facts	2026-09-11T07:11:58.7432042Z   PYTHONPATH: 
Upgrade rehearsal (Windows)	Require the derived predecessor facts	2026-09-11T07:11:58.7432309Z   pythonLocation: C:\hostedtoolcache\windows\Python\3.11.9\x64
Upgrade rehearsal (Windows)	Require the derived predecessor facts	2026-09-11T07:11:58.7432761Z   PKG_CONFIG_PATH: C:\hostedtoolcache\windows\Python\3.11.9\x64/lib/pkgconfig
Upgrade rehearsal (Windows)	Require the derived predecessor facts	2026-09-11T07:11:58.7433201Z   Python_ROOT_DIR: C:\hostedtoolcache\windows\Python\3.11.9\x64
Upgrade rehearsal (Windows)	Require the derived predecessor facts	2026-09-11T07:11:58.7434061Z   Python2_ROOT_DIR: C:\hostedtoolcache\windows\Python\3.11.9\x64
Upgrade rehearsal (Windows)	Require the derived predecessor facts	2026-09-11T07:11:58.7434442Z   Python3_ROOT_DIR: C:\hostedtoolcache\windows\Python\3.11.9\x64
Upgrade rehearsal (Windows)	Require the derived predecessor facts	2026-09-11T07:11:58.7434740Z ##[endgroup]
Upgrade rehearsal (Windows)	Acquire and verify the already-public predecessor	﻿2026-09-11T07:11:59.2320004Z ##[group]Run $predecessorDist = Join-Path 'D:\a\_temp' 'predecessor-dist'
Upgrade rehearsal (Windows)	Acquire and verify the already-public predecessor	2026-09-11T07:11:59.2320669Z ^[[36;1m$predecessorDist = Join-Path 'D:\a\_temp' 'predecessor-dist'^[[0m
Upgrade rehearsal (Windows)	Acquire and verify the already-public predecessor	2026-09-11T07:11:59.2321146Z ^[[36;1mNew-Item -ItemType Directory -Path $predecessorDist | Out-Null^[[0m
Upgrade rehearsal (Windows)	Acquire and verify the already-public predecessor	2026-09-11T07:11:59.2321742Z ^[[36;1mpython -m pip download --disable-pip-version-check --only-binary=:all: --no-deps `^[[0m
Upgrade rehearsal (Windows)	Acquire and verify the already-public predecessor	2026-09-11T07:11:59.2322842Z ^[[36;1m  --dest $predecessorDist "se-harness==$env:PREDECESSOR_VERSION"^[[0m
Upgrade rehearsal (Windows)	Acquire and verify the already-public predecessor	2026-09-11T07:11:59.2323344Z ^[[36;1m$wheel = Get-ChildItem -LiteralPath $predecessorDist -Filter '*.whl'^[[0m
Upgrade rehearsal (Windows)	Acquire and verify the already-public predecessor	2026-09-11T07:11:59.2323838Z ^[[36;1mif ($wheel.Count -ne 1) { throw 'expected exactly one predecessor wheel' }^[[0m
Upgrade rehearsal (Windows)	Acquire and verify the already-public predecessor	2026-09-11T07:11:59.2324418Z ^[[36;1m$actual = (Get-FileHash -Algorithm SHA256 -LiteralPath $wheel.FullName).Hash.ToLowerInvariant()^[[0m
Upgrade rehearsal (Windows)	Acquire and verify the already-public predecessor	2026-09-11T07:11:59.2325046Z ^[[36;1mif ($actual -ne $env:PREDECESSOR_WHEEL_SHA256) { throw 'predecessor wheel digest mismatch' }^[[0m
Upgrade rehearsal (Windows)	Acquire and verify the already-public predecessor	2026-09-11T07:11:59.2395117Z shell: C:\Program Files\PowerShell\7\pwsh.EXE -command ". '{0}'"
Upgrade rehearsal (Windows)	Acquire and verify the already-public predecessor	2026-09-11T07:11:59.2395490Z env:
Upgrade rehearsal (Windows)	Acquire and verify the already-public predecessor	2026-09-11T07:11:59.2395713Z   PREDECESSOR_VERSION: 0.17.0
Upgrade rehearsal (Windows)	Acquire and verify the already-public predecessor	2026-09-11T07:11:59.2396141Z   PREDECESSOR_WHEEL_SHA256: 305c7cbc79f87baa76ea3bea939b134999f9cad3bfdfa0b4c9c2fd2d9caacced
Upgrade rehearsal (Windows)	Acquire and verify the already-public predecessor	2026-09-11T07:11:59.2396582Z   PYTHONNOUSERSITE: 1
Upgrade rehearsal (Windows)	Acquire and verify the already-public predecessor	2026-09-11T07:11:59.2396788Z   PYTHONPATH: 
Upgrade rehearsal (Windows)	Acquire and verify the already-public predecessor	2026-09-11T07:11:59.2397068Z   pythonLocation: C:\hostedtoolcache\windows\Python\3.11.9\x64
Upgrade rehearsal (Windows)	Acquire and verify the already-public predecessor	2026-09-11T07:11:59.2397499Z   PKG_CONFIG_PATH: C:\hostedtoolcache\windows\Python\3.11.9\x64/lib/pkgconfig
Upgrade rehearsal (Windows)	Acquire and verify the already-public predecessor	2026-09-11T07:11:59.2397913Z   Python_ROOT_DIR: C:\hostedtoolcache\windows\Python\3.11.9\x64
Upgrade rehearsal (Windows)	Acquire and verify the already-public predecessor	2026-09-11T07:11:59.2398290Z   Python2_ROOT_DIR: C:\hostedtoolcache\windows\Python\3.11.9\x64
Upgrade rehearsal (Windows)	Acquire and verify the already-public predecessor	2026-09-11T07:11:59.2398670Z   Python3_ROOT_DIR: C:\hostedtoolcache\windows\Python\3.11.9\x64
Upgrade rehearsal (Windows)	Acquire and verify the already-public predecessor	2026-09-11T07:11:59.2398970Z ##[endgroup]
Upgrade rehearsal (Windows)	Acquire and verify the already-public predecessor	2026-09-11T07:12:04.0550425Z Collecting se-harness==0.17.0
Upgrade rehearsal (Windows)	Acquire and verify the already-public predecessor	2026-09-11T07:12:04.2704056Z   Downloading se_harness-0.17.0-py3-none-any.whl.metadata (45 kB)
Upgrade rehearsal (Windows)	Acquire and verify the already-public predecessor	2026-09-11T07:12:04.3657621Z Downloading se_harness-0.17.0-py3-none-any.whl (484 kB)
Upgrade rehearsal (Windows)	Acquire and verify the already-public predecessor	2026-09-11T07:12:04.5029047Z Saved d:\a\_temp\predecessor-dist\se_harness-0.17.0-py3-none-any.whl
Upgrade rehearsal (Windows)	Acquire and verify the already-public predecessor	2026-09-11T07:12:04.5030518Z Successfully downloaded se-harness
Upgrade rehearsal (Windows)	Take the exact successor wheel built by candidate-source	﻿2026-09-11T07:12:04.6777610Z Node 20 is being deprecated. This workflow is running with Node 24 by default. If you need to temporarily use Node 20, you can set the ACTIONS_ALLOW_USE_UNSECURE_NODE_VERSION=true environment variable. For more information see: https://github.blog/changelog/2025-09-19-deprecation-of-node-20-on-github-actions-runners/
Upgrade rehearsal (Windows)	Take the exact successor wheel built by candidate-source	2026-09-11T07:12:04.6779112Z ##[group]Run actions/download-artifact@d3f86a106a0bac45b974a628896c90dbdf5c8093
Upgrade rehearsal (Windows)	Take the exact successor wheel built by candidate-source	2026-09-11T07:12:04.6779498Z with:
Upgrade rehearsal (Windows)	Take the exact successor wheel built by candidate-source	2026-09-11T07:12:04.6779836Z   name: candidate-wheel-non-promotable-4755b2dcbb97e37701b9436814423c264eb177f3
Upgrade rehearsal (Windows)	Take the exact successor wheel built by candidate-source	2026-09-11T07:12:04.6780239Z   path: D:\a\_temp/candidate-dist
Upgrade rehearsal (Windows)	Take the exact successor wheel built by candidate-source	2026-09-11T07:12:04.6780485Z   merge-multiple: false
Upgrade rehearsal (Windows)	Take the exact successor wheel built by candidate-source	2026-09-11T07:12:04.6780711Z   repository: mmzen/se_harness
Upgrade rehearsal (Windows)	Take the exact successor wheel built by candidate-source	2026-09-11T07:12:04.6780933Z   run-id: 34573132476
Upgrade rehearsal (Windows)	Take the exact successor wheel built by candidate-source	2026-09-11T07:12:04.6781116Z env:
Upgrade rehearsal (Windows)	Take the exact successor wheel built by candidate-source	2026-09-11T07:12:04.6781293Z   PREDECESSOR_VERSION: 0.17.0
Upgrade rehearsal (Windows)	Take the exact successor wheel built by candidate-source	2026-09-11T07:12:04.6781698Z   PREDECESSOR_WHEEL_SHA256: 305c7cbc79f87baa76ea3bea939b134999f9cad3bfdfa0b4c9c2fd2d9caacced
Upgrade rehearsal (Windows)	Take the exact successor wheel built by candidate-source	2026-09-11T07:12:04.6782165Z   PYTHONNOUSERSITE: 1
Upgrade rehearsal (Windows)	Take the exact successor wheel built by candidate-source	2026-09-11T07:12:04.6782364Z   PYTHONPATH: 
Upgrade rehearsal (Windows)	Take the exact successor wheel built by candidate-source	2026-09-11T07:12:04.6782620Z   pythonLocation: C:\hostedtoolcache\windows\Python\3.11.9\x64
Upgrade rehearsal (Windows)	Take the exact successor wheel built by candidate-source	2026-09-11T07:12:04.6783047Z   PKG_CONFIG_PATH: C:\hostedtoolcache\windows\Python\3.11.9\x64/lib/pkgconfig
Upgrade rehearsal (Windows)	Take the exact successor wheel built by candidate-source	2026-09-11T07:12:04.6783463Z   Python_ROOT_DIR: C:\hostedtoolcache\windows\Python\3.11.9\x64
Upgrade rehearsal (Windows)	Take the exact successor wheel built by candidate-source	2026-09-11T07:12:04.6783843Z   Python2_ROOT_DIR: C:\hostedtoolcache\windows\Python\3.11.9\x64
Upgrade rehearsal (Windows)	Take the exact successor wheel built by candidate-source	2026-09-11T07:12:04.6784222Z   Python3_ROOT_DIR: C:\hostedtoolcache\windows\Python\3.11.9\x64
Upgrade rehearsal (Windows)	Take the exact successor wheel built by candidate-source	2026-09-11T07:12:04.6784523Z ##[endgroup]
Upgrade rehearsal (Windows)	Take the exact successor wheel built by candidate-source	2026-09-11T07:12:04.8537494Z Downloading single artifact
Upgrade rehearsal (Windows)	Take the exact successor wheel built by candidate-source	2026-09-11T07:12:04.8756576Z (node:3200) [DEP0040] DeprecationWarning: The `punycode` module is deprecated. Please use a userland alternative instead.
Upgrade rehearsal (Windows)	Take the exact successor wheel built by candidate-source	2026-09-11T07:12:04.8757646Z (Use `node --trace-deprecation ...` to show where the warning was created)
Upgrade rehearsal (Windows)	Take the exact successor wheel built by candidate-source	2026-09-11T07:12:04.9671471Z Preparing to download the following artifacts:
Upgrade rehearsal (Windows)	Take the exact successor wheel built by candidate-source	2026-09-11T07:12:04.9673045Z - candidate-wheel-non-promotable-4755b2dcbb97e37701b9436814423c264eb177f3 (ID: 10188560677, Size: 471518, Expected Digest: sha256:6400b626a905568c63757c961e964e8929b6aa830b4df4ac5b258d2c785e77f3)
Upgrade rehearsal (Windows)	Take the exact successor wheel built by candidate-source	2026-09-11T07:12:05.0845714Z Redirecting to blob download url: https://productionresultssa17.blob.core.windows.net/actions-results/82976cc5-2852-4644-bfff-6446ae99d810/workflow-job-run-ddcf6f42-f94a-5b8f-969e-ba33d7f0cc12/artifacts/6e5bed6058519f55052b0bd11a4d31835c02358ed1935d8b56aaffebbf5e9b61.zip
Upgrade rehearsal (Windows)	Take the exact successor wheel built by candidate-source	2026-09-11T07:12:05.0846966Z Starting download of artifact to: D:\a\_temp\candidate-dist
Upgrade rehearsal (Windows)	Take the exact successor wheel built by candidate-source	2026-09-11T07:12:05.1391425Z (node:3200) [DEP0005] DeprecationWarning: Buffer() is deprecated due to security and usability issues. Please use the Buffer.alloc(), Buffer.allocUnsafe(), or Buffer.from() methods instead.
Upgrade rehearsal (Windows)	Take the exact successor wheel built by candidate-source	2026-09-11T07:12:05.1620808Z SHA256 digest of downloaded artifact is 6400b626a905568c63757c961e964e8929b6aa830b4df4ac5b258d2c785e77f3
Upgrade rehearsal (Windows)	Take the exact successor wheel built by candidate-source	2026-09-11T07:12:05.1621721Z Artifact download completed successfully.
Upgrade rehearsal (Windows)	Take the exact successor wheel built by candidate-source	2026-09-11T07:12:05.1622193Z Total of 1 artifact(s) downloaded
Upgrade rehearsal (Windows)	Take the exact successor wheel built by candidate-source	2026-09-11T07:12:05.1630579Z Download artifact has finished successfully
Upgrade rehearsal (Windows)	Verify the handed-over successor bytes	﻿2026-09-11T07:12:05.1972283Z ##[group]Run $candidateDist = Join-Path 'D:\a\_temp' 'candidate-dist'
Upgrade rehearsal (Windows)	Verify the handed-over successor bytes	2026-09-11T07:12:05.1972921Z ^[[36;1m$candidateDist = Join-Path 'D:\a\_temp' 'candidate-dist'^[[0m
Upgrade rehearsal (Windows)	Verify the handed-over successor bytes	2026-09-11T07:12:05.1973399Z ^[[36;1m$wheel = Get-ChildItem -LiteralPath $candidateDist -Filter '*.whl'^[[0m
Upgrade rehearsal (Windows)	Verify the handed-over successor bytes	2026-09-11T07:12:05.1973896Z ^[[36;1mif ($wheel.Count -ne 1) { throw 'expected exactly one successor wheel' }^[[0m
Upgrade rehearsal (Windows)	Verify the handed-over successor bytes	2026-09-11T07:12:05.1974620Z ^[[36;1m$expected = (Get-Content -LiteralPath (Join-Path $candidateDist 'SHA256SUMS') | Where-Object { $_ -match [regex]::Escape($wheel.Name) })^[[0m
Upgrade rehearsal (Windows)	Verify the handed-over successor bytes	2026-09-11T07:12:05.1975320Z ^[[36;1mif (-not $expected) { throw 'SHA256SUMS does not name the successor wheel' }^[[0m
Upgrade rehearsal (Windows)	Verify the handed-over successor bytes	2026-09-11T07:12:05.1975801Z ^[[36;1m$expectedDigest = ($expected -split '\s+')[0].ToLowerInvariant()^[[0m
Upgrade rehearsal (Windows)	Verify the handed-over successor bytes	2026-09-11T07:12:05.1976360Z ^[[36;1m$actual = (Get-FileHash -Algorithm SHA256 -LiteralPath $wheel.FullName).Hash.ToLowerInvariant()^[[0m
Upgrade rehearsal (Windows)	Verify the handed-over successor bytes	2026-09-11T07:12:05.1977089Z ^[[36;1mif ($actual -ne $expectedDigest) { throw "successor wheel digest mismatch: expected $expectedDigest, got $actual" }^[[0m
Upgrade rehearsal (Windows)	Verify the handed-over successor bytes	2026-09-11T07:12:05.2045798Z shell: C:\Program Files\PowerShell\7\pwsh.EXE -command ". '{0}'"
Upgrade rehearsal (Windows)	Verify the handed-over successor bytes	2026-09-11T07:12:05.2046146Z env:
Upgrade rehearsal (Windows)	Verify the handed-over successor bytes	2026-09-11T07:12:05.2046340Z   PREDECESSOR_VERSION: 0.17.0
Upgrade rehearsal (Windows)	Verify the handed-over successor bytes	2026-09-11T07:12:05.2046770Z   PREDECESSOR_WHEEL_SHA256: 305c7cbc79f87baa76ea3bea939b134999f9cad3bfdfa0b4c9c2fd2d9caacced
Upgrade rehearsal (Windows)	Verify the handed-over successor bytes	2026-09-11T07:12:05.2047226Z   PYTHONNOUSERSITE: 1
Upgrade rehearsal (Windows)	Verify the handed-over successor bytes	2026-09-11T07:12:05.2047438Z   PYTHONPATH: 
Upgrade rehearsal (Windows)	Verify the handed-over successor bytes	2026-09-11T07:12:05.2047709Z   pythonLocation: C:\hostedtoolcache\windows\Python\3.11.9\x64
Upgrade rehearsal (Windows)	Verify the handed-over successor bytes	2026-09-11T07:12:05.2048154Z   PKG_CONFIG_PATH: C:\hostedtoolcache\windows\Python\3.11.9\x64/lib/pkgconfig
Upgrade rehearsal (Windows)	Verify the handed-over successor bytes	2026-09-11T07:12:05.2048586Z   Python_ROOT_DIR: C:\hostedtoolcache\windows\Python\3.11.9\x64
Upgrade rehearsal (Windows)	Verify the handed-over successor bytes	2026-09-11T07:12:05.2048973Z   Python2_ROOT_DIR: C:\hostedtoolcache\windows\Python\3.11.9\x64
Upgrade rehearsal (Windows)	Verify the handed-over successor bytes	2026-09-11T07:12:05.2049355Z   Python3_ROOT_DIR: C:\hostedtoolcache\windows\Python\3.11.9\x64
Upgrade rehearsal (Windows)	Verify the handed-over successor bytes	2026-09-11T07:12:05.2049675Z ##[endgroup]
Upgrade rehearsal (Windows)	Install isolated local runtimes	﻿2026-09-11T07:12:05.6594032Z ##[group]Run $predecessorRoot = Join-Path 'D:\a\_temp' 'predecessor-env'
Upgrade rehearsal (Windows)	Install isolated local runtimes	2026-09-11T07:12:05.6594694Z ^[[36;1m$predecessorRoot = Join-Path 'D:\a\_temp' 'predecessor-env'^[[0m
Upgrade rehearsal (Windows)	Install isolated local runtimes	2026-09-11T07:12:05.6595136Z ^[[36;1m$successorRoot = Join-Path 'D:\a\_temp' 'successor-env'^[[0m
Upgrade rehearsal (Windows)	Install isolated local runtimes	2026-09-11T07:12:05.6595491Z ^[[36;1mpython -m venv $predecessorRoot^[[0m
Upgrade rehearsal (Windows)	Install isolated local runtimes	2026-09-11T07:12:05.6595771Z ^[[36;1mpython -m venv $successorRoot^[[0m
Upgrade rehearsal (Windows)	Install isolated local runtimes	2026-09-11T07:12:05.6596161Z ^[[36;1m$predecessorPython = Join-Path $predecessorRoot 'Scripts/python.exe'^[[0m
Upgrade rehearsal (Windows)	Install isolated local runtimes	2026-09-11T07:12:05.6596655Z ^[[36;1m$successorPython = Join-Path $successorRoot 'Scripts/python.exe'^[[0m
Upgrade rehearsal (Windows)	Install isolated local runtimes	2026-09-11T07:12:05.6597293Z ^[[36;1m$predecessorWheel = (Get-ChildItem -LiteralPath (Join-Path 'D:\a\_temp' 'predecessor-dist') -Filter '*.whl').FullName^[[0m
Upgrade rehearsal (Windows)	Install isolated local runtimes	2026-09-11T07:12:05.6598050Z ^[[36;1m$successorWheel = (Get-ChildItem -LiteralPath (Join-Path 'D:\a\_temp' 'candidate-dist') -Filter '*.whl').FullName^[[0m
Upgrade rehearsal (Windows)	Install isolated local runtimes	2026-09-11T07:12:05.6599028Z ^[[36;1m& $predecessorPython -m pip install --disable-pip-version-check --no-index --no-deps $predecessorWheel^[[0m
Upgrade rehearsal (Windows)	Install isolated local runtimes	2026-09-11T07:12:05.6599763Z ^[[36;1m& $successorPython -m pip install --disable-pip-version-check --no-index --no-deps $successorWheel^[[0m
Upgrade rehearsal (Windows)	Install isolated local runtimes	2026-09-11T07:12:05.6670525Z shell: C:\Program Files\PowerShell\7\pwsh.EXE -command ". '{0}'"
Upgrade rehearsal (Windows)	Install isolated local runtimes	2026-09-11T07:12:05.6670889Z env:
Upgrade rehearsal (Windows)	Install isolated local runtimes	2026-09-11T07:12:05.6671088Z   PREDECESSOR_VERSION: 0.17.0
Upgrade rehearsal (Windows)	Install isolated local runtimes	2026-09-11T07:12:05.6671518Z   PREDECESSOR_WHEEL_SHA256: 305c7cbc79f87baa76ea3bea939b134999f9cad3bfdfa0b4c9c2fd2d9caacced
Upgrade rehearsal (Windows)	Install isolated local runtimes	2026-09-11T07:12:05.6671966Z   PYTHONNOUSERSITE: 1
Upgrade rehearsal (Windows)	Install isolated local runtimes	2026-09-11T07:12:05.6672174Z   PYTHONPATH: 
Upgrade rehearsal (Windows)	Install isolated local runtimes	2026-09-11T07:12:05.6672453Z   pythonLocation: C:\hostedtoolcache\windows\Python\3.11.9\x64
Upgrade rehearsal (Windows)	Install isolated local runtimes	2026-09-11T07:12:05.6672890Z   PKG_CONFIG_PATH: C:\hostedtoolcache\windows\Python\3.11.9\x64/lib/pkgconfig
Upgrade rehearsal (Windows)	Install isolated local runtimes	2026-09-11T07:12:05.6673318Z   Python_ROOT_DIR: C:\hostedtoolcache\windows\Python\3.11.9\x64
Upgrade rehearsal (Windows)	Install isolated local runtimes	2026-09-11T07:12:05.6673720Z   Python2_ROOT_DIR: C:\hostedtoolcache\windows\Python\3.11.9\x64
Upgrade rehearsal (Windows)	Install isolated local runtimes	2026-09-11T07:12:05.6674135Z   Python3_ROOT_DIR: C:\hostedtoolcache\windows\Python\3.11.9\x64
Upgrade rehearsal (Windows)	Install isolated local runtimes	2026-09-11T07:12:05.6674438Z ##[endgroup]
Upgrade rehearsal (Windows)	Install isolated local runtimes	2026-09-11T07:12:16.4857002Z Processing d:\a\_temp\predecessor-dist\se_harness-0.17.0-py3-none-any.whl
Upgrade rehearsal (Windows)	Install isolated local runtimes	2026-09-11T07:12:16.5187974Z Installing collected packages: se-harness
Upgrade rehearsal (Windows)	Install isolated local runtimes	2026-09-11T07:12:16.7832524Z Successfully installed se-harness-0.17.0
Upgrade rehearsal (Windows)	Install isolated local runtimes	2026-09-11T07:12:17.8080370Z Processing d:\a\_temp\candidate-dist\se_harness-0.18.0-py3-none-any.whl
Upgrade rehearsal (Windows)	Install isolated local runtimes	2026-09-11T07:12:17.8460281Z Installing collected packages: se-harness
Upgrade rehearsal (Windows)	Install isolated local runtimes	2026-09-11T07:12:18.1147582Z Successfully installed se-harness-0.18.0
Upgrade rehearsal (Windows)	Rehearse the real predecessor-to-successor upgrade twice	﻿2026-09-11T07:12:18.2169644Z ##[group]Run # WO-ECP-010 (REQ-ECP-012, ECP-PRD-008): the successor's own upgrade --apply
Upgrade rehearsal (Windows)	Rehearse the real predecessor-to-successor upgrade twice	2026-09-11T07:12:18.2170402Z ^[[36;1m# WO-ECP-010 (REQ-ECP-012, ECP-PRD-008): the successor's own upgrade --apply^[[0m
Upgrade rehearsal (Windows)	Rehearse the real predecessor-to-successor upgrade twice	2026-09-11T07:12:18.2170965Z ^[[36;1m# against a throwaway export whose lock is the released predecessor's, judged^[[0m
Upgrade rehearsal (Windows)	Rehearse the real predecessor-to-successor upgrade twice	2026-09-11T07:12:18.2171498Z ^[[36;1m# by both evaluators' doctor and by the resulting lock. No per-release^[[0m
Upgrade rehearsal (Windows)	Rehearse the real predecessor-to-successor upgrade twice	2026-09-11T07:12:18.2171971Z ^[[36;1m# fixture, no network inside the rehearsal, no write to this checkout.^[[0m
Upgrade rehearsal (Windows)	Rehearse the real predecessor-to-successor upgrade twice	2026-09-11T07:12:18.2172674Z ^[[36;1m$predecessorPython = Join-Path (Join-Path 'D:\a\_temp' 'predecessor-env') 'Scripts/python.exe'^[[0m
Upgrade rehearsal (Windows)	Rehearse the real predecessor-to-successor upgrade twice	2026-09-11T07:12:18.2173666Z ^[[36;1m$successorPython = Join-Path (Join-Path 'D:\a\_temp' 'successor-env') 'Scripts/python.exe'^[[0m
Upgrade rehearsal (Windows)	Rehearse the real predecessor-to-successor upgrade twice	2026-09-11T07:12:18.2174173Z ^[[36;1m$first = Join-Path 'D:\a\_temp' 'rehearsal-result-1'^[[0m
Upgrade rehearsal (Windows)	Rehearse the real predecessor-to-successor upgrade twice	2026-09-11T07:12:18.2174559Z ^[[36;1m$second = Join-Path 'D:\a\_temp' 'rehearsal-result-2'^[[0m
Upgrade rehearsal (Windows)	Rehearse the real predecessor-to-successor upgrade twice	2026-09-11T07:12:18.2175030Z ^[[36;1mpython -m repository_tools.upgrade_rehearsal --repository . `^[[0m
Upgrade rehearsal (Windows)	Rehearse the real predecessor-to-successor upgrade twice	2026-09-11T07:12:18.2175587Z ^[[36;1m  --predecessor-python $predecessorPython --successor-python $successorPython --output $first^[[0m
Upgrade rehearsal (Windows)	Rehearse the real predecessor-to-successor upgrade twice	2026-09-11T07:12:18.2176158Z ^[[36;1mif ($LASTEXITCODE -ne 0) { throw 'first upgrade rehearsal failed' }^[[0m
Upgrade rehearsal (Windows)	Rehearse the real predecessor-to-successor upgrade twice	2026-09-11T07:12:18.2176616Z ^[[36;1mpython -m repository_tools.upgrade_rehearsal --repository . `^[[0m
Upgrade rehearsal (Windows)	Rehearse the real predecessor-to-successor upgrade twice	2026-09-11T07:12:18.2177150Z ^[[36;1m  --predecessor-python $predecessorPython --successor-python $successorPython --output $second^[[0m
Upgrade rehearsal (Windows)	Rehearse the real predecessor-to-successor upgrade twice	2026-09-11T07:12:18.2177709Z ^[[36;1mif ($LASTEXITCODE -ne 0) { throw 'second upgrade rehearsal failed' }^[[0m
Upgrade rehearsal (Windows)	Rehearse the real predecessor-to-successor upgrade twice	2026-09-11T07:12:18.2178346Z ^[[36;1m$firstResult = Get-Content -Raw -LiteralPath (Join-Path $first 'upgrade-rehearsal-result.json') | ConvertFrom-Json^[[0m
Upgrade rehearsal (Windows)	Rehearse the real predecessor-to-successor upgrade twice	2026-09-11T07:12:18.2179128Z ^[[36;1m$secondResult = Get-Content -Raw -LiteralPath (Join-Path $second 'upgrade-rehearsal-result.json') | ConvertFrom-Json^[[0m
Upgrade rehearsal (Windows)	Rehearse the real predecessor-to-successor upgrade twice	2026-09-11T07:12:18.2179915Z ^[[36;1mif ($firstResult.semantic_sha256 -ne $secondResult.semantic_sha256) { throw 'upgrade rehearsal replay digest differs' }^[[0m
Upgrade rehearsal (Windows)	Rehearse the real predecessor-to-successor upgrade twice	2026-09-11T07:12:18.2180752Z ^[[36;1mif ($firstResult.overall_result -ne 'pass' -or $secondResult.overall_result -ne 'pass') { throw 'upgrade rehearsal did not pass' }^[[0m
Upgrade rehearsal (Windows)	Rehearse the real predecessor-to-successor upgrade twice	2026-09-11T07:12:18.2250563Z shell: C:\Program Files\PowerShell\7\pwsh.EXE -command ". '{0}'"
Upgrade rehearsal (Windows)	Rehearse the real predecessor-to-successor upgrade twice	2026-09-11T07:12:18.2250926Z env:
Upgrade rehearsal (Windows)	Rehearse the real predecessor-to-successor upgrade twice	2026-09-11T07:12:18.2251127Z   PREDECESSOR_VERSION: 0.17.0
Upgrade rehearsal (Windows)	Rehearse the real predecessor-to-successor upgrade twice	2026-09-11T07:12:18.2251551Z   PREDECESSOR_WHEEL_SHA256: 305c7cbc79f87baa76ea3bea939b134999f9cad3bfdfa0b4c9c2fd2d9caacced
Upgrade rehearsal (Windows)	Rehearse the real predecessor-to-successor upgrade twice	2026-09-11T07:12:18.2263203Z   PYTHONNOUSERSITE: 1
Upgrade rehearsal (Windows)	Rehearse the real predecessor-to-successor upgrade twice	2026-09-11T07:12:18.2263454Z   PYTHONPATH: 
Upgrade rehearsal (Windows)	Rehearse the real predecessor-to-successor upgrade twice	2026-09-11T07:12:18.2263860Z   pythonLocation: C:\hostedtoolcache\windows\Python\3.11.9\x64
Upgrade rehearsal (Windows)	Rehearse the real predecessor-to-successor upgrade twice	2026-09-11T07:12:18.2264596Z   PKG_CONFIG_PATH: C:\hostedtoolcache\windows\Python\3.11.9\x64/lib/pkgconfig
Upgrade rehearsal (Windows)	Rehearse the real predecessor-to-successor upgrade twice	2026-09-11T07:12:18.2265274Z   Python_ROOT_DIR: C:\hostedtoolcache\windows\Python\3.11.9\x64
Upgrade rehearsal (Windows)	Rehearse the real predecessor-to-successor upgrade twice	2026-09-11T07:12:18.2265948Z   Python2_ROOT_DIR: C:\hostedtoolcache\windows\Python\3.11.9\x64
Upgrade rehearsal (Windows)	Rehearse the real predecessor-to-successor upgrade twice	2026-09-11T07:12:18.2266577Z   Python3_ROOT_DIR: C:\hostedtoolcache\windows\Python\3.11.9\x64
Upgrade rehearsal (Windows)	Rehearse the real predecessor-to-successor upgrade twice	2026-09-11T07:12:18.2267095Z ##[endgroup]
Upgrade rehearsal (Windows)	Rehearse the real predecessor-to-successor upgrade twice	2026-09-11T07:13:42.4848341Z upgrade rehearsal: PASS (0.17.0 -> 0.18.0)
Upgrade rehearsal (Windows)	Rehearse the real predecessor-to-successor upgrade twice	2026-09-11T07:13:42.4848939Z semantic_sha256: 607e9eaa503881a3f78653e1290ed3212dc2f749c87907050385e2a5a73e1eb0
Upgrade rehearsal (Windows)	Rehearse the real predecessor-to-successor upgrade twice	2026-09-11T07:15:15.8749174Z upgrade rehearsal: PASS (0.17.0 -> 0.18.0)
Upgrade rehearsal (Windows)	Rehearse the real predecessor-to-successor upgrade twice	2026-09-11T07:15:15.8750094Z semantic_sha256: 607e9eaa503881a3f78653e1290ed3212dc2f749c87907050385e2a5a73e1eb0
Upgrade rehearsal (Windows)	Publish this platform's semantic digest as a job output	﻿2026-09-11T07:15:15.9722275Z ##[group]Run $result = Get-Content -Raw -LiteralPath (Join-Path (Join-Path 'D:\a\_temp' 'rehearsal-result-1') 'upgrade-rehearsal-result.json') | ConvertFrom-Json
Upgrade rehearsal (Windows)	Publish this platform's semantic digest as a job output	2026-09-11T07:15:15.9723585Z ^[[36;1m$result = Get-Content -Raw -LiteralPath (Join-Path (Join-Path 'D:\a\_temp' 'rehearsal-result-1') 'upgrade-rehearsal-result.json') | ConvertFrom-Json^[[0m
Upgrade rehearsal (Windows)	Publish this platform's semantic digest as a job output	2026-09-11T07:15:15.9724556Z ^[[36;1m"Windows=$($result.semantic_sha256)" | Out-File -FilePath $env:GITHUB_OUTPUT -Append -Encoding utf8^[[0m
Upgrade rehearsal (Windows)	Publish this platform's semantic digest as a job output	2026-09-11T07:15:15.9801354Z shell: C:\Program Files\PowerShell\7\pwsh.EXE -command ". '{0}'"
Upgrade rehearsal (Windows)	Publish this platform's semantic digest as a job output	2026-09-11T07:15:15.9801794Z env:
Upgrade rehearsal (Windows)	Publish this platform's semantic digest as a job output	2026-09-11T07:15:15.9802062Z   PREDECESSOR_VERSION: 0.17.0
Upgrade rehearsal (Windows)	Publish this platform's semantic digest as a job output	2026-09-11T07:15:15.9802586Z   PREDECESSOR_WHEEL_SHA256: 305c7cbc79f87baa76ea3bea939b134999f9cad3bfdfa0b4c9c2fd2d9caacced
Upgrade rehearsal (Windows)	Publish this platform's semantic digest as a job output	2026-09-11T07:15:15.9803139Z   PYTHONNOUSERSITE: 1
Upgrade rehearsal (Windows)	Publish this platform's semantic digest as a job output	2026-09-11T07:15:15.9803424Z   PYTHONPATH: 
Upgrade rehearsal (Windows)	Publish this platform's semantic digest as a job output	2026-09-11T07:15:15.9803783Z   pythonLocation: C:\hostedtoolcache\windows\Python\3.11.9\x64
Upgrade rehearsal (Windows)	Publish this platform's semantic digest as a job output	2026-09-11T07:15:15.9804421Z   PKG_CONFIG_PATH: C:\hostedtoolcache\windows\Python\3.11.9\x64/lib/pkgconfig
Upgrade rehearsal (Windows)	Publish this platform's semantic digest as a job output	2026-09-11T07:15:15.9804936Z   Python_ROOT_DIR: C:\hostedtoolcache\windows\Python\3.11.9\x64
Upgrade rehearsal (Windows)	Publish this platform's semantic digest as a job output	2026-09-11T07:15:15.9805447Z   Python2_ROOT_DIR: C:\hostedtoolcache\windows\Python\3.11.9\x64
Upgrade rehearsal (Windows)	Publish this platform's semantic digest as a job output	2026-09-11T07:15:15.9805982Z   Python3_ROOT_DIR: C:\hostedtoolcache\windows\Python\3.11.9\x64
Upgrade rehearsal (Windows)	Publish this platform's semantic digest as a job output	2026-09-11T07:15:15.9806527Z ##[endgroup]
Upgrade rehearsal (Windows)	Retain the bounded upgrade rehearsal evidence	﻿2026-09-11T07:15:16.4390957Z Node 20 is being deprecated. This workflow is running with Node 24 by default. If you need to temporarily use Node 20, you can set the ACTIONS_ALLOW_USE_UNSECURE_NODE_VERSION=true environment variable. For more information see: https://github.blog/changelog/2025-09-19-deprecation-of-node-20-on-github-actions-runners/
Upgrade rehearsal (Windows)	Retain the bounded upgrade rehearsal evidence	2026-09-11T07:15:16.4392558Z ##[group]Run actions/upload-artifact@ea165f8d65b6e75b540449e92b4886f43607fa02
Upgrade rehearsal (Windows)	Retain the bounded upgrade rehearsal evidence	2026-09-11T07:15:16.4393010Z with:
Upgrade rehearsal (Windows)	Retain the bounded upgrade rehearsal evidence	2026-09-11T07:15:16.4393311Z   name: upgrade-rehearsal-Windows
Upgrade rehearsal (Windows)	Retain the bounded upgrade rehearsal evidence	2026-09-11T07:15:16.4393716Z   path: D:\a\_temp/rehearsal-result-*/upgrade-rehearsal-result.json
Upgrade rehearsal (Windows)	Retain the bounded upgrade rehearsal evidence	2026-09-11T07:15:16.4394122Z   if-no-files-found: warn
Upgrade rehearsal (Windows)	Retain the bounded upgrade rehearsal evidence	2026-09-11T07:15:16.4394409Z   compression-level: 6
Upgrade rehearsal (Windows)	Retain the bounded upgrade rehearsal evidence	2026-09-11T07:15:16.4394705Z   overwrite: false
Upgrade rehearsal (Windows)	Retain the bounded upgrade rehearsal evidence	2026-09-11T07:15:16.4395038Z   include-hidden-files: false
Upgrade rehearsal (Windows)	Retain the bounded upgrade rehearsal evidence	2026-09-11T07:15:16.4395482Z env:
Upgrade rehearsal (Windows)	Retain the bounded upgrade rehearsal evidence	2026-09-11T07:15:16.4395877Z   PREDECESSOR_VERSION: 0.17.0
Upgrade rehearsal (Windows)	Retain the bounded upgrade rehearsal evidence	2026-09-11T07:15:16.4396881Z   PREDECESSOR_WHEEL_SHA256: 305c7cbc79f87baa76ea3bea939b134999f9cad3bfdfa0b4c9c2fd2d9caacced
Upgrade rehearsal (Windows)	Retain the bounded upgrade rehearsal evidence	2026-09-11T07:15:16.4397621Z   PYTHONNOUSERSITE: 1
Upgrade rehearsal (Windows)	Retain the bounded upgrade rehearsal evidence	2026-09-11T07:15:16.4397902Z   PYTHONPATH: 
Upgrade rehearsal (Windows)	Retain the bounded upgrade rehearsal evidence	2026-09-11T07:15:16.4398262Z   pythonLocation: C:\hostedtoolcache\windows\Python\3.11.9\x64
Upgrade rehearsal (Windows)	Retain the bounded upgrade rehearsal evidence	2026-09-11T07:15:16.4399022Z   PKG_CONFIG_PATH: C:\hostedtoolcache\windows\Python\3.11.9\x64/lib/pkgconfig
Upgrade rehearsal (Windows)	Retain the bounded upgrade rehearsal evidence	2026-09-11T07:15:16.4399524Z   Python_ROOT_DIR: C:\hostedtoolcache\windows\Python\3.11.9\x64
Upgrade rehearsal (Windows)	Retain the bounded upgrade rehearsal evidence	2026-09-11T07:15:16.4399978Z   Python2_ROOT_DIR: C:\hostedtoolcache\windows\Python\3.11.9\x64
Upgrade rehearsal (Windows)	Retain the bounded upgrade rehearsal evidence	2026-09-11T07:15:16.4400459Z   Python3_ROOT_DIR: C:\hostedtoolcache\windows\Python\3.11.9\x64
Upgrade rehearsal (Windows)	Retain the bounded upgrade rehearsal evidence	2026-09-11T07:15:16.4400825Z ##[endgroup]
Upgrade rehearsal (Windows)	Retain the bounded upgrade rehearsal evidence	2026-09-11T07:15:16.6380197Z (node:3848) [DEP0040] DeprecationWarning: The `punycode` module is deprecated. Please use a userland alternative instead.
Upgrade rehearsal (Windows)	Retain the bounded upgrade rehearsal evidence	2026-09-11T07:15:16.6381012Z (Use `node --trace-deprecation ...` to show where the warning was created)
Upgrade rehearsal (Windows)	Retain the bounded upgrade rehearsal evidence	2026-09-11T07:15:16.6484625Z With the provided path, there will be 2 files uploaded
Upgrade rehearsal (Windows)	Retain the bounded upgrade rehearsal evidence	2026-09-11T07:15:16.6492246Z Artifact name is valid!
Upgrade rehearsal (Windows)	Retain the bounded upgrade rehearsal evidence	2026-09-11T07:15:16.6494734Z Root directory input is valid!
Upgrade rehearsal (Windows)	Retain the bounded upgrade rehearsal evidence	2026-09-11T07:15:16.8839112Z Beginning upload of artifact content to blob storage
Upgrade rehearsal (Windows)	Retain the bounded upgrade rehearsal evidence	2026-09-11T07:15:16.9064405Z (node:3848) [DEP0169] DeprecationWarning: `url.parse()` behavior is not standardized and prone to errors that have security implications. Use the WHATWG URL API instead. CVEs are not issued for `url.parse()` vulnerabilities.
Upgrade rehearsal (Windows)	Retain the bounded upgrade rehearsal evidence	2026-09-11T07:15:16.9264031Z Uploaded bytes 2404
Upgrade rehearsal (Windows)	Retain the bounded upgrade rehearsal evidence	2026-09-11T07:15:16.9407251Z Finished uploading artifact content to blob storage!
Upgrade rehearsal (Windows)	Retain the bounded upgrade rehearsal evidence	2026-09-11T07:15:16.9408441Z SHA256 digest of uploaded artifact zip is 72fada5039457f36ea903334887addfa332c93259d3d473f70ed248682ce7f0d
Upgrade rehearsal (Windows)	Retain the bounded upgrade rehearsal evidence	2026-09-11T07:15:16.9410952Z Finalizing artifact upload
Upgrade rehearsal (Windows)	Retain the bounded upgrade rehearsal evidence	2026-09-11T07:15:17.1506747Z Artifact upgrade-rehearsal-Windows.zip successfully finalized. Artifact ID 10188685096
Upgrade rehearsal (Windows)	Retain the bounded upgrade rehearsal evidence	2026-09-11T07:15:17.1508101Z Artifact upgrade-rehearsal-Windows has been successfully uploaded! Final size is 2404 bytes. Artifact ID is 10188685096
Upgrade rehearsal (Windows)	Retain the bounded upgrade rehearsal evidence	2026-09-11T07:15:17.1519268Z Artifact download URL: https://github.com/mmzen/se_harness/actions/runs/34573132476/artifacts/10188685096
Upgrade rehearsal (Windows)	Prove the upgrade rehearsal made no checkout change	﻿2026-09-11T07:15:17.1829775Z ##[group]Run git diff --exit-code
Upgrade rehearsal (Windows)	Prove the upgrade rehearsal made no checkout change	2026-09-11T07:15:17.1830538Z ^[[36;1mgit diff --exit-code^[[0m
Upgrade rehearsal (Windows)	Prove the upgrade rehearsal made no checkout change	2026-09-11T07:15:17.1831170Z ^[[36;1m$status = git status --porcelain=v1 --untracked-files=all^[[0m
Upgrade rehearsal (Windows)	Prove the upgrade rehearsal made no checkout change	2026-09-11T07:15:17.1831985Z ^[[36;1mif ($status) { throw 'upgrade rehearsal changed the checkout' }^[[0m
Upgrade rehearsal (Windows)	Prove the upgrade rehearsal made no checkout change	2026-09-11T07:15:17.1936507Z shell: C:\Program Files\PowerShell\7\pwsh.EXE -command ". '{0}'"
Upgrade rehearsal (Windows)	Prove the upgrade rehearsal made no checkout change	2026-09-11T07:15:17.1937185Z env:
Upgrade rehearsal (Windows)	Prove the upgrade rehearsal made no checkout change	2026-09-11T07:15:17.1937586Z   PREDECESSOR_VERSION: 0.17.0
Upgrade rehearsal (Windows)	Prove the upgrade rehearsal made no checkout change	2026-09-11T07:15:17.1938426Z   PREDECESSOR_WHEEL_SHA256: 305c7cbc79f87baa76ea3bea939b134999f9cad3bfdfa0b4c9c2fd2d9caacced
Upgrade rehearsal (Windows)	Prove the upgrade rehearsal made no checkout change	2026-09-11T07:15:17.1939288Z   PYTHONNOUSERSITE: 1
Upgrade rehearsal (Windows)	Prove the upgrade rehearsal made no checkout change	2026-09-11T07:15:17.1939797Z   PYTHONPATH: 
Upgrade rehearsal (Windows)	Prove the upgrade rehearsal made no checkout change	2026-09-11T07:15:17.1940354Z   pythonLocation: C:\hostedtoolcache\windows\Python\3.11.9\x64
Upgrade rehearsal (Windows)	Prove the upgrade rehearsal made no checkout change	2026-09-11T07:15:17.1941236Z   PKG_CONFIG_PATH: C:\hostedtoolcache\windows\Python\3.11.9\x64/lib/pkgconfig
Upgrade rehearsal (Windows)	Prove the upgrade rehearsal made no checkout change	2026-09-11T07:15:17.1942084Z   Python_ROOT_DIR: C:\hostedtoolcache\windows\Python\3.11.9\x64
Upgrade rehearsal (Windows)	Prove the upgrade rehearsal made no checkout change	2026-09-11T07:15:17.1943005Z   Python2_ROOT_DIR: C:\hostedtoolcache\windows\Python\3.11.9\x64
Upgrade rehearsal (Windows)	Prove the upgrade rehearsal made no checkout change	2026-09-11T07:15:17.1943826Z   Python3_ROOT_DIR: C:\hostedtoolcache\windows\Python\3.11.9\x64
Upgrade rehearsal (Windows)	Prove the upgrade rehearsal made no checkout change	2026-09-11T07:15:17.1944439Z ##[endgroup]
Upgrade rehearsal (Windows)	Post Run actions/setup-python@a26af69be951a213d495a4c3e4e4022e16d87065	﻿2026-09-11T07:15:18.0963848Z Node 20 is being deprecated. This workflow is running with Node 24 by default. If you need to temporarily use Node 20, you can set the ACTIONS_ALLOW_USE_UNSECURE_NODE_VERSION=true environment variable. For more information see: https://github.blog/changelog/2025-09-19-deprecation-of-node-20-on-github-actions-runners/
Upgrade rehearsal (Windows)	Post Run actions/setup-python@a26af69be951a213d495a4c3e4e4022e16d87065	2026-09-11T07:15:18.0965175Z Post job cleanup.
Upgrade rehearsal (Windows)	Post Run actions/setup-python@a26af69be951a213d495a4c3e4e4022e16d87065	2026-09-11T07:15:18.2471157Z (node:6132) [DEP0040] DeprecationWarning: The `punycode` module is deprecated. Please use a userland alternative instead.
Upgrade rehearsal (Windows)	Post Run actions/setup-python@a26af69be951a213d495a4c3e4e4022e16d87065	2026-09-11T07:15:18.2472480Z (Use `node --trace-deprecation ...` to show where the warning was created)
Upgrade rehearsal (Windows)	Post Run actions/checkout@11d5960a326750d5838078e36cf38b85af677262	﻿2026-09-11T07:15:18.2789631Z Node 20 is being deprecated. This workflow is running with Node 24 by default. If you need to temporarily use Node 20, you can set the ACTIONS_ALLOW_USE_UNSECURE_NODE_VERSION=true environment variable. For more information see: https://github.blog/changelog/2025-09-19-deprecation-of-node-20-on-github-actions-runners/
Upgrade rehearsal (Windows)	Post Run actions/checkout@11d5960a326750d5838078e36cf38b85af677262	2026-09-11T07:15:18.2791144Z Post job cleanup.
Upgrade rehearsal (Windows)	Post Run actions/checkout@11d5960a326750d5838078e36cf38b85af677262	2026-09-11T07:15:18.4560482Z [command]"C:\Program Files\Git\bin\git.exe" version
Upgrade rehearsal (Windows)	Post Run actions/checkout@11d5960a326750d5838078e36cf38b85af677262	2026-09-11T07:15:18.4840502Z git version 2.55.0.windows.5
Upgrade rehearsal (Windows)	Post Run actions/checkout@11d5960a326750d5838078e36cf38b85af677262	2026-09-11T07:15:18.4902912Z Temporarily overriding HOME='D:\a\_temp\c733e032-abb4-416a-a9f3-5460e2b08586' before making global git config changes
Upgrade rehearsal (Windows)	Post Run actions/checkout@11d5960a326750d5838078e36cf38b85af677262	2026-09-11T07:15:18.4903978Z Adding repository directory to the temporary git global config as a safe directory
Upgrade rehearsal (Windows)	Post Run actions/checkout@11d5960a326750d5838078e36cf38b85af677262	2026-09-11T07:15:18.4914777Z [command]"C:\Program Files\Git\bin\git.exe" config --global --add safe.directory D:\a\se_harness\se_harness
Upgrade rehearsal (Windows)	Post Run actions/checkout@11d5960a326750d5838078e36cf38b85af677262	2026-09-11T07:15:18.5227241Z [command]"C:\Program Files\Git\bin\git.exe" config --local --name-only --get-regexp core\.sshCommand
Upgrade rehearsal (Windows)	Post Run actions/checkout@11d5960a326750d5838078e36cf38b85af677262	2026-09-11T07:15:18.5529648Z [command]"C:\Program Files\Git\bin\git.exe" submodule foreach --recursive "sh -c \"git config --local --name-only --get-regexp 'core\.sshCommand' && git config --local --unset-all 'core.sshCommand' || :\""
Upgrade rehearsal (Windows)	Post Run actions/checkout@11d5960a326750d5838078e36cf38b85af677262	2026-09-11T07:15:19.1307291Z [command]"C:\Program Files\Git\bin\git.exe" config --local --name-only --get-regexp http\.https\:\/\/github\.com\/\.extraheader
Upgrade rehearsal (Windows)	Post Run actions/checkout@11d5960a326750d5838078e36cf38b85af677262	2026-09-11T07:15:19.1644266Z [command]"C:\Program Files\Git\bin\git.exe" submodule foreach --recursive "sh -c \"git config --local --name-only --get-regexp 'http\.https\:\/\/github\.com\/\.extraheader' && git config --local --unset-all 'http.https://github.com/.extraheader' || :\""
Upgrade rehearsal (Windows)	Post Run actions/checkout@11d5960a326750d5838078e36cf38b85af677262	2026-09-11T07:15:19.7354105Z [command]"C:\Program Files\Git\bin\git.exe" config --local --name-only --get-regexp ^includeIf\.gitdir:
Upgrade rehearsal (Windows)	Post Run actions/checkout@11d5960a326750d5838078e36cf38b85af677262	2026-09-11T07:15:19.7665275Z [command]"C:\Program Files\Git\bin\git.exe" submodule foreach --recursive "git config --local --show-origin --name-only --get-regexp remote.origin.url"
Upgrade rehearsal (Windows)	Complete job	﻿2026-09-11T07:15:20.3346161Z Evaluate and set job outputs
Upgrade rehearsal (Windows)	Complete job	2026-09-11T07:15:20.3352692Z Set output 'Windows'
Upgrade rehearsal (Windows)	Complete job	2026-09-11T07:15:20.3354365Z Cleaning up orphan processes
Upgrade rehearsal (Windows)	Complete job	2026-09-11T07:15:20.3798171Z ##[warning]Node.js 20 is deprecated. The following actions target Node.js 20 but are being forced to run on Node.js 24: actions/checkout@11d5960a326750d5838078e36cf38b85af677262, actions/download-artifact@d3f86a106a0bac45b974a628896c90dbdf5c8093, actions/setup-python@a26af69be951a213d495a4c3e4e4022e16d87065, actions/upload-artifact@ea165f8d65b6e75b540449e92b4886f43607fa02. For more information see: https://github.blog/changelog/2025-09-19-deprecation-of-node-20-on-github-actions-runners/
