{
  "schema": "se-harness-workflow-result-v2",
  "digest_format": "machine-fields-v1",
  "candidate": {},
  "operation": {
    "kind": "transition",
    "outcome": "completed"
  },
  "selection": {
    "primary": "REL-SEH-030",
    "artifacts": [
      "REL-SEH-030",
      "WO-RLS-025"
    ]
  },
  "scope": {
    "mode": "selected",
    "governing": [],
    "dependencies": [],
    "declared_paths": [],
    "changed_paths": [],
    "change_set_complete": false
  },
  "compliance": {
    "checkpoint": "transition",
    "workflow_rule_id": "WFL-DEFINITION-COMPLETE",
    "procedure_id": "PROC-DEFINITION-COMPLETE",
    "status": "pass",
    "gates": [
      {
        "id": "QG-G5-RELEASE-PREPARATION",
        "status": "pass",
        "predicates": [
          {
            "id": "QGP-G5P-GRAPH",
            "status": "pass",
            "evidence": [
              {
                "kind": "result",
                "reference": "formal-graph:REL-SEH-030"
              }
            ],
            "message": "The selected formal graph is valid."
          },
          {
            "id": "QGP-G5P-INTEGRITY",
            "status": "pass",
            "evidence": [
              {
                "kind": "result",
                "reference": "repository-integrity:transition"
              }
            ],
            "message": "No repository-integrity blocker prevents selected evaluation."
          },
          {
            "id": "QGP-G5P-DECISION",
            "status": "pass",
            "evidence": [
              {
                "kind": "result",
                "reference": "decision-register:REL-SEH-030"
              }
            ],
            "message": "No open decision blocks REL-SEH-030."
          }
        ]
      },
      {
        "id": "QG-STRUCTURAL",
        "status": "pass",
        "predicates": [
          {
            "id": "QGS-EDGE",
            "status": "pass",
            "evidence": [
              {
                "kind": "artifact",
                "reference": "REL-SEH-030"
              }
            ],
            "message": "draft -> approved is a declared lifecycle edge for REL-SEH-030."
          }
        ]
      },
      {
        "id": "QG-G3-WORK-AUTHORIZATION",
        "status": "pass",
        "predicates": [
          {
            "id": "QGP-G3-GRAPH",
            "status": "pass",
            "evidence": [
              {
                "kind": "result",
                "reference": "formal-graph:WO-RLS-025"
              }
            ],
            "message": "The selected formal graph is valid."
          },
          {
            "id": "QGP-G3-INTEGRITY",
            "status": "pass",
            "evidence": [
              {
                "kind": "result",
                "reference": "repository-integrity:transition"
              }
            ],
            "message": "No repository-integrity blocker prevents selected evaluation."
          },
          {
            "id": "QGP-G3-DECISION",
            "status": "pass",
            "evidence": [
              {
                "kind": "result",
                "reference": "decision-register:WO-RLS-025"
              }
            ],
            "message": "No open decision blocks WO-RLS-025."
          }
        ]
      },
      {
        "id": "QG-STRUCTURAL",
        "status": "pass",
        "predicates": [
          {
            "id": "QGS-EDGE",
            "status": "pass",
            "evidence": [
              {
                "kind": "artifact",
                "reference": "WO-RLS-025"
              }
            ],
            "message": "draft -> approved is a declared lifecycle edge for WO-RLS-025."
          },
          {
            "id": "QGS-ASSURANCE",
            "status": "pass",
            "evidence": [
              {
                "kind": "artifact",
                "reference": "WO-RLS-025"
              }
            ],
            "message": "WO-RLS-025 classifies commit-bound verification as required."
          }
        ]
      }
    ]
  },
  "procedure": {
    "id": "PROC-DEFINITION-COMPLETE",
    "current_step": "STEP-DEFINITION-COMPLETE",
    "steps": [
      {
        "id": "STEP-DEFINITION-COMPLETE",
        "kind": "decision",
        "gate_ids": [
          "QG-G1-DEFINITION",
          "QG-G2-ARCHITECTURE"
        ],
        "effects": [
          "Permits a decision on REL-SEH-030 only."
        ],
        "non_effects": [
          "Related definitions remain unchanged unless separately selected."
        ],
        "decision_right": "DR-DEFINITION-DECIDE",
        "role": "definition-owner",
        "artifact": "REL-SEH-030",
        "decision": "whether the selected definition is complete",
        "outcomes": [
          "implemented",
          "reject",
          "stop"
        ],
        "response": "Decide the selected definition REL-SEH-030 only."
      }
    ]
  },
  "state": {
    "before": [
      {
        "id": "REL-SEH-030",
        "status": "draft"
      },
      {
        "id": "WO-RLS-025",
        "status": "draft"
      }
    ],
    "after": [
      {
        "id": "REL-SEH-030",
        "status": "approved"
      },
      {
        "id": "WO-RLS-025",
        "status": "approved"
      }
    ]
  },
  "findings": {
    "scoped_blockers": [],
    "repository_blockers": [],
    "unrelated_count": 0
  },
  "mutation": {
    "writes": [
      {
        "id": "REL-SEH-030",
        "path": "docs/engineering/release-0-19-0/release/REL-SEH-030.md",
        "fields": [
          "lifecycle_events",
          "status",
          "updated"
        ]
      },
      {
        "id": "WO-RLS-025",
        "path": "docs/engineering/release-0-19-0/work-orders/WO-RLS-025.md",
        "fields": [
          "lifecycle_events",
          "status",
          "updated"
        ]
      }
    ]
  },
  "restitution": {
    "outcome": "completed",
    "done": [
      "Applied 2 explicit lifecycle transition(s) atomically."
    ],
    "not_done": [],
    "blocked_by": [],
    "current_lifecycle_state": [
      "REL-SEH-030 is approved."
    ],
    "decision_required": {
      "decision_right": "DR-DEFINITION-DECIDE",
      "role": "definition-owner",
      "artifact": "REL-SEH-030",
      "decision": "whether the selected definition is complete",
      "outcomes": [
        "implemented",
        "reject",
        "stop"
      ]
    },
    "next": {
      "procedure_id": "PROC-DEFINITION-COMPLETE",
      "step_id": "STEP-DEFINITION-COMPLETE",
      "action": "whether the selected definition is complete"
    },
    "command_or_response": {
      "kind": "response",
      "value": "Decide the selected definition REL-SEH-030 only."
    },
    "alternatives": []
  },
  "result_sha256": "43d8600be9e96705a17c28ff6685832a7c3d1978c6772f10f03e9953b248e462"
}
