{
  "schema": "se-harness-workflow-result-v2",
  "digest_format": "machine-fields-v1",
  "candidate": {
    "commit": "30d4dba2a088c4f83756c1241b76cdab40f796bd",
    "git_object_format": "sha1"
  },
  "operation": {
    "kind": "transition",
    "outcome": "completed"
  },
  "selection": {
    "primary": "VREC-SEH-028",
    "artifacts": [
      "VREC-SEH-028"
    ]
  },
  "scope": {
    "mode": "selected",
    "governing": [],
    "dependencies": [],
    "declared_paths": [],
    "changed_paths": [],
    "change_set_complete": false
  },
  "compliance": {
    "checkpoint": "transition",
    "workflow_rule_id": "WFL-VREC-DELIVER",
    "procedure_id": "PROC-DELIVERY-SELECT",
    "status": "pass",
    "gates": [
      {
        "id": "QG-G4-ASSURANCE-DECISION",
        "status": "pass",
        "predicates": [
          {
            "id": "QGP-G4A-GRAPH",
            "status": "pass",
            "evidence": [
              {
                "kind": "result",
                "reference": "formal-graph:VREC-SEH-028"
              }
            ],
            "message": "The selected formal graph is valid."
          },
          {
            "id": "QGP-G4A-INTEGRITY",
            "status": "pass",
            "evidence": [
              {
                "kind": "result",
                "reference": "repository-integrity:transition"
              }
            ],
            "message": "No repository-integrity blocker prevents selected evaluation."
          },
          {
            "id": "QGP-G4A-DECISION",
            "status": "pass",
            "evidence": [
              {
                "kind": "result",
                "reference": "decision-register:VREC-SEH-028"
              }
            ],
            "message": "No open decision blocks VREC-SEH-028."
          }
        ]
      },
      {
        "id": "QG-STRUCTURAL",
        "status": "pass",
        "predicates": [
          {
            "id": "QGS-EDGE",
            "status": "pass",
            "evidence": [
              {
                "kind": "artifact",
                "reference": "VREC-SEH-028"
              }
            ],
            "message": "ready -> verified is a declared lifecycle edge for VREC-SEH-028."
          }
        ]
      }
    ]
  },
  "procedure": {
    "id": "PROC-DELIVERY-SELECT",
    "current_step": "STEP-DELIVERY-SELECT",
    "steps": [
      {
        "id": "STEP-DELIVERY-SELECT",
        "kind": "decision",
        "gate_ids": [
          "QG-G4-VERIFIED-COVERAGE"
        ],
        "effects": [
          "Selects one delivery path."
        ],
        "non_effects": [
          "Selection performs no repository or release action."
        ],
        "decision_right": "DR-DELIVERY-SELECT",
        "role": "repository-owner or release-owner",
        "artifact": "VREC-SEH-028",
        "decision": "which separately authorized delivery path to select",
        "outcomes": [
          "repository-integration",
          "release-preparation",
          "stop"
        ],
        "response": "Select one separately authorized delivery path for VREC-SEH-028."
      }
    ]
  },
  "state": {
    "before": [
      {
        "id": "VREC-SEH-028",
        "status": "ready"
      }
    ],
    "after": [
      {
        "id": "VREC-SEH-028",
        "status": "verified"
      }
    ]
  },
  "findings": {
    "scoped_blockers": [],
    "repository_blockers": [],
    "unrelated_count": 0
  },
  "mutation": {
    "writes": [
      {
        "id": "VREC-SEH-028",
        "path": "docs/engineering/release-0-19-0/verification-records/VREC-SEH-028.md",
        "fields": [
          "lifecycle_events",
          "status",
          "updated",
          "verified_at",
          "verified_by"
        ]
      }
    ]
  },
  "restitution": {
    "outcome": "completed",
    "done": [
      "Applied 1 explicit lifecycle transition(s) atomically."
    ],
    "not_done": [],
    "blocked_by": [],
    "current_lifecycle_state": [
      "VREC-SEH-028 is verified."
    ],
    "decision_required": {
      "decision_right": "DR-DELIVERY-SELECT",
      "role": "repository-owner or release-owner",
      "artifact": "VREC-SEH-028",
      "decision": "which separately authorized delivery path to select",
      "outcomes": [
        "repository-integration",
        "release-preparation",
        "stop"
      ]
    },
    "next": {
      "procedure_id": "PROC-DELIVERY-SELECT",
      "step_id": "STEP-DELIVERY-SELECT",
      "action": "which separately authorized delivery path to select"
    },
    "command_or_response": {
      "kind": "response",
      "value": "Select one separately authorized delivery path for VREC-SEH-028."
    },
    "alternatives": [
      "Use complete alternative procedure PROC-REPOSITORY-INTEGRATION."
    ]
  },
  "result_sha256": "094cb93a2b3dfbea23d542eb44f6d830ecd36b13f7012fadc7f6811af07c17a6"
}
