{
  "schema": "se-harness-workflow-result-v2",
  "digest_format": "machine-fields-v1",
  "candidate": {},
  "operation": {
    "kind": "transition",
    "outcome": "blocked"
  },
  "selection": {
    "primary": "RLS-SEH-028",
    "artifacts": [
      "RLS-SEH-028"
    ]
  },
  "scope": {
    "mode": "selected",
    "governing": [],
    "dependencies": [],
    "declared_paths": [],
    "changed_paths": [],
    "change_set_complete": false
  },
  "compliance": {
    "checkpoint": "pre-action",
    "workflow_rule_id": "WFL-FAIL-REMEDIATE",
    "procedure_id": "PROC-REMEDIATE",
    "status": "fail",
    "gates": []
  },
  "procedure": {
    "id": "PROC-REMEDIATE",
    "current_step": "STEP-REMEDIATE-FOCUS",
    "steps": [
      {
        "id": "STEP-REMEDIATE-FOCUS",
        "kind": "command",
        "gate_ids": [],
        "effects": [
          "Re-evaluated selected state for RLS-SEH-028."
        ],
        "non_effects": [
          "Remediation does not expand scope or change state."
        ],
        "argv": [
          "harnessctl",
          "check",
          ".",
          "--artifact",
          "RLS-SEH-028"
        ]
      }
    ]
  },
  "state": {
    "before": [],
    "after": []
  },
  "findings": {
    "scoped_blockers": [
      {
        "code": "WEX201",
        "message": "proposed final graph is invalid [E009]: field 'authorized_by' must identify one of the record owners"
      }
    ],
    "repository_blockers": [],
    "unrelated_count": 0
  },
  "mutation": {
    "writes": []
  },
  "restitution": {
    "outcome": "blocked",
    "done": [],
    "not_done": [
      "The requested workflow operation remains incomplete."
    ],
    "blocked_by": [
      "WEX201: proposed final graph is invalid [E009]: field 'authorized_by' must identify one of the record owners"
    ],
    "current_lifecycle_state": [
      "No lifecycle state was changed."
    ],
    "decision_required": null,
    "next": {
      "procedure_id": "PROC-REMEDIATE",
      "step_id": "STEP-REMEDIATE-FOCUS",
      "action": "remediate"
    },
    "command_or_response": {
      "kind": "command",
      "argv": [
        "harnessctl",
        "check",
        ".",
        "--artifact",
        "RLS-SEH-028"
      ]
    },
    "alternatives": []
  },
  "result_sha256": "9adb7a4e8d88e3004deaaded7534dbf3842c6fa1913b14fbea1a83b7f7858135"
}
