Evaluator Python: C:\Users\mathi\AppData\Local\Temp\simple-plugin-h2w8vdry\private\verity-plane\evaluator\Scripts\python.exe
Evaluator Python: C:\Users\mathi\AppData\Local\Temp\simple-plugin-h2w8vdry\private\verity-plane\evaluator\Scripts\python.exe
--workers must be at least 1
WEX_SCALE artifacts=100 validation=0.110627s focus=0.263763s plan=0.213635s
WEX_SCALE artifacts=500 validation=0.564835s focus=0.682282s plan=0.972985s
WEX_SCALE artifacts=1000 validation=1.103182s focus=1.181715s plan=1.948298s
docs/notes/diagnostic-codes.md matches the source
======================================================================
ERROR: test_installer.InstructionMigrationTests.test_recognized_fragments_preserve_all_owner_bytes (newline=b'\r\n')
----------------------------------------------------------------------
Traceback (most recent call last):
  File "C:\Users\mathi\AppData\Local\Temp\se-harness-candidate-dwycyil_\checkout\tests\test_installer.py", line 140, in test_recognized_fragments_preserve_all_owner_bytes
    lock=self.apply()
  File "C:\Users\mathi\AppData\Local\Temp\se-harness-candidate-dwycyil_\checkout\tests\test_installer.py", line 55, in apply
    return installer.apply_changes(self.root,changes,lock,allow_updates=True,instruction_delivery_evidence=evidence,**kwargs)
           ~~~~~~~~~~~~~~~~~~~~~~~^^^^^^^^^^^^^^^^^^^^^^^^^^^^^^^^^^^^^^^^^^^^^^^^^^^^^^^^^^^^^^^^^^^^^^^^^^^^^^^^^^^^^^^^^^^
  File "C:\Users\mathi\AppData\Local\Temp\se-harness-candidate-dwycyil_\checkout\se_harness\installer.py", line 611, in apply_changes
    raise HarnessError("installation has conflicts or customizations; no files were written")
se_harness.installer.HarnessError: installation has conflicts or customizations; no files were written

----------------------------------------------------------------------
Ran 1122 tests in 203.337s (175 classes, 4 workers)

FAILED (errors=1, skipped=16)
