Candidate source evidence	Set up job	﻿2026-09-10T20:41:18.5692898Z Current runner version: '2.337.0'
Candidate source evidence	Set up job	2026-09-10T20:41:18.5718965Z ##[group]Runner Image Provisioner
Candidate source evidence	Set up job	2026-09-10T20:41:18.5719880Z Hosted Compute Agent
Candidate source evidence	Set up job	2026-09-10T20:41:18.5720561Z Version: 20260828.587
Candidate source evidence	Set up job	2026-09-10T20:41:18.5721213Z Commit: abac92662cab4cc7352de4f9f9d2e2419aad9c29
Candidate source evidence	Set up job	2026-09-10T20:41:18.5721962Z Build Date: 2026-08-28T16:44:25Z
Candidate source evidence	Set up job	2026-09-10T20:41:18.5722718Z Worker ID: {c9d99132-2314-4a30-9900-951e0b62db9f}
Candidate source evidence	Set up job	2026-09-10T20:41:18.5723424Z Azure Region: westus
Candidate source evidence	Set up job	2026-09-10T20:41:18.5724078Z ##[endgroup]
Candidate source evidence	Set up job	2026-09-10T20:41:18.5725793Z ##[group]Operating System
Candidate source evidence	Set up job	2026-09-10T20:41:18.5726506Z Ubuntu
Candidate source evidence	Set up job	2026-09-10T20:41:18.5727146Z 24.04.5
Candidate source evidence	Set up job	2026-09-10T20:41:18.5727662Z LTS
Candidate source evidence	Set up job	2026-09-10T20:41:18.5728227Z ##[endgroup]
Candidate source evidence	Set up job	2026-09-10T20:41:18.5728804Z ##[group]Runner Image
Candidate source evidence	Set up job	2026-09-10T20:41:18.5729430Z Image: ubuntu-24.04
Candidate source evidence	Set up job	2026-09-10T20:41:18.5730044Z Version: 20260907.300.1
Candidate source evidence	Set up job	2026-09-10T20:41:18.5731111Z Included Software: https://github.com/actions/runner-images/blob/ubuntu24/20260907.300/images/ubuntu/Ubuntu2404-Readme.md
Candidate source evidence	Set up job	2026-09-10T20:41:18.5732931Z Image Release: https://github.com/actions/runner-images/releases/tag/ubuntu24%2F20260907.300
Candidate source evidence	Set up job	2026-09-10T20:41:18.5733954Z ##[endgroup]
Candidate source evidence	Set up job	2026-09-10T20:41:18.5735120Z ##[group]GITHUB_TOKEN Permissions
Candidate source evidence	Set up job	2026-09-10T20:41:18.5737293Z Contents: read
Candidate source evidence	Set up job	2026-09-10T20:41:18.5738018Z Metadata: read
Candidate source evidence	Set up job	2026-09-10T20:41:18.5738621Z ##[endgroup]
Candidate source evidence	Set up job	2026-09-10T20:41:18.5740639Z Secret source: Actions
Candidate source evidence	Set up job	2026-09-10T20:41:18.5741730Z Cache mode: write
Candidate source evidence	Set up job	2026-09-10T20:41:18.5742407Z Prepare workflow directory
Candidate source evidence	Set up job	2026-09-10T20:41:18.6139653Z Prepare all required actions
Candidate source evidence	Set up job	2026-09-10T20:41:18.6189260Z Getting action download info
Candidate source evidence	Set up job	2026-09-10T20:41:18.9868495Z Download action repository 'actions/checkout@11d5960a326750d5838078e36cf38b85af677262' (SHA:11d5960a326750d5838078e36cf38b85af677262)
Candidate source evidence	Set up job	2026-09-10T20:41:19.0989291Z Download action repository 'actions/setup-python@a26af69be951a213d495a4c3e4e4022e16d87065' (SHA:a26af69be951a213d495a4c3e4e4022e16d87065)
Candidate source evidence	Set up job	2026-09-10T20:41:19.1866487Z Download action repository 'actions/cache@5a3ec84eff668545956fd18022155c47e93e2684' (SHA:5a3ec84eff668545956fd18022155c47e93e2684)
Candidate source evidence	Set up job	2026-09-10T20:41:19.4832040Z Download action repository 'actions/upload-artifact@ea165f8d65b6e75b540449e92b4886f43607fa02' (SHA:ea165f8d65b6e75b540449e92b4886f43607fa02)
Candidate source evidence	Set up job	2026-09-10T20:41:19.7229849Z Complete job name: Candidate source evidence
Candidate source evidence	Run actions/checkout@11d5960a326750d5838078e36cf38b85af677262	﻿2026-09-10T20:41:19.8203835Z Node 20 is being deprecated. This workflow is running with Node 24 by default. If you need to temporarily use Node 20, you can set the ACTIONS_ALLOW_USE_UNSECURE_NODE_VERSION=true environment variable. For more information see: https://github.blog/changelog/2025-09-19-deprecation-of-node-20-on-github-actions-runners/
Candidate source evidence	Run actions/checkout@11d5960a326750d5838078e36cf38b85af677262	2026-09-10T20:41:19.8215398Z ##[group]Run actions/checkout@11d5960a326750d5838078e36cf38b85af677262
Candidate source evidence	Run actions/checkout@11d5960a326750d5838078e36cf38b85af677262	2026-09-10T20:41:19.8217427Z with:
Candidate source evidence	Run actions/checkout@11d5960a326750d5838078e36cf38b85af677262	2026-09-10T20:41:19.8218240Z   fetch-depth: 0
Candidate source evidence	Run actions/checkout@11d5960a326750d5838078e36cf38b85af677262	2026-09-10T20:41:19.8219149Z   persist-credentials: false
Candidate source evidence	Run actions/checkout@11d5960a326750d5838078e36cf38b85af677262	2026-09-10T20:41:19.8220176Z   repository: mmzen/se_harness
Candidate source evidence	Run actions/checkout@11d5960a326750d5838078e36cf38b85af677262	2026-09-10T20:41:19.8229372Z   token: ***
Candidate source evidence	Run actions/checkout@11d5960a326750d5838078e36cf38b85af677262	2026-09-10T20:41:19.8230259Z   ssh-strict: true
Candidate source evidence	Run actions/checkout@11d5960a326750d5838078e36cf38b85af677262	2026-09-10T20:41:19.8231132Z   ssh-user: git
Candidate source evidence	Run actions/checkout@11d5960a326750d5838078e36cf38b85af677262	2026-09-10T20:41:19.8231980Z   clean: true
Candidate source evidence	Run actions/checkout@11d5960a326750d5838078e36cf38b85af677262	2026-09-10T20:41:19.8232874Z   sparse-checkout-cone-mode: true
Candidate source evidence	Run actions/checkout@11d5960a326750d5838078e36cf38b85af677262	2026-09-10T20:41:19.8233924Z   fetch-tags: false
Candidate source evidence	Run actions/checkout@11d5960a326750d5838078e36cf38b85af677262	2026-09-10T20:41:19.8234803Z   show-progress: true
Candidate source evidence	Run actions/checkout@11d5960a326750d5838078e36cf38b85af677262	2026-09-10T20:41:19.8235902Z   lfs: false
Candidate source evidence	Run actions/checkout@11d5960a326750d5838078e36cf38b85af677262	2026-09-10T20:41:19.8236785Z   submodules: false
Candidate source evidence	Run actions/checkout@11d5960a326750d5838078e36cf38b85af677262	2026-09-10T20:41:19.8237675Z   set-safe-directory: true
Candidate source evidence	Run actions/checkout@11d5960a326750d5838078e36cf38b85af677262	2026-09-10T20:41:19.8238698Z   allow-unsafe-pr-checkout: false
Candidate source evidence	Run actions/checkout@11d5960a326750d5838078e36cf38b85af677262	2026-09-10T20:41:19.8240018Z env:
Candidate source evidence	Run actions/checkout@11d5960a326750d5838078e36cf38b85af677262	2026-09-10T20:41:19.8240832Z   PYTHONNOUSERSITE: 1
Candidate source evidence	Run actions/checkout@11d5960a326750d5838078e36cf38b85af677262	2026-09-10T20:41:19.8241738Z   PYTHONPATH: 
Candidate source evidence	Run actions/checkout@11d5960a326750d5838078e36cf38b85af677262	2026-09-10T20:41:19.8242570Z ##[endgroup]
Candidate source evidence	Run actions/checkout@11d5960a326750d5838078e36cf38b85af677262	2026-09-10T20:41:19.9355423Z Syncing repository: mmzen/se_harness
Candidate source evidence	Run actions/checkout@11d5960a326750d5838078e36cf38b85af677262	2026-09-10T20:41:19.9359827Z ##[group]Getting Git version info
Candidate source evidence	Run actions/checkout@11d5960a326750d5838078e36cf38b85af677262	2026-09-10T20:41:19.9362272Z Working directory is '/home/runner/work/se_harness/se_harness'
Candidate source evidence	Run actions/checkout@11d5960a326750d5838078e36cf38b85af677262	2026-09-10T20:41:19.9365831Z [command]/usr/bin/git version
Candidate source evidence	Run actions/checkout@11d5960a326750d5838078e36cf38b85af677262	2026-09-10T20:41:19.9447007Z git version 2.55.0
Candidate source evidence	Run actions/checkout@11d5960a326750d5838078e36cf38b85af677262	2026-09-10T20:41:19.9475998Z ##[endgroup]
Candidate source evidence	Run actions/checkout@11d5960a326750d5838078e36cf38b85af677262	2026-09-10T20:41:19.9494798Z Temporarily overriding HOME='/home/runner/work/_temp/270dc687-5897-46ea-886d-f7a09a90f96f' before making global git config changes
Candidate source evidence	Run actions/checkout@11d5960a326750d5838078e36cf38b85af677262	2026-09-10T20:41:19.9500336Z Adding repository directory to the temporary git global config as a safe directory
Candidate source evidence	Run actions/checkout@11d5960a326750d5838078e36cf38b85af677262	2026-09-10T20:41:19.9504210Z [command]/usr/bin/git config --global --add safe.directory /home/runner/work/se_harness/se_harness
Candidate source evidence	Run actions/checkout@11d5960a326750d5838078e36cf38b85af677262	2026-09-10T20:41:19.9558912Z Deleting the contents of '/home/runner/work/se_harness/se_harness'
Candidate source evidence	Run actions/checkout@11d5960a326750d5838078e36cf38b85af677262	2026-09-10T20:41:19.9563100Z ##[group]Initializing the repository
Candidate source evidence	Run actions/checkout@11d5960a326750d5838078e36cf38b85af677262	2026-09-10T20:41:19.9566991Z [command]/usr/bin/git init /home/runner/work/se_harness/se_harness
Candidate source evidence	Run actions/checkout@11d5960a326750d5838078e36cf38b85af677262	2026-09-10T20:41:19.9694191Z hint: Using 'master' as the name for the initial branch. This default branch name
Candidate source evidence	Run actions/checkout@11d5960a326750d5838078e36cf38b85af677262	2026-09-10T20:41:19.9697738Z hint: will change to "main" in Git 3.0. To configure the initial branch name
Candidate source evidence	Run actions/checkout@11d5960a326750d5838078e36cf38b85af677262	2026-09-10T20:41:19.9700988Z hint: to use in all of your new repositories, which will suppress this warning,
Candidate source evidence	Run actions/checkout@11d5960a326750d5838078e36cf38b85af677262	2026-09-10T20:41:19.9703554Z hint: call:
Candidate source evidence	Run actions/checkout@11d5960a326750d5838078e36cf38b85af677262	2026-09-10T20:41:19.9704871Z hint:
Candidate source evidence	Run actions/checkout@11d5960a326750d5838078e36cf38b85af677262	2026-09-10T20:41:19.9706670Z hint: 	git config --global init.defaultBranch <name>
Candidate source evidence	Run actions/checkout@11d5960a326750d5838078e36cf38b85af677262	2026-09-10T20:41:19.9708741Z hint:
Candidate source evidence	Run actions/checkout@11d5960a326750d5838078e36cf38b85af677262	2026-09-10T20:41:19.9710654Z hint: Names commonly chosen instead of 'master' are 'main', 'trunk' and
Candidate source evidence	Run actions/checkout@11d5960a326750d5838078e36cf38b85af677262	2026-09-10T20:41:19.9713443Z hint: 'development'. The just-created branch can be renamed via this command:
Candidate source evidence	Run actions/checkout@11d5960a326750d5838078e36cf38b85af677262	2026-09-10T20:41:19.9714967Z hint:
Candidate source evidence	Run actions/checkout@11d5960a326750d5838078e36cf38b85af677262	2026-09-10T20:41:19.9723232Z hint: 	git branch -m <name>
Candidate source evidence	Run actions/checkout@11d5960a326750d5838078e36cf38b85af677262	2026-09-10T20:41:19.9724894Z hint:
Candidate source evidence	Run actions/checkout@11d5960a326750d5838078e36cf38b85af677262	2026-09-10T20:41:19.9727216Z hint: Disable this message with "git config set advice.defaultBranchName false"
Candidate source evidence	Run actions/checkout@11d5960a326750d5838078e36cf38b85af677262	2026-09-10T20:41:19.9730791Z Initialized empty Git repository in /home/runner/work/se_harness/se_harness/.git/
Candidate source evidence	Run actions/checkout@11d5960a326750d5838078e36cf38b85af677262	2026-09-10T20:41:19.9736426Z [command]/usr/bin/git remote add origin https://github.com/mmzen/se_harness
Candidate source evidence	Run actions/checkout@11d5960a326750d5838078e36cf38b85af677262	2026-09-10T20:41:19.9763332Z ##[endgroup]
Candidate source evidence	Run actions/checkout@11d5960a326750d5838078e36cf38b85af677262	2026-09-10T20:41:19.9766079Z ##[group]Disabling automatic garbage collection
Candidate source evidence	Run actions/checkout@11d5960a326750d5838078e36cf38b85af677262	2026-09-10T20:41:19.9768276Z [command]/usr/bin/git config --local gc.auto 0
Candidate source evidence	Run actions/checkout@11d5960a326750d5838078e36cf38b85af677262	2026-09-10T20:41:19.9800563Z ##[endgroup]
Candidate source evidence	Run actions/checkout@11d5960a326750d5838078e36cf38b85af677262	2026-09-10T20:41:19.9802940Z ##[group]Setting up auth
Candidate source evidence	Run actions/checkout@11d5960a326750d5838078e36cf38b85af677262	2026-09-10T20:41:19.9806710Z [command]/usr/bin/git config --local --name-only --get-regexp core\.sshCommand
Candidate source evidence	Run actions/checkout@11d5960a326750d5838078e36cf38b85af677262	2026-09-10T20:41:19.9844531Z [command]/usr/bin/git submodule foreach --recursive sh -c "git config --local --name-only --get-regexp 'core\.sshCommand' && git config --local --unset-all 'core.sshCommand' || :"
Candidate source evidence	Run actions/checkout@11d5960a326750d5838078e36cf38b85af677262	2026-09-10T20:41:20.0251571Z [command]/usr/bin/git config --local --name-only --get-regexp http\.https\:\/\/github\.com\/\.extraheader
Candidate source evidence	Run actions/checkout@11d5960a326750d5838078e36cf38b85af677262	2026-09-10T20:41:20.0293392Z [command]/usr/bin/git submodule foreach --recursive sh -c "git config --local --name-only --get-regexp 'http\.https\:\/\/github\.com\/\.extraheader' && git config --local --unset-all 'http.https://github.com/.extraheader' || :"
Candidate source evidence	Run actions/checkout@11d5960a326750d5838078e36cf38b85af677262	2026-09-10T20:41:20.0519350Z [command]/usr/bin/git config --local --name-only --get-regexp ^includeIf\.gitdir:
Candidate source evidence	Run actions/checkout@11d5960a326750d5838078e36cf38b85af677262	2026-09-10T20:41:20.0559945Z [command]/usr/bin/git submodule foreach --recursive git config --local --show-origin --name-only --get-regexp remote.origin.url
Candidate source evidence	Run actions/checkout@11d5960a326750d5838078e36cf38b85af677262	2026-09-10T20:41:20.0788386Z [command]/usr/bin/git config --local http.https://github.com/.extraheader AUTHORIZATION: basic ***
Candidate source evidence	Run actions/checkout@11d5960a326750d5838078e36cf38b85af677262	2026-09-10T20:41:20.0829370Z ##[endgroup]
Candidate source evidence	Run actions/checkout@11d5960a326750d5838078e36cf38b85af677262	2026-09-10T20:41:20.0831058Z ##[group]Fetching the repository
Candidate source evidence	Run actions/checkout@11d5960a326750d5838078e36cf38b85af677262	2026-09-10T20:41:20.0840919Z [command]/usr/bin/git -c protocol.version=2 fetch --prune --no-recurse-submodules origin +refs/heads/*:refs/remotes/origin/* +refs/tags/*:refs/tags/* +a002a24c46a8c061a3a74d7e10397bf08e89d17b:refs/remotes/pull/446/merge
Candidate source evidence	Run actions/checkout@11d5960a326750d5838078e36cf38b85af677262	2026-09-10T20:41:21.7520982Z From https://github.com/mmzen/se_harness
Candidate source evidence	Run actions/checkout@11d5960a326750d5838078e36cf38b85af677262	2026-09-10T20:41:21.7522008Z  * [new branch]        artifacts/plugin-implementation          -> origin/artifacts/plugin-implementation
Candidate source evidence	Run actions/checkout@11d5960a326750d5838078e36cf38b85af677262	2026-09-10T20:41:21.7522813Z  * [new branch]        definitions/plg010-delegation            -> origin/definitions/plg010-delegation
Candidate source evidence	Run actions/checkout@11d5960a326750d5838078e36cf38b85af677262	2026-09-10T20:41:21.7523554Z  * [new branch]        definitions/plg011-delegation            -> origin/definitions/plg011-delegation
Candidate source evidence	Run actions/checkout@11d5960a326750d5838078e36cf38b85af677262	2026-09-10T20:41:21.7524672Z  * [new branch]        definitions/plg012-delegation            -> origin/definitions/plg012-delegation
Candidate source evidence	Run actions/checkout@11d5960a326750d5838078e36cf38b85af677262	2026-09-10T20:41:21.7525305Z  * [new branch]        main                                     -> origin/main
Candidate source evidence	Run actions/checkout@11d5960a326750d5838078e36cf38b85af677262	2026-09-10T20:41:21.7526567Z  * [new branch]        notes/plugin-installation-proposal       -> origin/notes/plugin-installation-proposal
Candidate source evidence	Run actions/checkout@11d5960a326750d5838078e36cf38b85af677262	2026-09-10T20:41:21.7527883Z  * [new branch]        notes/plugin-proposal-assessment-2026-09-08 -> origin/notes/plugin-proposal-assessment-2026-09-08
Candidate source evidence	Run actions/checkout@11d5960a326750d5838078e36cf38b85af677262	2026-09-10T20:41:21.7528647Z  * [new branch]        release/0.10                             -> origin/release/0.10
Candidate source evidence	Run actions/checkout@11d5960a326750d5838078e36cf38b85af677262	2026-09-10T20:41:21.7529219Z  * [new branch]        release/0.11                             -> origin/release/0.11
Candidate source evidence	Run actions/checkout@11d5960a326750d5838078e36cf38b85af677262	2026-09-10T20:41:21.7529732Z  * [new branch]        release/0.12                             -> origin/release/0.12
Candidate source evidence	Run actions/checkout@11d5960a326750d5838078e36cf38b85af677262	2026-09-10T20:41:21.7530730Z  * [new branch]        release/0.12.0                           -> origin/release/0.12.0
Candidate source evidence	Run actions/checkout@11d5960a326750d5838078e36cf38b85af677262	2026-09-10T20:41:21.7531390Z  * [new branch]        release/0.13                             -> origin/release/0.13
Candidate source evidence	Run actions/checkout@11d5960a326750d5838078e36cf38b85af677262	2026-09-10T20:41:21.7532275Z  * [new branch]        release/0.13.0                           -> origin/release/0.13.0
Candidate source evidence	Run actions/checkout@11d5960a326750d5838078e36cf38b85af677262	2026-09-10T20:41:21.7533054Z  * [new branch]        release/0.14                             -> origin/release/0.14
Candidate source evidence	Run actions/checkout@11d5960a326750d5838078e36cf38b85af677262	2026-09-10T20:41:21.7533669Z  * [new branch]        release/0.14.0                           -> origin/release/0.14.0
Candidate source evidence	Run actions/checkout@11d5960a326750d5838078e36cf38b85af677262	2026-09-10T20:41:21.7534268Z  * [new branch]        release/0.15                             -> origin/release/0.15
Candidate source evidence	Run actions/checkout@11d5960a326750d5838078e36cf38b85af677262	2026-09-10T20:41:21.7534816Z  * [new branch]        release/0.15.0                           -> origin/release/0.15.0
Candidate source evidence	Run actions/checkout@11d5960a326750d5838078e36cf38b85af677262	2026-09-10T20:41:21.7535366Z  * [new branch]        release/0.16                             -> origin/release/0.16
Candidate source evidence	Run actions/checkout@11d5960a326750d5838078e36cf38b85af677262	2026-09-10T20:41:21.7536216Z  * [new branch]        release/0.16.0                           -> origin/release/0.16.0
Candidate source evidence	Run actions/checkout@11d5960a326750d5838078e36cf38b85af677262	2026-09-10T20:41:21.7536768Z  * [new branch]        release/0.17                             -> origin/release/0.17
Candidate source evidence	Run actions/checkout@11d5960a326750d5838078e36cf38b85af677262	2026-09-10T20:41:21.7537310Z  * [new branch]        release/0.17.0                           -> origin/release/0.17.0
Candidate source evidence	Run actions/checkout@11d5960a326750d5838078e36cf38b85af677262	2026-09-10T20:41:21.7537887Z  * [new branch]        release/0.2.0                            -> origin/release/0.2.0
Candidate source evidence	Run actions/checkout@11d5960a326750d5838078e36cf38b85af677262	2026-09-10T20:41:21.7538695Z  * [new branch]        release/0.2.1                            -> origin/release/0.2.1
Candidate source evidence	Run actions/checkout@11d5960a326750d5838078e36cf38b85af677262	2026-09-10T20:41:21.7539797Z  * [new branch]        release/0.2.2                            -> origin/release/0.2.2
Candidate source evidence	Run actions/checkout@11d5960a326750d5838078e36cf38b85af677262	2026-09-10T20:41:21.7540380Z  * [new branch]        release/0.3.0                            -> origin/release/0.3.0
Candidate source evidence	Run actions/checkout@11d5960a326750d5838078e36cf38b85af677262	2026-09-10T20:41:21.7540942Z  * [new branch]        release/0.4.0                            -> origin/release/0.4.0
Candidate source evidence	Run actions/checkout@11d5960a326750d5838078e36cf38b85af677262	2026-09-10T20:41:21.7541453Z  * [new branch]        release/0.6                              -> origin/release/0.6
Candidate source evidence	Run actions/checkout@11d5960a326750d5838078e36cf38b85af677262	2026-09-10T20:41:21.7541986Z  * [new branch]        release/0.7                              -> origin/release/0.7
Candidate source evidence	Run actions/checkout@11d5960a326750d5838078e36cf38b85af677262	2026-09-10T20:41:21.7542590Z  * [new branch]        release/0.8                              -> origin/release/0.8
Candidate source evidence	Run actions/checkout@11d5960a326750d5838078e36cf38b85af677262	2026-09-10T20:41:21.7543328Z  * [new branch]        release/0.9                              -> origin/release/0.9
Candidate source evidence	Run actions/checkout@11d5960a326750d5838078e36cf38b85af677262	2026-09-10T20:41:21.7543925Z  * [new branch]        work/plugin-change-skill                 -> origin/work/plugin-change-skill
Candidate source evidence	Run actions/checkout@11d5960a326750d5838078e36cf38b85af677262	2026-09-10T20:41:21.7544606Z  * [new branch]        work/plugin-evidence-skill               -> origin/work/plugin-evidence-skill
Candidate source evidence	Run actions/checkout@11d5960a326750d5838078e36cf38b85af677262	2026-09-10T20:41:21.7545292Z  * [new branch]        work/plugin-retained-skills              -> origin/work/plugin-retained-skills
Candidate source evidence	Run actions/checkout@11d5960a326750d5838078e36cf38b85af677262	2026-09-10T20:41:21.7546184Z  * [new tag]           last                                     -> last
Candidate source evidence	Run actions/checkout@11d5960a326750d5838078e36cf38b85af677262	2026-09-10T20:41:21.7546645Z  * [new tag]           v0.10.0                                  -> v0.10.0
Candidate source evidence	Run actions/checkout@11d5960a326750d5838078e36cf38b85af677262	2026-09-10T20:41:21.7547144Z  * [new tag]           v0.11.0                                  -> v0.11.0
Candidate source evidence	Run actions/checkout@11d5960a326750d5838078e36cf38b85af677262	2026-09-10T20:41:21.7547726Z  * [new tag]           v0.12.0                                  -> v0.12.0
Candidate source evidence	Run actions/checkout@11d5960a326750d5838078e36cf38b85af677262	2026-09-10T20:41:21.7548173Z  * [new tag]           v0.13.0                                  -> v0.13.0
Candidate source evidence	Run actions/checkout@11d5960a326750d5838078e36cf38b85af677262	2026-09-10T20:41:21.7548885Z  * [new tag]           v0.14.0                                  -> v0.14.0
Candidate source evidence	Run actions/checkout@11d5960a326750d5838078e36cf38b85af677262	2026-09-10T20:41:21.7549313Z  * [new tag]           v0.15.0                                  -> v0.15.0
Candidate source evidence	Run actions/checkout@11d5960a326750d5838078e36cf38b85af677262	2026-09-10T20:41:21.7549729Z  * [new tag]           v0.16.0                                  -> v0.16.0
Candidate source evidence	Run actions/checkout@11d5960a326750d5838078e36cf38b85af677262	2026-09-10T20:41:21.7550152Z  * [new tag]           v0.17.0                                  -> v0.17.0
Candidate source evidence	Run actions/checkout@11d5960a326750d5838078e36cf38b85af677262	2026-09-10T20:41:21.7550614Z  * [new tag]           v0.2.0                                   -> v0.2.0
Candidate source evidence	Run actions/checkout@11d5960a326750d5838078e36cf38b85af677262	2026-09-10T20:41:21.7551062Z  * [new tag]           v0.2.1                                   -> v0.2.1
Candidate source evidence	Run actions/checkout@11d5960a326750d5838078e36cf38b85af677262	2026-09-10T20:41:21.7551488Z  * [new tag]           v0.2.2                                   -> v0.2.2
Candidate source evidence	Run actions/checkout@11d5960a326750d5838078e36cf38b85af677262	2026-09-10T20:41:21.7551916Z  * [new tag]           v0.3.0                                   -> v0.3.0
Candidate source evidence	Run actions/checkout@11d5960a326750d5838078e36cf38b85af677262	2026-09-10T20:41:21.7552335Z  * [new tag]           v0.4.0                                   -> v0.4.0
Candidate source evidence	Run actions/checkout@11d5960a326750d5838078e36cf38b85af677262	2026-09-10T20:41:21.7552748Z  * [new tag]           v0.4.1                                   -> v0.4.1
Candidate source evidence	Run actions/checkout@11d5960a326750d5838078e36cf38b85af677262	2026-09-10T20:41:21.7553203Z  * [new tag]           v0.5.0                                   -> v0.5.0
Candidate source evidence	Run actions/checkout@11d5960a326750d5838078e36cf38b85af677262	2026-09-10T20:41:21.7553658Z  * [new tag]           v0.5.0a1                                 -> v0.5.0a1
Candidate source evidence	Run actions/checkout@11d5960a326750d5838078e36cf38b85af677262	2026-09-10T20:41:21.7554119Z  * [new tag]           v0.6.0                                   -> v0.6.0
Candidate source evidence	Run actions/checkout@11d5960a326750d5838078e36cf38b85af677262	2026-09-10T20:41:21.7554557Z  * [new tag]           v0.7.0                                   -> v0.7.0
Candidate source evidence	Run actions/checkout@11d5960a326750d5838078e36cf38b85af677262	2026-09-10T20:41:21.7555016Z  * [new tag]           v0.7.1                                   -> v0.7.1
Candidate source evidence	Run actions/checkout@11d5960a326750d5838078e36cf38b85af677262	2026-09-10T20:41:21.7555744Z  * [new tag]           v0.8.0                                   -> v0.8.0
Candidate source evidence	Run actions/checkout@11d5960a326750d5838078e36cf38b85af677262	2026-09-10T20:41:21.7556249Z  * [new tag]           v0.9.0                                   -> v0.9.0
Candidate source evidence	Run actions/checkout@11d5960a326750d5838078e36cf38b85af677262	2026-09-10T20:41:21.7556765Z  * [new ref]           a002a24c46a8c061a3a74d7e10397bf08e89d17b -> pull/446/merge
Candidate source evidence	Run actions/checkout@11d5960a326750d5838078e36cf38b85af677262	2026-09-10T20:41:21.7558249Z ##[endgroup]
Candidate source evidence	Run actions/checkout@11d5960a326750d5838078e36cf38b85af677262	2026-09-10T20:41:21.7558731Z ##[group]Determining the checkout info
Candidate source evidence	Run actions/checkout@11d5960a326750d5838078e36cf38b85af677262	2026-09-10T20:41:21.7559216Z ##[endgroup]
Candidate source evidence	Run actions/checkout@11d5960a326750d5838078e36cf38b85af677262	2026-09-10T20:41:21.7559542Z [command]/usr/bin/git sparse-checkout disable
Candidate source evidence	Run actions/checkout@11d5960a326750d5838078e36cf38b85af677262	2026-09-10T20:41:21.7597066Z [command]/usr/bin/git config --local --unset-all extensions.worktreeConfig
Candidate source evidence	Run actions/checkout@11d5960a326750d5838078e36cf38b85af677262	2026-09-10T20:41:21.7667556Z ##[group]Checking out the ref
Candidate source evidence	Run actions/checkout@11d5960a326750d5838078e36cf38b85af677262	2026-09-10T20:41:21.7671736Z [command]/usr/bin/git checkout --progress --force refs/remotes/pull/446/merge
Candidate source evidence	Run actions/checkout@11d5960a326750d5838078e36cf38b85af677262	2026-09-10T20:41:22.2787005Z Note: switching to 'refs/remotes/pull/446/merge'.
Candidate source evidence	Run actions/checkout@11d5960a326750d5838078e36cf38b85af677262	2026-09-10T20:41:22.2788023Z 
Candidate source evidence	Run actions/checkout@11d5960a326750d5838078e36cf38b85af677262	2026-09-10T20:41:22.2788501Z You are in 'detached HEAD' state. You can look around, make experimental
Candidate source evidence	Run actions/checkout@11d5960a326750d5838078e36cf38b85af677262	2026-09-10T20:41:22.2789591Z changes and commit them, and you can discard any commits you make in this
Candidate source evidence	Run actions/checkout@11d5960a326750d5838078e36cf38b85af677262	2026-09-10T20:41:22.2790638Z state without impacting any branches by switching back to a branch.
Candidate source evidence	Run actions/checkout@11d5960a326750d5838078e36cf38b85af677262	2026-09-10T20:41:22.2791264Z 
Candidate source evidence	Run actions/checkout@11d5960a326750d5838078e36cf38b85af677262	2026-09-10T20:41:22.2791635Z If you want to create a new branch to retain commits you create, you may
Candidate source evidence	Run actions/checkout@11d5960a326750d5838078e36cf38b85af677262	2026-09-10T20:41:22.2792572Z do so (now or later) by using -c with the switch command. Example:
Candidate source evidence	Run actions/checkout@11d5960a326750d5838078e36cf38b85af677262	2026-09-10T20:41:22.2793110Z 
Candidate source evidence	Run actions/checkout@11d5960a326750d5838078e36cf38b85af677262	2026-09-10T20:41:22.2793334Z   git switch -c <new-branch-name>
Candidate source evidence	Run actions/checkout@11d5960a326750d5838078e36cf38b85af677262	2026-09-10T20:41:22.2793704Z 
Candidate source evidence	Run actions/checkout@11d5960a326750d5838078e36cf38b85af677262	2026-09-10T20:41:22.2794061Z Or undo this operation with:
Candidate source evidence	Run actions/checkout@11d5960a326750d5838078e36cf38b85af677262	2026-09-10T20:41:22.2794383Z 
Candidate source evidence	Run actions/checkout@11d5960a326750d5838078e36cf38b85af677262	2026-09-10T20:41:22.2794556Z   git switch -
Candidate source evidence	Run actions/checkout@11d5960a326750d5838078e36cf38b85af677262	2026-09-10T20:41:22.2794798Z 
Candidate source evidence	Run actions/checkout@11d5960a326750d5838078e36cf38b85af677262	2026-09-10T20:41:22.2795197Z Turn off this advice by setting config variable advice.detachedHead to false
Candidate source evidence	Run actions/checkout@11d5960a326750d5838078e36cf38b85af677262	2026-09-10T20:41:22.2795955Z 
Candidate source evidence	Run actions/checkout@11d5960a326750d5838078e36cf38b85af677262	2026-09-10T20:41:22.2796543Z HEAD is now at a002a24c Merge 2a32e978442a0644aa72b751c0244378b0172fd4 into 7fe82c95823503e54d2e35e00d8c409a6dd4b065
Candidate source evidence	Run actions/checkout@11d5960a326750d5838078e36cf38b85af677262	2026-09-10T20:41:22.2829385Z ##[endgroup]
Candidate source evidence	Run actions/checkout@11d5960a326750d5838078e36cf38b85af677262	2026-09-10T20:41:22.2879284Z [command]/usr/bin/git log -1 --format=%H
Candidate source evidence	Run actions/checkout@11d5960a326750d5838078e36cf38b85af677262	2026-09-10T20:41:22.2905320Z a002a24c46a8c061a3a74d7e10397bf08e89d17b
Candidate source evidence	Run actions/checkout@11d5960a326750d5838078e36cf38b85af677262	2026-09-10T20:41:22.2916148Z ##[group]Removing auth
Candidate source evidence	Run actions/checkout@11d5960a326750d5838078e36cf38b85af677262	2026-09-10T20:41:22.2919919Z [command]/usr/bin/git config --local --name-only --get-regexp core\.sshCommand
Candidate source evidence	Run actions/checkout@11d5960a326750d5838078e36cf38b85af677262	2026-09-10T20:41:22.2951970Z [command]/usr/bin/git submodule foreach --recursive sh -c "git config --local --name-only --get-regexp 'core\.sshCommand' && git config --local --unset-all 'core.sshCommand' || :"
Candidate source evidence	Run actions/checkout@11d5960a326750d5838078e36cf38b85af677262	2026-09-10T20:41:22.3184606Z [command]/usr/bin/git config --local --name-only --get-regexp http\.https\:\/\/github\.com\/\.extraheader
Candidate source evidence	Run actions/checkout@11d5960a326750d5838078e36cf38b85af677262	2026-09-10T20:41:22.3212961Z http.https://github.com/.extraheader
Candidate source evidence	Run actions/checkout@11d5960a326750d5838078e36cf38b85af677262	2026-09-10T20:41:22.3220044Z [command]/usr/bin/git config --local --unset-all http.https://github.com/.extraheader
Candidate source evidence	Run actions/checkout@11d5960a326750d5838078e36cf38b85af677262	2026-09-10T20:41:22.3254955Z [command]/usr/bin/git submodule foreach --recursive sh -c "git config --local --name-only --get-regexp 'http\.https\:\/\/github\.com\/\.extraheader' && git config --local --unset-all 'http.https://github.com/.extraheader' || :"
Candidate source evidence	Run actions/checkout@11d5960a326750d5838078e36cf38b85af677262	2026-09-10T20:41:22.3486352Z [command]/usr/bin/git config --local --name-only --get-regexp ^includeIf\.gitdir:
Candidate source evidence	Run actions/checkout@11d5960a326750d5838078e36cf38b85af677262	2026-09-10T20:41:22.3518397Z [command]/usr/bin/git submodule foreach --recursive git config --local --show-origin --name-only --get-regexp remote.origin.url
Candidate source evidence	Run actions/checkout@11d5960a326750d5838078e36cf38b85af677262	2026-09-10T20:41:22.3746837Z ##[endgroup]
Candidate source evidence	Run actions/setup-python@a26af69be951a213d495a4c3e4e4022e16d87065	﻿2026-09-10T20:41:22.3996403Z Node 20 is being deprecated. This workflow is running with Node 24 by default. If you need to temporarily use Node 20, you can set the ACTIONS_ALLOW_USE_UNSECURE_NODE_VERSION=true environment variable. For more information see: https://github.blog/changelog/2025-09-19-deprecation-of-node-20-on-github-actions-runners/
Candidate source evidence	Run actions/setup-python@a26af69be951a213d495a4c3e4e4022e16d87065	2026-09-10T20:41:22.3998174Z ##[group]Run actions/setup-python@a26af69be951a213d495a4c3e4e4022e16d87065
Candidate source evidence	Run actions/setup-python@a26af69be951a213d495a4c3e4e4022e16d87065	2026-09-10T20:41:22.3998555Z with:
Candidate source evidence	Run actions/setup-python@a26af69be951a213d495a4c3e4e4022e16d87065	2026-09-10T20:41:22.3998758Z   python-version: 3.11
Candidate source evidence	Run actions/setup-python@a26af69be951a213d495a4c3e4e4022e16d87065	2026-09-10T20:41:22.3998980Z   check-latest: false
Candidate source evidence	Run actions/setup-python@a26af69be951a213d495a4c3e4e4022e16d87065	2026-09-10T20:41:22.4001510Z   token: ***
Candidate source evidence	Run actions/setup-python@a26af69be951a213d495a4c3e4e4022e16d87065	2026-09-10T20:41:22.4001727Z   update-environment: true
Candidate source evidence	Run actions/setup-python@a26af69be951a213d495a4c3e4e4022e16d87065	2026-09-10T20:41:22.4001975Z   allow-prereleases: false
Candidate source evidence	Run actions/setup-python@a26af69be951a213d495a4c3e4e4022e16d87065	2026-09-10T20:41:22.4002205Z   freethreaded: false
Candidate source evidence	Run actions/setup-python@a26af69be951a213d495a4c3e4e4022e16d87065	2026-09-10T20:41:22.4002424Z env:
Candidate source evidence	Run actions/setup-python@a26af69be951a213d495a4c3e4e4022e16d87065	2026-09-10T20:41:22.4002608Z   PYTHONNOUSERSITE: 1
Candidate source evidence	Run actions/setup-python@a26af69be951a213d495a4c3e4e4022e16d87065	2026-09-10T20:41:22.4002812Z   PYTHONPATH: 
Candidate source evidence	Run actions/setup-python@a26af69be951a213d495a4c3e4e4022e16d87065	2026-09-10T20:41:22.4003006Z ##[endgroup]
Candidate source evidence	Run actions/setup-python@a26af69be951a213d495a4c3e4e4022e16d87065	2026-09-10T20:41:22.5298379Z ##[group]Installed versions
Candidate source evidence	Run actions/setup-python@a26af69be951a213d495a4c3e4e4022e16d87065	2026-09-10T20:41:22.5399135Z (node:2334) [DEP0040] DeprecationWarning: The `punycode` module is deprecated. Please use a userland alternative instead.
Candidate source evidence	Run actions/setup-python@a26af69be951a213d495a4c3e4e4022e16d87065	2026-09-10T20:41:22.5400055Z (Use `node --trace-deprecation ...` to show where the warning was created)
Candidate source evidence	Run actions/setup-python@a26af69be951a213d495a4c3e4e4022e16d87065	2026-09-10T20:41:22.5400691Z Successfully set up CPython (3.11.16)
Candidate source evidence	Run actions/setup-python@a26af69be951a213d495a4c3e4e4022e16d87065	2026-09-10T20:41:22.5403038Z ##[endgroup]
Candidate source evidence	Resolve candidate version	﻿2026-09-10T20:41:22.5573341Z ##[group]Run version="$(python -c 'import se_harness; print(se_harness.__version__)')"
Candidate source evidence	Resolve candidate version	2026-09-10T20:41:22.5574394Z ^[[36;1mversion="$(python -c 'import se_harness; print(se_harness.__version__)')"^[[0m
Candidate source evidence	Resolve candidate version	2026-09-10T20:41:22.5575192Z ^[[36;1mprintf 'version=%s\n' "$version" >> "$GITHUB_OUTPUT"^[[0m
Candidate source evidence	Resolve candidate version	2026-09-10T20:41:22.5644361Z shell: /usr/bin/bash --noprofile --norc -e -o pipefail {0}
Candidate source evidence	Resolve candidate version	2026-09-10T20:41:22.5644925Z env:
Candidate source evidence	Resolve candidate version	2026-09-10T20:41:22.5645237Z   PYTHONNOUSERSITE: 1
Candidate source evidence	Resolve candidate version	2026-09-10T20:41:22.5645868Z   PYTHONPATH: 
Candidate source evidence	Resolve candidate version	2026-09-10T20:41:22.5646304Z   pythonLocation: /opt/hostedtoolcache/Python/3.11.16/x64
Candidate source evidence	Resolve candidate version	2026-09-10T20:41:22.5647018Z   PKG_CONFIG_PATH: /opt/hostedtoolcache/Python/3.11.16/x64/lib/pkgconfig
Candidate source evidence	Resolve candidate version	2026-09-10T20:41:22.5647727Z   Python_ROOT_DIR: /opt/hostedtoolcache/Python/3.11.16/x64
Candidate source evidence	Resolve candidate version	2026-09-10T20:41:22.5648374Z   Python2_ROOT_DIR: /opt/hostedtoolcache/Python/3.11.16/x64
Candidate source evidence	Resolve candidate version	2026-09-10T20:41:22.5649012Z   Python3_ROOT_DIR: /opt/hostedtoolcache/Python/3.11.16/x64
Candidate source evidence	Resolve candidate version	2026-09-10T20:41:22.5649655Z   LD_LIBRARY_PATH: /opt/hostedtoolcache/Python/3.11.16/x64/lib
Candidate source evidence	Resolve candidate version	2026-09-10T20:41:22.5650254Z ##[endgroup]
Candidate source evidence	Derive the predecessor evaluator facts from the declared root	﻿2026-09-10T20:41:22.8393315Z ##[group]Run set -euo pipefail
Candidate source evidence	Derive the predecessor evaluator facts from the declared root	2026-09-10T20:41:22.8393709Z ^[[36;1mset -euo pipefail^[[0m
Candidate source evidence	Derive the predecessor evaluator facts from the declared root	2026-09-10T20:41:22.8394247Z ^[[36;1mpython -m repository_tools.evaluator_facts derive --repository . --github-output "$GITHUB_OUTPUT" --json^[[0m
Candidate source evidence	Derive the predecessor evaluator facts from the declared root	2026-09-10T20:41:22.8433560Z shell: /usr/bin/bash --noprofile --norc -e -o pipefail {0}
Candidate source evidence	Derive the predecessor evaluator facts from the declared root	2026-09-10T20:41:22.8433938Z env:
Candidate source evidence	Derive the predecessor evaluator facts from the declared root	2026-09-10T20:41:22.8434158Z   PYTHONNOUSERSITE: 1
Candidate source evidence	Derive the predecessor evaluator facts from the declared root	2026-09-10T20:41:22.8434410Z   PYTHONPATH: 
Candidate source evidence	Derive the predecessor evaluator facts from the declared root	2026-09-10T20:41:22.8434711Z   pythonLocation: /opt/hostedtoolcache/Python/3.11.16/x64
Candidate source evidence	Derive the predecessor evaluator facts from the declared root	2026-09-10T20:41:22.8435179Z   PKG_CONFIG_PATH: /opt/hostedtoolcache/Python/3.11.16/x64/lib/pkgconfig
Candidate source evidence	Derive the predecessor evaluator facts from the declared root	2026-09-10T20:41:22.8436073Z   Python_ROOT_DIR: /opt/hostedtoolcache/Python/3.11.16/x64
Candidate source evidence	Derive the predecessor evaluator facts from the declared root	2026-09-10T20:41:22.8436485Z   Python2_ROOT_DIR: /opt/hostedtoolcache/Python/3.11.16/x64
Candidate source evidence	Derive the predecessor evaluator facts from the declared root	2026-09-10T20:41:22.8436894Z   Python3_ROOT_DIR: /opt/hostedtoolcache/Python/3.11.16/x64
Candidate source evidence	Derive the predecessor evaluator facts from the declared root	2026-09-10T20:41:22.8437298Z   LD_LIBRARY_PATH: /opt/hostedtoolcache/Python/3.11.16/x64/lib
Candidate source evidence	Derive the predecessor evaluator facts from the declared root	2026-09-10T20:41:22.8437688Z ##[endgroup]
Candidate source evidence	Derive the predecessor evaluator facts from the declared root	2026-09-10T20:41:23.2982983Z {"candidate_version":"0.18.0","payload_sha256":"dd48b16b69d90a04412f458c756876ec22a687c99282075e69d0f58316c43405","schema":"se-harness-evaluator-facts-v1","version":"0.17.0","wheel":"se_harness-0.17.0-py3-none-any.whl","wheel_sha256":"305c7cbc79f87baa76ea3bea939b134999f9cad3bfdfa0b4c9c2fd2d9caacced"}
Candidate source evidence	Qualify the complete candidate graph as candidate-controlled	﻿2026-09-10T20:41:23.3093398Z ##[group]Run set -euo pipefail
Candidate source evidence	Qualify the complete candidate graph as candidate-controlled	2026-09-10T20:41:23.3093725Z ^[[36;1mset -euo pipefail^[[0m
Candidate source evidence	Qualify the complete candidate graph as candidate-controlled	2026-09-10T20:41:23.3094041Z ^[[36;1mpython -m se_harness qualify complete-candidate . \^[[0m
Candidate source evidence	Qualify the complete candidate graph as candidate-controlled	2026-09-10T20:41:23.3094407Z ^[[36;1m  --candidate-commit "$GITHUB_SHA" \^[[0m
Candidate source evidence	Qualify the complete candidate graph as candidate-controlled	2026-09-10T20:41:23.3094761Z ^[[36;1m  --output "$RUNNER_TEMP/complete-candidate.json" \^[[0m
Candidate source evidence	Qualify the complete candidate graph as candidate-controlled	2026-09-10T20:41:23.3095073Z ^[[36;1m  --json^[[0m
Candidate source evidence	Qualify the complete candidate graph as candidate-controlled	2026-09-10T20:41:23.3130956Z shell: /usr/bin/bash --noprofile --norc -e -o pipefail {0}
Candidate source evidence	Qualify the complete candidate graph as candidate-controlled	2026-09-10T20:41:23.3131303Z env:
Candidate source evidence	Qualify the complete candidate graph as candidate-controlled	2026-09-10T20:41:23.3131494Z   PYTHONNOUSERSITE: 1
Candidate source evidence	Qualify the complete candidate graph as candidate-controlled	2026-09-10T20:41:23.3131718Z   PYTHONPATH: 
Candidate source evidence	Qualify the complete candidate graph as candidate-controlled	2026-09-10T20:41:23.3131990Z   pythonLocation: /opt/hostedtoolcache/Python/3.11.16/x64
Candidate source evidence	Qualify the complete candidate graph as candidate-controlled	2026-09-10T20:41:23.3132411Z   PKG_CONFIG_PATH: /opt/hostedtoolcache/Python/3.11.16/x64/lib/pkgconfig
Candidate source evidence	Qualify the complete candidate graph as candidate-controlled	2026-09-10T20:41:23.3132821Z   Python_ROOT_DIR: /opt/hostedtoolcache/Python/3.11.16/x64
Candidate source evidence	Qualify the complete candidate graph as candidate-controlled	2026-09-10T20:41:23.3133182Z   Python2_ROOT_DIR: /opt/hostedtoolcache/Python/3.11.16/x64
Candidate source evidence	Qualify the complete candidate graph as candidate-controlled	2026-09-10T20:41:23.3133550Z   Python3_ROOT_DIR: /opt/hostedtoolcache/Python/3.11.16/x64
Candidate source evidence	Qualify the complete candidate graph as candidate-controlled	2026-09-10T20:41:23.3133956Z   LD_LIBRARY_PATH: /opt/hostedtoolcache/Python/3.11.16/x64/lib
Candidate source evidence	Qualify the complete candidate graph as candidate-controlled	2026-09-10T20:41:23.3134270Z ##[endgroup]
Candidate source evidence	Qualify the complete candidate graph as candidate-controlled	2026-09-10T20:41:25.4007902Z {
Candidate source evidence	Qualify the complete candidate graph as candidate-controlled	2026-09-10T20:41:25.4008611Z   "authority": "evidence-only; no lifecycle or external action authorized",
Candidate source evidence	Qualify the complete candidate graph as candidate-controlled	2026-09-10T20:41:25.4009312Z   "checks": [
Candidate source evidence	Qualify the complete candidate graph as candidate-controlled	2026-09-10T20:41:25.4009637Z     {
Candidate source evidence	Qualify the complete candidate graph as candidate-controlled	2026-09-10T20:41:25.4009951Z       "id": "CC001",
Candidate source evidence	Qualify the complete candidate graph as candidate-controlled	2026-09-10T20:41:25.4010417Z       "message": "candidate runtime is bound to the checkout",
Candidate source evidence	Qualify the complete candidate graph as candidate-controlled	2026-09-10T20:41:25.4010977Z       "passed": true,
Candidate source evidence	Qualify the complete candidate graph as candidate-controlled	2026-09-10T20:41:25.4011364Z       "subject": "candidate-runtime"
Candidate source evidence	Qualify the complete candidate graph as candidate-controlled	2026-09-10T20:41:25.4011782Z     },
Candidate source evidence	Qualify the complete candidate graph as candidate-controlled	2026-09-10T20:41:25.4012062Z     {
Candidate source evidence	Qualify the complete candidate graph as candidate-controlled	2026-09-10T20:41:25.4012247Z       "id": "CC002",
Candidate source evidence	Qualify the complete candidate graph as candidate-controlled	2026-09-10T20:41:25.4012518Z       "message": "HEAD and tracked tree match the candidate",
Candidate source evidence	Qualify the complete candidate graph as candidate-controlled	2026-09-10T20:41:25.4012846Z       "passed": true,
Candidate source evidence	Qualify the complete candidate graph as candidate-controlled	2026-09-10T20:41:25.4013085Z       "subject": "candidate-commit"
Candidate source evidence	Qualify the complete candidate graph as candidate-controlled	2026-09-10T20:41:25.4013331Z     },
Candidate source evidence	Qualify the complete candidate graph as candidate-controlled	2026-09-10T20:41:25.4013514Z     {
Candidate source evidence	Qualify the complete candidate graph as candidate-controlled	2026-09-10T20:41:25.4013687Z       "id": "CC003",
Candidate source evidence	Qualify the complete candidate graph as candidate-controlled	2026-09-10T20:41:25.4013943Z       "message": "artifacts=1532; errors=0; warnings=46",
Candidate source evidence	Qualify the complete candidate graph as candidate-controlled	2026-09-10T20:41:25.4014237Z       "passed": true,
Candidate source evidence	Qualify the complete candidate graph as candidate-controlled	2026-09-10T20:41:25.4014460Z       "subject": "engineering-graph"
Candidate source evidence	Qualify the complete candidate graph as candidate-controlled	2026-09-10T20:41:25.4014706Z     },
Candidate source evidence	Qualify the complete candidate graph as candidate-controlled	2026-09-10T20:41:25.4014876Z     {
Candidate source evidence	Qualify the complete candidate graph as candidate-controlled	2026-09-10T20:41:25.4015052Z       "id": "CC004",
Candidate source evidence	Qualify the complete candidate graph as candidate-controlled	2026-09-10T20:41:25.4015276Z       "message": "target state is unchanged",
Candidate source evidence	Qualify the complete candidate graph as candidate-controlled	2026-09-10T20:41:25.4015882Z       "passed": true,
Candidate source evidence	Qualify the complete candidate graph as candidate-controlled	2026-09-10T20:41:25.4016136Z       "subject": "repository-state"
Candidate source evidence	Qualify the complete candidate graph as candidate-controlled	2026-09-10T20:41:25.4016382Z     }
Candidate source evidence	Qualify the complete candidate graph as candidate-controlled	2026-09-10T20:41:25.4016552Z   ],
Candidate source evidence	Qualify the complete candidate graph as candidate-controlled	2026-09-10T20:41:25.4016753Z   "completion": "completed",
Candidate source evidence	Qualify the complete candidate graph as candidate-controlled	2026-09-10T20:41:25.4016983Z   "evaluator": {
Candidate source evidence	Qualify the complete candidate graph as candidate-controlled	2026-09-10T20:41:25.4017256Z     "candidate_commit": "a002a24c46a8c061a3a74d7e10397bf08e89d17b",
Candidate source evidence	Qualify the complete candidate graph as candidate-controlled	2026-09-10T20:41:25.4017593Z     "diagnostics": [],
Candidate source evidence	Qualify the complete candidate graph as candidate-controlled	2026-09-10T20:41:25.4017838Z     "distribution": "se-harness",
Candidate source evidence	Qualify the complete candidate graph as candidate-controlled	2026-09-10T20:41:25.4018249Z     "identity_sha256": "bba6e46a25daf510a75f4a9fd570e9508cc3521bb3c9a23d9fc76aa4c1d6df9a",
Candidate source evidence	Qualify the complete candidate graph as candidate-controlled	2026-09-10T20:41:25.4018696Z     "isolated_python": false,
Candidate source evidence	Qualify the complete candidate graph as candidate-controlled	2026-09-10T20:41:25.4018943Z     "pythonpath_present": false,
Candidate source evidence	Qualify the complete candidate graph as candidate-controlled	2026-09-10T20:41:25.4019191Z     "role": "candidate-source",
Candidate source evidence	Qualify the complete candidate graph as candidate-controlled	2026-09-10T20:41:25.4019680Z     "user_site_enabled": false,
Candidate source evidence	Qualify the complete candidate graph as candidate-controlled	2026-09-10T20:41:25.4019905Z     "version": "0.18.0"
Candidate source evidence	Qualify the complete candidate graph as candidate-controlled	2026-09-10T20:41:25.4020104Z   },
Candidate source evidence	Qualify the complete candidate graph as candidate-controlled	2026-09-10T20:41:25.4020309Z   "independence": "candidate-controlled",
Candidate source evidence	Qualify the complete candidate graph as candidate-controlled	2026-09-10T20:41:25.4020591Z   "operation": "complete-candidate",
Candidate source evidence	Qualify the complete candidate graph as candidate-controlled	2026-09-10T20:41:25.4020883Z   "passed": true,
Candidate source evidence	Qualify the complete candidate graph as candidate-controlled	2026-09-10T20:41:25.4021139Z   "schema": "se-harness-release-qualification-v1",
Candidate source evidence	Qualify the complete candidate graph as candidate-controlled	2026-09-10T20:41:25.4021433Z   "target": {
Candidate source evidence	Qualify the complete candidate graph as candidate-controlled	2026-09-10T20:41:25.4021670Z     "commit": "a002a24c46a8c061a3a74d7e10397bf08e89d17b",
Candidate source evidence	Qualify the complete candidate graph as candidate-controlled	2026-09-10T20:41:25.4022127Z     "identity_sha256": "cdf4312f63e2d60d5ba0e3f6661575cd586f9092956dc0c3f2f3bc4bc625642c",
Candidate source evidence	Qualify the complete candidate graph as candidate-controlled	2026-09-10T20:41:25.4022570Z     "kind": "complete-candidate",
Candidate source evidence	Qualify the complete candidate graph as candidate-controlled	2026-09-10T20:41:25.4022849Z     "tree": "b9bb2d4fd99bb32541c252252975b8e2f65104cb"
Candidate source evidence	Qualify the complete candidate graph as candidate-controlled	2026-09-10T20:41:25.4023316Z   }
Candidate source evidence	Qualify the complete candidate graph as candidate-controlled	2026-09-10T20:41:25.4023485Z }
Candidate source evidence	Prove active evaluator surface	﻿2026-09-10T20:41:25.4221053Z ##[group]Run python scripts/check_portable_release_surface.py --repository .
Candidate source evidence	Prove active evaluator surface	2026-09-10T20:41:25.4221627Z ^[[36;1mpython scripts/check_portable_release_surface.py --repository .^[[0m
Candidate source evidence	Prove active evaluator surface	2026-09-10T20:41:25.4257879Z shell: /usr/bin/bash -e {0}
Candidate source evidence	Prove active evaluator surface	2026-09-10T20:41:25.4258127Z env:
Candidate source evidence	Prove active evaluator surface	2026-09-10T20:41:25.4258321Z   PYTHONNOUSERSITE: 1
Candidate source evidence	Prove active evaluator surface	2026-09-10T20:41:25.4258544Z   PYTHONPATH: 
Candidate source evidence	Prove active evaluator surface	2026-09-10T20:41:25.4258808Z   pythonLocation: /opt/hostedtoolcache/Python/3.11.16/x64
Candidate source evidence	Prove active evaluator surface	2026-09-10T20:41:25.4259236Z   PKG_CONFIG_PATH: /opt/hostedtoolcache/Python/3.11.16/x64/lib/pkgconfig
Candidate source evidence	Prove active evaluator surface	2026-09-10T20:41:25.4259663Z   Python_ROOT_DIR: /opt/hostedtoolcache/Python/3.11.16/x64
Candidate source evidence	Prove active evaluator surface	2026-09-10T20:41:25.4260036Z   Python2_ROOT_DIR: /opt/hostedtoolcache/Python/3.11.16/x64
Candidate source evidence	Prove active evaluator surface	2026-09-10T20:41:25.4260400Z   Python3_ROOT_DIR: /opt/hostedtoolcache/Python/3.11.16/x64
Candidate source evidence	Prove active evaluator surface	2026-09-10T20:41:25.4260766Z   LD_LIBRARY_PATH: /opt/hostedtoolcache/Python/3.11.16/x64/lib
Candidate source evidence	Prove active evaluator surface	2026-09-10T20:41:25.4261077Z ##[endgroup]
Candidate source evidence	Prove active evaluator surface	2026-09-10T20:41:25.4882607Z portable release surface: PASS
Candidate source evidence	Restore the suite timings of the previous run	﻿2026-09-10T20:41:25.5018244Z Node 20 is being deprecated. This workflow is running with Node 24 by default. If you need to temporarily use Node 20, you can set the ACTIONS_ALLOW_USE_UNSECURE_NODE_VERSION=true environment variable. For more information see: https://github.blog/changelog/2025-09-19-deprecation-of-node-20-on-github-actions-runners/
Candidate source evidence	Restore the suite timings of the previous run	2026-09-10T20:41:25.5019573Z ##[group]Run actions/cache@5a3ec84eff668545956fd18022155c47e93e2684
Candidate source evidence	Restore the suite timings of the previous run	2026-09-10T20:41:25.5019913Z with:
Candidate source evidence	Restore the suite timings of the previous run	2026-09-10T20:41:25.5020123Z   path: target/test-timings.json
Candidate source evidence	Restore the suite timings of the previous run	2026-09-10T20:41:25.5020399Z   key: test-timings-Linux-34527855603
Candidate source evidence	Restore the suite timings of the previous run	2026-09-10T20:41:25.5020677Z   restore-keys: test-timings-Linux-
Candidate source evidence	Restore the suite timings of the previous run	
Candidate source evidence	Restore the suite timings of the previous run	2026-09-10T20:41:25.5020950Z   enableCrossOsArchive: false
Candidate source evidence	Restore the suite timings of the previous run	2026-09-10T20:41:25.5021201Z   fail-on-cache-miss: false
Candidate source evidence	Restore the suite timings of the previous run	2026-09-10T20:41:25.5021430Z   lookup-only: false
Candidate source evidence	Restore the suite timings of the previous run	2026-09-10T20:41:25.5021638Z   save-always: false
Candidate source evidence	Restore the suite timings of the previous run	2026-09-10T20:41:25.5021830Z env:
Candidate source evidence	Restore the suite timings of the previous run	2026-09-10T20:41:25.5022012Z   PYTHONNOUSERSITE: 1
Candidate source evidence	Restore the suite timings of the previous run	2026-09-10T20:41:25.5022222Z   PYTHONPATH: 
Candidate source evidence	Restore the suite timings of the previous run	2026-09-10T20:41:25.5022485Z   pythonLocation: /opt/hostedtoolcache/Python/3.11.16/x64
Candidate source evidence	Restore the suite timings of the previous run	2026-09-10T20:41:25.5022933Z   PKG_CONFIG_PATH: /opt/hostedtoolcache/Python/3.11.16/x64/lib/pkgconfig
Candidate source evidence	Restore the suite timings of the previous run	2026-09-10T20:41:25.5023353Z   Python_ROOT_DIR: /opt/hostedtoolcache/Python/3.11.16/x64
Candidate source evidence	Restore the suite timings of the previous run	2026-09-10T20:41:25.5023725Z   Python2_ROOT_DIR: /opt/hostedtoolcache/Python/3.11.16/x64
Candidate source evidence	Restore the suite timings of the previous run	2026-09-10T20:41:25.5024094Z   Python3_ROOT_DIR: /opt/hostedtoolcache/Python/3.11.16/x64
Candidate source evidence	Restore the suite timings of the previous run	2026-09-10T20:41:25.5024465Z   LD_LIBRARY_PATH: /opt/hostedtoolcache/Python/3.11.16/x64/lib
Candidate source evidence	Restore the suite timings of the previous run	2026-09-10T20:41:25.5024782Z ##[endgroup]
Candidate source evidence	Restore the suite timings of the previous run	2026-09-10T20:41:25.6104709Z (node:2426) [DEP0040] DeprecationWarning: The `punycode` module is deprecated. Please use a userland alternative instead.
Candidate source evidence	Restore the suite timings of the previous run	2026-09-10T20:41:25.6106230Z (Use `node --trace-deprecation ...` to show where the warning was created)
Candidate source evidence	Restore the suite timings of the previous run	2026-09-10T20:41:25.8699709Z Cache hit for: test-timings-Linux-34527855603
Candidate source evidence	Restore the suite timings of the previous run	2026-09-10T20:41:25.8801121Z (node:2426) [DEP0169] DeprecationWarning: `url.parse()` behavior is not standardized and prone to errors that have security implications. Use the WHATWG URL API instead. CVEs are not issued for `url.parse()` vulnerabilities.
Candidate source evidence	Restore the suite timings of the previous run	2026-09-10T20:41:26.2323939Z Received 3320 of 3320 (100.0%), 0.0 MBs/sec
Candidate source evidence	Restore the suite timings of the previous run	2026-09-10T20:41:26.2324667Z Cache Size: ~0 MB (3320 B)
Candidate source evidence	Restore the suite timings of the previous run	2026-09-10T20:41:26.2352726Z [command]/usr/bin/tar -xf /home/runner/work/_temp/8bb15c0f-b444-4795-9b83-ba0ee54376f1/cache.tzst -P -C /home/runner/work/se_harness/se_harness --use-compress-program unzstd
Candidate source evidence	Restore the suite timings of the previous run	2026-09-10T20:41:26.2423632Z Cache restored successfully
Candidate source evidence	Restore the suite timings of the previous run	2026-09-10T20:41:26.2502148Z Cache restored from key: test-timings-Linux-34514130459
Candidate source evidence	Run complete candidate-source regression	﻿2026-09-10T20:41:26.2584870Z ##[group]Run python scripts/run_tests.py --workers 4 --scale full --timings target/test-timings.json
Candidate source evidence	Run complete candidate-source regression	2026-09-10T20:41:26.2585981Z ^[[36;1mpython scripts/run_tests.py --workers 4 --scale full --timings target/test-timings.json^[[0m
Candidate source evidence	Run complete candidate-source regression	2026-09-10T20:41:26.2622502Z shell: /usr/bin/bash -e {0}
Candidate source evidence	Run complete candidate-source regression	2026-09-10T20:41:26.2622761Z env:
Candidate source evidence	Run complete candidate-source regression	2026-09-10T20:41:26.2622961Z   PYTHONNOUSERSITE: 1
Candidate source evidence	Run complete candidate-source regression	2026-09-10T20:41:26.2623188Z   PYTHONPATH: 
Candidate source evidence	Run complete candidate-source regression	2026-09-10T20:41:26.2623464Z   pythonLocation: /opt/hostedtoolcache/Python/3.11.16/x64
Candidate source evidence	Run complete candidate-source regression	2026-09-10T20:41:26.2623922Z   PKG_CONFIG_PATH: /opt/hostedtoolcache/Python/3.11.16/x64/lib/pkgconfig
Candidate source evidence	Run complete candidate-source regression	2026-09-10T20:41:26.2624343Z   Python_ROOT_DIR: /opt/hostedtoolcache/Python/3.11.16/x64
Candidate source evidence	Run complete candidate-source regression	2026-09-10T20:41:26.2624716Z   Python2_ROOT_DIR: /opt/hostedtoolcache/Python/3.11.16/x64
Candidate source evidence	Run complete candidate-source regression	2026-09-10T20:41:26.2625111Z   Python3_ROOT_DIR: /opt/hostedtoolcache/Python/3.11.16/x64
Candidate source evidence	Run complete candidate-source regression	2026-09-10T20:41:26.2625767Z   LD_LIBRARY_PATH: /opt/hostedtoolcache/Python/3.11.16/x64/lib
Candidate source evidence	Run complete candidate-source regression	2026-09-10T20:41:26.2626113Z ##[endgroup]
Candidate source evidence	Run complete candidate-source regression	2026-09-10T20:42:00.8154006Z --workers must be at least 1
Candidate source evidence	Run complete candidate-source regression	2026-09-10T20:42:01.5077170Z docs/notes/diagnostic-codes.md matches the source
Candidate source evidence	Run complete candidate-source regression	2026-09-10T20:42:01.5116998Z WEX_SCALE artifacts=100 validation=0.042375s focus=0.072503s plan=0.088026s
Candidate source evidence	Run complete candidate-source regression	2026-09-10T20:42:01.5118300Z WEX_SCALE artifacts=500 validation=0.209104s focus=0.236889s plan=0.375212s
Candidate source evidence	Run complete candidate-source regression	2026-09-10T20:42:01.5145952Z WEX_SCALE artifacts=1000 validation=0.435926s focus=0.460026s plan=0.781445s
Candidate source evidence	Run complete candidate-source regression	2026-09-10T20:42:01.5197090Z ----------------------------------------------------------------------
Candidate source evidence	Run complete candidate-source regression	2026-09-10T20:42:01.5197812Z Ran 1134 tests in 33.456s (180 classes, 4 workers)
Candidate source evidence	Run complete candidate-source regression	2026-09-10T20:42:01.5198180Z 
Candidate source evidence	Run complete candidate-source regression	2026-09-10T20:42:01.5198336Z OK (skipped=4)
Candidate source evidence	Export and build the one non-promotable candidate wheel	﻿2026-09-10T20:42:01.5653205Z ##[group]Run set -euo pipefail
Candidate source evidence	Export and build the one non-promotable candidate wheel	2026-09-10T20:42:01.5653552Z ^[[36;1mset -euo pipefail^[[0m
Candidate source evidence	Export and build the one non-promotable candidate wheel	2026-09-10T20:42:01.5653942Z ^[[36;1mmkdir -p "$RUNNER_TEMP/candidate-export" "$RUNNER_TEMP/candidate-dist"^[[0m
Candidate source evidence	Export and build the one non-promotable candidate wheel	2026-09-10T20:42:01.5654463Z ^[[36;1mgit archive "$GITHUB_SHA" | tar -x -C "$RUNNER_TEMP/candidate-export"^[[0m
Candidate source evidence	Export and build the one non-promotable candidate wheel	2026-09-10T20:42:01.5654951Z ^[[36;1mpython -m pip wheel --disable-pip-version-check --no-deps \^[[0m
Candidate source evidence	Export and build the one non-promotable candidate wheel	2026-09-10T20:42:01.5655734Z ^[[36;1m  --wheel-dir "$RUNNER_TEMP/candidate-dist" "$RUNNER_TEMP/candidate-export"^[[0m
Candidate source evidence	Export and build the one non-promotable candidate wheel	2026-09-10T20:42:01.5656311Z ^[[36;1mtest "$(find "$RUNNER_TEMP/candidate-dist" -maxdepth 1 -name '*.whl' | wc -l)" -eq 1^[[0m
Candidate source evidence	Export and build the one non-promotable candidate wheel	2026-09-10T20:42:01.5656912Z ^[[36;1mtest -f "$RUNNER_TEMP/candidate-dist/se_harness-$CANDIDATE_VERSION-py3-none-any.whl"^[[0m
Candidate source evidence	Export and build the one non-promotable candidate wheel	2026-09-10T20:42:01.5657456Z ^[[36;1m(cd "$RUNNER_TEMP/candidate-dist" && sha256sum -- *.whl > SHA256SUMS)^[[0m
Candidate source evidence	Export and build the one non-promotable candidate wheel	2026-09-10T20:42:01.5694123Z shell: /usr/bin/bash --noprofile --norc -e -o pipefail {0}
Candidate source evidence	Export and build the one non-promotable candidate wheel	2026-09-10T20:42:01.5694462Z env:
Candidate source evidence	Export and build the one non-promotable candidate wheel	2026-09-10T20:42:01.5694718Z   PYTHONNOUSERSITE: 1
Candidate source evidence	Export and build the one non-promotable candidate wheel	2026-09-10T20:42:01.5694939Z   PYTHONPATH: 
Candidate source evidence	Export and build the one non-promotable candidate wheel	2026-09-10T20:42:01.5695204Z   pythonLocation: /opt/hostedtoolcache/Python/3.11.16/x64
Candidate source evidence	Export and build the one non-promotable candidate wheel	2026-09-10T20:42:01.5695898Z   PKG_CONFIG_PATH: /opt/hostedtoolcache/Python/3.11.16/x64/lib/pkgconfig
Candidate source evidence	Export and build the one non-promotable candidate wheel	2026-09-10T20:42:01.5696355Z   Python_ROOT_DIR: /opt/hostedtoolcache/Python/3.11.16/x64
Candidate source evidence	Export and build the one non-promotable candidate wheel	2026-09-10T20:42:01.5696753Z   Python2_ROOT_DIR: /opt/hostedtoolcache/Python/3.11.16/x64
Candidate source evidence	Export and build the one non-promotable candidate wheel	2026-09-10T20:42:01.5697135Z   Python3_ROOT_DIR: /opt/hostedtoolcache/Python/3.11.16/x64
Candidate source evidence	Export and build the one non-promotable candidate wheel	2026-09-10T20:42:01.5697684Z   LD_LIBRARY_PATH: /opt/hostedtoolcache/Python/3.11.16/x64/lib
Candidate source evidence	Export and build the one non-promotable candidate wheel	2026-09-10T20:42:01.5698049Z   CANDIDATE_VERSION: 0.18.0
Candidate source evidence	Export and build the one non-promotable candidate wheel	2026-09-10T20:42:01.5698294Z ##[endgroup]
Candidate source evidence	Export and build the one non-promotable candidate wheel	2026-09-10T20:42:03.0226520Z Processing /home/runner/work/_temp/candidate-export
Candidate source evidence	Export and build the one non-promotable candidate wheel	2026-09-10T20:42:03.0246651Z   Installing build dependencies: started
Candidate source evidence	Export and build the one non-promotable candidate wheel	2026-09-10T20:42:03.9049454Z   Installing build dependencies: finished with status 'done'
Candidate source evidence	Export and build the one non-promotable candidate wheel	2026-09-10T20:42:03.9055137Z   Getting requirements to build wheel: started
Candidate source evidence	Export and build the one non-promotable candidate wheel	2026-09-10T20:42:04.4965952Z   Getting requirements to build wheel: finished with status 'done'
Candidate source evidence	Export and build the one non-promotable candidate wheel	2026-09-10T20:42:04.4974931Z   Preparing metadata (pyproject.toml): started
Candidate source evidence	Export and build the one non-promotable candidate wheel	2026-09-10T20:42:04.7121012Z   Preparing metadata (pyproject.toml): finished with status 'done'
Candidate source evidence	Export and build the one non-promotable candidate wheel	2026-09-10T20:42:04.7173486Z Building wheels for collected packages: se-harness
Candidate source evidence	Export and build the one non-promotable candidate wheel	2026-09-10T20:42:04.7181490Z   Building wheel for se-harness (pyproject.toml): started
Candidate source evidence	Export and build the one non-promotable candidate wheel	2026-09-10T20:42:05.0483511Z   Building wheel for se-harness (pyproject.toml): finished with status 'done'
Candidate source evidence	Export and build the one non-promotable candidate wheel	2026-09-10T20:42:05.0496635Z   Created wheel for se-harness: filename=se_harness-0.18.0-py3-none-any.whl size=484824 sha256=2670b5e316b5cf4af9725f98bd50bab3c66f107beadac7a516f3fc28a98ad574
Candidate source evidence	Export and build the one non-promotable candidate wheel	2026-09-10T20:42:05.0498009Z   Stored in directory: /tmp/pip-ephem-wheel-cache-27pw8jos/wheels/82/2d/b2/e08890299b718e07f3c1733b6c37897b1fd983619937ee73b3
Candidate source evidence	Export and build the one non-promotable candidate wheel	2026-09-10T20:42:05.0572701Z Successfully built se-harness
Candidate source evidence	Prove candidate source made no checkout change	﻿2026-09-10T20:42:05.1152922Z ##[group]Run git diff --exit-code
Candidate source evidence	Prove candidate source made no checkout change	2026-09-10T20:42:05.1153293Z ^[[36;1mgit diff --exit-code^[[0m
Candidate source evidence	Prove candidate source made no checkout change	2026-09-10T20:42:05.1153636Z ^[[36;1mtest -z "$(git status --porcelain=v1 --untracked-files=all)"^[[0m
Candidate source evidence	Prove candidate source made no checkout change	2026-09-10T20:42:05.1189861Z shell: /usr/bin/bash -e {0}
Candidate source evidence	Prove candidate source made no checkout change	2026-09-10T20:42:05.1190183Z env:
Candidate source evidence	Prove candidate source made no checkout change	2026-09-10T20:42:05.1190652Z   PYTHONNOUSERSITE: 1
Candidate source evidence	Prove candidate source made no checkout change	2026-09-10T20:42:05.1190975Z   PYTHONPATH: 
Candidate source evidence	Prove candidate source made no checkout change	2026-09-10T20:42:05.1191474Z   pythonLocation: /opt/hostedtoolcache/Python/3.11.16/x64
Candidate source evidence	Prove candidate source made no checkout change	2026-09-10T20:42:05.1192009Z   PKG_CONFIG_PATH: /opt/hostedtoolcache/Python/3.11.16/x64/lib/pkgconfig
Candidate source evidence	Prove candidate source made no checkout change	2026-09-10T20:42:05.1192613Z   Python_ROOT_DIR: /opt/hostedtoolcache/Python/3.11.16/x64
Candidate source evidence	Prove candidate source made no checkout change	2026-09-10T20:42:05.1193151Z   Python2_ROOT_DIR: /opt/hostedtoolcache/Python/3.11.16/x64
Candidate source evidence	Prove candidate source made no checkout change	2026-09-10T20:42:05.1193619Z   Python3_ROOT_DIR: /opt/hostedtoolcache/Python/3.11.16/x64
Candidate source evidence	Prove candidate source made no checkout change	2026-09-10T20:42:05.1194175Z   LD_LIBRARY_PATH: /opt/hostedtoolcache/Python/3.11.16/x64/lib
Candidate source evidence	Prove candidate source made no checkout change	2026-09-10T20:42:05.1194628Z ##[endgroup]
Candidate source evidence	Hand the candidate wheel to the consuming jobs	﻿2026-09-10T20:42:05.1744398Z Node 20 is being deprecated. This workflow is running with Node 24 by default. If you need to temporarily use Node 20, you can set the ACTIONS_ALLOW_USE_UNSECURE_NODE_VERSION=true environment variable. For more information see: https://github.blog/changelog/2025-09-19-deprecation-of-node-20-on-github-actions-runners/
Candidate source evidence	Hand the candidate wheel to the consuming jobs	2026-09-10T20:42:05.1746164Z ##[group]Run actions/upload-artifact@ea165f8d65b6e75b540449e92b4886f43607fa02
Candidate source evidence	Hand the candidate wheel to the consuming jobs	2026-09-10T20:42:05.1746563Z with:
Candidate source evidence	Hand the candidate wheel to the consuming jobs	2026-09-10T20:42:05.1746919Z   name: candidate-wheel-non-promotable-a002a24c46a8c061a3a74d7e10397bf08e89d17b
Candidate source evidence	Hand the candidate wheel to the consuming jobs	2026-09-10T20:42:05.1747389Z   path: /home/runner/work/_temp/candidate-dist/
Candidate source evidence	Hand the candidate wheel to the consuming jobs	2026-09-10T20:42:05.1747696Z   if-no-files-found: error
Candidate source evidence	Hand the candidate wheel to the consuming jobs	2026-09-10T20:42:05.1747934Z   retention-days: 1
Candidate source evidence	Hand the candidate wheel to the consuming jobs	2026-09-10T20:42:05.1748150Z   compression-level: 6
Candidate source evidence	Hand the candidate wheel to the consuming jobs	2026-09-10T20:42:05.1748370Z   overwrite: false
Candidate source evidence	Hand the candidate wheel to the consuming jobs	2026-09-10T20:42:05.1748609Z   include-hidden-files: false
Candidate source evidence	Hand the candidate wheel to the consuming jobs	2026-09-10T20:42:05.1748848Z env:
Candidate source evidence	Hand the candidate wheel to the consuming jobs	2026-09-10T20:42:05.1749036Z   PYTHONNOUSERSITE: 1
Candidate source evidence	Hand the candidate wheel to the consuming jobs	2026-09-10T20:42:05.1749292Z   PYTHONPATH: 
Candidate source evidence	Hand the candidate wheel to the consuming jobs	2026-09-10T20:42:05.1749558Z   pythonLocation: /opt/hostedtoolcache/Python/3.11.16/x64
Candidate source evidence	Hand the candidate wheel to the consuming jobs	2026-09-10T20:42:05.1749978Z   PKG_CONFIG_PATH: /opt/hostedtoolcache/Python/3.11.16/x64/lib/pkgconfig
Candidate source evidence	Hand the candidate wheel to the consuming jobs	2026-09-10T20:42:05.1750413Z   Python_ROOT_DIR: /opt/hostedtoolcache/Python/3.11.16/x64
Candidate source evidence	Hand the candidate wheel to the consuming jobs	2026-09-10T20:42:05.1750799Z   Python2_ROOT_DIR: /opt/hostedtoolcache/Python/3.11.16/x64
Candidate source evidence	Hand the candidate wheel to the consuming jobs	2026-09-10T20:42:05.1751178Z   Python3_ROOT_DIR: /opt/hostedtoolcache/Python/3.11.16/x64
Candidate source evidence	Hand the candidate wheel to the consuming jobs	2026-09-10T20:42:05.1751566Z   LD_LIBRARY_PATH: /opt/hostedtoolcache/Python/3.11.16/x64/lib
Candidate source evidence	Hand the candidate wheel to the consuming jobs	2026-09-10T20:42:05.1751887Z ##[endgroup]
Candidate source evidence	Hand the candidate wheel to the consuming jobs	2026-09-10T20:42:05.3386779Z (node:6138) [DEP0040] DeprecationWarning: The `punycode` module is deprecated. Please use a userland alternative instead.
Candidate source evidence	Hand the candidate wheel to the consuming jobs	2026-09-10T20:42:05.3388112Z (Use `node --trace-deprecation ...` to show where the warning was created)
Candidate source evidence	Hand the candidate wheel to the consuming jobs	2026-09-10T20:42:05.3521990Z With the provided path, there will be 2 files uploaded
Candidate source evidence	Hand the candidate wheel to the consuming jobs	2026-09-10T20:42:05.3523511Z Artifact name is valid!
Candidate source evidence	Hand the candidate wheel to the consuming jobs	2026-09-10T20:42:05.3524014Z Root directory input is valid!
Candidate source evidence	Hand the candidate wheel to the consuming jobs	2026-09-10T20:42:05.7155798Z Beginning upload of artifact content to blob storage
Candidate source evidence	Hand the candidate wheel to the consuming jobs	2026-09-10T20:42:05.7535324Z (node:6138) [DEP0169] DeprecationWarning: `url.parse()` behavior is not standardized and prone to errors that have security implications. Use the WHATWG URL API instead. CVEs are not issued for `url.parse()` vulnerabilities.
Candidate source evidence	Hand the candidate wheel to the consuming jobs	2026-09-10T20:42:06.3765936Z Uploaded bytes 471520
Candidate source evidence	Hand the candidate wheel to the consuming jobs	2026-09-10T20:42:06.4518131Z Finished uploading artifact content to blob storage!
Candidate source evidence	Hand the candidate wheel to the consuming jobs	2026-09-10T20:42:06.4519239Z SHA256 digest of uploaded artifact zip is 40ad70c597cd9a2db214510742e6113d81c2efad052fe3f770e8e522b79c2be1
Candidate source evidence	Hand the candidate wheel to the consuming jobs	2026-09-10T20:42:06.4520461Z Finalizing artifact upload
Candidate source evidence	Hand the candidate wheel to the consuming jobs	2026-09-10T20:42:06.7443957Z Artifact candidate-wheel-non-promotable-a002a24c46a8c061a3a74d7e10397bf08e89d17b.zip successfully finalized. Artifact ID 10172294752
Candidate source evidence	Hand the candidate wheel to the consuming jobs	2026-09-10T20:42:06.7446650Z Artifact candidate-wheel-non-promotable-a002a24c46a8c061a3a74d7e10397bf08e89d17b has been successfully uploaded! Final size is 471520 bytes. Artifact ID is 10172294752
Candidate source evidence	Hand the candidate wheel to the consuming jobs	2026-09-10T20:42:06.7452329Z Artifact download URL: https://github.com/mmzen/se_harness/actions/runs/34527855603/artifacts/10172294752
Candidate source evidence	Retain the complete-candidate role result	﻿2026-09-10T20:42:06.7603431Z Node 20 is being deprecated. This workflow is running with Node 24 by default. If you need to temporarily use Node 20, you can set the ACTIONS_ALLOW_USE_UNSECURE_NODE_VERSION=true environment variable. For more information see: https://github.blog/changelog/2025-09-19-deprecation-of-node-20-on-github-actions-runners/
Candidate source evidence	Retain the complete-candidate role result	2026-09-10T20:42:06.7604825Z ##[group]Run actions/upload-artifact@ea165f8d65b6e75b540449e92b4886f43607fa02
Candidate source evidence	Retain the complete-candidate role result	2026-09-10T20:42:06.7605216Z with:
Candidate source evidence	Retain the complete-candidate role result	2026-09-10T20:42:06.7605747Z   name: complete-candidate-qualification
Candidate source evidence	Retain the complete-candidate role result	2026-09-10T20:42:06.7606115Z   path: /home/runner/work/_temp/complete-candidate.json
Candidate source evidence	Retain the complete-candidate role result	2026-09-10T20:42:06.7606441Z   if-no-files-found: warn
Candidate source evidence	Retain the complete-candidate role result	2026-09-10T20:42:06.7606706Z   compression-level: 6
Candidate source evidence	Retain the complete-candidate role result	2026-09-10T20:42:06.7606929Z   overwrite: false
Candidate source evidence	Retain the complete-candidate role result	2026-09-10T20:42:06.7607158Z   include-hidden-files: false
Candidate source evidence	Retain the complete-candidate role result	2026-09-10T20:42:06.7607396Z env:
Candidate source evidence	Retain the complete-candidate role result	2026-09-10T20:42:06.7607590Z   PYTHONNOUSERSITE: 1
Candidate source evidence	Retain the complete-candidate role result	2026-09-10T20:42:06.7607829Z   PYTHONPATH: 
Candidate source evidence	Retain the complete-candidate role result	2026-09-10T20:42:06.7608107Z   pythonLocation: /opt/hostedtoolcache/Python/3.11.16/x64
Candidate source evidence	Retain the complete-candidate role result	2026-09-10T20:42:06.7608570Z   PKG_CONFIG_PATH: /opt/hostedtoolcache/Python/3.11.16/x64/lib/pkgconfig
Candidate source evidence	Retain the complete-candidate role result	2026-09-10T20:42:06.7608999Z   Python_ROOT_DIR: /opt/hostedtoolcache/Python/3.11.16/x64
Candidate source evidence	Retain the complete-candidate role result	2026-09-10T20:42:06.7609376Z   Python2_ROOT_DIR: /opt/hostedtoolcache/Python/3.11.16/x64
Candidate source evidence	Retain the complete-candidate role result	2026-09-10T20:42:06.7609754Z   Python3_ROOT_DIR: /opt/hostedtoolcache/Python/3.11.16/x64
Candidate source evidence	Retain the complete-candidate role result	2026-09-10T20:42:06.7610142Z   LD_LIBRARY_PATH: /opt/hostedtoolcache/Python/3.11.16/x64/lib
Candidate source evidence	Retain the complete-candidate role result	2026-09-10T20:42:06.7610464Z ##[endgroup]
Candidate source evidence	Retain the complete-candidate role result	2026-09-10T20:42:06.9268688Z (node:6151) [DEP0040] DeprecationWarning: The `punycode` module is deprecated. Please use a userland alternative instead.
Candidate source evidence	Retain the complete-candidate role result	2026-09-10T20:42:06.9269560Z (Use `node --trace-deprecation ...` to show where the warning was created)
Candidate source evidence	Retain the complete-candidate role result	2026-09-10T20:42:06.9315374Z With the provided path, there will be 1 file uploaded
Candidate source evidence	Retain the complete-candidate role result	2026-09-10T20:42:06.9322097Z Artifact name is valid!
Candidate source evidence	Retain the complete-candidate role result	2026-09-10T20:42:06.9322793Z Root directory input is valid!
Candidate source evidence	Retain the complete-candidate role result	2026-09-10T20:42:07.3403340Z Beginning upload of artifact content to blob storage
Candidate source evidence	Retain the complete-candidate role result	2026-09-10T20:42:07.3591916Z (node:6151) [DEP0169] DeprecationWarning: `url.parse()` behavior is not standardized and prone to errors that have security implications. Use the WHATWG URL API instead. CVEs are not issued for `url.parse()` vulnerabilities.
Candidate source evidence	Retain the complete-candidate role result	2026-09-10T20:42:07.6324532Z Uploaded bytes 816
Candidate source evidence	Retain the complete-candidate role result	2026-09-10T20:42:07.7083102Z Finished uploading artifact content to blob storage!
Candidate source evidence	Retain the complete-candidate role result	2026-09-10T20:42:07.7084335Z SHA256 digest of uploaded artifact zip is 6ec97d48f82e41cdd8bce92c052f7b9dfe73a7d0c340d15bf6584b25fde93f18
Candidate source evidence	Retain the complete-candidate role result	2026-09-10T20:42:07.7086053Z Finalizing artifact upload
Candidate source evidence	Retain the complete-candidate role result	2026-09-10T20:42:08.0009427Z Artifact complete-candidate-qualification.zip successfully finalized. Artifact ID 10172295546
Candidate source evidence	Retain the complete-candidate role result	2026-09-10T20:42:08.0011452Z Artifact complete-candidate-qualification has been successfully uploaded! Final size is 816 bytes. Artifact ID is 10172295546
Candidate source evidence	Retain the complete-candidate role result	2026-09-10T20:42:08.0017828Z Artifact download URL: https://github.com/mmzen/se_harness/actions/runs/34527855603/artifacts/10172295546
Candidate source evidence	Post Restore the suite timings of the previous run	﻿2026-09-10T20:42:08.0179191Z Node 20 is being deprecated. This workflow is running with Node 24 by default. If you need to temporarily use Node 20, you can set the ACTIONS_ALLOW_USE_UNSECURE_NODE_VERSION=true environment variable. For more information see: https://github.blog/changelog/2025-09-19-deprecation-of-node-20-on-github-actions-runners/
Candidate source evidence	Post Restore the suite timings of the previous run	2026-09-10T20:42:08.0180463Z Post job cleanup.
Candidate source evidence	Post Restore the suite timings of the previous run	2026-09-10T20:42:08.1292113Z (node:6164) [DEP0040] DeprecationWarning: The `punycode` module is deprecated. Please use a userland alternative instead.
Candidate source evidence	Post Restore the suite timings of the previous run	2026-09-10T20:42:08.1293392Z (Use `node --trace-deprecation ...` to show where the warning was created)
Candidate source evidence	Post Restore the suite timings of the previous run	2026-09-10T20:42:08.1450315Z [command]/usr/bin/tar --posix -cf cache.tzst --exclude cache.tzst -P -C /home/runner/work/se_harness/se_harness --files-from manifest.txt --use-compress-program zstdmt
Candidate source evidence	Post Restore the suite timings of the previous run	2026-09-10T20:42:08.4027587Z (node:6164) [DEP0169] DeprecationWarning: `url.parse()` behavior is not standardized and prone to errors that have security implications. Use the WHATWG URL API instead. CVEs are not issued for `url.parse()` vulnerabilities.
Candidate source evidence	Post Restore the suite timings of the previous run	2026-09-10T20:42:08.6763670Z Sent 3316 of 3316 (100.0%), 0.0 MBs/sec
Candidate source evidence	Post Restore the suite timings of the previous run	2026-09-10T20:42:08.8161665Z Cache saved with key: test-timings-Linux-34527855603
Candidate source evidence	Post Run actions/setup-python@a26af69be951a213d495a4c3e4e4022e16d87065	﻿2026-09-10T20:42:08.8316359Z Node 20 is being deprecated. This workflow is running with Node 24 by default. If you need to temporarily use Node 20, you can set the ACTIONS_ALLOW_USE_UNSECURE_NODE_VERSION=true environment variable. For more information see: https://github.blog/changelog/2025-09-19-deprecation-of-node-20-on-github-actions-runners/
Candidate source evidence	Post Run actions/setup-python@a26af69be951a213d495a4c3e4e4022e16d87065	2026-09-10T20:42:08.8318739Z Post job cleanup.
Candidate source evidence	Post Run actions/setup-python@a26af69be951a213d495a4c3e4e4022e16d87065	2026-09-10T20:42:08.9542458Z (node:6184) [DEP0040] DeprecationWarning: The `punycode` module is deprecated. Please use a userland alternative instead.
Candidate source evidence	Post Run actions/setup-python@a26af69be951a213d495a4c3e4e4022e16d87065	2026-09-10T20:42:08.9543366Z (Use `node --trace-deprecation ...` to show where the warning was created)
Candidate source evidence	Post Run actions/checkout@11d5960a326750d5838078e36cf38b85af677262	﻿2026-09-10T20:42:08.9723759Z Node 20 is being deprecated. This workflow is running with Node 24 by default. If you need to temporarily use Node 20, you can set the ACTIONS_ALLOW_USE_UNSECURE_NODE_VERSION=true environment variable. For more information see: https://github.blog/changelog/2025-09-19-deprecation-of-node-20-on-github-actions-runners/
Candidate source evidence	Post Run actions/checkout@11d5960a326750d5838078e36cf38b85af677262	2026-09-10T20:42:08.9725041Z Post job cleanup.
Candidate source evidence	Post Run actions/checkout@11d5960a326750d5838078e36cf38b85af677262	2026-09-10T20:42:09.0636714Z [command]/usr/bin/git version
Candidate source evidence	Post Run actions/checkout@11d5960a326750d5838078e36cf38b85af677262	2026-09-10T20:42:09.0679927Z git version 2.55.0
Candidate source evidence	Post Run actions/checkout@11d5960a326750d5838078e36cf38b85af677262	2026-09-10T20:42:09.0720997Z Temporarily overriding HOME='/home/runner/work/_temp/0d145bc0-7cca-4260-a822-778e6bdd5a03' before making global git config changes
Candidate source evidence	Post Run actions/checkout@11d5960a326750d5838078e36cf38b85af677262	2026-09-10T20:42:09.0722416Z Adding repository directory to the temporary git global config as a safe directory
Candidate source evidence	Post Run actions/checkout@11d5960a326750d5838078e36cf38b85af677262	2026-09-10T20:42:09.0737496Z [command]/usr/bin/git config --global --add safe.directory /home/runner/work/se_harness/se_harness
Candidate source evidence	Post Run actions/checkout@11d5960a326750d5838078e36cf38b85af677262	2026-09-10T20:42:09.0774122Z [command]/usr/bin/git config --local --name-only --get-regexp core\.sshCommand
Candidate source evidence	Post Run actions/checkout@11d5960a326750d5838078e36cf38b85af677262	2026-09-10T20:42:09.0815005Z [command]/usr/bin/git submodule foreach --recursive sh -c "git config --local --name-only --get-regexp 'core\.sshCommand' && git config --local --unset-all 'core.sshCommand' || :"
Candidate source evidence	Post Run actions/checkout@11d5960a326750d5838078e36cf38b85af677262	2026-09-10T20:42:09.1130452Z [command]/usr/bin/git config --local --name-only --get-regexp http\.https\:\/\/github\.com\/\.extraheader
Candidate source evidence	Post Run actions/checkout@11d5960a326750d5838078e36cf38b85af677262	2026-09-10T20:42:09.1170261Z [command]/usr/bin/git submodule foreach --recursive sh -c "git config --local --name-only --get-regexp 'http\.https\:\/\/github\.com\/\.extraheader' && git config --local --unset-all 'http.https://github.com/.extraheader' || :"
Candidate source evidence	Post Run actions/checkout@11d5960a326750d5838078e36cf38b85af677262	2026-09-10T20:42:09.1444686Z [command]/usr/bin/git config --local --name-only --get-regexp ^includeIf\.gitdir:
Candidate source evidence	Post Run actions/checkout@11d5960a326750d5838078e36cf38b85af677262	2026-09-10T20:42:09.1485338Z [command]/usr/bin/git submodule foreach --recursive git config --local --show-origin --name-only --get-regexp remote.origin.url
Candidate source evidence	Complete job	﻿2026-09-10T20:42:09.1895245Z Evaluate and set job outputs
Candidate source evidence	Complete job	2026-09-10T20:42:09.1902018Z Set output 'candidate_version'
Candidate source evidence	Complete job	2026-09-10T20:42:09.1903949Z Set output 'predecessor_version'
Candidate source evidence	Complete job	2026-09-10T20:42:09.1904675Z Set output 'predecessor_wheel'
Candidate source evidence	Complete job	2026-09-10T20:42:09.1905193Z Set output 'predecessor_wheel_sha256'
Candidate source evidence	Complete job	2026-09-10T20:42:09.1906085Z Set output 'predecessor_payload_sha256'
Candidate source evidence	Complete job	2026-09-10T20:42:09.1906929Z Cleaning up orphan processes
Candidate source evidence	Complete job	2026-09-10T20:42:09.2193298Z ##[warning]Node.js 20 is deprecated. The following actions target Node.js 20 but are being forced to run on Node.js 24: actions/cache@5a3ec84eff668545956fd18022155c47e93e2684, actions/checkout@11d5960a326750d5838078e36cf38b85af677262, actions/setup-python@a26af69be951a213d495a4c3e4e4022e16d87065, actions/upload-artifact@ea165f8d65b6e75b540449e92b4886f43607fa02. For more information see: https://github.blog/changelog/2025-09-19-deprecation-of-node-20-on-github-actions-runners/
