Upgrade rehearsal (Windows)	Run actions/checkout@11d5960a326750d5838078e36cf38b85af677262	﻿2026-09-10T20:42:47.0259260Z Node 20 is being deprecated. This workflow is running with Node 24 by default. If you need to temporarily use Node 20, you can set the ACTIONS_ALLOW_USE_UNSECURE_NODE_VERSION=true environment variable. For more information see: https://github.blog/changelog/2025-09-19-deprecation-of-node-20-on-github-actions-runners/
Upgrade rehearsal (Windows)	Run actions/checkout@11d5960a326750d5838078e36cf38b85af677262	2026-09-10T20:42:47.0270974Z ##[group]Run actions/checkout@11d5960a326750d5838078e36cf38b85af677262
Upgrade rehearsal (Windows)	Run actions/checkout@11d5960a326750d5838078e36cf38b85af677262	2026-09-10T20:42:47.0272488Z with:
Upgrade rehearsal (Windows)	Run actions/checkout@11d5960a326750d5838078e36cf38b85af677262	2026-09-10T20:42:47.0273231Z   fetch-depth: 0
Upgrade rehearsal (Windows)	Run actions/checkout@11d5960a326750d5838078e36cf38b85af677262	2026-09-10T20:42:47.0274038Z   persist-credentials: false
Upgrade rehearsal (Windows)	Run actions/checkout@11d5960a326750d5838078e36cf38b85af677262	2026-09-10T20:42:47.0274988Z   repository: mmzen/se_harness
Upgrade rehearsal (Windows)	Run actions/checkout@11d5960a326750d5838078e36cf38b85af677262	2026-09-10T20:42:47.0283193Z   token: ***
Upgrade rehearsal (Windows)	Run actions/checkout@11d5960a326750d5838078e36cf38b85af677262	2026-09-10T20:42:47.0283958Z   ssh-strict: true
Upgrade rehearsal (Windows)	Run actions/checkout@11d5960a326750d5838078e36cf38b85af677262	2026-09-10T20:42:47.0284732Z   ssh-user: git
Upgrade rehearsal (Windows)	Run actions/checkout@11d5960a326750d5838078e36cf38b85af677262	2026-09-10T20:42:47.0285484Z   clean: true
Upgrade rehearsal (Windows)	Run actions/checkout@11d5960a326750d5838078e36cf38b85af677262	2026-09-10T20:42:47.0286278Z   sparse-checkout-cone-mode: true
Upgrade rehearsal (Windows)	Run actions/checkout@11d5960a326750d5838078e36cf38b85af677262	2026-09-10T20:42:47.0287232Z   fetch-tags: false
Upgrade rehearsal (Windows)	Run actions/checkout@11d5960a326750d5838078e36cf38b85af677262	2026-09-10T20:42:47.0288266Z   show-progress: true
Upgrade rehearsal (Windows)	Run actions/checkout@11d5960a326750d5838078e36cf38b85af677262	2026-09-10T20:42:47.0289091Z   lfs: false
Upgrade rehearsal (Windows)	Run actions/checkout@11d5960a326750d5838078e36cf38b85af677262	2026-09-10T20:42:47.0289874Z   submodules: false
Upgrade rehearsal (Windows)	Run actions/checkout@11d5960a326750d5838078e36cf38b85af677262	2026-09-10T20:42:47.0290879Z   set-safe-directory: true
Upgrade rehearsal (Windows)	Run actions/checkout@11d5960a326750d5838078e36cf38b85af677262	2026-09-10T20:42:47.0291812Z   allow-unsafe-pr-checkout: false
Upgrade rehearsal (Windows)	Run actions/checkout@11d5960a326750d5838078e36cf38b85af677262	2026-09-10T20:42:47.0293001Z env:
Upgrade rehearsal (Windows)	Run actions/checkout@11d5960a326750d5838078e36cf38b85af677262	2026-09-10T20:42:47.0293744Z   PREDECESSOR_VERSION: 0.17.0
Upgrade rehearsal (Windows)	Run actions/checkout@11d5960a326750d5838078e36cf38b85af677262	2026-09-10T20:42:47.0295225Z   PREDECESSOR_WHEEL_SHA256: 305c7cbc79f87baa76ea3bea939b134999f9cad3bfdfa0b4c9c2fd2d9caacced
Upgrade rehearsal (Windows)	Run actions/checkout@11d5960a326750d5838078e36cf38b85af677262	2026-09-10T20:42:47.0296825Z   PYTHONNOUSERSITE: 1
Upgrade rehearsal (Windows)	Run actions/checkout@11d5960a326750d5838078e36cf38b85af677262	2026-09-10T20:42:47.0297639Z   PYTHONPATH: 
Upgrade rehearsal (Windows)	Run actions/checkout@11d5960a326750d5838078e36cf38b85af677262	2026-09-10T20:42:47.0298374Z ##[endgroup]
Upgrade rehearsal (Windows)	Run actions/checkout@11d5960a326750d5838078e36cf38b85af677262	2026-09-10T20:42:47.1815750Z Syncing repository: mmzen/se_harness
Upgrade rehearsal (Windows)	Run actions/checkout@11d5960a326750d5838078e36cf38b85af677262	2026-09-10T20:42:47.1821523Z ##[group]Getting Git version info
Upgrade rehearsal (Windows)	Run actions/checkout@11d5960a326750d5838078e36cf38b85af677262	2026-09-10T20:42:47.1822686Z Working directory is 'D:\a\se_harness\se_harness'
Upgrade rehearsal (Windows)	Run actions/checkout@11d5960a326750d5838078e36cf38b85af677262	2026-09-10T20:42:47.3057406Z [command]"C:\Program Files\Git\bin\git.exe" version
Upgrade rehearsal (Windows)	Run actions/checkout@11d5960a326750d5838078e36cf38b85af677262	2026-09-10T20:42:47.9312543Z git version 2.55.0.windows.5
Upgrade rehearsal (Windows)	Run actions/checkout@11d5960a326750d5838078e36cf38b85af677262	2026-09-10T20:42:47.9356276Z ##[endgroup]
Upgrade rehearsal (Windows)	Run actions/checkout@11d5960a326750d5838078e36cf38b85af677262	2026-09-10T20:42:47.9375021Z Temporarily overriding HOME='D:\a\_temp\68c2202d-78df-4d4f-a143-dfa44af57f15' before making global git config changes
Upgrade rehearsal (Windows)	Run actions/checkout@11d5960a326750d5838078e36cf38b85af677262	2026-09-10T20:42:47.9376407Z Adding repository directory to the temporary git global config as a safe directory
Upgrade rehearsal (Windows)	Run actions/checkout@11d5960a326750d5838078e36cf38b85af677262	2026-09-10T20:42:47.9385885Z [command]"C:\Program Files\Git\bin\git.exe" config --global --add safe.directory D:\a\se_harness\se_harness
Upgrade rehearsal (Windows)	Run actions/checkout@11d5960a326750d5838078e36cf38b85af677262	2026-09-10T20:42:48.0334009Z Deleting the contents of 'D:\a\se_harness\se_harness'
Upgrade rehearsal (Windows)	Run actions/checkout@11d5960a326750d5838078e36cf38b85af677262	2026-09-10T20:42:48.0339933Z ##[group]Initializing the repository
Upgrade rehearsal (Windows)	Run actions/checkout@11d5960a326750d5838078e36cf38b85af677262	2026-09-10T20:42:48.0348855Z [command]"C:\Program Files\Git\bin\git.exe" init D:\a\se_harness\se_harness
Upgrade rehearsal (Windows)	Run actions/checkout@11d5960a326750d5838078e36cf38b85af677262	2026-09-10T20:42:48.1560862Z Initialized empty Git repository in D:/a/se_harness/se_harness/.git/
Upgrade rehearsal (Windows)	Run actions/checkout@11d5960a326750d5838078e36cf38b85af677262	2026-09-10T20:42:48.1616086Z [command]"C:\Program Files\Git\bin\git.exe" remote add origin https://github.com/mmzen/se_harness
Upgrade rehearsal (Windows)	Run actions/checkout@11d5960a326750d5838078e36cf38b85af677262	2026-09-10T20:42:48.2449772Z ##[endgroup]
Upgrade rehearsal (Windows)	Run actions/checkout@11d5960a326750d5838078e36cf38b85af677262	2026-09-10T20:42:48.2450403Z ##[group]Disabling automatic garbage collection
Upgrade rehearsal (Windows)	Run actions/checkout@11d5960a326750d5838078e36cf38b85af677262	2026-09-10T20:42:48.2459489Z [command]"C:\Program Files\Git\bin\git.exe" config --local gc.auto 0
Upgrade rehearsal (Windows)	Run actions/checkout@11d5960a326750d5838078e36cf38b85af677262	2026-09-10T20:42:48.2749103Z ##[endgroup]
Upgrade rehearsal (Windows)	Run actions/checkout@11d5960a326750d5838078e36cf38b85af677262	2026-09-10T20:42:48.2749744Z ##[group]Setting up auth
Upgrade rehearsal (Windows)	Run actions/checkout@11d5960a326750d5838078e36cf38b85af677262	2026-09-10T20:42:48.2762125Z [command]"C:\Program Files\Git\bin\git.exe" config --local --name-only --get-regexp core\.sshCommand
Upgrade rehearsal (Windows)	Run actions/checkout@11d5960a326750d5838078e36cf38b85af677262	2026-09-10T20:42:48.3059083Z [command]"C:\Program Files\Git\bin\git.exe" submodule foreach --recursive "sh -c \"git config --local --name-only --get-regexp 'core\.sshCommand' && git config --local --unset-all 'core.sshCommand' || :\""
Upgrade rehearsal (Windows)	Run actions/checkout@11d5960a326750d5838078e36cf38b85af677262	2026-09-10T20:42:50.4699857Z [command]"C:\Program Files\Git\bin\git.exe" config --local --name-only --get-regexp http\.https\:\/\/github\.com\/\.extraheader
Upgrade rehearsal (Windows)	Run actions/checkout@11d5960a326750d5838078e36cf38b85af677262	2026-09-10T20:42:50.5003100Z [command]"C:\Program Files\Git\bin\git.exe" submodule foreach --recursive "sh -c \"git config --local --name-only --get-regexp 'http\.https\:\/\/github\.com\/\.extraheader' && git config --local --unset-all 'http.https://github.com/.extraheader' || :\""
Upgrade rehearsal (Windows)	Run actions/checkout@11d5960a326750d5838078e36cf38b85af677262	2026-09-10T20:42:51.0530457Z [command]"C:\Program Files\Git\bin\git.exe" config --local --name-only --get-regexp ^includeIf\.gitdir:
Upgrade rehearsal (Windows)	Run actions/checkout@11d5960a326750d5838078e36cf38b85af677262	2026-09-10T20:42:51.0845099Z [command]"C:\Program Files\Git\bin\git.exe" submodule foreach --recursive "git config --local --show-origin --name-only --get-regexp remote.origin.url"
Upgrade rehearsal (Windows)	Run actions/checkout@11d5960a326750d5838078e36cf38b85af677262	2026-09-10T20:42:51.5951567Z [command]"C:\Program Files\Git\bin\git.exe" config --local http.https://github.com/.extraheader "AUTHORIZATION: basic ***"
Upgrade rehearsal (Windows)	Run actions/checkout@11d5960a326750d5838078e36cf38b85af677262	2026-09-10T20:42:51.6245198Z ##[endgroup]
Upgrade rehearsal (Windows)	Run actions/checkout@11d5960a326750d5838078e36cf38b85af677262	2026-09-10T20:42:51.6245909Z ##[group]Fetching the repository
Upgrade rehearsal (Windows)	Run actions/checkout@11d5960a326750d5838078e36cf38b85af677262	2026-09-10T20:42:51.6259612Z [command]"C:\Program Files\Git\bin\git.exe" -c protocol.version=2 fetch --prune --no-recurse-submodules origin +refs/heads/*:refs/remotes/origin/* +refs/tags/*:refs/tags/* +a002a24c46a8c061a3a74d7e10397bf08e89d17b:refs/remotes/pull/446/merge
Upgrade rehearsal (Windows)	Run actions/checkout@11d5960a326750d5838078e36cf38b85af677262	2026-09-10T20:42:54.5363416Z From https://github.com/mmzen/se_harness
Upgrade rehearsal (Windows)	Run actions/checkout@11d5960a326750d5838078e36cf38b85af677262	2026-09-10T20:42:54.5364710Z  * [new branch]        artifacts/plugin-implementation          -> origin/artifacts/plugin-implementation
Upgrade rehearsal (Windows)	Run actions/checkout@11d5960a326750d5838078e36cf38b85af677262	2026-09-10T20:42:54.5365850Z  * [new branch]        definitions/plg010-delegation            -> origin/definitions/plg010-delegation
Upgrade rehearsal (Windows)	Run actions/checkout@11d5960a326750d5838078e36cf38b85af677262	2026-09-10T20:42:54.5367074Z  * [new branch]        definitions/plg011-delegation            -> origin/definitions/plg011-delegation
Upgrade rehearsal (Windows)	Run actions/checkout@11d5960a326750d5838078e36cf38b85af677262	2026-09-10T20:42:54.5368136Z  * [new branch]        definitions/plg012-delegation            -> origin/definitions/plg012-delegation
Upgrade rehearsal (Windows)	Run actions/checkout@11d5960a326750d5838078e36cf38b85af677262	2026-09-10T20:42:54.5368902Z  * [new branch]        main                                     -> origin/main
Upgrade rehearsal (Windows)	Run actions/checkout@11d5960a326750d5838078e36cf38b85af677262	2026-09-10T20:42:54.5369510Z  * [new branch]        notes/plugin-installation-proposal       -> origin/notes/plugin-installation-proposal
Upgrade rehearsal (Windows)	Run actions/checkout@11d5960a326750d5838078e36cf38b85af677262	2026-09-10T20:42:54.5371252Z  * [new branch]        notes/plugin-proposal-assessment-2026-09-08 -> origin/notes/plugin-proposal-assessment-2026-09-08
Upgrade rehearsal (Windows)	Run actions/checkout@11d5960a326750d5838078e36cf38b85af677262	2026-09-10T20:42:54.5372113Z  * [new branch]        release/0.10                             -> origin/release/0.10
Upgrade rehearsal (Windows)	Run actions/checkout@11d5960a326750d5838078e36cf38b85af677262	2026-09-10T20:42:54.5372763Z  * [new branch]        release/0.11                             -> origin/release/0.11
Upgrade rehearsal (Windows)	Run actions/checkout@11d5960a326750d5838078e36cf38b85af677262	2026-09-10T20:42:54.5373483Z  * [new branch]        release/0.12                             -> origin/release/0.12
Upgrade rehearsal (Windows)	Run actions/checkout@11d5960a326750d5838078e36cf38b85af677262	2026-09-10T20:42:54.5374433Z  * [new branch]        release/0.12.0                           -> origin/release/0.12.0
Upgrade rehearsal (Windows)	Run actions/checkout@11d5960a326750d5838078e36cf38b85af677262	2026-09-10T20:42:54.5374983Z  * [new branch]        release/0.13                             -> origin/release/0.13
Upgrade rehearsal (Windows)	Run actions/checkout@11d5960a326750d5838078e36cf38b85af677262	2026-09-10T20:42:54.5375464Z  * [new branch]        release/0.13.0                           -> origin/release/0.13.0
Upgrade rehearsal (Windows)	Run actions/checkout@11d5960a326750d5838078e36cf38b85af677262	2026-09-10T20:42:54.5376047Z  * [new branch]        release/0.14                             -> origin/release/0.14
Upgrade rehearsal (Windows)	Run actions/checkout@11d5960a326750d5838078e36cf38b85af677262	2026-09-10T20:42:54.5376490Z  * [new branch]        release/0.14.0                           -> origin/release/0.14.0
Upgrade rehearsal (Windows)	Run actions/checkout@11d5960a326750d5838078e36cf38b85af677262	2026-09-10T20:42:54.5376934Z  * [new branch]        release/0.15                             -> origin/release/0.15
Upgrade rehearsal (Windows)	Run actions/checkout@11d5960a326750d5838078e36cf38b85af677262	2026-09-10T20:42:54.5377386Z  * [new branch]        release/0.15.0                           -> origin/release/0.15.0
Upgrade rehearsal (Windows)	Run actions/checkout@11d5960a326750d5838078e36cf38b85af677262	2026-09-10T20:42:54.5377817Z  * [new branch]        release/0.16                             -> origin/release/0.16
Upgrade rehearsal (Windows)	Run actions/checkout@11d5960a326750d5838078e36cf38b85af677262	2026-09-10T20:42:54.5378256Z  * [new branch]        release/0.16.0                           -> origin/release/0.16.0
Upgrade rehearsal (Windows)	Run actions/checkout@11d5960a326750d5838078e36cf38b85af677262	2026-09-10T20:42:54.5378700Z  * [new branch]        release/0.17                             -> origin/release/0.17
Upgrade rehearsal (Windows)	Run actions/checkout@11d5960a326750d5838078e36cf38b85af677262	2026-09-10T20:42:54.5379151Z  * [new branch]        release/0.17.0                           -> origin/release/0.17.0
Upgrade rehearsal (Windows)	Run actions/checkout@11d5960a326750d5838078e36cf38b85af677262	2026-09-10T20:42:54.5379633Z  * [new branch]        release/0.2.0                            -> origin/release/0.2.0
Upgrade rehearsal (Windows)	Run actions/checkout@11d5960a326750d5838078e36cf38b85af677262	2026-09-10T20:42:54.5380480Z  * [new branch]        release/0.2.1                            -> origin/release/0.2.1
Upgrade rehearsal (Windows)	Run actions/checkout@11d5960a326750d5838078e36cf38b85af677262	2026-09-10T20:42:54.5380950Z  * [new branch]        release/0.2.2                            -> origin/release/0.2.2
Upgrade rehearsal (Windows)	Run actions/checkout@11d5960a326750d5838078e36cf38b85af677262	2026-09-10T20:42:54.5381406Z  * [new branch]        release/0.3.0                            -> origin/release/0.3.0
Upgrade rehearsal (Windows)	Run actions/checkout@11d5960a326750d5838078e36cf38b85af677262	2026-09-10T20:42:54.5381845Z  * [new branch]        release/0.4.0                            -> origin/release/0.4.0
Upgrade rehearsal (Windows)	Run actions/checkout@11d5960a326750d5838078e36cf38b85af677262	2026-09-10T20:42:54.5382291Z  * [new branch]        release/0.6                              -> origin/release/0.6
Upgrade rehearsal (Windows)	Run actions/checkout@11d5960a326750d5838078e36cf38b85af677262	2026-09-10T20:42:54.5382721Z  * [new branch]        release/0.7                              -> origin/release/0.7
Upgrade rehearsal (Windows)	Run actions/checkout@11d5960a326750d5838078e36cf38b85af677262	2026-09-10T20:42:54.5383873Z  * [new branch]        release/0.8                              -> origin/release/0.8
Upgrade rehearsal (Windows)	Run actions/checkout@11d5960a326750d5838078e36cf38b85af677262	2026-09-10T20:42:54.5384313Z  * [new branch]        release/0.9                              -> origin/release/0.9
Upgrade rehearsal (Windows)	Run actions/checkout@11d5960a326750d5838078e36cf38b85af677262	2026-09-10T20:42:54.5384929Z  * [new branch]        work/plugin-change-skill                 -> origin/work/plugin-change-skill
Upgrade rehearsal (Windows)	Run actions/checkout@11d5960a326750d5838078e36cf38b85af677262	2026-09-10T20:42:54.5386243Z  * [new branch]        work/plugin-evidence-skill               -> origin/work/plugin-evidence-skill
Upgrade rehearsal (Windows)	Run actions/checkout@11d5960a326750d5838078e36cf38b85af677262	2026-09-10T20:42:54.5386941Z  * [new branch]        work/plugin-retained-skills              -> origin/work/plugin-retained-skills
Upgrade rehearsal (Windows)	Run actions/checkout@11d5960a326750d5838078e36cf38b85af677262	2026-09-10T20:42:54.5387472Z  * [new tag]           last                                     -> last
Upgrade rehearsal (Windows)	Run actions/checkout@11d5960a326750d5838078e36cf38b85af677262	2026-09-10T20:42:54.5387838Z  * [new tag]           v0.10.0                                  -> v0.10.0
Upgrade rehearsal (Windows)	Run actions/checkout@11d5960a326750d5838078e36cf38b85af677262	2026-09-10T20:42:54.5388201Z  * [new tag]           v0.11.0                                  -> v0.11.0
Upgrade rehearsal (Windows)	Run actions/checkout@11d5960a326750d5838078e36cf38b85af677262	2026-09-10T20:42:54.5388556Z  * [new tag]           v0.12.0                                  -> v0.12.0
Upgrade rehearsal (Windows)	Run actions/checkout@11d5960a326750d5838078e36cf38b85af677262	2026-09-10T20:42:54.5388902Z  * [new tag]           v0.13.0                                  -> v0.13.0
Upgrade rehearsal (Windows)	Run actions/checkout@11d5960a326750d5838078e36cf38b85af677262	2026-09-10T20:42:54.5389242Z  * [new tag]           v0.14.0                                  -> v0.14.0
Upgrade rehearsal (Windows)	Run actions/checkout@11d5960a326750d5838078e36cf38b85af677262	2026-09-10T20:42:54.5389586Z  * [new tag]           v0.15.0                                  -> v0.15.0
Upgrade rehearsal (Windows)	Run actions/checkout@11d5960a326750d5838078e36cf38b85af677262	2026-09-10T20:42:54.5389925Z  * [new tag]           v0.16.0                                  -> v0.16.0
Upgrade rehearsal (Windows)	Run actions/checkout@11d5960a326750d5838078e36cf38b85af677262	2026-09-10T20:42:54.5390266Z  * [new tag]           v0.17.0                                  -> v0.17.0
Upgrade rehearsal (Windows)	Run actions/checkout@11d5960a326750d5838078e36cf38b85af677262	2026-09-10T20:42:54.5390807Z  * [new tag]           v0.2.0                                   -> v0.2.0
Upgrade rehearsal (Windows)	Run actions/checkout@11d5960a326750d5838078e36cf38b85af677262	2026-09-10T20:42:54.5391230Z  * [new tag]           v0.2.1                                   -> v0.2.1
Upgrade rehearsal (Windows)	Run actions/checkout@11d5960a326750d5838078e36cf38b85af677262	2026-09-10T20:42:54.5391705Z  * [new tag]           v0.2.2                                   -> v0.2.2
Upgrade rehearsal (Windows)	Run actions/checkout@11d5960a326750d5838078e36cf38b85af677262	2026-09-10T20:42:54.5392069Z  * [new tag]           v0.3.0                                   -> v0.3.0
Upgrade rehearsal (Windows)	Run actions/checkout@11d5960a326750d5838078e36cf38b85af677262	2026-09-10T20:42:54.5392425Z  * [new tag]           v0.4.0                                   -> v0.4.0
Upgrade rehearsal (Windows)	Run actions/checkout@11d5960a326750d5838078e36cf38b85af677262	2026-09-10T20:42:54.5392785Z  * [new tag]           v0.4.1                                   -> v0.4.1
Upgrade rehearsal (Windows)	Run actions/checkout@11d5960a326750d5838078e36cf38b85af677262	2026-09-10T20:42:54.5393126Z  * [new tag]           v0.5.0                                   -> v0.5.0
Upgrade rehearsal (Windows)	Run actions/checkout@11d5960a326750d5838078e36cf38b85af677262	2026-09-10T20:42:54.5393482Z  * [new tag]           v0.5.0a1                                 -> v0.5.0a1
Upgrade rehearsal (Windows)	Run actions/checkout@11d5960a326750d5838078e36cf38b85af677262	2026-09-10T20:42:54.5393841Z  * [new tag]           v0.6.0                                   -> v0.6.0
Upgrade rehearsal (Windows)	Run actions/checkout@11d5960a326750d5838078e36cf38b85af677262	2026-09-10T20:42:54.5394471Z  * [new tag]           v0.7.0                                   -> v0.7.0
Upgrade rehearsal (Windows)	Run actions/checkout@11d5960a326750d5838078e36cf38b85af677262	2026-09-10T20:42:54.5394842Z  * [new tag]           v0.7.1                                   -> v0.7.1
Upgrade rehearsal (Windows)	Run actions/checkout@11d5960a326750d5838078e36cf38b85af677262	2026-09-10T20:42:54.5395181Z  * [new tag]           v0.8.0                                   -> v0.8.0
Upgrade rehearsal (Windows)	Run actions/checkout@11d5960a326750d5838078e36cf38b85af677262	2026-09-10T20:42:54.5395517Z  * [new tag]           v0.9.0                                   -> v0.9.0
Upgrade rehearsal (Windows)	Run actions/checkout@11d5960a326750d5838078e36cf38b85af677262	2026-09-10T20:42:54.5396024Z  * [new ref]           a002a24c46a8c061a3a74d7e10397bf08e89d17b -> pull/446/merge
Upgrade rehearsal (Windows)	Run actions/checkout@11d5960a326750d5838078e36cf38b85af677262	2026-09-10T20:42:54.5408422Z ##[endgroup]
Upgrade rehearsal (Windows)	Run actions/checkout@11d5960a326750d5838078e36cf38b85af677262	2026-09-10T20:42:54.5409143Z ##[group]Determining the checkout info
Upgrade rehearsal (Windows)	Run actions/checkout@11d5960a326750d5838078e36cf38b85af677262	2026-09-10T20:42:54.5410534Z ##[endgroup]
Upgrade rehearsal (Windows)	Run actions/checkout@11d5960a326750d5838078e36cf38b85af677262	2026-09-10T20:42:54.5420317Z [command]"C:\Program Files\Git\bin\git.exe" sparse-checkout disable
Upgrade rehearsal (Windows)	Run actions/checkout@11d5960a326750d5838078e36cf38b85af677262	2026-09-10T20:42:54.6010187Z [command]"C:\Program Files\Git\bin\git.exe" config --local --unset-all extensions.worktreeConfig
Upgrade rehearsal (Windows)	Run actions/checkout@11d5960a326750d5838078e36cf38b85af677262	2026-09-10T20:42:54.6291120Z ##[group]Checking out the ref
Upgrade rehearsal (Windows)	Run actions/checkout@11d5960a326750d5838078e36cf38b85af677262	2026-09-10T20:42:54.6299318Z [command]"C:\Program Files\Git\bin\git.exe" checkout --progress --force refs/remotes/pull/446/merge
Upgrade rehearsal (Windows)	Run actions/checkout@11d5960a326750d5838078e36cf38b85af677262	2026-09-10T20:42:55.7061364Z Updating files:  55% (3683/6634)
Upgrade rehearsal (Windows)	Run actions/checkout@11d5960a326750d5838078e36cf38b85af677262	2026-09-10T20:42:55.7229145Z Updating files:  56% (3716/6634)
Upgrade rehearsal (Windows)	Run actions/checkout@11d5960a326750d5838078e36cf38b85af677262	2026-09-10T20:42:55.7400796Z Updating files:  57% (3782/6634)
Upgrade rehearsal (Windows)	Run actions/checkout@11d5960a326750d5838078e36cf38b85af677262	2026-09-10T20:42:55.7570581Z Updating files:  58% (3848/6634)
Upgrade rehearsal (Windows)	Run actions/checkout@11d5960a326750d5838078e36cf38b85af677262	2026-09-10T20:42:55.7757217Z Updating files:  59% (3915/6634)
Upgrade rehearsal (Windows)	Run actions/checkout@11d5960a326750d5838078e36cf38b85af677262	2026-09-10T20:42:55.7958384Z Updating files:  60% (3981/6634)
Upgrade rehearsal (Windows)	Run actions/checkout@11d5960a326750d5838078e36cf38b85af677262	2026-09-10T20:42:55.8530259Z Updating files:  61% (4047/6634)
Upgrade rehearsal (Windows)	Run actions/checkout@11d5960a326750d5838078e36cf38b85af677262	2026-09-10T20:42:55.8922337Z Updating files:  62% (4114/6634)
Upgrade rehearsal (Windows)	Run actions/checkout@11d5960a326750d5838078e36cf38b85af677262	2026-09-10T20:42:55.9135364Z Updating files:  63% (4180/6634)
Upgrade rehearsal (Windows)	Run actions/checkout@11d5960a326750d5838078e36cf38b85af677262	2026-09-10T20:42:55.9280897Z Updating files:  64% (4246/6634)
Upgrade rehearsal (Windows)	Run actions/checkout@11d5960a326750d5838078e36cf38b85af677262	2026-09-10T20:42:55.9328010Z Updating files:  65% (4313/6634)
Upgrade rehearsal (Windows)	Run actions/checkout@11d5960a326750d5838078e36cf38b85af677262	2026-09-10T20:42:55.9355475Z ##[error]error: unable to create file docs/engineering/plugin-integration/evidence/WO-PLG-011/acceptance/linux-replay-attempt2/native-products/capture-repository/target/harness-dashboard/data/artifacts/0b1c904a2691c0806bbdd9cd3114ae25f02cf1402ccef943e76e7c7b7faa46c1.json: Filename too long
Upgrade rehearsal (Windows)	Run actions/checkout@11d5960a326750d5838078e36cf38b85af677262	2026-09-10T20:42:55.9365318Z ##[error]error: unable to create file docs/engineering/plugin-integration/evidence/WO-PLG-011/acceptance/linux-replay-attempt2/native-products/capture-repository/target/harness-dashboard/data/artifacts/2262514df3a78b0a166c0279982a64ad6cdfb5eab9c18a22a293deb9549b8385.json: Filename too long
Upgrade rehearsal (Windows)	Run actions/checkout@11d5960a326750d5838078e36cf38b85af677262	2026-09-10T20:42:55.9368866Z ##[error]error: unable to create file docs/engineering/plugin-integration/evidence/WO-PLG-011/acceptance/linux-replay-attempt2/native-products/capture-repository/target/harness-dashboard/data/artifacts/264293643e8f7cf0a1b7e0b48c9d73c0199c754d4ec3a195759216b50f839cf5.json: Filename too long
Upgrade rehearsal (Windows)	Run actions/checkout@11d5960a326750d5838078e36cf38b85af677262	2026-09-10T20:42:55.9372277Z ##[error]error: unable to create file docs/engineering/plugin-integration/evidence/WO-PLG-011/acceptance/linux-replay-attempt2/native-products/capture-repository/target/harness-dashboard/data/artifacts/67a735968173b15ad87afe5d6ca876c87eaabb64b4a24dcef152998aa8b63b92.json: Filename too long
Upgrade rehearsal (Windows)	Run actions/checkout@11d5960a326750d5838078e36cf38b85af677262	2026-09-10T20:42:55.9376077Z ##[error]error: unable to create file docs/engineering/plugin-integration/evidence/WO-PLG-011/acceptance/linux-replay-attempt2/native-products/capture-repository/target/harness-dashboard/data/artifacts/769f4a5a9f168dc3f9f8b48f14ab0bff96d3062b411c77a36cffb558a677bd9d.json: Filename too long
Upgrade rehearsal (Windows)	Run actions/checkout@11d5960a326750d5838078e36cf38b85af677262	2026-09-10T20:42:55.9379461Z ##[error]error: unable to create file docs/engineering/plugin-integration/evidence/WO-PLG-011/acceptance/linux-replay-attempt2/native-products/capture-repository/target/harness-dashboard/data/artifacts/79598de6b0dc18a42df712af22e8e808e4378724073a4f528c175f2a085a5bf0.json: Filename too long
Upgrade rehearsal (Windows)	Run actions/checkout@11d5960a326750d5838078e36cf38b85af677262	2026-09-10T20:42:55.9383307Z ##[error]error: unable to create file docs/engineering/plugin-integration/evidence/WO-PLG-011/acceptance/linux-replay-attempt2/native-products/capture-repository/target/harness-dashboard/data/artifacts/e432e0f04987b1d7cb8bc110e0323c2cef83b5aa7f5be187268dcd963ff79323.json: Filename too long
Upgrade rehearsal (Windows)	Run actions/checkout@11d5960a326750d5838078e36cf38b85af677262	2026-09-10T20:42:55.9386723Z ##[error]error: unable to create file docs/engineering/plugin-integration/evidence/WO-PLG-011/acceptance/linux-replay-attempt2/native-products/capture-repository/target/harness-dashboard/data/readiness/9ec92835065e0acf77ce0430a5a7fe2d81bef5e7d7e266e551f9cc182781b84e.json: Filename too long
Upgrade rehearsal (Windows)	Run actions/checkout@11d5960a326750d5838078e36cf38b85af677262	2026-09-10T20:42:55.9399367Z ##[error]error: unable to create file docs/engineering/plugin-integration/evidence/WO-PLG-011/acceptance/linux-replay-attempt2/native-products/corrected-repository/target/harness-dashboard/data/artifacts/0b1c904a2691c0806bbdd9cd3114ae25f02cf1402ccef943e76e7c7b7faa46c1.json: Filename too long
Upgrade rehearsal (Windows)	Run actions/checkout@11d5960a326750d5838078e36cf38b85af677262	2026-09-10T20:42:55.9404287Z ##[error]error: unable to create file docs/engineering/plugin-integration/evidence/WO-PLG-011/acceptance/linux-replay-attempt2/native-products/corrected-repository/target/harness-dashboard/data/artifacts/2262514df3a78b0a166c0279982a64ad6cdfb5eab9c18a22a293deb9549b8385.json: Filename too long
Upgrade rehearsal (Windows)	Run actions/checkout@11d5960a326750d5838078e36cf38b85af677262	2026-09-10T20:42:55.9409146Z ##[error]error: unable to create file docs/engineering/plugin-integration/evidence/WO-PLG-011/acceptance/linux-replay-attempt2/native-products/corrected-repository/target/harness-dashboard/data/artifacts/264293643e8f7cf0a1b7e0b48c9d73c0199c754d4ec3a195759216b50f839cf5.json: Filename too long
Upgrade rehearsal (Windows)	Run actions/checkout@11d5960a326750d5838078e36cf38b85af677262	2026-09-10T20:42:55.9412721Z ##[error]error: unable to create file docs/engineering/plugin-integration/evidence/WO-PLG-011/acceptance/linux-replay-attempt2/native-products/corrected-repository/target/harness-dashboard/data/artifacts/67a735968173b15ad87afe5d6ca876c87eaabb64b4a24dcef152998aa8b63b92.json: Filename too long
Upgrade rehearsal (Windows)	Run actions/checkout@11d5960a326750d5838078e36cf38b85af677262	2026-09-10T20:42:55.9416406Z ##[error]error: unable to create file docs/engineering/plugin-integration/evidence/WO-PLG-011/acceptance/linux-replay-attempt2/native-products/corrected-repository/target/harness-dashboard/data/artifacts/769f4a5a9f168dc3f9f8b48f14ab0bff96d3062b411c77a36cffb558a677bd9d.json: Filename too long
Upgrade rehearsal (Windows)	Run actions/checkout@11d5960a326750d5838078e36cf38b85af677262	2026-09-10T20:42:55.9419848Z ##[error]error: unable to create file docs/engineering/plugin-integration/evidence/WO-PLG-011/acceptance/linux-replay-attempt2/native-products/corrected-repository/target/harness-dashboard/data/artifacts/79598de6b0dc18a42df712af22e8e808e4378724073a4f528c175f2a085a5bf0.json: Filename too long
Upgrade rehearsal (Windows)	Run actions/checkout@11d5960a326750d5838078e36cf38b85af677262	2026-09-10T20:42:55.9423672Z ##[error]error: unable to create file docs/engineering/plugin-integration/evidence/WO-PLG-011/acceptance/linux-replay-attempt2/native-products/corrected-repository/target/harness-dashboard/data/artifacts/e432e0f04987b1d7cb8bc110e0323c2cef83b5aa7f5be187268dcd963ff79323.json: Filename too long
Upgrade rehearsal (Windows)	Run actions/checkout@11d5960a326750d5838078e36cf38b85af677262	2026-09-10T20:42:55.9427263Z ##[error]error: unable to create file docs/engineering/plugin-integration/evidence/WO-PLG-011/acceptance/linux-replay-attempt2/native-products/corrected-repository/target/harness-dashboard/data/readiness/9ec92835065e0acf77ce0430a5a7fe2d81bef5e7d7e266e551f9cc182781b84e.json: Filename too long
Upgrade rehearsal (Windows)	Run actions/checkout@11d5960a326750d5838078e36cf38b85af677262	2026-09-10T20:42:55.9430719Z ##[error]error: unable to create file docs/engineering/plugin-integration/evidence/WO-PLG-011/acceptance/linux-replay-attempt2/native-products/corrected-repository/target/harness-dashboard/data/summary/bc9dff153a1325b439a223ee652a95851c63fb81e548f9accd94892e596d6403.json: Filename too long
Upgrade rehearsal (Windows)	Run actions/checkout@11d5960a326750d5838078e36cf38b85af677262	2026-09-10T20:42:55.9435054Z ##[error]error: unable to create file docs/engineering/plugin-integration/evidence/WO-PLG-011/acceptance/linux-replay-attempt2/native-products/corrected-repository/target/harness-dashboard/data/topology/5f056d6e5d4b8cad9e6f7039c926faf51de246bb66275e0932c89385fa86104d.json: Filename too long
Upgrade rehearsal (Windows)	Run actions/checkout@11d5960a326750d5838078e36cf38b85af677262	2026-09-10T20:42:55.9744148Z Updating files:  66% (4379/6634)
Upgrade rehearsal (Windows)	Run actions/checkout@11d5960a326750d5838078e36cf38b85af677262	2026-09-10T20:42:55.9921164Z Updating files:  67% (4445/6634)
Upgrade rehearsal (Windows)	Run actions/checkout@11d5960a326750d5838078e36cf38b85af677262	2026-09-10T20:42:56.0092973Z Updating files:  68% (4512/6634)
Upgrade rehearsal (Windows)	Run actions/checkout@11d5960a326750d5838078e36cf38b85af677262	2026-09-10T20:42:56.0267499Z Updating files:  69% (4578/6634)
Upgrade rehearsal (Windows)	Run actions/checkout@11d5960a326750d5838078e36cf38b85af677262	2026-09-10T20:42:56.0447485Z Updating files:  70% (4644/6634)
Upgrade rehearsal (Windows)	Run actions/checkout@11d5960a326750d5838078e36cf38b85af677262	2026-09-10T20:42:56.0606511Z Updating files:  71% (4711/6634)
Upgrade rehearsal (Windows)	Run actions/checkout@11d5960a326750d5838078e36cf38b85af677262	2026-09-10T20:42:56.0758325Z Updating files:  72% (4777/6634)
Upgrade rehearsal (Windows)	Run actions/checkout@11d5960a326750d5838078e36cf38b85af677262	2026-09-10T20:42:56.0962306Z Updating files:  73% (4843/6634)
Upgrade rehearsal (Windows)	Run actions/checkout@11d5960a326750d5838078e36cf38b85af677262	2026-09-10T20:42:56.1186412Z Updating files:  74% (4910/6634)
Upgrade rehearsal (Windows)	Run actions/checkout@11d5960a326750d5838078e36cf38b85af677262	2026-09-10T20:42:56.1411184Z Updating files:  75% (4976/6634)
Upgrade rehearsal (Windows)	Run actions/checkout@11d5960a326750d5838078e36cf38b85af677262	2026-09-10T20:42:56.1642461Z Updating files:  76% (5042/6634)
Upgrade rehearsal (Windows)	Run actions/checkout@11d5960a326750d5838078e36cf38b85af677262	2026-09-10T20:42:56.1845802Z Updating files:  77% (5109/6634)
Upgrade rehearsal (Windows)	Run actions/checkout@11d5960a326750d5838078e36cf38b85af677262	2026-09-10T20:42:56.2029555Z Updating files:  78% (5175/6634)
Upgrade rehearsal (Windows)	Run actions/checkout@11d5960a326750d5838078e36cf38b85af677262	2026-09-10T20:42:56.2226497Z Updating files:  79% (5241/6634)
Upgrade rehearsal (Windows)	Run actions/checkout@11d5960a326750d5838078e36cf38b85af677262	2026-09-10T20:42:56.2395893Z Updating files:  80% (5308/6634)
Upgrade rehearsal (Windows)	Run actions/checkout@11d5960a326750d5838078e36cf38b85af677262	2026-09-10T20:42:56.2571872Z Updating files:  81% (5374/6634)
Upgrade rehearsal (Windows)	Run actions/checkout@11d5960a326750d5838078e36cf38b85af677262	2026-09-10T20:42:56.2745879Z Updating files:  82% (5440/6634)
Upgrade rehearsal (Windows)	Run actions/checkout@11d5960a326750d5838078e36cf38b85af677262	2026-09-10T20:42:56.2918025Z Updating files:  83% (5507/6634)
Upgrade rehearsal (Windows)	Run actions/checkout@11d5960a326750d5838078e36cf38b85af677262	2026-09-10T20:42:56.3114672Z Updating files:  84% (5573/6634)
Upgrade rehearsal (Windows)	Run actions/checkout@11d5960a326750d5838078e36cf38b85af677262	2026-09-10T20:42:56.3302651Z Updating files:  85% (5639/6634)
Upgrade rehearsal (Windows)	Run actions/checkout@11d5960a326750d5838078e36cf38b85af677262	2026-09-10T20:42:56.3503213Z Updating files:  86% (5706/6634)
Upgrade rehearsal (Windows)	Run actions/checkout@11d5960a326750d5838078e36cf38b85af677262	2026-09-10T20:42:56.3688648Z Updating files:  87% (5772/6634)
Upgrade rehearsal (Windows)	Run actions/checkout@11d5960a326750d5838078e36cf38b85af677262	2026-09-10T20:42:56.5836946Z Updating files:  88% (5838/6634)
Upgrade rehearsal (Windows)	Run actions/checkout@11d5960a326750d5838078e36cf38b85af677262	2026-09-10T20:42:56.6248236Z Updating files:  89% (5905/6634)
Upgrade rehearsal (Windows)	Run actions/checkout@11d5960a326750d5838078e36cf38b85af677262	2026-09-10T20:42:56.6508837Z Updating files:  90% (5971/6634)
Upgrade rehearsal (Windows)	Run actions/checkout@11d5960a326750d5838078e36cf38b85af677262	2026-09-10T20:42:56.6780154Z Updating files:  91% (6037/6634)
Upgrade rehearsal (Windows)	Run actions/checkout@11d5960a326750d5838078e36cf38b85af677262	2026-09-10T20:42:56.7250697Z Updating files:  92% (6104/6634)
Upgrade rehearsal (Windows)	Run actions/checkout@11d5960a326750d5838078e36cf38b85af677262	2026-09-10T20:42:56.7413371Z Updating files:  92% (6115/6634)
Upgrade rehearsal (Windows)	Run actions/checkout@11d5960a326750d5838078e36cf38b85af677262	2026-09-10T20:42:56.7612140Z Updating files:  93% (6170/6634)
Upgrade rehearsal (Windows)	Run actions/checkout@11d5960a326750d5838078e36cf38b85af677262	2026-09-10T20:42:56.7842050Z Updating files:  94% (6236/6634)
Upgrade rehearsal (Windows)	Run actions/checkout@11d5960a326750d5838078e36cf38b85af677262	2026-09-10T20:42:56.8053524Z Updating files:  95% (6303/6634)
Upgrade rehearsal (Windows)	Run actions/checkout@11d5960a326750d5838078e36cf38b85af677262	2026-09-10T20:42:56.8281342Z Updating files:  96% (6369/6634)
Upgrade rehearsal (Windows)	Run actions/checkout@11d5960a326750d5838078e36cf38b85af677262	2026-09-10T20:42:56.8495239Z Updating files:  97% (6435/6634)
Upgrade rehearsal (Windows)	Run actions/checkout@11d5960a326750d5838078e36cf38b85af677262	2026-09-10T20:42:56.8697831Z Updating files:  98% (6502/6634)
Upgrade rehearsal (Windows)	Run actions/checkout@11d5960a326750d5838078e36cf38b85af677262	2026-09-10T20:42:56.8933007Z Updating files:  99% (6568/6634)
Upgrade rehearsal (Windows)	Run actions/checkout@11d5960a326750d5838078e36cf38b85af677262	2026-09-10T20:42:56.8933432Z Updating files: 100% (6634/6634)
Upgrade rehearsal (Windows)	Run actions/checkout@11d5960a326750d5838078e36cf38b85af677262	2026-09-10T20:42:56.8933692Z Updating files: 100% (6634/6634), done.
Upgrade rehearsal (Windows)	Run actions/checkout@11d5960a326750d5838078e36cf38b85af677262	2026-09-10T20:42:56.9127511Z Note: switching to 'refs/remotes/pull/446/merge'.
Upgrade rehearsal (Windows)	Run actions/checkout@11d5960a326750d5838078e36cf38b85af677262	2026-09-10T20:42:56.9127913Z 
Upgrade rehearsal (Windows)	Run actions/checkout@11d5960a326750d5838078e36cf38b85af677262	2026-09-10T20:42:56.9128176Z You are in 'detached HEAD' state. You can look around, make experimental
Upgrade rehearsal (Windows)	Run actions/checkout@11d5960a326750d5838078e36cf38b85af677262	2026-09-10T20:42:56.9128653Z changes and commit them, and you can discard any commits you make in this
Upgrade rehearsal (Windows)	Run actions/checkout@11d5960a326750d5838078e36cf38b85af677262	2026-09-10T20:42:56.9129123Z state without impacting any branches by switching back to a branch.
Upgrade rehearsal (Windows)	Run actions/checkout@11d5960a326750d5838078e36cf38b85af677262	2026-09-10T20:42:56.9129392Z 
Upgrade rehearsal (Windows)	Run actions/checkout@11d5960a326750d5838078e36cf38b85af677262	2026-09-10T20:42:56.9129572Z If you want to create a new branch to retain commits you create, you may
Upgrade rehearsal (Windows)	Run actions/checkout@11d5960a326750d5838078e36cf38b85af677262	2026-09-10T20:42:56.9129986Z do so (now or later) by using -c with the switch command. Example:
Upgrade rehearsal (Windows)	Run actions/checkout@11d5960a326750d5838078e36cf38b85af677262	2026-09-10T20:42:56.9130227Z 
Upgrade rehearsal (Windows)	Run actions/checkout@11d5960a326750d5838078e36cf38b85af677262	2026-09-10T20:42:56.9130369Z   git switch -c <new-branch-name>
Upgrade rehearsal (Windows)	Run actions/checkout@11d5960a326750d5838078e36cf38b85af677262	2026-09-10T20:42:56.9130533Z 
Upgrade rehearsal (Windows)	Run actions/checkout@11d5960a326750d5838078e36cf38b85af677262	2026-09-10T20:42:56.9130632Z Or undo this operation with:
Upgrade rehearsal (Windows)	Run actions/checkout@11d5960a326750d5838078e36cf38b85af677262	2026-09-10T20:42:56.9130780Z 
Upgrade rehearsal (Windows)	Run actions/checkout@11d5960a326750d5838078e36cf38b85af677262	2026-09-10T20:42:56.9130850Z   git switch -
Upgrade rehearsal (Windows)	Run actions/checkout@11d5960a326750d5838078e36cf38b85af677262	2026-09-10T20:42:56.9130962Z 
Upgrade rehearsal (Windows)	Run actions/checkout@11d5960a326750d5838078e36cf38b85af677262	2026-09-10T20:42:56.9131161Z Turn off this advice by setting config variable advice.detachedHead to false
Upgrade rehearsal (Windows)	Run actions/checkout@11d5960a326750d5838078e36cf38b85af677262	2026-09-10T20:42:56.9131458Z 
Upgrade rehearsal (Windows)	Run actions/checkout@11d5960a326750d5838078e36cf38b85af677262	2026-09-10T20:42:56.9131781Z HEAD is now at a002a24c Merge 2a32e978442a0644aa72b751c0244378b0172fd4 into 7fe82c95823503e54d2e35e00d8c409a6dd4b065
Upgrade rehearsal (Windows)	Run actions/checkout@11d5960a326750d5838078e36cf38b85af677262	2026-09-10T20:42:56.9222786Z ##[group]Removing auth
Upgrade rehearsal (Windows)	Run actions/checkout@11d5960a326750d5838078e36cf38b85af677262	2026-09-10T20:42:56.9232185Z [command]"C:\Program Files\Git\bin\git.exe" config --local --name-only --get-regexp core\.sshCommand
Upgrade rehearsal (Windows)	Run actions/checkout@11d5960a326750d5838078e36cf38b85af677262	2026-09-10T20:42:56.9526331Z [command]"C:\Program Files\Git\bin\git.exe" submodule foreach --recursive "sh -c \"git config --local --name-only --get-regexp 'core\.sshCommand' && git config --local --unset-all 'core.sshCommand' || :\""
Upgrade rehearsal (Windows)	Run actions/checkout@11d5960a326750d5838078e36cf38b85af677262	2026-09-10T20:42:57.4706626Z [command]"C:\Program Files\Git\bin\git.exe" config --local --name-only --get-regexp http\.https\:\/\/github\.com\/\.extraheader
Upgrade rehearsal (Windows)	Run actions/checkout@11d5960a326750d5838078e36cf38b85af677262	2026-09-10T20:42:57.4962768Z http.https://github.com/.extraheader
Upgrade rehearsal (Windows)	Run actions/checkout@11d5960a326750d5838078e36cf38b85af677262	2026-09-10T20:42:57.5009325Z [command]"C:\Program Files\Git\bin\git.exe" config --local --unset-all http.https://github.com/.extraheader
Upgrade rehearsal (Windows)	Run actions/checkout@11d5960a326750d5838078e36cf38b85af677262	2026-09-10T20:42:57.5301186Z [command]"C:\Program Files\Git\bin\git.exe" submodule foreach --recursive "sh -c \"git config --local --name-only --get-regexp 'http\.https\:\/\/github\.com\/\.extraheader' && git config --local --unset-all 'http.https://github.com/.extraheader' || :\""
Upgrade rehearsal (Windows)	Run actions/checkout@11d5960a326750d5838078e36cf38b85af677262	2026-09-10T20:42:58.0504258Z [command]"C:\Program Files\Git\bin\git.exe" config --local --name-only --get-regexp ^includeIf\.gitdir:
Upgrade rehearsal (Windows)	Run actions/checkout@11d5960a326750d5838078e36cf38b85af677262	2026-09-10T20:42:58.0794872Z [command]"C:\Program Files\Git\bin\git.exe" submodule foreach --recursive "git config --local --show-origin --name-only --get-regexp remote.origin.url"
Upgrade rehearsal (Windows)	Run actions/checkout@11d5960a326750d5838078e36cf38b85af677262	2026-09-10T20:42:58.5929526Z ##[endgroup]
Upgrade rehearsal (Windows)	Run actions/checkout@11d5960a326750d5838078e36cf38b85af677262	2026-09-10T20:42:58.5965081Z ##[error]The process 'C:\Program Files\Git\bin\git.exe' failed with exit code 1
