{
  "schema": "se-harness-workflow-result-v2",
  "digest_format": "machine-fields-v1",
  "candidate": {},
  "operation": {
    "kind": "transition",
    "outcome": "completed"
  },
  "selection": {
    "primary": "WO-IAR-016",
    "artifacts": [
      "WO-IAR-016"
    ]
  },
  "scope": {
    "mode": "selected",
    "governing": [],
    "dependencies": [],
    "declared_paths": [
      "docs/engineering/instruction-architecture/evidence/WO-IAR-016/",
      "docs/engineering/instruction-architecture/work-orders/WO-IAR-016.md",
      "repository_tools/plugin_distribution.py",
      "tests/plugin_integration/package_assembly/",
      "tests/plugin_integration/test_simple_plugin.py"
    ],
    "changed_paths": [],
    "change_set_complete": false
  },
  "compliance": {
    "checkpoint": "transition",
    "workflow_rule_id": "WFL-WO-PREPARE-VREC",
    "procedure_id": "PROC-WO-PREPARE-VREC",
    "status": "pass",
    "gates": [
      {
        "id": "QG-G4-IMPLEMENTATION-EVIDENCE",
        "status": "pass",
        "predicates": [
          {
            "id": "QGP-G4I-STATUS",
            "status": "pass",
            "evidence": [
              {
                "kind": "artifact",
                "reference": "WO-IAR-016"
              }
            ],
            "message": "WO-IAR-016 status is in_progress."
          },
          {
            "id": "QGP-G4I-GRAPH",
            "status": "pass",
            "evidence": [
              {
                "kind": "result",
                "reference": "formal-graph:WO-IAR-016"
              }
            ],
            "message": "The selected formal graph is valid."
          },
          {
            "id": "QGP-G4I-INTEGRITY",
            "status": "pass",
            "evidence": [
              {
                "kind": "result",
                "reference": "repository-integrity:transition"
              }
            ],
            "message": "No repository-integrity blocker prevents selected evaluation."
          },
          {
            "id": "QGP-G4I-SCOPE",
            "status": "pass",
            "evidence": [
              {
                "kind": "artifact",
                "reference": "WO-IAR-016:[execution_scope]"
              }
            ],
            "message": "WO-IAR-016 has recorded execution approval for its 5 scope path(s)."
          },
          {
            "id": "QGP-G4I-PREFLIGHT",
            "status": "pass",
            "evidence": [
              {
                "kind": "result",
                "reference": "preflight:WO-IAR-016:review"
              }
            ],
            "message": "Released-installation review preflight inputs are ready."
          },
          {
            "id": "QGP-G4I-EVIDENCE",
            "status": "pass",
            "evidence": [
              {
                "kind": "path",
                "reference": "work-order-evidence:WO-IAR-016"
              }
            ],
            "message": "Fresh retained evidence is bound at docs/engineering/instruction-architecture/evidence/WO-IAR-016/WO-IAR-016-handoff.md."
          },
          {
            "id": "QGP-G4I-DECISION",
            "status": "pass",
            "evidence": [
              {
                "kind": "result",
                "reference": "decision-register:WO-IAR-016"
              }
            ],
            "message": "No open decision blocks WO-IAR-016."
          }
        ]
      },
      {
        "id": "QG-STRUCTURAL",
        "status": "pass",
        "predicates": [
          {
            "id": "QGS-EDGE",
            "status": "pass",
            "evidence": [
              {
                "kind": "artifact",
                "reference": "WO-IAR-016"
              }
            ],
            "message": "in_progress -> implemented is a declared lifecycle edge for WO-IAR-016."
          }
        ]
      }
    ]
  },
  "procedure": {
    "id": "PROC-WO-PREPARE-VREC",
    "current_step": "STEP-WO-PREPARE-VREC-CAPTURE",
    "steps": [
      {
        "id": "STEP-WO-PREPARE-VREC-CAPTURE",
        "kind": "command",
        "gate_ids": [
          "QG-G4-CANDIDATE-READY"
        ],
        "effects": [
          "Prepare one ready VREC using the selected approved inputs."
        ],
        "non_effects": [
          "Substitute inspected record, verification and evidence inputs before running this command. Preparation does not verify WO-IAR-016."
        ],
        "argv": [
          "harnessctl",
          "capture-verification",
          ".",
          "--work-order",
          "WO-IAR-016",
          "--owner",
          "delegated-executor",
          "--id",
          "VREC-...",
          "--verification",
          "VER-...",
          "--evidence",
          "..."
        ],
        "corrective": {
          "QGP-G4C-STATUS": {
            "kind": "response",
            "value": "Resolve QGP-G4C-STATUS for WO-IAR-016 using the reported candidate-readiness failure, then retry preparation."
          },
          "QGP-G4C-GRAPH": {
            "kind": "response",
            "value": "Resolve QGP-G4C-GRAPH for WO-IAR-016 using the reported candidate-readiness failure, then retry preparation."
          },
          "QGP-G4C-INTEGRITY": {
            "kind": "response",
            "value": "Resolve QGP-G4C-INTEGRITY for WO-IAR-016 using the reported candidate-readiness failure, then retry preparation."
          }
        }
      }
    ]
  },
  "state": {
    "before": [
      {
        "id": "WO-IAR-016",
        "status": "in_progress"
      }
    ],
    "after": [
      {
        "id": "WO-IAR-016",
        "status": "implemented"
      }
    ]
  },
  "findings": {
    "scoped_blockers": [],
    "repository_blockers": [],
    "unrelated_count": 0
  },
  "mutation": {
    "writes": [
      {
        "id": "WO-IAR-016",
        "path": "docs/engineering/instruction-architecture/work-orders/WO-IAR-016.md",
        "fields": [
          "lifecycle_events",
          "status",
          "updated"
        ]
      }
    ]
  },
  "restitution": {
    "outcome": "completed",
    "done": [
      "Applied 1 explicit lifecycle transition(s) atomically."
    ],
    "not_done": [],
    "blocked_by": [],
    "current_lifecycle_state": [
      "WO-IAR-016 is implemented."
    ],
    "decision_required": null,
    "next": {
      "procedure_id": "PROC-WO-PREPARE-VREC",
      "step_id": "STEP-WO-PREPARE-VREC-CAPTURE",
      "action": "Run the bound command"
    },
    "command_or_response": {
      "kind": "command",
      "argv": [
        "harnessctl",
        "capture-verification",
        ".",
        "--work-order",
        "WO-IAR-016",
        "--owner",
        "delegated-executor",
        "--id",
        "VREC-...",
        "--verification",
        "VER-...",
        "--evidence",
        "..."
      ]
    },
    "alternatives": []
  },
  "result_sha256": "7764ef3bd74f8b4bf8ad5f65a251885594d02f30ec99a5734b1895f06e942a26"
}
