{
  "schema": "se-harness-workflow-result-v2",
  "digest_format": "machine-fields-v1",
  "candidate": {
    "commit": "772c9101e81aacc6929832d5dcc3813c4a5abfa2",
    "git_object_format": "sha1"
  },
  "operation": {
    "kind": "check",
    "outcome": "completed"
  },
  "selection": {
    "primary": "VREC-IAR-012",
    "artifacts": [
      "VREC-IAR-012"
    ]
  },
  "scope": {
    "mode": "selected",
    "governing": [
      "ADR-IAR-011",
      "ARCH-IAR-011",
      "CAP-IAR-002",
      "INT-IAR-001",
      "REQ-IAR-022",
      "REQ-IAR-023",
      "REQ-IAR-024",
      "REQ-IAR-025",
      "REQ-IAR-026",
      "REQ-IAR-027",
      "SPEC-IAR-014",
      "VER-IAR-014",
      "WO-IAR-013",
      "WO-IAR-014",
      "WO-IAR-016"
    ],
    "dependencies": [],
    "declared_paths": [],
    "changed_paths": [],
    "change_set_complete": false
  },
  "compliance": {
    "checkpoint": "pre-action",
    "workflow_rule_id": "WFL-VREC-DECIDE",
    "procedure_id": "PROC-VREC-DECIDE",
    "status": "pass",
    "gates": [
      {
        "id": "QG-G4-ASSURANCE-DECISION",
        "status": "pass",
        "predicates": [
          {
            "id": "QGP-G4A-GRAPH",
            "status": "pass",
            "evidence": [
              {
                "kind": "result",
                "reference": "formal-graph:VREC-IAR-012"
              }
            ],
            "message": "The selected formal graph is valid."
          },
          {
            "id": "QGP-G4A-INTEGRITY",
            "status": "pass",
            "evidence": [
              {
                "kind": "result",
                "reference": "repository-integrity:pre-action"
              }
            ],
            "message": "No repository-integrity blocker prevents selected evaluation."
          },
          {
            "id": "QGP-G4A-DECISION",
            "status": "pass",
            "evidence": [
              {
                "kind": "result",
                "reference": "decision-register:VREC-IAR-012"
              }
            ],
            "message": "No open decision blocks VREC-IAR-012."
          }
        ]
      }
    ],
    "formal_snapshot_sha256": "99b28e93ca4fff713405c96f602de6701dc658b940e735f43ae827bef7e13fb6",
    "change_set_source": "arguments"
  },
  "procedure": {
    "id": "PROC-VREC-DECIDE",
    "current_step": "STEP-VREC-DECIDE",
    "steps": [
      {
        "id": "STEP-VREC-DECIDE",
        "kind": "decision",
        "gate_ids": [
          "QG-G4-ASSURANCE-DECISION"
        ],
        "effects": [
          "Permits an explicit decision on VREC-IAR-012 only."
        ],
        "non_effects": [
          "Referenced work orders remain unchanged."
        ],
        "decision_right": "DR-VREC-DECIDE",
        "role": "assurance-owner",
        "artifact": "VREC-IAR-012",
        "decision": "whether the retained evidence verifies the exact candidate",
        "outcomes": [
          "verified",
          "reject",
          "supersede"
        ],
        "response": "I verify VREC-IAR-012 as assurance owner."
      }
    ]
  },
  "state": {
    "before": [
      {
        "id": "VREC-IAR-012",
        "status": "ready"
      }
    ],
    "after": [
      {
        "id": "VREC-IAR-012",
        "status": "ready"
      }
    ]
  },
  "findings": {
    "scoped_blockers": [],
    "repository_blockers": [],
    "unrelated_count": 50
  },
  "mutation": {
    "writes": []
  },
  "restitution": {
    "outcome": "completed",
    "done": [
      "Evaluated pre-action compliance for VREC-IAR-012."
    ],
    "not_done": [],
    "blocked_by": [],
    "current_lifecycle_state": [
      "VREC-IAR-012 is ready."
    ],
    "decision_required": {
      "decision_right": "DR-VREC-DECIDE",
      "role": "assurance-owner",
      "artifact": "VREC-IAR-012",
      "decision": "whether the retained evidence verifies the exact candidate",
      "outcomes": [
        "verified",
        "reject",
        "supersede"
      ]
    },
    "next": {
      "procedure_id": "PROC-VREC-DECIDE",
      "step_id": "STEP-VREC-DECIDE",
      "action": "whether the retained evidence verifies the exact candidate"
    },
    "command_or_response": {
      "kind": "response",
      "value": "I verify VREC-IAR-012 as assurance owner."
    },
    "alternatives": [
      "Use complete alternative procedure PROC-VREC-REJECT.",
      "Use complete alternative procedure PROC-VREC-SUPERSEDE."
    ]
  },
  "result_sha256": "7b0460f02feef07c543016ac73a9424983095895e38923caa32d8f3fda7e42cf"
}
