{
  "schema": "se-harness-workflow-result-v2",
  "operation": {
    "kind": "transition",
    "outcome": "completed"
  },
  "selection": {
    "primary": "DEC-PLG-006",
    "artifacts": [
      "DEC-PLG-006"
    ]
  },
  "scope": {
    "mode": "selected",
    "governing": [],
    "dependencies": [],
    "declared_paths": [],
    "changed_paths": [],
    "change_set_complete": false
  },
  "compliance": {
    "checkpoint": "transition",
    "workflow_rule_id": "WFL-DEC-CLOSED",
    "procedure_id": "PROC-FOCUS-SELECTED",
    "status": "pass",
    "gates": [
      {
        "id": "QG-STRUCTURAL",
        "status": "pass",
        "predicates": [
          {
            "id": "QGS-EDGE",
            "status": "pass",
            "evidence": [
              {
                "kind": "artifact",
                "reference": "DEC-PLG-006"
              }
            ],
            "message": "open -> decided is a declared lifecycle edge for DEC-PLG-006."
          }
        ]
      }
    ]
  },
  "procedure": {
    "id": "PROC-FOCUS-SELECTED",
    "current_step": "STEP-FOCUS-SELECTED",
    "steps": [
      {
        "id": "STEP-FOCUS-SELECTED",
        "kind": "command",
        "gate_ids": [],
        "effects": [
          "Projected selected state for DEC-PLG-006."
        ],
        "non_effects": [
          "Focus changes no lifecycle state."
        ],
        "argv": [
          "harnessctl",
          "check",
          ".",
          "--artifact",
          "DEC-PLG-006"
        ]
      }
    ]
  },
  "state": {
    "before": [
      {
        "id": "DEC-PLG-006",
        "status": "open"
      }
    ],
    "after": [
      {
        "id": "DEC-PLG-006",
        "status": "decided"
      }
    ]
  },
  "findings": {
    "scoped_blockers": [],
    "repository_blockers": [],
    "unrelated_count": 0
  },
  "mutation": {
    "writes": [
      {
        "id": "DEC-PLG-006",
        "path": "docs/engineering/plugin-integration/decisions/DEC-PLG-006.md",
        "fields": [
          "disposition",
          "lifecycle_events",
          "status",
          "updated"
        ]
      }
    ]
  },
  "restitution": {
    "outcome": "completed",
    "done": [
      "Planned 1 explicit lifecycle transition(s); no files were written."
    ],
    "not_done": [],
    "blocked_by": [],
    "current_lifecycle_state": [
      "DEC-PLG-006 is decided and terminal."
    ],
    "decision_required": null,
    "next": {
      "procedure_id": "PROC-FOCUS-SELECTED",
      "step_id": "STEP-FOCUS-SELECTED",
      "action": "Run the bound command"
    },
    "command_or_response": {
      "kind": "command",
      "argv": [
        "harnessctl",
        "check",
        ".",
        "--artifact",
        "DEC-PLG-006"
      ]
    },
    "alternatives": []
  },
  "result_sha256": "990452e20c3a6372c81991a400c0c383dba03c5d746209fda09658f7ce80fea2"
}
