{
  "schema": "se-harness-workflow-result-v2",
  "operation": {
    "kind": "transition",
    "outcome": "completed"
  },
  "selection": {
    "primary": "WO-PLG-019",
    "artifacts": [
      "WO-PLG-019"
    ]
  },
  "scope": {
    "mode": "selected",
    "governing": [],
    "dependencies": [],
    "declared_paths": [
      "docs/engineering/plugin-integration/decisions/DEC-PLG-006.md",
      "docs/engineering/plugin-integration/evidence/WO-PLG-019/",
      "docs/engineering/plugin-integration/specifications/SPEC-PLG-005.md",
      "docs/engineering/plugin-integration/specifications/SPEC-PLG-006.md",
      "docs/engineering/plugin-integration/specifications/SPEC-PLG-008.md",
      "docs/engineering/plugin-integration/verification/VER-PLG-005.md",
      "docs/engineering/plugin-integration/verification/VER-PLG-006.md",
      "docs/engineering/plugin-integration/verification/VER-PLG-008.md",
      "docs/engineering/plugin-integration/verification/VER-PLG-019.md",
      "docs/engineering/plugin-integration/work-orders/WO-PLG-019.md"
    ],
    "changed_paths": [],
    "change_set_complete": false
  },
  "compliance": {
    "checkpoint": "transition",
    "workflow_rule_id": "WFL-WO-START",
    "procedure_id": "PROC-WO-START",
    "status": "pass",
    "gates": [
      {
        "id": "QG-G3-WORK-AUTHORIZATION",
        "status": "pass",
        "predicates": [
          {
            "id": "QGP-G3-GRAPH",
            "status": "pass",
            "evidence": [
              {
                "kind": "result",
                "reference": "formal-graph:WO-PLG-019"
              }
            ],
            "message": "The selected formal graph is valid."
          },
          {
            "id": "QGP-G3-INTEGRITY",
            "status": "pass",
            "evidence": [
              {
                "kind": "result",
                "reference": "repository-integrity:transition"
              }
            ],
            "message": "No repository-integrity blocker prevents selected evaluation."
          },
          {
            "id": "QGP-G3-DECISION",
            "status": "pass",
            "evidence": [
              {
                "kind": "result",
                "reference": "decision-register:WO-PLG-019"
              }
            ],
            "message": "No open decision blocks WO-PLG-019."
          }
        ]
      },
      {
        "id": "QG-STRUCTURAL",
        "status": "pass",
        "predicates": [
          {
            "id": "QGS-EDGE",
            "status": "pass",
            "evidence": [
              {
                "kind": "artifact",
                "reference": "WO-PLG-019"
              }
            ],
            "message": "draft -> approved is a declared lifecycle edge for WO-PLG-019."
          },
          {
            "id": "QGS-ASSURANCE",
            "status": "pass",
            "evidence": [
              {
                "kind": "artifact",
                "reference": "WO-PLG-019"
              }
            ],
            "message": "WO-PLG-019 classifies commit-bound verification as required."
          }
        ]
      }
    ]
  },
  "procedure": {
    "id": "PROC-WO-START",
    "current_step": "STEP-WO-START-FOCUS",
    "steps": [
      {
        "id": "STEP-WO-START-FOCUS",
        "kind": "command",
        "gate_ids": [],
        "effects": [
          "Projected selected scope for WO-PLG-019."
        ],
        "non_effects": [
          "Focus does not change lifecycle state."
        ],
        "argv": [
          "harnessctl",
          "check",
          ".",
          "--artifact",
          "WO-PLG-019"
        ]
      },
      {
        "id": "STEP-WO-START-PREFLIGHT",
        "kind": "command",
        "gate_ids": [
          "QG-G3-WORK-AUTHORIZATION"
        ],
        "effects": [
          "Evaluated start readiness for WO-PLG-019."
        ],
        "non_effects": [
          "Preflight does not authorize or start implementation."
        ],
        "argv": [
          "harnessctl",
          "preflight",
          ".",
          "--work-order",
          "WO-PLG-019",
          "--phase",
          "start"
        ],
        "corrective": {
          "QGP-G3-STATUS": {
            "kind": "escalation",
            "decision_right": "DR-WO-SELECT"
          },
          "QGP-G3-GRAPH": {
            "kind": "escalation",
            "decision_right": "DR-REMEDIATION-SCOPE"
          },
          "QGP-G3-INTEGRITY": {
            "kind": "escalation",
            "decision_right": "DR-REMEDIATION-SCOPE"
          },
          "QGP-G3-SCOPE": {
            "kind": "escalation",
            "decision_right": "DR-WO-SELECT"
          },
          "QGP-G3-PREFLIGHT": {
            "kind": "escalation",
            "decision_right": "DR-REMEDIATION-SCOPE"
          },
          "QGP-G3-DECISION": {
            "kind": "escalation",
            "decision_right": "DR-DECISION-DISPOSE"
          }
        }
      },
      {
        "id": "STEP-WO-START-DECIDE",
        "kind": "decision",
        "gate_ids": [
          "QG-G3-WORK-AUTHORIZATION"
        ],
        "effects": [
          "An explicit start decision authorizes bounded implementation."
        ],
        "non_effects": [
          "The decision does not itself edit a file."
        ],
        "decision_right": "DR-WO-START",
        "role": "engineering-owner",
        "artifact": "WO-PLG-019",
        "decision": "whether implementation may start",
        "outcomes": [
          "start",
          "stop"
        ],
        "response": "Start WO-PLG-019 implementation."
      },
      {
        "id": "STEP-WO-START-PREVIEW",
        "kind": "command",
        "gate_ids": [
          "QG-G3-WORK-AUTHORIZATION"
        ],
        "effects": [
          "Planned the explicit transition for WO-PLG-019."
        ],
        "non_effects": [
          "A preview does not change lifecycle state."
        ],
        "argv": [
          "harnessctl",
          "transition",
          ".",
          "--set",
          "WO-PLG-019=in_progress",
          "--decision",
          "WO-PLG-019=engineering-owner"
        ],
        "corrective": {
          "QGP-G3-STATUS": {
            "kind": "escalation",
            "decision_right": "DR-WO-SELECT"
          },
          "QGP-G3-GRAPH": {
            "kind": "escalation",
            "decision_right": "DR-REMEDIATION-SCOPE"
          },
          "QGP-G3-INTEGRITY": {
            "kind": "escalation",
            "decision_right": "DR-REMEDIATION-SCOPE"
          },
          "QGP-G3-SCOPE": {
            "kind": "escalation",
            "decision_right": "DR-WO-SELECT"
          },
          "QGP-G3-PREFLIGHT": {
            "kind": "command",
            "argv": [
              "harnessctl",
              "preflight",
              ".",
              "--work-order",
              "WO-PLG-019",
              "--phase",
              "start"
            ]
          },
          "QGP-G3-DECISION": {
            "kind": "escalation",
            "decision_right": "DR-DECISION-DISPOSE"
          }
        }
      },
      {
        "id": "STEP-WO-START-APPLY",
        "kind": "command",
        "gate_ids": [
          "QG-G3-WORK-AUTHORIZATION"
        ],
        "effects": [
          "Changed only WO-PLG-019 to in_progress."
        ],
        "non_effects": [
          "Related artifacts remain unchanged."
        ],
        "argv": [
          "harnessctl",
          "transition",
          ".",
          "--set",
          "WO-PLG-019=in_progress",
          "--decision",
          "WO-PLG-019=engineering-owner",
          "--apply"
        ],
        "corrective": {
          "QGP-G3-STATUS": {
            "kind": "escalation",
            "decision_right": "DR-WO-SELECT"
          },
          "QGP-G3-GRAPH": {
            "kind": "escalation",
            "decision_right": "DR-REMEDIATION-SCOPE"
          },
          "QGP-G3-INTEGRITY": {
            "kind": "escalation",
            "decision_right": "DR-REMEDIATION-SCOPE"
          },
          "QGP-G3-SCOPE": {
            "kind": "escalation",
            "decision_right": "DR-WO-SELECT"
          },
          "QGP-G3-PREFLIGHT": {
            "kind": "command",
            "argv": [
              "harnessctl",
              "preflight",
              ".",
              "--work-order",
              "WO-PLG-019",
              "--phase",
              "start"
            ]
          },
          "QGP-G3-DECISION": {
            "kind": "escalation",
            "decision_right": "DR-DECISION-DISPOSE"
          }
        }
      },
      {
        "id": "STEP-WO-START-FINAL-FOCUS",
        "kind": "command",
        "gate_ids": [],
        "effects": [
          "Projected the resulting state for WO-PLG-019."
        ],
        "non_effects": [
          "Focus does not change lifecycle state."
        ],
        "argv": [
          "harnessctl",
          "check",
          ".",
          "--artifact",
          "WO-PLG-019"
        ]
      }
    ]
  },
  "state": {
    "before": [
      {
        "id": "WO-PLG-019",
        "status": "draft"
      }
    ],
    "after": [
      {
        "id": "WO-PLG-019",
        "status": "approved"
      }
    ]
  },
  "findings": {
    "scoped_blockers": [],
    "repository_blockers": [],
    "unrelated_count": 0
  },
  "mutation": {
    "writes": [
      {
        "id": "WO-PLG-019",
        "path": "docs/engineering/plugin-integration/work-orders/WO-PLG-019.md",
        "fields": [
          "lifecycle_events",
          "status",
          "updated"
        ]
      }
    ]
  },
  "restitution": {
    "outcome": "completed",
    "done": [
      "Applied 1 explicit lifecycle transition(s) atomically."
    ],
    "not_done": [],
    "blocked_by": [],
    "current_lifecycle_state": [
      "WO-PLG-019 is approved."
    ],
    "decision_required": null,
    "next": {
      "procedure_id": "PROC-WO-START",
      "step_id": "STEP-WO-START-FOCUS",
      "action": "Run the bound command"
    },
    "command_or_response": {
      "kind": "command",
      "argv": [
        "harnessctl",
        "check",
        ".",
        "--artifact",
        "WO-PLG-019"
      ]
    },
    "alternatives": []
  },
  "result_sha256": "a89dba6e88f61ed5799c8c6befefd1490d19be39f0cdafd1f8ed56bb56e5b222"
}
