{
  "schema": "se-harness-workflow-result-v2",
  "operation": {
    "kind": "transition",
    "outcome": "completed"
  },
  "selection": {
    "primary": "WO-PLG-019",
    "artifacts": [
      "WO-PLG-019"
    ]
  },
  "scope": {
    "mode": "selected",
    "governing": [],
    "dependencies": [],
    "declared_paths": [
      "docs/engineering/plugin-integration/decisions/DEC-PLG-006.md",
      "docs/engineering/plugin-integration/evidence/WO-PLG-019/",
      "docs/engineering/plugin-integration/specifications/SPEC-PLG-005.md",
      "docs/engineering/plugin-integration/specifications/SPEC-PLG-006.md",
      "docs/engineering/plugin-integration/specifications/SPEC-PLG-008.md",
      "docs/engineering/plugin-integration/verification/VER-PLG-005.md",
      "docs/engineering/plugin-integration/verification/VER-PLG-006.md",
      "docs/engineering/plugin-integration/verification/VER-PLG-008.md",
      "docs/engineering/plugin-integration/verification/VER-PLG-019.md",
      "docs/engineering/plugin-integration/work-orders/WO-PLG-019.md"
    ],
    "changed_paths": [],
    "change_set_complete": false
  },
  "compliance": {
    "checkpoint": "transition",
    "workflow_rule_id": "WFL-WO-PREPARE-VREC",
    "procedure_id": "PROC-WO-PREPARE-VREC",
    "status": "pass",
    "gates": [
      {
        "id": "QG-G4-IMPLEMENTATION-EVIDENCE",
        "status": "pass",
        "predicates": [
          {
            "id": "QGP-G4I-STATUS",
            "status": "pass",
            "evidence": [
              {
                "kind": "artifact",
                "reference": "WO-PLG-019"
              }
            ],
            "message": "WO-PLG-019 status is in_progress."
          },
          {
            "id": "QGP-G4I-GRAPH",
            "status": "pass",
            "evidence": [
              {
                "kind": "result",
                "reference": "formal-graph:WO-PLG-019"
              }
            ],
            "message": "The selected formal graph is valid."
          },
          {
            "id": "QGP-G4I-INTEGRITY",
            "status": "pass",
            "evidence": [
              {
                "kind": "result",
                "reference": "repository-integrity:transition"
              }
            ],
            "message": "No repository-integrity blocker prevents selected evaluation."
          },
          {
            "id": "QGP-G4I-SCOPE",
            "status": "pass",
            "evidence": [
              {
                "kind": "artifact",
                "reference": "WO-PLG-019:[execution_scope]"
              }
            ],
            "message": "WO-PLG-019 declares 10 normalized scope path(s)."
          },
          {
            "id": "QGP-G4I-PREFLIGHT",
            "status": "pass",
            "evidence": [
              {
                "kind": "result",
                "reference": "preflight:WO-PLG-019:review"
              }
            ],
            "message": "Released-installation review preflight inputs are ready."
          },
          {
            "id": "QGP-G4I-EVIDENCE",
            "status": "pass",
            "evidence": [
              {
                "kind": "path",
                "reference": "work-order-evidence:WO-PLG-019"
              }
            ],
            "message": "Fresh retained evidence is bound at docs/engineering/plugin-integration/evidence/WO-PLG-019/WO-PLG-019-handoff.md."
          },
          {
            "id": "QGP-G4I-DECISION",
            "status": "pass",
            "evidence": [
              {
                "kind": "result",
                "reference": "decision-register:WO-PLG-019"
              }
            ],
            "message": "No open decision blocks WO-PLG-019."
          }
        ]
      },
      {
        "id": "QG-STRUCTURAL",
        "status": "pass",
        "predicates": [
          {
            "id": "QGS-EDGE",
            "status": "pass",
            "evidence": [
              {
                "kind": "artifact",
                "reference": "WO-PLG-019"
              }
            ],
            "message": "in_progress -> implemented is a declared lifecycle edge for WO-PLG-019."
          }
        ]
      }
    ]
  },
  "procedure": {
    "id": "PROC-WO-PREPARE-VREC",
    "current_step": "STEP-WO-PREPARE-VREC-DECIDE",
    "steps": [
      {
        "id": "STEP-WO-PREPARE-VREC-DECIDE",
        "kind": "decision",
        "gate_ids": [
          "QG-G4-CANDIDATE-READY"
        ],
        "effects": [
          "Permits preparation of one ready VREC."
        ],
        "non_effects": [
          "Preparation does not verify WO-PLG-019."
        ],
        "decision_right": "DR-VREC-PREPARE",
        "role": "engineering-owner",
        "artifact": "WO-PLG-019",
        "decision": "whether to prepare one ready verification record with exact approved inputs",
        "outcomes": [
          "prepare",
          "stop"
        ],
        "response": "Prepare one ready VREC for WO-PLG-019 with the exact approved verification contract and retained evidence."
      }
    ]
  },
  "state": {
    "before": [
      {
        "id": "WO-PLG-019",
        "status": "in_progress"
      }
    ],
    "after": [
      {
        "id": "WO-PLG-019",
        "status": "implemented"
      }
    ]
  },
  "findings": {
    "scoped_blockers": [],
    "repository_blockers": [],
    "unrelated_count": 0
  },
  "mutation": {
    "writes": [
      {
        "id": "WO-PLG-019",
        "path": "docs/engineering/plugin-integration/work-orders/WO-PLG-019.md",
        "fields": [
          "lifecycle_events",
          "status",
          "updated"
        ]
      }
    ]
  },
  "restitution": {
    "outcome": "completed",
    "done": [
      "Planned 1 explicit lifecycle transition(s); no files were written."
    ],
    "not_done": [],
    "blocked_by": [],
    "current_lifecycle_state": [
      "WO-PLG-019 is implemented."
    ],
    "decision_required": {
      "decision_right": "DR-VREC-PREPARE",
      "role": "engineering-owner",
      "artifact": "WO-PLG-019",
      "decision": "whether to prepare one ready verification record with exact approved inputs",
      "outcomes": [
        "prepare",
        "stop"
      ]
    },
    "next": {
      "procedure_id": "PROC-WO-PREPARE-VREC",
      "step_id": "STEP-WO-PREPARE-VREC-DECIDE",
      "action": "whether to prepare one ready verification record with exact approved inputs"
    },
    "command_or_response": {
      "kind": "response",
      "value": "Prepare one ready VREC for WO-PLG-019 with the exact approved verification contract and retained evidence."
    },
    "alternatives": []
  },
  "result_sha256": "9075ca617c74ee0a4076788ee0bf1714ac99055e69cceeda44e4cfd6ca663e59"
}
