Upgrade rehearsal (Linux)	Set up job	﻿2026-09-10T21:38:23.9273532Z Current runner version: '2.337.0'
Upgrade rehearsal (Linux)	Set up job	2026-09-10T21:38:23.9301451Z ##[group]Runner Image Provisioner
Upgrade rehearsal (Linux)	Set up job	2026-09-10T21:38:23.9302353Z Hosted Compute Agent
Upgrade rehearsal (Linux)	Set up job	2026-09-10T21:38:23.9303217Z Version: 20260828.587
Upgrade rehearsal (Linux)	Set up job	2026-09-10T21:38:23.9303886Z Commit: abac92662cab4cc7352de4f9f9d2e2419aad9c29
Upgrade rehearsal (Linux)	Set up job	2026-09-10T21:38:23.9304690Z Build Date: 2026-08-28T16:44:25Z
Upgrade rehearsal (Linux)	Set up job	2026-09-10T21:38:23.9305400Z Worker ID: {c329ba47-2fd0-465a-b406-4fc99c27e512}
Upgrade rehearsal (Linux)	Set up job	2026-09-10T21:38:23.9306134Z Azure Region: westus2
Upgrade rehearsal (Linux)	Set up job	2026-09-10T21:38:23.9307050Z ##[endgroup]
Upgrade rehearsal (Linux)	Set up job	2026-09-10T21:38:23.9308559Z ##[group]Operating System
Upgrade rehearsal (Linux)	Set up job	2026-09-10T21:38:23.9309306Z Ubuntu
Upgrade rehearsal (Linux)	Set up job	2026-09-10T21:38:23.9309875Z 24.04.5
Upgrade rehearsal (Linux)	Set up job	2026-09-10T21:38:23.9310406Z LTS
Upgrade rehearsal (Linux)	Set up job	2026-09-10T21:38:23.9311082Z ##[endgroup]
Upgrade rehearsal (Linux)	Set up job	2026-09-10T21:38:23.9311662Z ##[group]Runner Image
Upgrade rehearsal (Linux)	Set up job	2026-09-10T21:38:23.9312296Z Image: ubuntu-24.04
Upgrade rehearsal (Linux)	Set up job	2026-09-10T21:38:23.9312900Z Version: 20260907.300.1
Upgrade rehearsal (Linux)	Set up job	2026-09-10T21:38:23.9314044Z Included Software: https://github.com/actions/runner-images/blob/ubuntu24/20260907.300/images/ubuntu/Ubuntu2404-Readme.md
Upgrade rehearsal (Linux)	Set up job	2026-09-10T21:38:23.9316024Z Image Release: https://github.com/actions/runner-images/releases/tag/ubuntu24%2F20260907.300
Upgrade rehearsal (Linux)	Set up job	2026-09-10T21:38:23.9317303Z ##[endgroup]
Upgrade rehearsal (Linux)	Set up job	2026-09-10T21:38:23.9318436Z ##[group]GITHUB_TOKEN Permissions
Upgrade rehearsal (Linux)	Set up job	2026-09-10T21:38:23.9320513Z Contents: read
Upgrade rehearsal (Linux)	Set up job	2026-09-10T21:38:23.9321174Z Metadata: read
Upgrade rehearsal (Linux)	Set up job	2026-09-10T21:38:23.9321750Z ##[endgroup]
Upgrade rehearsal (Linux)	Set up job	2026-09-10T21:38:23.9323855Z Secret source: Actions
Upgrade rehearsal (Linux)	Set up job	2026-09-10T21:38:23.9324895Z Cache mode: write
Upgrade rehearsal (Linux)	Set up job	2026-09-10T21:38:23.9325690Z Prepare workflow directory
Upgrade rehearsal (Linux)	Set up job	2026-09-10T21:38:23.9858519Z Prepare all required actions
Upgrade rehearsal (Linux)	Set up job	2026-09-10T21:38:23.9907341Z Getting action download info
Upgrade rehearsal (Linux)	Set up job	2026-09-10T21:38:24.3491292Z Download action repository 'actions/checkout@11d5960a326750d5838078e36cf38b85af677262' (SHA:11d5960a326750d5838078e36cf38b85af677262)
Upgrade rehearsal (Linux)	Set up job	2026-09-10T21:38:24.4722023Z Download action repository 'actions/setup-python@a26af69be951a213d495a4c3e4e4022e16d87065' (SHA:a26af69be951a213d495a4c3e4e4022e16d87065)
Upgrade rehearsal (Linux)	Set up job	2026-09-10T21:38:24.5530772Z Download action repository 'actions/download-artifact@d3f86a106a0bac45b974a628896c90dbdf5c8093' (SHA:d3f86a106a0bac45b974a628896c90dbdf5c8093)
Upgrade rehearsal (Linux)	Set up job	2026-09-10T21:38:24.8273716Z Download action repository 'actions/upload-artifact@ea165f8d65b6e75b540449e92b4886f43607fa02' (SHA:ea165f8d65b6e75b540449e92b4886f43607fa02)
Upgrade rehearsal (Linux)	Set up job	2026-09-10T21:38:25.0277819Z Complete job name: Upgrade rehearsal (Linux)
Upgrade rehearsal (Linux)	Run actions/checkout@11d5960a326750d5838078e36cf38b85af677262	﻿2026-09-10T21:38:25.1030530Z Node 20 is being deprecated. This workflow is running with Node 24 by default. If you need to temporarily use Node 20, you can set the ACTIONS_ALLOW_USE_UNSECURE_NODE_VERSION=true environment variable. For more information see: https://github.blog/changelog/2025-09-19-deprecation-of-node-20-on-github-actions-runners/
Upgrade rehearsal (Linux)	Run actions/checkout@11d5960a326750d5838078e36cf38b85af677262	2026-09-10T21:38:25.1040013Z ##[group]Run actions/checkout@11d5960a326750d5838078e36cf38b85af677262
Upgrade rehearsal (Linux)	Run actions/checkout@11d5960a326750d5838078e36cf38b85af677262	2026-09-10T21:38:25.1040960Z with:
Upgrade rehearsal (Linux)	Run actions/checkout@11d5960a326750d5838078e36cf38b85af677262	2026-09-10T21:38:25.1041381Z   fetch-depth: 0
Upgrade rehearsal (Linux)	Run actions/checkout@11d5960a326750d5838078e36cf38b85af677262	2026-09-10T21:38:25.1041840Z   persist-credentials: false
Upgrade rehearsal (Linux)	Run actions/checkout@11d5960a326750d5838078e36cf38b85af677262	2026-09-10T21:38:25.1042348Z   repository: mmzen/se_harness
Upgrade rehearsal (Linux)	Run actions/checkout@11d5960a326750d5838078e36cf38b85af677262	2026-09-10T21:38:25.1046587Z   token: ***
Upgrade rehearsal (Linux)	Run actions/checkout@11d5960a326750d5838078e36cf38b85af677262	2026-09-10T21:38:25.1047372Z   ssh-strict: true
Upgrade rehearsal (Linux)	Run actions/checkout@11d5960a326750d5838078e36cf38b85af677262	2026-09-10T21:38:25.1047815Z   ssh-user: git
Upgrade rehearsal (Linux)	Run actions/checkout@11d5960a326750d5838078e36cf38b85af677262	2026-09-10T21:38:25.1048226Z   clean: true
Upgrade rehearsal (Linux)	Run actions/checkout@11d5960a326750d5838078e36cf38b85af677262	2026-09-10T21:38:25.1048696Z   sparse-checkout-cone-mode: true
Upgrade rehearsal (Linux)	Run actions/checkout@11d5960a326750d5838078e36cf38b85af677262	2026-09-10T21:38:25.1049219Z   fetch-tags: false
Upgrade rehearsal (Linux)	Run actions/checkout@11d5960a326750d5838078e36cf38b85af677262	2026-09-10T21:38:25.1049678Z   show-progress: true
Upgrade rehearsal (Linux)	Run actions/checkout@11d5960a326750d5838078e36cf38b85af677262	2026-09-10T21:38:25.1050114Z   lfs: false
Upgrade rehearsal (Linux)	Run actions/checkout@11d5960a326750d5838078e36cf38b85af677262	2026-09-10T21:38:25.1050552Z   submodules: false
Upgrade rehearsal (Linux)	Run actions/checkout@11d5960a326750d5838078e36cf38b85af677262	2026-09-10T21:38:25.1050991Z   set-safe-directory: true
Upgrade rehearsal (Linux)	Run actions/checkout@11d5960a326750d5838078e36cf38b85af677262	2026-09-10T21:38:25.1051488Z   allow-unsafe-pr-checkout: false
Upgrade rehearsal (Linux)	Run actions/checkout@11d5960a326750d5838078e36cf38b85af677262	2026-09-10T21:38:25.1052286Z env:
Upgrade rehearsal (Linux)	Run actions/checkout@11d5960a326750d5838078e36cf38b85af677262	2026-09-10T21:38:25.1052711Z   PREDECESSOR_VERSION: 0.17.0
Upgrade rehearsal (Linux)	Run actions/checkout@11d5960a326750d5838078e36cf38b85af677262	2026-09-10T21:38:25.1053521Z   PREDECESSOR_WHEEL_SHA256: 305c7cbc79f87baa76ea3bea939b134999f9cad3bfdfa0b4c9c2fd2d9caacced
Upgrade rehearsal (Linux)	Run actions/checkout@11d5960a326750d5838078e36cf38b85af677262	2026-09-10T21:38:25.1054382Z   PYTHONNOUSERSITE: 1
Upgrade rehearsal (Linux)	Run actions/checkout@11d5960a326750d5838078e36cf38b85af677262	2026-09-10T21:38:25.1054842Z   PYTHONPATH: 
Upgrade rehearsal (Linux)	Run actions/checkout@11d5960a326750d5838078e36cf38b85af677262	2026-09-10T21:38:25.1055248Z ##[endgroup]
Upgrade rehearsal (Linux)	Run actions/checkout@11d5960a326750d5838078e36cf38b85af677262	2026-09-10T21:38:25.2143979Z Syncing repository: mmzen/se_harness
Upgrade rehearsal (Linux)	Run actions/checkout@11d5960a326750d5838078e36cf38b85af677262	2026-09-10T21:38:25.2145886Z ##[group]Getting Git version info
Upgrade rehearsal (Linux)	Run actions/checkout@11d5960a326750d5838078e36cf38b85af677262	2026-09-10T21:38:25.2147428Z Working directory is '/home/runner/work/se_harness/se_harness'
Upgrade rehearsal (Linux)	Run actions/checkout@11d5960a326750d5838078e36cf38b85af677262	2026-09-10T21:38:25.2148616Z [command]/usr/bin/git version
Upgrade rehearsal (Linux)	Run actions/checkout@11d5960a326750d5838078e36cf38b85af677262	2026-09-10T21:38:25.2188353Z git version 2.55.0
Upgrade rehearsal (Linux)	Run actions/checkout@11d5960a326750d5838078e36cf38b85af677262	2026-09-10T21:38:25.2203045Z ##[endgroup]
Upgrade rehearsal (Linux)	Run actions/checkout@11d5960a326750d5838078e36cf38b85af677262	2026-09-10T21:38:25.2226614Z Temporarily overriding HOME='/home/runner/work/_temp/563cf213-a193-42f2-a654-97e2d76fc5f9' before making global git config changes
Upgrade rehearsal (Linux)	Run actions/checkout@11d5960a326750d5838078e36cf38b85af677262	2026-09-10T21:38:25.2236726Z Adding repository directory to the temporary git global config as a safe directory
Upgrade rehearsal (Linux)	Run actions/checkout@11d5960a326750d5838078e36cf38b85af677262	2026-09-10T21:38:25.2240022Z [command]/usr/bin/git config --global --add safe.directory /home/runner/work/se_harness/se_harness
Upgrade rehearsal (Linux)	Run actions/checkout@11d5960a326750d5838078e36cf38b85af677262	2026-09-10T21:38:25.2287598Z Deleting the contents of '/home/runner/work/se_harness/se_harness'
Upgrade rehearsal (Linux)	Run actions/checkout@11d5960a326750d5838078e36cf38b85af677262	2026-09-10T21:38:25.2291166Z ##[group]Initializing the repository
Upgrade rehearsal (Linux)	Run actions/checkout@11d5960a326750d5838078e36cf38b85af677262	2026-09-10T21:38:25.2296563Z [command]/usr/bin/git init /home/runner/work/se_harness/se_harness
Upgrade rehearsal (Linux)	Run actions/checkout@11d5960a326750d5838078e36cf38b85af677262	2026-09-10T21:38:25.2414047Z hint: Using 'master' as the name for the initial branch. This default branch name
Upgrade rehearsal (Linux)	Run actions/checkout@11d5960a326750d5838078e36cf38b85af677262	2026-09-10T21:38:25.2416705Z hint: will change to "main" in Git 3.0. To configure the initial branch name
Upgrade rehearsal (Linux)	Run actions/checkout@11d5960a326750d5838078e36cf38b85af677262	2026-09-10T21:38:25.2419700Z hint: to use in all of your new repositories, which will suppress this warning,
Upgrade rehearsal (Linux)	Run actions/checkout@11d5960a326750d5838078e36cf38b85af677262	2026-09-10T21:38:25.2421448Z hint: call:
Upgrade rehearsal (Linux)	Run actions/checkout@11d5960a326750d5838078e36cf38b85af677262	2026-09-10T21:38:25.2422311Z hint:
Upgrade rehearsal (Linux)	Run actions/checkout@11d5960a326750d5838078e36cf38b85af677262	2026-09-10T21:38:25.2422975Z hint: 	git config --global init.defaultBranch <name>
Upgrade rehearsal (Linux)	Run actions/checkout@11d5960a326750d5838078e36cf38b85af677262	2026-09-10T21:38:25.2424414Z hint:
Upgrade rehearsal (Linux)	Run actions/checkout@11d5960a326750d5838078e36cf38b85af677262	2026-09-10T21:38:25.2425262Z hint: Names commonly chosen instead of 'master' are 'main', 'trunk' and
Upgrade rehearsal (Linux)	Run actions/checkout@11d5960a326750d5838078e36cf38b85af677262	2026-09-10T21:38:25.2426460Z hint: 'development'. The just-created branch can be renamed via this command:
Upgrade rehearsal (Linux)	Run actions/checkout@11d5960a326750d5838078e36cf38b85af677262	2026-09-10T21:38:25.2427678Z hint:
Upgrade rehearsal (Linux)	Run actions/checkout@11d5960a326750d5838078e36cf38b85af677262	2026-09-10T21:38:25.2428186Z hint: 	git branch -m <name>
Upgrade rehearsal (Linux)	Run actions/checkout@11d5960a326750d5838078e36cf38b85af677262	2026-09-10T21:38:25.2428775Z hint:
Upgrade rehearsal (Linux)	Run actions/checkout@11d5960a326750d5838078e36cf38b85af677262	2026-09-10T21:38:25.2429544Z hint: Disable this message with "git config set advice.defaultBranchName false"
Upgrade rehearsal (Linux)	Run actions/checkout@11d5960a326750d5838078e36cf38b85af677262	2026-09-10T21:38:25.2431334Z Initialized empty Git repository in /home/runner/work/se_harness/se_harness/.git/
Upgrade rehearsal (Linux)	Run actions/checkout@11d5960a326750d5838078e36cf38b85af677262	2026-09-10T21:38:25.2434205Z [command]/usr/bin/git remote add origin https://github.com/mmzen/se_harness
Upgrade rehearsal (Linux)	Run actions/checkout@11d5960a326750d5838078e36cf38b85af677262	2026-09-10T21:38:25.2487371Z ##[endgroup]
Upgrade rehearsal (Linux)	Run actions/checkout@11d5960a326750d5838078e36cf38b85af677262	2026-09-10T21:38:25.2488538Z ##[group]Disabling automatic garbage collection
Upgrade rehearsal (Linux)	Run actions/checkout@11d5960a326750d5838078e36cf38b85af677262	2026-09-10T21:38:25.2493609Z [command]/usr/bin/git config --local gc.auto 0
Upgrade rehearsal (Linux)	Run actions/checkout@11d5960a326750d5838078e36cf38b85af677262	2026-09-10T21:38:25.2525848Z ##[endgroup]
Upgrade rehearsal (Linux)	Run actions/checkout@11d5960a326750d5838078e36cf38b85af677262	2026-09-10T21:38:25.2527202Z ##[group]Setting up auth
Upgrade rehearsal (Linux)	Run actions/checkout@11d5960a326750d5838078e36cf38b85af677262	2026-09-10T21:38:25.2534184Z [command]/usr/bin/git config --local --name-only --get-regexp core\.sshCommand
Upgrade rehearsal (Linux)	Run actions/checkout@11d5960a326750d5838078e36cf38b85af677262	2026-09-10T21:38:25.2574179Z [command]/usr/bin/git submodule foreach --recursive sh -c "git config --local --name-only --get-regexp 'core\.sshCommand' && git config --local --unset-all 'core.sshCommand' || :"
Upgrade rehearsal (Linux)	Run actions/checkout@11d5960a326750d5838078e36cf38b85af677262	2026-09-10T21:38:25.2987497Z [command]/usr/bin/git config --local --name-only --get-regexp http\.https\:\/\/github\.com\/\.extraheader
Upgrade rehearsal (Linux)	Run actions/checkout@11d5960a326750d5838078e36cf38b85af677262	2026-09-10T21:38:25.3028883Z [command]/usr/bin/git submodule foreach --recursive sh -c "git config --local --name-only --get-regexp 'http\.https\:\/\/github\.com\/\.extraheader' && git config --local --unset-all 'http.https://github.com/.extraheader' || :"
Upgrade rehearsal (Linux)	Run actions/checkout@11d5960a326750d5838078e36cf38b85af677262	2026-09-10T21:38:25.3255933Z [command]/usr/bin/git config --local --name-only --get-regexp ^includeIf\.gitdir:
Upgrade rehearsal (Linux)	Run actions/checkout@11d5960a326750d5838078e36cf38b85af677262	2026-09-10T21:38:25.3293198Z [command]/usr/bin/git submodule foreach --recursive git config --local --show-origin --name-only --get-regexp remote.origin.url
Upgrade rehearsal (Linux)	Run actions/checkout@11d5960a326750d5838078e36cf38b85af677262	2026-09-10T21:38:25.3524081Z [command]/usr/bin/git config --local http.https://github.com/.extraheader AUTHORIZATION: basic ***
Upgrade rehearsal (Linux)	Run actions/checkout@11d5960a326750d5838078e36cf38b85af677262	2026-09-10T21:38:25.3567286Z ##[endgroup]
Upgrade rehearsal (Linux)	Run actions/checkout@11d5960a326750d5838078e36cf38b85af677262	2026-09-10T21:38:25.3568267Z ##[group]Fetching the repository
Upgrade rehearsal (Linux)	Run actions/checkout@11d5960a326750d5838078e36cf38b85af677262	2026-09-10T21:38:25.3581065Z [command]/usr/bin/git -c protocol.version=2 fetch --prune --no-recurse-submodules origin +refs/heads/*:refs/remotes/origin/* +refs/tags/*:refs/tags/* +328792438be98519225e3fa0f1d16f85da750519:refs/remotes/pull/449/merge
Upgrade rehearsal (Linux)	Run actions/checkout@11d5960a326750d5838078e36cf38b85af677262	2026-09-10T21:38:26.8988337Z From https://github.com/mmzen/se_harness
Upgrade rehearsal (Linux)	Run actions/checkout@11d5960a326750d5838078e36cf38b85af677262	2026-09-10T21:38:26.8989956Z  * [new branch]        artifacts/plugin-implementation          -> origin/artifacts/plugin-implementation
Upgrade rehearsal (Linux)	Run actions/checkout@11d5960a326750d5838078e36cf38b85af677262	2026-09-10T21:38:26.8990999Z  * [new branch]        definitions/plg010-delegation            -> origin/definitions/plg010-delegation
Upgrade rehearsal (Linux)	Run actions/checkout@11d5960a326750d5838078e36cf38b85af677262	2026-09-10T21:38:26.8992218Z  * [new branch]        definitions/plg011-delegation            -> origin/definitions/plg011-delegation
Upgrade rehearsal (Linux)	Run actions/checkout@11d5960a326750d5838078e36cf38b85af677262	2026-09-10T21:38:26.8993040Z  * [new branch]        definitions/plg012-delegation            -> origin/definitions/plg012-delegation
Upgrade rehearsal (Linux)	Run actions/checkout@11d5960a326750d5838078e36cf38b85af677262	2026-09-10T21:38:26.8994343Z  * [new branch]        definitions/plg017-path-repair           -> origin/definitions/plg017-path-repair
Upgrade rehearsal (Linux)	Run actions/checkout@11d5960a326750d5838078e36cf38b85af677262	2026-09-10T21:38:26.8995352Z  * [new branch]        main                                     -> origin/main
Upgrade rehearsal (Linux)	Run actions/checkout@11d5960a326750d5838078e36cf38b85af677262	2026-09-10T21:38:26.8996096Z  * [new branch]        notes/plugin-installation-proposal       -> origin/notes/plugin-installation-proposal
Upgrade rehearsal (Linux)	Run actions/checkout@11d5960a326750d5838078e36cf38b85af677262	2026-09-10T21:38:26.8997503Z  * [new branch]        notes/plugin-proposal-assessment-2026-09-08 -> origin/notes/plugin-proposal-assessment-2026-09-08
Upgrade rehearsal (Linux)	Run actions/checkout@11d5960a326750d5838078e36cf38b85af677262	2026-09-10T21:38:26.8998663Z  * [new branch]        release/0.10                             -> origin/release/0.10
Upgrade rehearsal (Linux)	Run actions/checkout@11d5960a326750d5838078e36cf38b85af677262	2026-09-10T21:38:26.8999659Z  * [new branch]        release/0.11                             -> origin/release/0.11
Upgrade rehearsal (Linux)	Run actions/checkout@11d5960a326750d5838078e36cf38b85af677262	2026-09-10T21:38:26.9000445Z  * [new branch]        release/0.12                             -> origin/release/0.12
Upgrade rehearsal (Linux)	Run actions/checkout@11d5960a326750d5838078e36cf38b85af677262	2026-09-10T21:38:26.9001089Z  * [new branch]        release/0.12.0                           -> origin/release/0.12.0
Upgrade rehearsal (Linux)	Run actions/checkout@11d5960a326750d5838078e36cf38b85af677262	2026-09-10T21:38:26.9001741Z  * [new branch]        release/0.13                             -> origin/release/0.13
Upgrade rehearsal (Linux)	Run actions/checkout@11d5960a326750d5838078e36cf38b85af677262	2026-09-10T21:38:26.9002438Z  * [new branch]        release/0.13.0                           -> origin/release/0.13.0
Upgrade rehearsal (Linux)	Run actions/checkout@11d5960a326750d5838078e36cf38b85af677262	2026-09-10T21:38:26.9003028Z  * [new branch]        release/0.14                             -> origin/release/0.14
Upgrade rehearsal (Linux)	Run actions/checkout@11d5960a326750d5838078e36cf38b85af677262	2026-09-10T21:38:26.9003580Z  * [new branch]        release/0.14.0                           -> origin/release/0.14.0
Upgrade rehearsal (Linux)	Run actions/checkout@11d5960a326750d5838078e36cf38b85af677262	2026-09-10T21:38:26.9004120Z  * [new branch]        release/0.15                             -> origin/release/0.15
Upgrade rehearsal (Linux)	Run actions/checkout@11d5960a326750d5838078e36cf38b85af677262	2026-09-10T21:38:26.9004661Z  * [new branch]        release/0.15.0                           -> origin/release/0.15.0
Upgrade rehearsal (Linux)	Run actions/checkout@11d5960a326750d5838078e36cf38b85af677262	2026-09-10T21:38:26.9005210Z  * [new branch]        release/0.16                             -> origin/release/0.16
Upgrade rehearsal (Linux)	Run actions/checkout@11d5960a326750d5838078e36cf38b85af677262	2026-09-10T21:38:26.9006047Z  * [new branch]        release/0.16.0                           -> origin/release/0.16.0
Upgrade rehearsal (Linux)	Run actions/checkout@11d5960a326750d5838078e36cf38b85af677262	2026-09-10T21:38:26.9007149Z  * [new branch]        release/0.17                             -> origin/release/0.17
Upgrade rehearsal (Linux)	Run actions/checkout@11d5960a326750d5838078e36cf38b85af677262	2026-09-10T21:38:26.9007928Z  * [new branch]        release/0.17.0                           -> origin/release/0.17.0
Upgrade rehearsal (Linux)	Run actions/checkout@11d5960a326750d5838078e36cf38b85af677262	2026-09-10T21:38:26.9008975Z  * [new branch]        release/0.2.0                            -> origin/release/0.2.0
Upgrade rehearsal (Linux)	Run actions/checkout@11d5960a326750d5838078e36cf38b85af677262	2026-09-10T21:38:26.9009552Z  * [new branch]        release/0.2.1                            -> origin/release/0.2.1
Upgrade rehearsal (Linux)	Run actions/checkout@11d5960a326750d5838078e36cf38b85af677262	2026-09-10T21:38:26.9010097Z  * [new branch]        release/0.2.2                            -> origin/release/0.2.2
Upgrade rehearsal (Linux)	Run actions/checkout@11d5960a326750d5838078e36cf38b85af677262	2026-09-10T21:38:26.9010635Z  * [new branch]        release/0.3.0                            -> origin/release/0.3.0
Upgrade rehearsal (Linux)	Run actions/checkout@11d5960a326750d5838078e36cf38b85af677262	2026-09-10T21:38:26.9011149Z  * [new branch]        release/0.4.0                            -> origin/release/0.4.0
Upgrade rehearsal (Linux)	Run actions/checkout@11d5960a326750d5838078e36cf38b85af677262	2026-09-10T21:38:26.9011677Z  * [new branch]        release/0.6                              -> origin/release/0.6
Upgrade rehearsal (Linux)	Run actions/checkout@11d5960a326750d5838078e36cf38b85af677262	2026-09-10T21:38:26.9012289Z  * [new branch]        release/0.7                              -> origin/release/0.7
Upgrade rehearsal (Linux)	Run actions/checkout@11d5960a326750d5838078e36cf38b85af677262	2026-09-10T21:38:26.9012847Z  * [new branch]        release/0.8                              -> origin/release/0.8
Upgrade rehearsal (Linux)	Run actions/checkout@11d5960a326750d5838078e36cf38b85af677262	2026-09-10T21:38:26.9013354Z  * [new branch]        release/0.9                              -> origin/release/0.9
Upgrade rehearsal (Linux)	Run actions/checkout@11d5960a326750d5838078e36cf38b85af677262	2026-09-10T21:38:26.9013951Z  * [new branch]        work/plugin-change-skill                 -> origin/work/plugin-change-skill
Upgrade rehearsal (Linux)	Run actions/checkout@11d5960a326750d5838078e36cf38b85af677262	2026-09-10T21:38:26.9014683Z  * [new branch]        work/plugin-evidence-path-repair         -> origin/work/plugin-evidence-path-repair
Upgrade rehearsal (Linux)	Run actions/checkout@11d5960a326750d5838078e36cf38b85af677262	2026-09-10T21:38:26.9015499Z  * [new branch]        work/plugin-evidence-skill               -> origin/work/plugin-evidence-skill
Upgrade rehearsal (Linux)	Run actions/checkout@11d5960a326750d5838078e36cf38b85af677262	2026-09-10T21:38:26.9016318Z  * [new branch]        work/plugin-retained-skills              -> origin/work/plugin-retained-skills
Upgrade rehearsal (Linux)	Run actions/checkout@11d5960a326750d5838078e36cf38b85af677262	2026-09-10T21:38:26.9017168Z  * [new tag]           last                                     -> last
Upgrade rehearsal (Linux)	Run actions/checkout@11d5960a326750d5838078e36cf38b85af677262	2026-09-10T21:38:26.9017897Z  * [new tag]           v0.10.0                                  -> v0.10.0
Upgrade rehearsal (Linux)	Run actions/checkout@11d5960a326750d5838078e36cf38b85af677262	2026-09-10T21:38:26.9018369Z  * [new tag]           v0.11.0                                  -> v0.11.0
Upgrade rehearsal (Linux)	Run actions/checkout@11d5960a326750d5838078e36cf38b85af677262	2026-09-10T21:38:26.9018821Z  * [new tag]           v0.12.0                                  -> v0.12.0
Upgrade rehearsal (Linux)	Run actions/checkout@11d5960a326750d5838078e36cf38b85af677262	2026-09-10T21:38:26.9019275Z  * [new tag]           v0.13.0                                  -> v0.13.0
Upgrade rehearsal (Linux)	Run actions/checkout@11d5960a326750d5838078e36cf38b85af677262	2026-09-10T21:38:26.9019699Z  * [new tag]           v0.14.0                                  -> v0.14.0
Upgrade rehearsal (Linux)	Run actions/checkout@11d5960a326750d5838078e36cf38b85af677262	2026-09-10T21:38:26.9020126Z  * [new tag]           v0.15.0                                  -> v0.15.0
Upgrade rehearsal (Linux)	Run actions/checkout@11d5960a326750d5838078e36cf38b85af677262	2026-09-10T21:38:26.9020553Z  * [new tag]           v0.16.0                                  -> v0.16.0
Upgrade rehearsal (Linux)	Run actions/checkout@11d5960a326750d5838078e36cf38b85af677262	2026-09-10T21:38:26.9020974Z  * [new tag]           v0.17.0                                  -> v0.17.0
Upgrade rehearsal (Linux)	Run actions/checkout@11d5960a326750d5838078e36cf38b85af677262	2026-09-10T21:38:26.9021414Z  * [new tag]           v0.2.0                                   -> v0.2.0
Upgrade rehearsal (Linux)	Run actions/checkout@11d5960a326750d5838078e36cf38b85af677262	2026-09-10T21:38:26.9021841Z  * [new tag]           v0.2.1                                   -> v0.2.1
Upgrade rehearsal (Linux)	Run actions/checkout@11d5960a326750d5838078e36cf38b85af677262	2026-09-10T21:38:26.9022265Z  * [new tag]           v0.2.2                                   -> v0.2.2
Upgrade rehearsal (Linux)	Run actions/checkout@11d5960a326750d5838078e36cf38b85af677262	2026-09-10T21:38:26.9022682Z  * [new tag]           v0.3.0                                   -> v0.3.0
Upgrade rehearsal (Linux)	Run actions/checkout@11d5960a326750d5838078e36cf38b85af677262	2026-09-10T21:38:26.9023094Z  * [new tag]           v0.4.0                                   -> v0.4.0
Upgrade rehearsal (Linux)	Run actions/checkout@11d5960a326750d5838078e36cf38b85af677262	2026-09-10T21:38:26.9023512Z  * [new tag]           v0.4.1                                   -> v0.4.1
Upgrade rehearsal (Linux)	Run actions/checkout@11d5960a326750d5838078e36cf38b85af677262	2026-09-10T21:38:26.9023926Z  * [new tag]           v0.5.0                                   -> v0.5.0
Upgrade rehearsal (Linux)	Run actions/checkout@11d5960a326750d5838078e36cf38b85af677262	2026-09-10T21:38:26.9024373Z  * [new tag]           v0.5.0a1                                 -> v0.5.0a1
Upgrade rehearsal (Linux)	Run actions/checkout@11d5960a326750d5838078e36cf38b85af677262	2026-09-10T21:38:26.9024804Z  * [new tag]           v0.6.0                                   -> v0.6.0
Upgrade rehearsal (Linux)	Run actions/checkout@11d5960a326750d5838078e36cf38b85af677262	2026-09-10T21:38:26.9025226Z  * [new tag]           v0.7.0                                   -> v0.7.0
Upgrade rehearsal (Linux)	Run actions/checkout@11d5960a326750d5838078e36cf38b85af677262	2026-09-10T21:38:26.9025645Z  * [new tag]           v0.7.1                                   -> v0.7.1
Upgrade rehearsal (Linux)	Run actions/checkout@11d5960a326750d5838078e36cf38b85af677262	2026-09-10T21:38:26.9026085Z  * [new tag]           v0.8.0                                   -> v0.8.0
Upgrade rehearsal (Linux)	Run actions/checkout@11d5960a326750d5838078e36cf38b85af677262	2026-09-10T21:38:26.9026522Z  * [new tag]           v0.9.0                                   -> v0.9.0
Upgrade rehearsal (Linux)	Run actions/checkout@11d5960a326750d5838078e36cf38b85af677262	2026-09-10T21:38:26.9027261Z  * [new ref]           328792438be98519225e3fa0f1d16f85da750519 -> pull/449/merge
Upgrade rehearsal (Linux)	Run actions/checkout@11d5960a326750d5838078e36cf38b85af677262	2026-09-10T21:38:26.9028840Z ##[endgroup]
Upgrade rehearsal (Linux)	Run actions/checkout@11d5960a326750d5838078e36cf38b85af677262	2026-09-10T21:38:26.9029300Z ##[group]Determining the checkout info
Upgrade rehearsal (Linux)	Run actions/checkout@11d5960a326750d5838078e36cf38b85af677262	2026-09-10T21:38:26.9029987Z ##[endgroup]
Upgrade rehearsal (Linux)	Run actions/checkout@11d5960a326750d5838078e36cf38b85af677262	2026-09-10T21:38:26.9030292Z [command]/usr/bin/git sparse-checkout disable
Upgrade rehearsal (Linux)	Run actions/checkout@11d5960a326750d5838078e36cf38b85af677262	2026-09-10T21:38:26.9065325Z [command]/usr/bin/git config --local --unset-all extensions.worktreeConfig
Upgrade rehearsal (Linux)	Run actions/checkout@11d5960a326750d5838078e36cf38b85af677262	2026-09-10T21:38:26.9100885Z ##[group]Checking out the ref
Upgrade rehearsal (Linux)	Run actions/checkout@11d5960a326750d5838078e36cf38b85af677262	2026-09-10T21:38:26.9104451Z [command]/usr/bin/git checkout --progress --force refs/remotes/pull/449/merge
Upgrade rehearsal (Linux)	Run actions/checkout@11d5960a326750d5838078e36cf38b85af677262	2026-09-10T21:38:27.4162265Z Note: switching to 'refs/remotes/pull/449/merge'.
Upgrade rehearsal (Linux)	Run actions/checkout@11d5960a326750d5838078e36cf38b85af677262	2026-09-10T21:38:27.4163670Z 
Upgrade rehearsal (Linux)	Run actions/checkout@11d5960a326750d5838078e36cf38b85af677262	2026-09-10T21:38:27.4163982Z You are in 'detached HEAD' state. You can look around, make experimental
Upgrade rehearsal (Linux)	Run actions/checkout@11d5960a326750d5838078e36cf38b85af677262	2026-09-10T21:38:27.4164595Z changes and commit them, and you can discard any commits you make in this
Upgrade rehearsal (Linux)	Run actions/checkout@11d5960a326750d5838078e36cf38b85af677262	2026-09-10T21:38:27.4165260Z state without impacting any branches by switching back to a branch.
Upgrade rehearsal (Linux)	Run actions/checkout@11d5960a326750d5838078e36cf38b85af677262	2026-09-10T21:38:27.4165593Z 
Upgrade rehearsal (Linux)	Run actions/checkout@11d5960a326750d5838078e36cf38b85af677262	2026-09-10T21:38:27.4165831Z If you want to create a new branch to retain commits you create, you may
Upgrade rehearsal (Linux)	Run actions/checkout@11d5960a326750d5838078e36cf38b85af677262	2026-09-10T21:38:27.4166367Z do so (now or later) by using -c with the switch command. Example:
Upgrade rehearsal (Linux)	Run actions/checkout@11d5960a326750d5838078e36cf38b85af677262	2026-09-10T21:38:27.4166692Z 
Upgrade rehearsal (Linux)	Run actions/checkout@11d5960a326750d5838078e36cf38b85af677262	2026-09-10T21:38:27.4167153Z   git switch -c <new-branch-name>
Upgrade rehearsal (Linux)	Run actions/checkout@11d5960a326750d5838078e36cf38b85af677262	2026-09-10T21:38:27.4167538Z 
Upgrade rehearsal (Linux)	Run actions/checkout@11d5960a326750d5838078e36cf38b85af677262	2026-09-10T21:38:27.4167781Z Or undo this operation with:
Upgrade rehearsal (Linux)	Run actions/checkout@11d5960a326750d5838078e36cf38b85af677262	2026-09-10T21:38:27.4168105Z 
Upgrade rehearsal (Linux)	Run actions/checkout@11d5960a326750d5838078e36cf38b85af677262	2026-09-10T21:38:27.4168294Z   git switch -
Upgrade rehearsal (Linux)	Run actions/checkout@11d5960a326750d5838078e36cf38b85af677262	2026-09-10T21:38:27.4168522Z 
Upgrade rehearsal (Linux)	Run actions/checkout@11d5960a326750d5838078e36cf38b85af677262	2026-09-10T21:38:27.4168866Z Turn off this advice by setting config variable advice.detachedHead to false
Upgrade rehearsal (Linux)	Run actions/checkout@11d5960a326750d5838078e36cf38b85af677262	2026-09-10T21:38:27.4169236Z 
Upgrade rehearsal (Linux)	Run actions/checkout@11d5960a326750d5838078e36cf38b85af677262	2026-09-10T21:38:27.4169649Z HEAD is now at 32879243 Merge ed31a520964f81627c9c5b428b68968caa6282e7 into 7fe82c95823503e54d2e35e00d8c409a6dd4b065
Upgrade rehearsal (Linux)	Run actions/checkout@11d5960a326750d5838078e36cf38b85af677262	2026-09-10T21:38:27.4208238Z ##[endgroup]
Upgrade rehearsal (Linux)	Run actions/checkout@11d5960a326750d5838078e36cf38b85af677262	2026-09-10T21:38:27.4259418Z [command]/usr/bin/git log -1 --format=%H
Upgrade rehearsal (Linux)	Run actions/checkout@11d5960a326750d5838078e36cf38b85af677262	2026-09-10T21:38:27.4286627Z 328792438be98519225e3fa0f1d16f85da750519
Upgrade rehearsal (Linux)	Run actions/checkout@11d5960a326750d5838078e36cf38b85af677262	2026-09-10T21:38:27.4297726Z ##[group]Removing auth
Upgrade rehearsal (Linux)	Run actions/checkout@11d5960a326750d5838078e36cf38b85af677262	2026-09-10T21:38:27.4302259Z [command]/usr/bin/git config --local --name-only --get-regexp core\.sshCommand
Upgrade rehearsal (Linux)	Run actions/checkout@11d5960a326750d5838078e36cf38b85af677262	2026-09-10T21:38:27.4335167Z [command]/usr/bin/git submodule foreach --recursive sh -c "git config --local --name-only --get-regexp 'core\.sshCommand' && git config --local --unset-all 'core.sshCommand' || :"
Upgrade rehearsal (Linux)	Run actions/checkout@11d5960a326750d5838078e36cf38b85af677262	2026-09-10T21:38:27.4571170Z [command]/usr/bin/git config --local --name-only --get-regexp http\.https\:\/\/github\.com\/\.extraheader
Upgrade rehearsal (Linux)	Run actions/checkout@11d5960a326750d5838078e36cf38b85af677262	2026-09-10T21:38:27.4599890Z http.https://github.com/.extraheader
Upgrade rehearsal (Linux)	Run actions/checkout@11d5960a326750d5838078e36cf38b85af677262	2026-09-10T21:38:27.4608011Z [command]/usr/bin/git config --local --unset-all http.https://github.com/.extraheader
Upgrade rehearsal (Linux)	Run actions/checkout@11d5960a326750d5838078e36cf38b85af677262	2026-09-10T21:38:27.4642134Z [command]/usr/bin/git submodule foreach --recursive sh -c "git config --local --name-only --get-regexp 'http\.https\:\/\/github\.com\/\.extraheader' && git config --local --unset-all 'http.https://github.com/.extraheader' || :"
Upgrade rehearsal (Linux)	Run actions/checkout@11d5960a326750d5838078e36cf38b85af677262	2026-09-10T21:38:27.4878914Z [command]/usr/bin/git config --local --name-only --get-regexp ^includeIf\.gitdir:
Upgrade rehearsal (Linux)	Run actions/checkout@11d5960a326750d5838078e36cf38b85af677262	2026-09-10T21:38:27.4913564Z [command]/usr/bin/git submodule foreach --recursive git config --local --show-origin --name-only --get-regexp remote.origin.url
Upgrade rehearsal (Linux)	Run actions/checkout@11d5960a326750d5838078e36cf38b85af677262	2026-09-10T21:38:27.5150776Z ##[endgroup]
Upgrade rehearsal (Linux)	Run actions/setup-python@a26af69be951a213d495a4c3e4e4022e16d87065	﻿2026-09-10T21:38:27.5421612Z Node 20 is being deprecated. This workflow is running with Node 24 by default. If you need to temporarily use Node 20, you can set the ACTIONS_ALLOW_USE_UNSECURE_NODE_VERSION=true environment variable. For more information see: https://github.blog/changelog/2025-09-19-deprecation-of-node-20-on-github-actions-runners/
Upgrade rehearsal (Linux)	Run actions/setup-python@a26af69be951a213d495a4c3e4e4022e16d87065	2026-09-10T21:38:27.5423909Z ##[group]Run actions/setup-python@a26af69be951a213d495a4c3e4e4022e16d87065
Upgrade rehearsal (Linux)	Run actions/setup-python@a26af69be951a213d495a4c3e4e4022e16d87065	2026-09-10T21:38:27.5424372Z with:
Upgrade rehearsal (Linux)	Run actions/setup-python@a26af69be951a213d495a4c3e4e4022e16d87065	2026-09-10T21:38:27.5424629Z   python-version: 3.11
Upgrade rehearsal (Linux)	Run actions/setup-python@a26af69be951a213d495a4c3e4e4022e16d87065	2026-09-10T21:38:27.5424912Z   check-latest: false
Upgrade rehearsal (Linux)	Run actions/setup-python@a26af69be951a213d495a4c3e4e4022e16d87065	2026-09-10T21:38:27.5428652Z   token: ***
Upgrade rehearsal (Linux)	Run actions/setup-python@a26af69be951a213d495a4c3e4e4022e16d87065	2026-09-10T21:38:27.5428980Z   update-environment: true
Upgrade rehearsal (Linux)	Run actions/setup-python@a26af69be951a213d495a4c3e4e4022e16d87065	2026-09-10T21:38:27.5429328Z   allow-prereleases: false
Upgrade rehearsal (Linux)	Run actions/setup-python@a26af69be951a213d495a4c3e4e4022e16d87065	2026-09-10T21:38:27.5429625Z   freethreaded: false
Upgrade rehearsal (Linux)	Run actions/setup-python@a26af69be951a213d495a4c3e4e4022e16d87065	2026-09-10T21:38:27.5429890Z env:
Upgrade rehearsal (Linux)	Run actions/setup-python@a26af69be951a213d495a4c3e4e4022e16d87065	2026-09-10T21:38:27.5430141Z   PREDECESSOR_VERSION: 0.17.0
Upgrade rehearsal (Linux)	Run actions/setup-python@a26af69be951a213d495a4c3e4e4022e16d87065	2026-09-10T21:38:27.5430661Z   PREDECESSOR_WHEEL_SHA256: 305c7cbc79f87baa76ea3bea939b134999f9cad3bfdfa0b4c9c2fd2d9caacced
Upgrade rehearsal (Linux)	Run actions/setup-python@a26af69be951a213d495a4c3e4e4022e16d87065	2026-09-10T21:38:27.5431226Z   PYTHONNOUSERSITE: 1
Upgrade rehearsal (Linux)	Run actions/setup-python@a26af69be951a213d495a4c3e4e4022e16d87065	2026-09-10T21:38:27.5431549Z   PYTHONPATH: 
Upgrade rehearsal (Linux)	Run actions/setup-python@a26af69be951a213d495a4c3e4e4022e16d87065	2026-09-10T21:38:27.5431799Z ##[endgroup]
Upgrade rehearsal (Linux)	Run actions/setup-python@a26af69be951a213d495a4c3e4e4022e16d87065	2026-09-10T21:38:27.6776213Z ##[group]Installed versions
Upgrade rehearsal (Linux)	Run actions/setup-python@a26af69be951a213d495a4c3e4e4022e16d87065	2026-09-10T21:38:27.6890671Z (node:2334) [DEP0040] DeprecationWarning: The `punycode` module is deprecated. Please use a userland alternative instead.
Upgrade rehearsal (Linux)	Run actions/setup-python@a26af69be951a213d495a4c3e4e4022e16d87065	2026-09-10T21:38:27.6892103Z (Use `node --trace-deprecation ...` to show where the warning was created)
Upgrade rehearsal (Linux)	Run actions/setup-python@a26af69be951a213d495a4c3e4e4022e16d87065	2026-09-10T21:38:27.6893208Z Successfully set up CPython (3.11.16)
Upgrade rehearsal (Linux)	Run actions/setup-python@a26af69be951a213d495a4c3e4e4022e16d87065	2026-09-10T21:38:27.6894144Z ##[endgroup]
Upgrade rehearsal (Linux)	Require the derived predecessor facts	﻿2026-09-10T21:38:27.7063351Z ##[group]Run if (-not $env:PREDECESSOR_VERSION -or -not $env:PREDECESSOR_WHEEL_SHA256) {
Upgrade rehearsal (Linux)	Require the derived predecessor facts	2026-09-10T21:38:27.7064640Z ^[[36;1mif (-not $env:PREDECESSOR_VERSION -or -not $env:PREDECESSOR_WHEEL_SHA256) {^[[0m
Upgrade rehearsal (Linux)	Require the derived predecessor facts	2026-09-10T21:38:27.7065650Z ^[[36;1m  throw 'predecessor facts were not derived by candidate-source'^[[0m
Upgrade rehearsal (Linux)	Require the derived predecessor facts	2026-09-10T21:38:27.7066363Z ^[[36;1m}^[[0m
Upgrade rehearsal (Linux)	Require the derived predecessor facts	2026-09-10T21:38:27.7138938Z shell: /usr/bin/pwsh -command ". '{0}'"
Upgrade rehearsal (Linux)	Require the derived predecessor facts	2026-09-10T21:38:27.7139561Z env:
Upgrade rehearsal (Linux)	Require the derived predecessor facts	2026-09-10T21:38:27.7140004Z   PREDECESSOR_VERSION: 0.17.0
Upgrade rehearsal (Linux)	Require the derived predecessor facts	2026-09-10T21:38:27.7140948Z   PREDECESSOR_WHEEL_SHA256: 305c7cbc79f87baa76ea3bea939b134999f9cad3bfdfa0b4c9c2fd2d9caacced
Upgrade rehearsal (Linux)	Require the derived predecessor facts	2026-09-10T21:38:27.7141980Z   PYTHONNOUSERSITE: 1
Upgrade rehearsal (Linux)	Require the derived predecessor facts	2026-09-10T21:38:27.7142485Z   PYTHONPATH: 
Upgrade rehearsal (Linux)	Require the derived predecessor facts	2026-09-10T21:38:27.7143072Z   pythonLocation: /opt/hostedtoolcache/Python/3.11.16/x64
Upgrade rehearsal (Linux)	Require the derived predecessor facts	2026-09-10T21:38:27.7143999Z   PKG_CONFIG_PATH: /opt/hostedtoolcache/Python/3.11.16/x64/lib/pkgconfig
Upgrade rehearsal (Linux)	Require the derived predecessor facts	2026-09-10T21:38:27.7144920Z   Python_ROOT_DIR: /opt/hostedtoolcache/Python/3.11.16/x64
Upgrade rehearsal (Linux)	Require the derived predecessor facts	2026-09-10T21:38:27.7145808Z   Python2_ROOT_DIR: /opt/hostedtoolcache/Python/3.11.16/x64
Upgrade rehearsal (Linux)	Require the derived predecessor facts	2026-09-10T21:38:27.7147063Z   Python3_ROOT_DIR: /opt/hostedtoolcache/Python/3.11.16/x64
Upgrade rehearsal (Linux)	Require the derived predecessor facts	2026-09-10T21:38:27.7147904Z   LD_LIBRARY_PATH: /opt/hostedtoolcache/Python/3.11.16/x64/lib
Upgrade rehearsal (Linux)	Require the derived predecessor facts	2026-09-10T21:38:27.7148620Z ##[endgroup]
Upgrade rehearsal (Linux)	Acquire and verify the already-public predecessor	﻿2026-09-10T21:38:28.8635881Z ##[group]Run $predecessorDist = Join-Path '/home/runner/work/_temp' 'predecessor-dist'
Upgrade rehearsal (Linux)	Acquire and verify the already-public predecessor	2026-09-10T21:38:28.8636606Z ^[[36;1m$predecessorDist = Join-Path '/home/runner/work/_temp' 'predecessor-dist'^[[0m
Upgrade rehearsal (Linux)	Acquire and verify the already-public predecessor	2026-09-10T21:38:28.8637569Z ^[[36;1mNew-Item -ItemType Directory -Path $predecessorDist | Out-Null^[[0m
Upgrade rehearsal (Linux)	Acquire and verify the already-public predecessor	2026-09-10T21:38:28.8638197Z ^[[36;1mpython -m pip download --disable-pip-version-check --only-binary=:all: --no-deps `^[[0m
Upgrade rehearsal (Linux)	Acquire and verify the already-public predecessor	2026-09-10T21:38:28.8638816Z ^[[36;1m  --dest $predecessorDist "se-harness==$env:PREDECESSOR_VERSION"^[[0m
Upgrade rehearsal (Linux)	Acquire and verify the already-public predecessor	2026-09-10T21:38:28.8639356Z ^[[36;1m$wheel = Get-ChildItem -LiteralPath $predecessorDist -Filter '*.whl'^[[0m
Upgrade rehearsal (Linux)	Acquire and verify the already-public predecessor	2026-09-10T21:38:28.8639914Z ^[[36;1mif ($wheel.Count -ne 1) { throw 'expected exactly one predecessor wheel' }^[[0m
Upgrade rehearsal (Linux)	Acquire and verify the already-public predecessor	2026-09-10T21:38:28.8640584Z ^[[36;1m$actual = (Get-FileHash -Algorithm SHA256 -LiteralPath $wheel.FullName).Hash.ToLowerInvariant()^[[0m
Upgrade rehearsal (Linux)	Acquire and verify the already-public predecessor	2026-09-10T21:38:28.8641356Z ^[[36;1mif ($actual -ne $env:PREDECESSOR_WHEEL_SHA256) { throw 'predecessor wheel digest mismatch' }^[[0m
Upgrade rehearsal (Linux)	Acquire and verify the already-public predecessor	2026-09-10T21:38:28.8684116Z shell: /usr/bin/pwsh -command ". '{0}'"
Upgrade rehearsal (Linux)	Acquire and verify the already-public predecessor	2026-09-10T21:38:28.8684458Z env:
Upgrade rehearsal (Linux)	Acquire and verify the already-public predecessor	2026-09-10T21:38:28.8684693Z   PREDECESSOR_VERSION: 0.17.0
Upgrade rehearsal (Linux)	Acquire and verify the already-public predecessor	2026-09-10T21:38:28.8685240Z   PREDECESSOR_WHEEL_SHA256: 305c7cbc79f87baa76ea3bea939b134999f9cad3bfdfa0b4c9c2fd2d9caacced
Upgrade rehearsal (Linux)	Acquire and verify the already-public predecessor	2026-09-10T21:38:28.8685834Z   PYTHONNOUSERSITE: 1
Upgrade rehearsal (Linux)	Acquire and verify the already-public predecessor	2026-09-10T21:38:28.8686104Z   PYTHONPATH: 
Upgrade rehearsal (Linux)	Acquire and verify the already-public predecessor	2026-09-10T21:38:28.8686424Z   pythonLocation: /opt/hostedtoolcache/Python/3.11.16/x64
Upgrade rehearsal (Linux)	Acquire and verify the already-public predecessor	2026-09-10T21:38:28.8687218Z   PKG_CONFIG_PATH: /opt/hostedtoolcache/Python/3.11.16/x64/lib/pkgconfig
Upgrade rehearsal (Linux)	Acquire and verify the already-public predecessor	2026-09-10T21:38:28.8687758Z   Python_ROOT_DIR: /opt/hostedtoolcache/Python/3.11.16/x64
Upgrade rehearsal (Linux)	Acquire and verify the already-public predecessor	2026-09-10T21:38:28.8688230Z   Python2_ROOT_DIR: /opt/hostedtoolcache/Python/3.11.16/x64
Upgrade rehearsal (Linux)	Acquire and verify the already-public predecessor	2026-09-10T21:38:28.8688713Z   Python3_ROOT_DIR: /opt/hostedtoolcache/Python/3.11.16/x64
Upgrade rehearsal (Linux)	Acquire and verify the already-public predecessor	2026-09-10T21:38:28.8689216Z   LD_LIBRARY_PATH: /opt/hostedtoolcache/Python/3.11.16/x64/lib
Upgrade rehearsal (Linux)	Acquire and verify the already-public predecessor	2026-09-10T21:38:28.8689614Z ##[endgroup]
Upgrade rehearsal (Linux)	Acquire and verify the already-public predecessor	2026-09-10T21:38:30.4334470Z Collecting se-harness==0.17.0
Upgrade rehearsal (Linux)	Acquire and verify the already-public predecessor	2026-09-10T21:38:30.4939935Z   Downloading se_harness-0.17.0-py3-none-any.whl.metadata (45 kB)
Upgrade rehearsal (Linux)	Acquire and verify the already-public predecessor	2026-09-10T21:38:30.5243509Z Downloading se_harness-0.17.0-py3-none-any.whl (484 kB)
Upgrade rehearsal (Linux)	Acquire and verify the already-public predecessor	2026-09-10T21:38:30.5844571Z Saved /home/runner/work/_temp/predecessor-dist/se_harness-0.17.0-py3-none-any.whl
Upgrade rehearsal (Linux)	Acquire and verify the already-public predecessor	2026-09-10T21:38:30.5846151Z Successfully downloaded se-harness
Upgrade rehearsal (Linux)	Take the exact successor wheel built by candidate-source	﻿2026-09-10T21:38:30.7513820Z Node 20 is being deprecated. This workflow is running with Node 24 by default. If you need to temporarily use Node 20, you can set the ACTIONS_ALLOW_USE_UNSECURE_NODE_VERSION=true environment variable. For more information see: https://github.blog/changelog/2025-09-19-deprecation-of-node-20-on-github-actions-runners/
Upgrade rehearsal (Linux)	Take the exact successor wheel built by candidate-source	2026-09-10T21:38:30.7515248Z ##[group]Run actions/download-artifact@d3f86a106a0bac45b974a628896c90dbdf5c8093
Upgrade rehearsal (Linux)	Take the exact successor wheel built by candidate-source	2026-09-10T21:38:30.7515661Z with:
Upgrade rehearsal (Linux)	Take the exact successor wheel built by candidate-source	2026-09-10T21:38:30.7516016Z   name: candidate-wheel-non-promotable-328792438be98519225e3fa0f1d16f85da750519
Upgrade rehearsal (Linux)	Take the exact successor wheel built by candidate-source	2026-09-10T21:38:30.7516471Z   path: /home/runner/work/_temp/candidate-dist
Upgrade rehearsal (Linux)	Take the exact successor wheel built by candidate-source	2026-09-10T21:38:30.7516768Z   merge-multiple: false
Upgrade rehearsal (Linux)	Take the exact successor wheel built by candidate-source	2026-09-10T21:38:30.7517267Z   repository: mmzen/se_harness
Upgrade rehearsal (Linux)	Take the exact successor wheel built by candidate-source	2026-09-10T21:38:30.7517508Z   run-id: 34533149779
Upgrade rehearsal (Linux)	Take the exact successor wheel built by candidate-source	2026-09-10T21:38:30.7517713Z env:
Upgrade rehearsal (Linux)	Take the exact successor wheel built by candidate-source	2026-09-10T21:38:30.7517904Z   PREDECESSOR_VERSION: 0.17.0
Upgrade rehearsal (Linux)	Take the exact successor wheel built by candidate-source	2026-09-10T21:38:30.7518332Z   PREDECESSOR_WHEEL_SHA256: 305c7cbc79f87baa76ea3bea939b134999f9cad3bfdfa0b4c9c2fd2d9caacced
Upgrade rehearsal (Linux)	Take the exact successor wheel built by candidate-source	2026-09-10T21:38:30.7518833Z   PYTHONNOUSERSITE: 1
Upgrade rehearsal (Linux)	Take the exact successor wheel built by candidate-source	2026-09-10T21:38:30.7519045Z   PYTHONPATH: 
Upgrade rehearsal (Linux)	Take the exact successor wheel built by candidate-source	2026-09-10T21:38:30.7519313Z   pythonLocation: /opt/hostedtoolcache/Python/3.11.16/x64
Upgrade rehearsal (Linux)	Take the exact successor wheel built by candidate-source	2026-09-10T21:38:30.7519735Z   PKG_CONFIG_PATH: /opt/hostedtoolcache/Python/3.11.16/x64/lib/pkgconfig
Upgrade rehearsal (Linux)	Take the exact successor wheel built by candidate-source	2026-09-10T21:38:30.7520155Z   Python_ROOT_DIR: /opt/hostedtoolcache/Python/3.11.16/x64
Upgrade rehearsal (Linux)	Take the exact successor wheel built by candidate-source	2026-09-10T21:38:30.7520538Z   Python2_ROOT_DIR: /opt/hostedtoolcache/Python/3.11.16/x64
Upgrade rehearsal (Linux)	Take the exact successor wheel built by candidate-source	2026-09-10T21:38:30.7521112Z   Python3_ROOT_DIR: /opt/hostedtoolcache/Python/3.11.16/x64
Upgrade rehearsal (Linux)	Take the exact successor wheel built by candidate-source	2026-09-10T21:38:30.7521495Z   LD_LIBRARY_PATH: /opt/hostedtoolcache/Python/3.11.16/x64/lib
Upgrade rehearsal (Linux)	Take the exact successor wheel built by candidate-source	2026-09-10T21:38:30.7521818Z ##[endgroup]
Upgrade rehearsal (Linux)	Take the exact successor wheel built by candidate-source	2026-09-10T21:38:30.8986390Z Downloading single artifact
Upgrade rehearsal (Linux)	Take the exact successor wheel built by candidate-source	2026-09-10T21:38:30.9131994Z (node:2406) [DEP0040] DeprecationWarning: The `punycode` module is deprecated. Please use a userland alternative instead.
Upgrade rehearsal (Linux)	Take the exact successor wheel built by candidate-source	2026-09-10T21:38:30.9133348Z (Use `node --trace-deprecation ...` to show where the warning was created)
Upgrade rehearsal (Linux)	Take the exact successor wheel built by candidate-source	2026-09-10T21:38:31.1881942Z Preparing to download the following artifacts:
Upgrade rehearsal (Linux)	Take the exact successor wheel built by candidate-source	2026-09-10T21:38:31.1883984Z - candidate-wheel-non-promotable-328792438be98519225e3fa0f1d16f85da750519 (ID: 10174332616, Size: 471518, Expected Digest: sha256:f065f15c7c8d11a37061cd785f394395098dbc89a4f611d793f717cf0552038e)
Upgrade rehearsal (Linux)	Take the exact successor wheel built by candidate-source	2026-09-10T21:38:31.4565731Z Redirecting to blob download url: https://productionresultssa3.blob.core.windows.net/actions-results/3c4dcabb-c42b-4174-be2b-530336e1c11e/workflow-job-run-209492e4-6ba9-5b51-bf80-f543f01fc63c/artifacts/7bae4f88750773a74735d4c708c19be57d734443c14f3b06f9f12154e0fe4435.zip
Upgrade rehearsal (Linux)	Take the exact successor wheel built by candidate-source	2026-09-10T21:38:31.4569390Z Starting download of artifact to: /home/runner/work/_temp/candidate-dist
Upgrade rehearsal (Linux)	Take the exact successor wheel built by candidate-source	2026-09-10T21:38:31.7927553Z (node:2406) [DEP0005] DeprecationWarning: Buffer() is deprecated due to security and usability issues. Please use the Buffer.alloc(), Buffer.allocUnsafe(), or Buffer.from() methods instead.
Upgrade rehearsal (Linux)	Take the exact successor wheel built by candidate-source	2026-09-10T21:38:32.1488487Z SHA256 digest of downloaded artifact is f065f15c7c8d11a37061cd785f394395098dbc89a4f611d793f717cf0552038e
Upgrade rehearsal (Linux)	Take the exact successor wheel built by candidate-source	2026-09-10T21:38:32.1489761Z Artifact download completed successfully.
Upgrade rehearsal (Linux)	Take the exact successor wheel built by candidate-source	2026-09-10T21:38:32.1490359Z Total of 1 artifact(s) downloaded
Upgrade rehearsal (Linux)	Take the exact successor wheel built by candidate-source	2026-09-10T21:38:32.1508093Z Download artifact has finished successfully
Upgrade rehearsal (Linux)	Verify the handed-over successor bytes	﻿2026-09-10T21:38:32.1619213Z ##[group]Run $candidateDist = Join-Path '/home/runner/work/_temp' 'candidate-dist'
Upgrade rehearsal (Linux)	Verify the handed-over successor bytes	2026-09-10T21:38:32.1619952Z ^[[36;1m$candidateDist = Join-Path '/home/runner/work/_temp' 'candidate-dist'^[[0m
Upgrade rehearsal (Linux)	Verify the handed-over successor bytes	2026-09-10T21:38:32.1620609Z ^[[36;1m$wheel = Get-ChildItem -LiteralPath $candidateDist -Filter '*.whl'^[[0m
Upgrade rehearsal (Linux)	Verify the handed-over successor bytes	2026-09-10T21:38:32.1621255Z ^[[36;1mif ($wheel.Count -ne 1) { throw 'expected exactly one successor wheel' }^[[0m
Upgrade rehearsal (Linux)	Verify the handed-over successor bytes	2026-09-10T21:38:32.1622193Z ^[[36;1m$expected = (Get-Content -LiteralPath (Join-Path $candidateDist 'SHA256SUMS') | Where-Object { $_ -match [regex]::Escape($wheel.Name) })^[[0m
Upgrade rehearsal (Linux)	Verify the handed-over successor bytes	2026-09-10T21:38:32.1623140Z ^[[36;1mif (-not $expected) { throw 'SHA256SUMS does not name the successor wheel' }^[[0m
Upgrade rehearsal (Linux)	Verify the handed-over successor bytes	2026-09-10T21:38:32.1623783Z ^[[36;1m$expectedDigest = ($expected -split '\s+')[0].ToLowerInvariant()^[[0m
Upgrade rehearsal (Linux)	Verify the handed-over successor bytes	2026-09-10T21:38:32.1624535Z ^[[36;1m$actual = (Get-FileHash -Algorithm SHA256 -LiteralPath $wheel.FullName).Hash.ToLowerInvariant()^[[0m
Upgrade rehearsal (Linux)	Verify the handed-over successor bytes	2026-09-10T21:38:32.1625513Z ^[[36;1mif ($actual -ne $expectedDigest) { throw "successor wheel digest mismatch: expected $expectedDigest, got $actual" }^[[0m
Upgrade rehearsal (Linux)	Verify the handed-over successor bytes	2026-09-10T21:38:32.1667451Z shell: /usr/bin/pwsh -command ". '{0}'"
Upgrade rehearsal (Linux)	Verify the handed-over successor bytes	2026-09-10T21:38:32.1667821Z env:
Upgrade rehearsal (Linux)	Verify the handed-over successor bytes	2026-09-10T21:38:32.1668078Z   PREDECESSOR_VERSION: 0.17.0
Upgrade rehearsal (Linux)	Verify the handed-over successor bytes	2026-09-10T21:38:32.1668631Z   PREDECESSOR_WHEEL_SHA256: 305c7cbc79f87baa76ea3bea939b134999f9cad3bfdfa0b4c9c2fd2d9caacced
Upgrade rehearsal (Linux)	Verify the handed-over successor bytes	2026-09-10T21:38:32.1669224Z   PYTHONNOUSERSITE: 1
Upgrade rehearsal (Linux)	Verify the handed-over successor bytes	2026-09-10T21:38:32.1669495Z   PYTHONPATH: 
Upgrade rehearsal (Linux)	Verify the handed-over successor bytes	2026-09-10T21:38:32.1669832Z   pythonLocation: /opt/hostedtoolcache/Python/3.11.16/x64
Upgrade rehearsal (Linux)	Verify the handed-over successor bytes	2026-09-10T21:38:32.1670366Z   PKG_CONFIG_PATH: /opt/hostedtoolcache/Python/3.11.16/x64/lib/pkgconfig
Upgrade rehearsal (Linux)	Verify the handed-over successor bytes	2026-09-10T21:38:32.1670899Z   Python_ROOT_DIR: /opt/hostedtoolcache/Python/3.11.16/x64
Upgrade rehearsal (Linux)	Verify the handed-over successor bytes	2026-09-10T21:38:32.1671373Z   Python2_ROOT_DIR: /opt/hostedtoolcache/Python/3.11.16/x64
Upgrade rehearsal (Linux)	Verify the handed-over successor bytes	2026-09-10T21:38:32.1671860Z   Python3_ROOT_DIR: /opt/hostedtoolcache/Python/3.11.16/x64
Upgrade rehearsal (Linux)	Verify the handed-over successor bytes	2026-09-10T21:38:32.1672346Z   LD_LIBRARY_PATH: /opt/hostedtoolcache/Python/3.11.16/x64/lib
Upgrade rehearsal (Linux)	Verify the handed-over successor bytes	2026-09-10T21:38:32.1672769Z ##[endgroup]
Upgrade rehearsal (Linux)	Install isolated local runtimes	﻿2026-09-10T21:38:33.1275278Z ##[group]Run $predecessorRoot = Join-Path '/home/runner/work/_temp' 'predecessor-env'
Upgrade rehearsal (Linux)	Install isolated local runtimes	2026-09-10T21:38:33.1275956Z ^[[36;1m$predecessorRoot = Join-Path '/home/runner/work/_temp' 'predecessor-env'^[[0m
Upgrade rehearsal (Linux)	Install isolated local runtimes	2026-09-10T21:38:33.1276669Z ^[[36;1m$successorRoot = Join-Path '/home/runner/work/_temp' 'successor-env'^[[0m
Upgrade rehearsal (Linux)	Install isolated local runtimes	2026-09-10T21:38:33.1277447Z ^[[36;1mpython -m venv $predecessorRoot^[[0m
Upgrade rehearsal (Linux)	Install isolated local runtimes	2026-09-10T21:38:33.1277761Z ^[[36;1mpython -m venv $successorRoot^[[0m
Upgrade rehearsal (Linux)	Install isolated local runtimes	2026-09-10T21:38:33.1278141Z ^[[36;1m$predecessorPython = Join-Path $predecessorRoot 'bin/python'^[[0m
Upgrade rehearsal (Linux)	Install isolated local runtimes	2026-09-10T21:38:33.1278602Z ^[[36;1m$successorPython = Join-Path $successorRoot 'bin/python'^[[0m
Upgrade rehearsal (Linux)	Install isolated local runtimes	2026-09-10T21:38:33.1279308Z ^[[36;1m$predecessorWheel = (Get-ChildItem -LiteralPath (Join-Path '/home/runner/work/_temp' 'predecessor-dist') -Filter '*.whl').FullName^[[0m
Upgrade rehearsal (Linux)	Install isolated local runtimes	2026-09-10T21:38:33.1280240Z ^[[36;1m$successorWheel = (Get-ChildItem -LiteralPath (Join-Path '/home/runner/work/_temp' 'candidate-dist') -Filter '*.whl').FullName^[[0m
Upgrade rehearsal (Linux)	Install isolated local runtimes	2026-09-10T21:38:33.1281095Z ^[[36;1m& $predecessorPython -m pip install --disable-pip-version-check --no-index --no-deps $predecessorWheel^[[0m
Upgrade rehearsal (Linux)	Install isolated local runtimes	2026-09-10T21:38:33.1281914Z ^[[36;1m& $successorPython -m pip install --disable-pip-version-check --no-index --no-deps $successorWheel^[[0m
Upgrade rehearsal (Linux)	Install isolated local runtimes	2026-09-10T21:38:33.1324093Z shell: /usr/bin/pwsh -command ". '{0}'"
Upgrade rehearsal (Linux)	Install isolated local runtimes	2026-09-10T21:38:33.1324399Z env:
Upgrade rehearsal (Linux)	Install isolated local runtimes	2026-09-10T21:38:33.1324616Z   PREDECESSOR_VERSION: 0.17.0
Upgrade rehearsal (Linux)	Install isolated local runtimes	2026-09-10T21:38:33.1325101Z   PREDECESSOR_WHEEL_SHA256: 305c7cbc79f87baa76ea3bea939b134999f9cad3bfdfa0b4c9c2fd2d9caacced
Upgrade rehearsal (Linux)	Install isolated local runtimes	2026-09-10T21:38:33.1325638Z   PYTHONNOUSERSITE: 1
Upgrade rehearsal (Linux)	Install isolated local runtimes	2026-09-10T21:38:33.1325877Z   PYTHONPATH: 
Upgrade rehearsal (Linux)	Install isolated local runtimes	2026-09-10T21:38:33.1326167Z   pythonLocation: /opt/hostedtoolcache/Python/3.11.16/x64
Upgrade rehearsal (Linux)	Install isolated local runtimes	2026-09-10T21:38:33.1326635Z   PKG_CONFIG_PATH: /opt/hostedtoolcache/Python/3.11.16/x64/lib/pkgconfig
Upgrade rehearsal (Linux)	Install isolated local runtimes	2026-09-10T21:38:33.1327249Z   Python_ROOT_DIR: /opt/hostedtoolcache/Python/3.11.16/x64
Upgrade rehearsal (Linux)	Install isolated local runtimes	2026-09-10T21:38:33.1327670Z   Python2_ROOT_DIR: /opt/hostedtoolcache/Python/3.11.16/x64
Upgrade rehearsal (Linux)	Install isolated local runtimes	2026-09-10T21:38:33.1328093Z   Python3_ROOT_DIR: /opt/hostedtoolcache/Python/3.11.16/x64
Upgrade rehearsal (Linux)	Install isolated local runtimes	2026-09-10T21:38:33.1328533Z   LD_LIBRARY_PATH: /opt/hostedtoolcache/Python/3.11.16/x64/lib
Upgrade rehearsal (Linux)	Install isolated local runtimes	2026-09-10T21:38:33.1328908Z ##[endgroup]
Upgrade rehearsal (Linux)	Install isolated local runtimes	2026-09-10T21:38:41.5813881Z Processing /home/runner/work/_temp/predecessor-dist/se_harness-0.17.0-py3-none-any.whl
Upgrade rehearsal (Linux)	Install isolated local runtimes	2026-09-10T21:38:41.5914312Z Installing collected packages: se-harness
Upgrade rehearsal (Linux)	Install isolated local runtimes	2026-09-10T21:38:41.7958648Z Successfully installed se-harness-0.17.0
Upgrade rehearsal (Linux)	Install isolated local runtimes	2026-09-10T21:38:42.1673622Z Processing /home/runner/work/_temp/candidate-dist/se_harness-0.18.0-py3-none-any.whl
Upgrade rehearsal (Linux)	Install isolated local runtimes	2026-09-10T21:38:42.1770409Z Installing collected packages: se-harness
Upgrade rehearsal (Linux)	Install isolated local runtimes	2026-09-10T21:38:42.3731809Z Successfully installed se-harness-0.18.0
Upgrade rehearsal (Linux)	Rehearse the real predecessor-to-successor upgrade twice	﻿2026-09-10T21:38:42.4669442Z ##[group]Run # WO-ECP-010 (REQ-ECP-012, ECP-PRD-008): the successor's own upgrade --apply
Upgrade rehearsal (Linux)	Rehearse the real predecessor-to-successor upgrade twice	2026-09-10T21:38:42.4670199Z ^[[36;1m# WO-ECP-010 (REQ-ECP-012, ECP-PRD-008): the successor's own upgrade --apply^[[0m
Upgrade rehearsal (Linux)	Rehearse the real predecessor-to-successor upgrade twice	2026-09-10T21:38:42.4670852Z ^[[36;1m# against a throwaway export whose lock is the released predecessor's, judged^[[0m
Upgrade rehearsal (Linux)	Rehearse the real predecessor-to-successor upgrade twice	2026-09-10T21:38:42.4671482Z ^[[36;1m# by both evaluators' doctor and by the resulting lock. No per-release^[[0m
Upgrade rehearsal (Linux)	Rehearse the real predecessor-to-successor upgrade twice	2026-09-10T21:38:42.4672079Z ^[[36;1m# fixture, no network inside the rehearsal, no write to this checkout.^[[0m
Upgrade rehearsal (Linux)	Rehearse the real predecessor-to-successor upgrade twice	2026-09-10T21:38:42.4672799Z ^[[36;1m$predecessorPython = Join-Path (Join-Path '/home/runner/work/_temp' 'predecessor-env') 'bin/python'^[[0m
Upgrade rehearsal (Linux)	Rehearse the real predecessor-to-successor upgrade twice	2026-09-10T21:38:42.4673639Z ^[[36;1m$successorPython = Join-Path (Join-Path '/home/runner/work/_temp' 'successor-env') 'bin/python'^[[0m
Upgrade rehearsal (Linux)	Rehearse the real predecessor-to-successor upgrade twice	2026-09-10T21:38:42.4674320Z ^[[36;1m$first = Join-Path '/home/runner/work/_temp' 'rehearsal-result-1'^[[0m
Upgrade rehearsal (Linux)	Rehearse the real predecessor-to-successor upgrade twice	2026-09-10T21:38:42.4674884Z ^[[36;1m$second = Join-Path '/home/runner/work/_temp' 'rehearsal-result-2'^[[0m
Upgrade rehearsal (Linux)	Rehearse the real predecessor-to-successor upgrade twice	2026-09-10T21:38:42.4675451Z ^[[36;1mpython -m repository_tools.upgrade_rehearsal --repository . `^[[0m
Upgrade rehearsal (Linux)	Rehearse the real predecessor-to-successor upgrade twice	2026-09-10T21:38:42.4676101Z ^[[36;1m  --predecessor-python $predecessorPython --successor-python $successorPython --output $first^[[0m
Upgrade rehearsal (Linux)	Rehearse the real predecessor-to-successor upgrade twice	2026-09-10T21:38:42.4676772Z ^[[36;1mif ($LASTEXITCODE -ne 0) { throw 'first upgrade rehearsal failed' }^[[0m
Upgrade rehearsal (Linux)	Rehearse the real predecessor-to-successor upgrade twice	2026-09-10T21:38:42.4677669Z ^[[36;1mpython -m repository_tools.upgrade_rehearsal --repository . `^[[0m
Upgrade rehearsal (Linux)	Rehearse the real predecessor-to-successor upgrade twice	2026-09-10T21:38:42.4678518Z ^[[36;1m  --predecessor-python $predecessorPython --successor-python $successorPython --output $second^[[0m
Upgrade rehearsal (Linux)	Rehearse the real predecessor-to-successor upgrade twice	2026-09-10T21:38:42.4679193Z ^[[36;1mif ($LASTEXITCODE -ne 0) { throw 'second upgrade rehearsal failed' }^[[0m
Upgrade rehearsal (Linux)	Rehearse the real predecessor-to-successor upgrade twice	2026-09-10T21:38:42.4679937Z ^[[36;1m$firstResult = Get-Content -Raw -LiteralPath (Join-Path $first 'upgrade-rehearsal-result.json') | ConvertFrom-Json^[[0m
Upgrade rehearsal (Linux)	Rehearse the real predecessor-to-successor upgrade twice	2026-09-10T21:38:42.4680865Z ^[[36;1m$secondResult = Get-Content -Raw -LiteralPath (Join-Path $second 'upgrade-rehearsal-result.json') | ConvertFrom-Json^[[0m
Upgrade rehearsal (Linux)	Rehearse the real predecessor-to-successor upgrade twice	2026-09-10T21:38:42.4681810Z ^[[36;1mif ($firstResult.semantic_sha256 -ne $secondResult.semantic_sha256) { throw 'upgrade rehearsal replay digest differs' }^[[0m
Upgrade rehearsal (Linux)	Rehearse the real predecessor-to-successor upgrade twice	2026-09-10T21:38:42.4682811Z ^[[36;1mif ($firstResult.overall_result -ne 'pass' -or $secondResult.overall_result -ne 'pass') { throw 'upgrade rehearsal did not pass' }^[[0m
Upgrade rehearsal (Linux)	Rehearse the real predecessor-to-successor upgrade twice	2026-09-10T21:38:42.4723082Z shell: /usr/bin/pwsh -command ". '{0}'"
Upgrade rehearsal (Linux)	Rehearse the real predecessor-to-successor upgrade twice	2026-09-10T21:38:42.4723387Z env:
Upgrade rehearsal (Linux)	Rehearse the real predecessor-to-successor upgrade twice	2026-09-10T21:38:42.4723595Z   PREDECESSOR_VERSION: 0.17.0
Upgrade rehearsal (Linux)	Rehearse the real predecessor-to-successor upgrade twice	2026-09-10T21:38:42.4724080Z   PREDECESSOR_WHEEL_SHA256: 305c7cbc79f87baa76ea3bea939b134999f9cad3bfdfa0b4c9c2fd2d9caacced
Upgrade rehearsal (Linux)	Rehearse the real predecessor-to-successor upgrade twice	2026-09-10T21:38:42.4724603Z   PYTHONNOUSERSITE: 1
Upgrade rehearsal (Linux)	Rehearse the real predecessor-to-successor upgrade twice	2026-09-10T21:38:42.4724843Z   PYTHONPATH: 
Upgrade rehearsal (Linux)	Rehearse the real predecessor-to-successor upgrade twice	2026-09-10T21:38:42.4725129Z   pythonLocation: /opt/hostedtoolcache/Python/3.11.16/x64
Upgrade rehearsal (Linux)	Rehearse the real predecessor-to-successor upgrade twice	2026-09-10T21:38:42.4725601Z   PKG_CONFIG_PATH: /opt/hostedtoolcache/Python/3.11.16/x64/lib/pkgconfig
Upgrade rehearsal (Linux)	Rehearse the real predecessor-to-successor upgrade twice	2026-09-10T21:38:42.4726066Z   Python_ROOT_DIR: /opt/hostedtoolcache/Python/3.11.16/x64
Upgrade rehearsal (Linux)	Rehearse the real predecessor-to-successor upgrade twice	2026-09-10T21:38:42.4726478Z   Python2_ROOT_DIR: /opt/hostedtoolcache/Python/3.11.16/x64
Upgrade rehearsal (Linux)	Rehearse the real predecessor-to-successor upgrade twice	2026-09-10T21:38:42.4727179Z   Python3_ROOT_DIR: /opt/hostedtoolcache/Python/3.11.16/x64
Upgrade rehearsal (Linux)	Rehearse the real predecessor-to-successor upgrade twice	2026-09-10T21:38:42.4727696Z   LD_LIBRARY_PATH: /opt/hostedtoolcache/Python/3.11.16/x64/lib
Upgrade rehearsal (Linux)	Rehearse the real predecessor-to-successor upgrade twice	2026-09-10T21:38:42.4728048Z ##[endgroup]
Upgrade rehearsal (Linux)	Rehearse the real predecessor-to-successor upgrade twice	2026-09-10T21:38:52.1061715Z upgrade rehearsal: PASS (0.17.0 -> 0.18.0)
Upgrade rehearsal (Linux)	Rehearse the real predecessor-to-successor upgrade twice	2026-09-10T21:38:52.1062578Z semantic_sha256: 947620f8ae8fec1fbc7f2b954c77b7f6b8e02932e0d9e5d7069274e613e573db
Upgrade rehearsal (Linux)	Rehearse the real predecessor-to-successor upgrade twice	2026-09-10T21:39:00.9339692Z upgrade rehearsal: PASS (0.17.0 -> 0.18.0)
Upgrade rehearsal (Linux)	Rehearse the real predecessor-to-successor upgrade twice	2026-09-10T21:39:00.9340608Z semantic_sha256: 947620f8ae8fec1fbc7f2b954c77b7f6b8e02932e0d9e5d7069274e613e573db
Upgrade rehearsal (Linux)	Publish this platform's semantic digest as a job output	﻿2026-09-10T21:39:01.0690664Z ##[group]Run $result = Get-Content -Raw -LiteralPath (Join-Path (Join-Path '/home/runner/work/_temp' 'rehearsal-result-1') 'upgrade-rehearsal-result.json') | ConvertFrom-Json
Upgrade rehearsal (Linux)	Publish this platform's semantic digest as a job output	2026-09-10T21:39:01.0693093Z ^[[36;1m$result = Get-Content -Raw -LiteralPath (Join-Path (Join-Path '/home/runner/work/_temp' 'rehearsal-result-1') 'upgrade-rehearsal-result.json') | ConvertFrom-Json^[[0m
Upgrade rehearsal (Linux)	Publish this platform's semantic digest as a job output	2026-09-10T21:39:01.0694917Z ^[[36;1m"Linux=$($result.semantic_sha256)" | Out-File -FilePath $env:GITHUB_OUTPUT -Append -Encoding utf8^[[0m
Upgrade rehearsal (Linux)	Publish this platform's semantic digest as a job output	2026-09-10T21:39:01.0753201Z shell: /usr/bin/pwsh -command ". '{0}'"
Upgrade rehearsal (Linux)	Publish this platform's semantic digest as a job output	2026-09-10T21:39:01.0753739Z env:
Upgrade rehearsal (Linux)	Publish this platform's semantic digest as a job output	2026-09-10T21:39:01.0754072Z   PREDECESSOR_VERSION: 0.17.0
Upgrade rehearsal (Linux)	Publish this platform's semantic digest as a job output	2026-09-10T21:39:01.0754563Z   PREDECESSOR_WHEEL_SHA256: 305c7cbc79f87baa76ea3bea939b134999f9cad3bfdfa0b4c9c2fd2d9caacced
Upgrade rehearsal (Linux)	Publish this platform's semantic digest as a job output	2026-09-10T21:39:01.0755080Z   PYTHONNOUSERSITE: 1
Upgrade rehearsal (Linux)	Publish this platform's semantic digest as a job output	2026-09-10T21:39:01.0755320Z   PYTHONPATH: 
Upgrade rehearsal (Linux)	Publish this platform's semantic digest as a job output	2026-09-10T21:39:01.0755609Z   pythonLocation: /opt/hostedtoolcache/Python/3.11.16/x64
Upgrade rehearsal (Linux)	Publish this platform's semantic digest as a job output	2026-09-10T21:39:01.0756074Z   PKG_CONFIG_PATH: /opt/hostedtoolcache/Python/3.11.16/x64/lib/pkgconfig
Upgrade rehearsal (Linux)	Publish this platform's semantic digest as a job output	2026-09-10T21:39:01.0756555Z   Python_ROOT_DIR: /opt/hostedtoolcache/Python/3.11.16/x64
Upgrade rehearsal (Linux)	Publish this platform's semantic digest as a job output	2026-09-10T21:39:01.0757275Z   Python2_ROOT_DIR: /opt/hostedtoolcache/Python/3.11.16/x64
Upgrade rehearsal (Linux)	Publish this platform's semantic digest as a job output	2026-09-10T21:39:01.0757687Z   Python3_ROOT_DIR: /opt/hostedtoolcache/Python/3.11.16/x64
Upgrade rehearsal (Linux)	Publish this platform's semantic digest as a job output	2026-09-10T21:39:01.0758105Z   LD_LIBRARY_PATH: /opt/hostedtoolcache/Python/3.11.16/x64/lib
Upgrade rehearsal (Linux)	Publish this platform's semantic digest as a job output	2026-09-10T21:39:01.0758442Z ##[endgroup]
Upgrade rehearsal (Linux)	Retain the bounded upgrade rehearsal evidence	﻿2026-09-10T21:39:01.3893452Z Node 20 is being deprecated. This workflow is running with Node 24 by default. If you need to temporarily use Node 20, you can set the ACTIONS_ALLOW_USE_UNSECURE_NODE_VERSION=true environment variable. For more information see: https://github.blog/changelog/2025-09-19-deprecation-of-node-20-on-github-actions-runners/
Upgrade rehearsal (Linux)	Retain the bounded upgrade rehearsal evidence	2026-09-10T21:39:01.3895127Z ##[group]Run actions/upload-artifact@ea165f8d65b6e75b540449e92b4886f43607fa02
Upgrade rehearsal (Linux)	Retain the bounded upgrade rehearsal evidence	2026-09-10T21:39:01.3895527Z with:
Upgrade rehearsal (Linux)	Retain the bounded upgrade rehearsal evidence	2026-09-10T21:39:01.3895741Z   name: upgrade-rehearsal-Linux
Upgrade rehearsal (Linux)	Retain the bounded upgrade rehearsal evidence	2026-09-10T21:39:01.3896147Z   path: /home/runner/work/_temp/rehearsal-result-*/upgrade-rehearsal-result.json
Upgrade rehearsal (Linux)	Retain the bounded upgrade rehearsal evidence	2026-09-10T21:39:01.3896582Z   if-no-files-found: warn
Upgrade rehearsal (Linux)	Retain the bounded upgrade rehearsal evidence	2026-09-10T21:39:01.3897090Z   compression-level: 6
Upgrade rehearsal (Linux)	Retain the bounded upgrade rehearsal evidence	2026-09-10T21:39:01.3897337Z   overwrite: false
Upgrade rehearsal (Linux)	Retain the bounded upgrade rehearsal evidence	2026-09-10T21:39:01.3897561Z   include-hidden-files: false
Upgrade rehearsal (Linux)	Retain the bounded upgrade rehearsal evidence	2026-09-10T21:39:01.3897801Z env:
Upgrade rehearsal (Linux)	Retain the bounded upgrade rehearsal evidence	2026-09-10T21:39:01.3898007Z   PREDECESSOR_VERSION: 0.17.0
Upgrade rehearsal (Linux)	Retain the bounded upgrade rehearsal evidence	2026-09-10T21:39:01.3898454Z   PREDECESSOR_WHEEL_SHA256: 305c7cbc79f87baa76ea3bea939b134999f9cad3bfdfa0b4c9c2fd2d9caacced
Upgrade rehearsal (Linux)	Retain the bounded upgrade rehearsal evidence	2026-09-10T21:39:01.3898967Z   PYTHONNOUSERSITE: 1
Upgrade rehearsal (Linux)	Retain the bounded upgrade rehearsal evidence	2026-09-10T21:39:01.3899190Z   PYTHONPATH: 
Upgrade rehearsal (Linux)	Retain the bounded upgrade rehearsal evidence	2026-09-10T21:39:01.3899464Z   pythonLocation: /opt/hostedtoolcache/Python/3.11.16/x64
Upgrade rehearsal (Linux)	Retain the bounded upgrade rehearsal evidence	2026-09-10T21:39:01.3899907Z   PKG_CONFIG_PATH: /opt/hostedtoolcache/Python/3.11.16/x64/lib/pkgconfig
Upgrade rehearsal (Linux)	Retain the bounded upgrade rehearsal evidence	2026-09-10T21:39:01.3900349Z   Python_ROOT_DIR: /opt/hostedtoolcache/Python/3.11.16/x64
Upgrade rehearsal (Linux)	Retain the bounded upgrade rehearsal evidence	2026-09-10T21:39:01.3900732Z   Python2_ROOT_DIR: /opt/hostedtoolcache/Python/3.11.16/x64
Upgrade rehearsal (Linux)	Retain the bounded upgrade rehearsal evidence	2026-09-10T21:39:01.3901124Z   Python3_ROOT_DIR: /opt/hostedtoolcache/Python/3.11.16/x64
Upgrade rehearsal (Linux)	Retain the bounded upgrade rehearsal evidence	2026-09-10T21:39:01.3901511Z   LD_LIBRARY_PATH: /opt/hostedtoolcache/Python/3.11.16/x64/lib
Upgrade rehearsal (Linux)	Retain the bounded upgrade rehearsal evidence	2026-09-10T21:39:01.3901841Z ##[endgroup]
Upgrade rehearsal (Linux)	Retain the bounded upgrade rehearsal evidence	2026-09-10T21:39:01.5601008Z (node:2779) [DEP0040] DeprecationWarning: The `punycode` module is deprecated. Please use a userland alternative instead.
Upgrade rehearsal (Linux)	Retain the bounded upgrade rehearsal evidence	2026-09-10T21:39:01.5602505Z (Use `node --trace-deprecation ...` to show where the warning was created)
Upgrade rehearsal (Linux)	Retain the bounded upgrade rehearsal evidence	2026-09-10T21:39:01.5680665Z With the provided path, there will be 2 files uploaded
Upgrade rehearsal (Linux)	Retain the bounded upgrade rehearsal evidence	2026-09-10T21:39:01.5688231Z Artifact name is valid!
Upgrade rehearsal (Linux)	Retain the bounded upgrade rehearsal evidence	2026-09-10T21:39:01.5689283Z Root directory input is valid!
Upgrade rehearsal (Linux)	Retain the bounded upgrade rehearsal evidence	2026-09-10T21:39:01.9675633Z Beginning upload of artifact content to blob storage
Upgrade rehearsal (Linux)	Retain the bounded upgrade rehearsal evidence	2026-09-10T21:39:01.9885989Z (node:2779) [DEP0169] DeprecationWarning: `url.parse()` behavior is not standardized and prone to errors that have security implications. Use the WHATWG URL API instead. CVEs are not issued for `url.parse()` vulnerabilities.
Upgrade rehearsal (Linux)	Retain the bounded upgrade rehearsal evidence	2026-09-10T21:39:02.2796586Z Uploaded bytes 2384
Upgrade rehearsal (Linux)	Retain the bounded upgrade rehearsal evidence	2026-09-10T21:39:02.3647012Z Finished uploading artifact content to blob storage!
Upgrade rehearsal (Linux)	Retain the bounded upgrade rehearsal evidence	2026-09-10T21:39:02.3648882Z SHA256 digest of uploaded artifact zip is f3033c06d6c028d03b9d74014d23a54618e234386b5ab3ada7877b05edebb1a0
Upgrade rehearsal (Linux)	Retain the bounded upgrade rehearsal evidence	2026-09-10T21:39:02.3650249Z Finalizing artifact upload
Upgrade rehearsal (Linux)	Retain the bounded upgrade rehearsal evidence	2026-09-10T21:39:02.6191401Z Artifact upgrade-rehearsal-Linux.zip successfully finalized. Artifact ID 10174378155
Upgrade rehearsal (Linux)	Retain the bounded upgrade rehearsal evidence	2026-09-10T21:39:02.6193480Z Artifact upgrade-rehearsal-Linux has been successfully uploaded! Final size is 2384 bytes. Artifact ID is 10174378155
Upgrade rehearsal (Linux)	Retain the bounded upgrade rehearsal evidence	2026-09-10T21:39:02.6199193Z Artifact download URL: https://github.com/mmzen/se_harness/actions/runs/34533149779/artifacts/10174378155
Upgrade rehearsal (Linux)	Prove the upgrade rehearsal made no checkout change	﻿2026-09-10T21:39:02.6322192Z ##[group]Run git diff --exit-code
Upgrade rehearsal (Linux)	Prove the upgrade rehearsal made no checkout change	2026-09-10T21:39:02.6322545Z ^[[36;1mgit diff --exit-code^[[0m
Upgrade rehearsal (Linux)	Prove the upgrade rehearsal made no checkout change	2026-09-10T21:39:02.6322931Z ^[[36;1m$status = git status --porcelain=v1 --untracked-files=all^[[0m
Upgrade rehearsal (Linux)	Prove the upgrade rehearsal made no checkout change	2026-09-10T21:39:02.6323429Z ^[[36;1mif ($status) { throw 'upgrade rehearsal changed the checkout' }^[[0m
Upgrade rehearsal (Linux)	Prove the upgrade rehearsal made no checkout change	2026-09-10T21:39:02.6363569Z shell: /usr/bin/pwsh -command ". '{0}'"
Upgrade rehearsal (Linux)	Prove the upgrade rehearsal made no checkout change	2026-09-10T21:39:02.6363925Z env:
Upgrade rehearsal (Linux)	Prove the upgrade rehearsal made no checkout change	2026-09-10T21:39:02.6364169Z   PREDECESSOR_VERSION: 0.17.0
Upgrade rehearsal (Linux)	Prove the upgrade rehearsal made no checkout change	2026-09-10T21:39:02.6364728Z   PREDECESSOR_WHEEL_SHA256: 305c7cbc79f87baa76ea3bea939b134999f9cad3bfdfa0b4c9c2fd2d9caacced
Upgrade rehearsal (Linux)	Prove the upgrade rehearsal made no checkout change	2026-09-10T21:39:02.6365369Z   PYTHONNOUSERSITE: 1
Upgrade rehearsal (Linux)	Prove the upgrade rehearsal made no checkout change	2026-09-10T21:39:02.6365642Z   PYTHONPATH: 
Upgrade rehearsal (Linux)	Prove the upgrade rehearsal made no checkout change	2026-09-10T21:39:02.6365976Z   pythonLocation: /opt/hostedtoolcache/Python/3.11.16/x64
Upgrade rehearsal (Linux)	Prove the upgrade rehearsal made no checkout change	2026-09-10T21:39:02.6366523Z   PKG_CONFIG_PATH: /opt/hostedtoolcache/Python/3.11.16/x64/lib/pkgconfig
Upgrade rehearsal (Linux)	Prove the upgrade rehearsal made no checkout change	2026-09-10T21:39:02.6367363Z   Python_ROOT_DIR: /opt/hostedtoolcache/Python/3.11.16/x64
Upgrade rehearsal (Linux)	Prove the upgrade rehearsal made no checkout change	2026-09-10T21:39:02.6367862Z   Python2_ROOT_DIR: /opt/hostedtoolcache/Python/3.11.16/x64
Upgrade rehearsal (Linux)	Prove the upgrade rehearsal made no checkout change	2026-09-10T21:39:02.6368392Z   Python3_ROOT_DIR: /opt/hostedtoolcache/Python/3.11.16/x64
Upgrade rehearsal (Linux)	Prove the upgrade rehearsal made no checkout change	2026-09-10T21:39:02.6369069Z   LD_LIBRARY_PATH: /opt/hostedtoolcache/Python/3.11.16/x64/lib
Upgrade rehearsal (Linux)	Prove the upgrade rehearsal made no checkout change	2026-09-10T21:39:02.6369491Z ##[endgroup]
Upgrade rehearsal (Linux)	Post Run actions/setup-python@a26af69be951a213d495a4c3e4e4022e16d87065	﻿2026-09-10T21:39:03.5837412Z Node 20 is being deprecated. This workflow is running with Node 24 by default. If you need to temporarily use Node 20, you can set the ACTIONS_ALLOW_USE_UNSECURE_NODE_VERSION=true environment variable. For more information see: https://github.blog/changelog/2025-09-19-deprecation-of-node-20-on-github-actions-runners/
Upgrade rehearsal (Linux)	Post Run actions/setup-python@a26af69be951a213d495a4c3e4e4022e16d87065	2026-09-10T21:39:03.5838779Z Post job cleanup.
Upgrade rehearsal (Linux)	Post Run actions/setup-python@a26af69be951a213d495a4c3e4e4022e16d87065	2026-09-10T21:39:03.7054537Z (node:2841) [DEP0040] DeprecationWarning: The `punycode` module is deprecated. Please use a userland alternative instead.
Upgrade rehearsal (Linux)	Post Run actions/setup-python@a26af69be951a213d495a4c3e4e4022e16d87065	2026-09-10T21:39:03.7056523Z (Use `node --trace-deprecation ...` to show where the warning was created)
Upgrade rehearsal (Linux)	Post Run actions/checkout@11d5960a326750d5838078e36cf38b85af677262	﻿2026-09-10T21:39:03.7260865Z Node 20 is being deprecated. This workflow is running with Node 24 by default. If you need to temporarily use Node 20, you can set the ACTIONS_ALLOW_USE_UNSECURE_NODE_VERSION=true environment variable. For more information see: https://github.blog/changelog/2025-09-19-deprecation-of-node-20-on-github-actions-runners/
Upgrade rehearsal (Linux)	Post Run actions/checkout@11d5960a326750d5838078e36cf38b85af677262	2026-09-10T21:39:03.7262156Z Post job cleanup.
Upgrade rehearsal (Linux)	Post Run actions/checkout@11d5960a326750d5838078e36cf38b85af677262	2026-09-10T21:39:03.8161573Z [command]/usr/bin/git version
Upgrade rehearsal (Linux)	Post Run actions/checkout@11d5960a326750d5838078e36cf38b85af677262	2026-09-10T21:39:03.8208202Z git version 2.55.0
Upgrade rehearsal (Linux)	Post Run actions/checkout@11d5960a326750d5838078e36cf38b85af677262	2026-09-10T21:39:03.8251525Z Temporarily overriding HOME='/home/runner/work/_temp/a7f747db-e25d-41c3-bfa8-7801a65ec1f3' before making global git config changes
Upgrade rehearsal (Linux)	Post Run actions/checkout@11d5960a326750d5838078e36cf38b85af677262	2026-09-10T21:39:03.8253614Z Adding repository directory to the temporary git global config as a safe directory
Upgrade rehearsal (Linux)	Post Run actions/checkout@11d5960a326750d5838078e36cf38b85af677262	2026-09-10T21:39:03.8257537Z [command]/usr/bin/git config --global --add safe.directory /home/runner/work/se_harness/se_harness
Upgrade rehearsal (Linux)	Post Run actions/checkout@11d5960a326750d5838078e36cf38b85af677262	2026-09-10T21:39:03.8296087Z [command]/usr/bin/git config --local --name-only --get-regexp core\.sshCommand
Upgrade rehearsal (Linux)	Post Run actions/checkout@11d5960a326750d5838078e36cf38b85af677262	2026-09-10T21:39:03.8331197Z [command]/usr/bin/git submodule foreach --recursive sh -c "git config --local --name-only --get-regexp 'core\.sshCommand' && git config --local --unset-all 'core.sshCommand' || :"
Upgrade rehearsal (Linux)	Post Run actions/checkout@11d5960a326750d5838078e36cf38b85af677262	2026-09-10T21:39:03.8599733Z [command]/usr/bin/git config --local --name-only --get-regexp http\.https\:\/\/github\.com\/\.extraheader
Upgrade rehearsal (Linux)	Post Run actions/checkout@11d5960a326750d5838078e36cf38b85af677262	2026-09-10T21:39:03.8640223Z [command]/usr/bin/git submodule foreach --recursive sh -c "git config --local --name-only --get-regexp 'http\.https\:\/\/github\.com\/\.extraheader' && git config --local --unset-all 'http.https://github.com/.extraheader' || :"
Upgrade rehearsal (Linux)	Post Run actions/checkout@11d5960a326750d5838078e36cf38b85af677262	2026-09-10T21:39:03.8957960Z [command]/usr/bin/git config --local --name-only --get-regexp ^includeIf\.gitdir:
Upgrade rehearsal (Linux)	Post Run actions/checkout@11d5960a326750d5838078e36cf38b85af677262	2026-09-10T21:39:03.9014045Z [command]/usr/bin/git submodule foreach --recursive git config --local --show-origin --name-only --get-regexp remote.origin.url
Upgrade rehearsal (Linux)	Complete job	﻿2026-09-10T21:39:03.9461575Z Evaluate and set job outputs
Upgrade rehearsal (Linux)	Complete job	2026-09-10T21:39:03.9468976Z Set output 'Linux'
Upgrade rehearsal (Linux)	Complete job	2026-09-10T21:39:03.9471128Z Cleaning up orphan processes
Upgrade rehearsal (Linux)	Complete job	2026-09-10T21:39:03.9799294Z ##[warning]Node.js 20 is deprecated. The following actions target Node.js 20 but are being forced to run on Node.js 24: actions/checkout@11d5960a326750d5838078e36cf38b85af677262, actions/download-artifact@d3f86a106a0bac45b974a628896c90dbdf5c8093, actions/setup-python@a26af69be951a213d495a4c3e4e4022e16d87065, actions/upload-artifact@ea165f8d65b6e75b540449e92b4886f43607fa02. For more information see: https://github.blog/changelog/2025-09-19-deprecation-of-node-20-on-github-actions-runners/
