Candidate source evidence	Set up job	﻿2026-09-10T21:37:01.0199757Z Current runner version: '2.337.0'
Candidate source evidence	Set up job	2026-09-10T21:37:01.0228543Z ##[group]Runner Image Provisioner
Candidate source evidence	Set up job	2026-09-10T21:37:01.0229800Z Hosted Compute Agent
Candidate source evidence	Set up job	2026-09-10T21:37:01.0230540Z Version: 20260828.587
Candidate source evidence	Set up job	2026-09-10T21:37:01.0231227Z Commit: abac92662cab4cc7352de4f9f9d2e2419aad9c29
Candidate source evidence	Set up job	2026-09-10T21:37:01.0232045Z Build Date: 2026-08-28T16:44:25Z
Candidate source evidence	Set up job	2026-09-10T21:37:01.0232818Z Worker ID: {a9b585e0-b0df-447f-b0b2-c54ea5727537}
Candidate source evidence	Set up job	2026-09-10T21:37:01.0233593Z Azure Region: eastus
Candidate source evidence	Set up job	2026-09-10T21:37:01.0234208Z ##[endgroup]
Candidate source evidence	Set up job	2026-09-10T21:37:01.0235866Z ##[group]Operating System
Candidate source evidence	Set up job	2026-09-10T21:37:01.0236608Z Ubuntu
Candidate source evidence	Set up job	2026-09-10T21:37:01.0237251Z 24.04.5
Candidate source evidence	Set up job	2026-09-10T21:37:01.0237798Z LTS
Candidate source evidence	Set up job	2026-09-10T21:37:01.0238322Z ##[endgroup]
Candidate source evidence	Set up job	2026-09-10T21:37:01.0238959Z ##[group]Runner Image
Candidate source evidence	Set up job	2026-09-10T21:37:01.0240043Z Image: ubuntu-24.04
Candidate source evidence	Set up job	2026-09-10T21:37:01.0240698Z Version: 20260907.300.1
Candidate source evidence	Set up job	2026-09-10T21:37:01.0241833Z Included Software: https://github.com/actions/runner-images/blob/ubuntu24/20260907.300/images/ubuntu/Ubuntu2404-Readme.md
Candidate source evidence	Set up job	2026-09-10T21:37:01.0243814Z Image Release: https://github.com/actions/runner-images/releases/tag/ubuntu24%2F20260907.300
Candidate source evidence	Set up job	2026-09-10T21:37:01.0244871Z ##[endgroup]
Candidate source evidence	Set up job	2026-09-10T21:37:01.0246083Z ##[group]GITHUB_TOKEN Permissions
Candidate source evidence	Set up job	2026-09-10T21:37:01.0248292Z Contents: read
Candidate source evidence	Set up job	2026-09-10T21:37:01.0249268Z Metadata: read
Candidate source evidence	Set up job	2026-09-10T21:37:01.0249955Z ##[endgroup]
Candidate source evidence	Set up job	2026-09-10T21:37:01.0252181Z Secret source: Actions
Candidate source evidence	Set up job	2026-09-10T21:37:01.0253324Z Cache mode: write
Candidate source evidence	Set up job	2026-09-10T21:37:01.0254308Z Prepare workflow directory
Candidate source evidence	Set up job	2026-09-10T21:37:01.0658671Z Prepare all required actions
Candidate source evidence	Set up job	2026-09-10T21:37:01.0708574Z Getting action download info
Candidate source evidence	Set up job	2026-09-10T21:37:01.3038288Z Download action repository 'actions/checkout@11d5960a326750d5838078e36cf38b85af677262' (SHA:11d5960a326750d5838078e36cf38b85af677262)
Candidate source evidence	Set up job	2026-09-10T21:37:01.4120262Z Download action repository 'actions/setup-python@a26af69be951a213d495a4c3e4e4022e16d87065' (SHA:a26af69be951a213d495a4c3e4e4022e16d87065)
Candidate source evidence	Set up job	2026-09-10T21:37:01.5039928Z Download action repository 'actions/cache@5a3ec84eff668545956fd18022155c47e93e2684' (SHA:5a3ec84eff668545956fd18022155c47e93e2684)
Candidate source evidence	Set up job	2026-09-10T21:37:01.7921688Z Download action repository 'actions/upload-artifact@ea165f8d65b6e75b540449e92b4886f43607fa02' (SHA:ea165f8d65b6e75b540449e92b4886f43607fa02)
Candidate source evidence	Set up job	2026-09-10T21:37:02.0327832Z Complete job name: Candidate source evidence
Candidate source evidence	Run actions/checkout@11d5960a326750d5838078e36cf38b85af677262	﻿2026-09-10T21:37:02.1315386Z Node 20 is being deprecated. This workflow is running with Node 24 by default. If you need to temporarily use Node 20, you can set the ACTIONS_ALLOW_USE_UNSECURE_NODE_VERSION=true environment variable. For more information see: https://github.blog/changelog/2025-09-19-deprecation-of-node-20-on-github-actions-runners/
Candidate source evidence	Run actions/checkout@11d5960a326750d5838078e36cf38b85af677262	2026-09-10T21:37:02.1326722Z ##[group]Run actions/checkout@11d5960a326750d5838078e36cf38b85af677262
Candidate source evidence	Run actions/checkout@11d5960a326750d5838078e36cf38b85af677262	2026-09-10T21:37:02.1328214Z with:
Candidate source evidence	Run actions/checkout@11d5960a326750d5838078e36cf38b85af677262	2026-09-10T21:37:02.1328885Z   fetch-depth: 0
Candidate source evidence	Run actions/checkout@11d5960a326750d5838078e36cf38b85af677262	2026-09-10T21:37:02.1330116Z   persist-credentials: false
Candidate source evidence	Run actions/checkout@11d5960a326750d5838078e36cf38b85af677262	2026-09-10T21:37:02.1330983Z   repository: mmzen/se_harness
Candidate source evidence	Run actions/checkout@11d5960a326750d5838078e36cf38b85af677262	2026-09-10T21:37:02.1340466Z   token: ***
Candidate source evidence	Run actions/checkout@11d5960a326750d5838078e36cf38b85af677262	2026-09-10T21:37:02.1341218Z   ssh-strict: true
Candidate source evidence	Run actions/checkout@11d5960a326750d5838078e36cf38b85af677262	2026-09-10T21:37:02.1341911Z   ssh-user: git
Candidate source evidence	Run actions/checkout@11d5960a326750d5838078e36cf38b85af677262	2026-09-10T21:37:02.1342584Z   clean: true
Candidate source evidence	Run actions/checkout@11d5960a326750d5838078e36cf38b85af677262	2026-09-10T21:37:02.1343308Z   sparse-checkout-cone-mode: true
Candidate source evidence	Run actions/checkout@11d5960a326750d5838078e36cf38b85af677262	2026-09-10T21:37:02.1344195Z   fetch-tags: false
Candidate source evidence	Run actions/checkout@11d5960a326750d5838078e36cf38b85af677262	2026-09-10T21:37:02.1344918Z   show-progress: true
Candidate source evidence	Run actions/checkout@11d5960a326750d5838078e36cf38b85af677262	2026-09-10T21:37:02.1345654Z   lfs: false
Candidate source evidence	Run actions/checkout@11d5960a326750d5838078e36cf38b85af677262	2026-09-10T21:37:02.1346352Z   submodules: false
Candidate source evidence	Run actions/checkout@11d5960a326750d5838078e36cf38b85af677262	2026-09-10T21:37:02.1347061Z   set-safe-directory: true
Candidate source evidence	Run actions/checkout@11d5960a326750d5838078e36cf38b85af677262	2026-09-10T21:37:02.1347884Z   allow-unsafe-pr-checkout: false
Candidate source evidence	Run actions/checkout@11d5960a326750d5838078e36cf38b85af677262	2026-09-10T21:37:02.1349242Z env:
Candidate source evidence	Run actions/checkout@11d5960a326750d5838078e36cf38b85af677262	2026-09-10T21:37:02.1349927Z   PYTHONNOUSERSITE: 1
Candidate source evidence	Run actions/checkout@11d5960a326750d5838078e36cf38b85af677262	2026-09-10T21:37:02.1350679Z   PYTHONPATH: 
Candidate source evidence	Run actions/checkout@11d5960a326750d5838078e36cf38b85af677262	2026-09-10T21:37:02.1351348Z ##[endgroup]
Candidate source evidence	Run actions/checkout@11d5960a326750d5838078e36cf38b85af677262	2026-09-10T21:37:02.2518977Z Syncing repository: mmzen/se_harness
Candidate source evidence	Run actions/checkout@11d5960a326750d5838078e36cf38b85af677262	2026-09-10T21:37:02.2521974Z ##[group]Getting Git version info
Candidate source evidence	Run actions/checkout@11d5960a326750d5838078e36cf38b85af677262	2026-09-10T21:37:02.2523376Z Working directory is '/home/runner/work/se_harness/se_harness'
Candidate source evidence	Run actions/checkout@11d5960a326750d5838078e36cf38b85af677262	2026-09-10T21:37:02.2525187Z [command]/usr/bin/git version
Candidate source evidence	Run actions/checkout@11d5960a326750d5838078e36cf38b85af677262	2026-09-10T21:37:02.2671665Z git version 2.55.0
Candidate source evidence	Run actions/checkout@11d5960a326750d5838078e36cf38b85af677262	2026-09-10T21:37:02.2697799Z ##[endgroup]
Candidate source evidence	Run actions/checkout@11d5960a326750d5838078e36cf38b85af677262	2026-09-10T21:37:02.2717352Z Temporarily overriding HOME='/home/runner/work/_temp/7cbeafff-a42c-4599-a4cb-34f2e5fb384e' before making global git config changes
Candidate source evidence	Run actions/checkout@11d5960a326750d5838078e36cf38b85af677262	2026-09-10T21:37:02.2722117Z Adding repository directory to the temporary git global config as a safe directory
Candidate source evidence	Run actions/checkout@11d5960a326750d5838078e36cf38b85af677262	2026-09-10T21:37:02.2725681Z [command]/usr/bin/git config --global --add safe.directory /home/runner/work/se_harness/se_harness
Candidate source evidence	Run actions/checkout@11d5960a326750d5838078e36cf38b85af677262	2026-09-10T21:37:02.2784798Z Deleting the contents of '/home/runner/work/se_harness/se_harness'
Candidate source evidence	Run actions/checkout@11d5960a326750d5838078e36cf38b85af677262	2026-09-10T21:37:02.2789388Z ##[group]Initializing the repository
Candidate source evidence	Run actions/checkout@11d5960a326750d5838078e36cf38b85af677262	2026-09-10T21:37:02.2794661Z [command]/usr/bin/git init /home/runner/work/se_harness/se_harness
Candidate source evidence	Run actions/checkout@11d5960a326750d5838078e36cf38b85af677262	2026-09-10T21:37:02.2941431Z hint: Using 'master' as the name for the initial branch. This default branch name
Candidate source evidence	Run actions/checkout@11d5960a326750d5838078e36cf38b85af677262	2026-09-10T21:37:02.2955111Z hint: will change to "main" in Git 3.0. To configure the initial branch name
Candidate source evidence	Run actions/checkout@11d5960a326750d5838078e36cf38b85af677262	2026-09-10T21:37:02.2957259Z hint: to use in all of your new repositories, which will suppress this warning,
Candidate source evidence	Run actions/checkout@11d5960a326750d5838078e36cf38b85af677262	2026-09-10T21:37:02.2960492Z hint: call:
Candidate source evidence	Run actions/checkout@11d5960a326750d5838078e36cf38b85af677262	2026-09-10T21:37:02.2961792Z hint:
Candidate source evidence	Run actions/checkout@11d5960a326750d5838078e36cf38b85af677262	2026-09-10T21:37:02.2963380Z hint: 	git config --global init.defaultBranch <name>
Candidate source evidence	Run actions/checkout@11d5960a326750d5838078e36cf38b85af677262	2026-09-10T21:37:02.2965385Z hint:
Candidate source evidence	Run actions/checkout@11d5960a326750d5838078e36cf38b85af677262	2026-09-10T21:37:02.2967176Z hint: Names commonly chosen instead of 'master' are 'main', 'trunk' and
Candidate source evidence	Run actions/checkout@11d5960a326750d5838078e36cf38b85af677262	2026-09-10T21:37:02.2970471Z hint: 'development'. The just-created branch can be renamed via this command:
Candidate source evidence	Run actions/checkout@11d5960a326750d5838078e36cf38b85af677262	2026-09-10T21:37:02.2972940Z hint:
Candidate source evidence	Run actions/checkout@11d5960a326750d5838078e36cf38b85af677262	2026-09-10T21:37:02.2974372Z hint: 	git branch -m <name>
Candidate source evidence	Run actions/checkout@11d5960a326750d5838078e36cf38b85af677262	2026-09-10T21:37:02.2975945Z hint:
Candidate source evidence	Run actions/checkout@11d5960a326750d5838078e36cf38b85af677262	2026-09-10T21:37:02.2977878Z hint: Disable this message with "git config set advice.defaultBranchName false"
Candidate source evidence	Run actions/checkout@11d5960a326750d5838078e36cf38b85af677262	2026-09-10T21:37:02.2981945Z Initialized empty Git repository in /home/runner/work/se_harness/se_harness/.git/
Candidate source evidence	Run actions/checkout@11d5960a326750d5838078e36cf38b85af677262	2026-09-10T21:37:02.2988034Z [command]/usr/bin/git remote add origin https://github.com/mmzen/se_harness
Candidate source evidence	Run actions/checkout@11d5960a326750d5838078e36cf38b85af677262	2026-09-10T21:37:02.3008754Z ##[endgroup]
Candidate source evidence	Run actions/checkout@11d5960a326750d5838078e36cf38b85af677262	2026-09-10T21:37:02.3011232Z ##[group]Disabling automatic garbage collection
Candidate source evidence	Run actions/checkout@11d5960a326750d5838078e36cf38b85af677262	2026-09-10T21:37:02.3013049Z [command]/usr/bin/git config --local gc.auto 0
Candidate source evidence	Run actions/checkout@11d5960a326750d5838078e36cf38b85af677262	2026-09-10T21:37:02.3054317Z ##[endgroup]
Candidate source evidence	Run actions/checkout@11d5960a326750d5838078e36cf38b85af677262	2026-09-10T21:37:02.3056381Z ##[group]Setting up auth
Candidate source evidence	Run actions/checkout@11d5960a326750d5838078e36cf38b85af677262	2026-09-10T21:37:02.3063418Z [command]/usr/bin/git config --local --name-only --get-regexp core\.sshCommand
Candidate source evidence	Run actions/checkout@11d5960a326750d5838078e36cf38b85af677262	2026-09-10T21:37:02.3107042Z [command]/usr/bin/git submodule foreach --recursive sh -c "git config --local --name-only --get-regexp 'core\.sshCommand' && git config --local --unset-all 'core.sshCommand' || :"
Candidate source evidence	Run actions/checkout@11d5960a326750d5838078e36cf38b85af677262	2026-09-10T21:37:02.3505645Z [command]/usr/bin/git config --local --name-only --get-regexp http\.https\:\/\/github\.com\/\.extraheader
Candidate source evidence	Run actions/checkout@11d5960a326750d5838078e36cf38b85af677262	2026-09-10T21:37:02.3544698Z [command]/usr/bin/git submodule foreach --recursive sh -c "git config --local --name-only --get-regexp 'http\.https\:\/\/github\.com\/\.extraheader' && git config --local --unset-all 'http.https://github.com/.extraheader' || :"
Candidate source evidence	Run actions/checkout@11d5960a326750d5838078e36cf38b85af677262	2026-09-10T21:37:02.3777342Z [command]/usr/bin/git config --local --name-only --get-regexp ^includeIf\.gitdir:
Candidate source evidence	Run actions/checkout@11d5960a326750d5838078e36cf38b85af677262	2026-09-10T21:37:02.3817558Z [command]/usr/bin/git submodule foreach --recursive git config --local --show-origin --name-only --get-regexp remote.origin.url
Candidate source evidence	Run actions/checkout@11d5960a326750d5838078e36cf38b85af677262	2026-09-10T21:37:02.4055659Z [command]/usr/bin/git config --local http.https://github.com/.extraheader AUTHORIZATION: basic ***
Candidate source evidence	Run actions/checkout@11d5960a326750d5838078e36cf38b85af677262	2026-09-10T21:37:02.4096424Z ##[endgroup]
Candidate source evidence	Run actions/checkout@11d5960a326750d5838078e36cf38b85af677262	2026-09-10T21:37:02.4097757Z ##[group]Fetching the repository
Candidate source evidence	Run actions/checkout@11d5960a326750d5838078e36cf38b85af677262	2026-09-10T21:37:02.4108872Z [command]/usr/bin/git -c protocol.version=2 fetch --prune --no-recurse-submodules origin +refs/heads/*:refs/remotes/origin/* +refs/tags/*:refs/tags/* +328792438be98519225e3fa0f1d16f85da750519:refs/remotes/pull/449/merge
Candidate source evidence	Run actions/checkout@11d5960a326750d5838078e36cf38b85af677262	2026-09-10T21:37:03.7233754Z From https://github.com/mmzen/se_harness
Candidate source evidence	Run actions/checkout@11d5960a326750d5838078e36cf38b85af677262	2026-09-10T21:37:03.7235527Z  * [new branch]        artifacts/plugin-implementation          -> origin/artifacts/plugin-implementation
Candidate source evidence	Run actions/checkout@11d5960a326750d5838078e36cf38b85af677262	2026-09-10T21:37:03.7237696Z  * [new branch]        definitions/plg010-delegation            -> origin/definitions/plg010-delegation
Candidate source evidence	Run actions/checkout@11d5960a326750d5838078e36cf38b85af677262	2026-09-10T21:37:03.7239879Z  * [new branch]        definitions/plg011-delegation            -> origin/definitions/plg011-delegation
Candidate source evidence	Run actions/checkout@11d5960a326750d5838078e36cf38b85af677262	2026-09-10T21:37:03.7242075Z  * [new branch]        definitions/plg012-delegation            -> origin/definitions/plg012-delegation
Candidate source evidence	Run actions/checkout@11d5960a326750d5838078e36cf38b85af677262	2026-09-10T21:37:03.7243992Z  * [new branch]        definitions/plg017-path-repair           -> origin/definitions/plg017-path-repair
Candidate source evidence	Run actions/checkout@11d5960a326750d5838078e36cf38b85af677262	2026-09-10T21:37:03.7245488Z  * [new branch]        main                                     -> origin/main
Candidate source evidence	Run actions/checkout@11d5960a326750d5838078e36cf38b85af677262	2026-09-10T21:37:03.7247212Z  * [new branch]        notes/plugin-installation-proposal       -> origin/notes/plugin-installation-proposal
Candidate source evidence	Run actions/checkout@11d5960a326750d5838078e36cf38b85af677262	2026-09-10T21:37:03.7249498Z  * [new branch]        notes/plugin-proposal-assessment-2026-09-08 -> origin/notes/plugin-proposal-assessment-2026-09-08
Candidate source evidence	Run actions/checkout@11d5960a326750d5838078e36cf38b85af677262	2026-09-10T21:37:03.7251298Z  * [new branch]        release/0.10                             -> origin/release/0.10
Candidate source evidence	Run actions/checkout@11d5960a326750d5838078e36cf38b85af677262	2026-09-10T21:37:03.7252587Z  * [new branch]        release/0.11                             -> origin/release/0.11
Candidate source evidence	Run actions/checkout@11d5960a326750d5838078e36cf38b85af677262	2026-09-10T21:37:03.7254079Z  * [new branch]        release/0.12                             -> origin/release/0.12
Candidate source evidence	Run actions/checkout@11d5960a326750d5838078e36cf38b85af677262	2026-09-10T21:37:03.7255470Z  * [new branch]        release/0.12.0                           -> origin/release/0.12.0
Candidate source evidence	Run actions/checkout@11d5960a326750d5838078e36cf38b85af677262	2026-09-10T21:37:03.7257158Z  * [new branch]        release/0.13                             -> origin/release/0.13
Candidate source evidence	Run actions/checkout@11d5960a326750d5838078e36cf38b85af677262	2026-09-10T21:37:03.7258563Z  * [new branch]        release/0.13.0                           -> origin/release/0.13.0
Candidate source evidence	Run actions/checkout@11d5960a326750d5838078e36cf38b85af677262	2026-09-10T21:37:03.7260084Z  * [new branch]        release/0.14                             -> origin/release/0.14
Candidate source evidence	Run actions/checkout@11d5960a326750d5838078e36cf38b85af677262	2026-09-10T21:37:03.7261319Z  * [new branch]        release/0.14.0                           -> origin/release/0.14.0
Candidate source evidence	Run actions/checkout@11d5960a326750d5838078e36cf38b85af677262	2026-09-10T21:37:03.7262402Z  * [new branch]        release/0.15                             -> origin/release/0.15
Candidate source evidence	Run actions/checkout@11d5960a326750d5838078e36cf38b85af677262	2026-09-10T21:37:03.7263527Z  * [new branch]        release/0.15.0                           -> origin/release/0.15.0
Candidate source evidence	Run actions/checkout@11d5960a326750d5838078e36cf38b85af677262	2026-09-10T21:37:03.7264594Z  * [new branch]        release/0.16                             -> origin/release/0.16
Candidate source evidence	Run actions/checkout@11d5960a326750d5838078e36cf38b85af677262	2026-09-10T21:37:03.7265707Z  * [new branch]        release/0.16.0                           -> origin/release/0.16.0
Candidate source evidence	Run actions/checkout@11d5960a326750d5838078e36cf38b85af677262	2026-09-10T21:37:03.7267119Z  * [new branch]        release/0.17                             -> origin/release/0.17
Candidate source evidence	Run actions/checkout@11d5960a326750d5838078e36cf38b85af677262	2026-09-10T21:37:03.7268301Z  * [new branch]        release/0.17.0                           -> origin/release/0.17.0
Candidate source evidence	Run actions/checkout@11d5960a326750d5838078e36cf38b85af677262	2026-09-10T21:37:03.7269583Z  * [new branch]        release/0.2.0                            -> origin/release/0.2.0
Candidate source evidence	Run actions/checkout@11d5960a326750d5838078e36cf38b85af677262	2026-09-10T21:37:03.7270615Z  * [new branch]        release/0.2.1                            -> origin/release/0.2.1
Candidate source evidence	Run actions/checkout@11d5960a326750d5838078e36cf38b85af677262	2026-09-10T21:37:03.7271183Z  * [new branch]        release/0.2.2                            -> origin/release/0.2.2
Candidate source evidence	Run actions/checkout@11d5960a326750d5838078e36cf38b85af677262	2026-09-10T21:37:03.7271739Z  * [new branch]        release/0.3.0                            -> origin/release/0.3.0
Candidate source evidence	Run actions/checkout@11d5960a326750d5838078e36cf38b85af677262	2026-09-10T21:37:03.7272313Z  * [new branch]        release/0.4.0                            -> origin/release/0.4.0
Candidate source evidence	Run actions/checkout@11d5960a326750d5838078e36cf38b85af677262	2026-09-10T21:37:03.7272856Z  * [new branch]        release/0.6                              -> origin/release/0.6
Candidate source evidence	Run actions/checkout@11d5960a326750d5838078e36cf38b85af677262	2026-09-10T21:37:03.7273460Z  * [new branch]        release/0.7                              -> origin/release/0.7
Candidate source evidence	Run actions/checkout@11d5960a326750d5838078e36cf38b85af677262	2026-09-10T21:37:03.7274046Z  * [new branch]        release/0.8                              -> origin/release/0.8
Candidate source evidence	Run actions/checkout@11d5960a326750d5838078e36cf38b85af677262	2026-09-10T21:37:03.7274580Z  * [new branch]        release/0.9                              -> origin/release/0.9
Candidate source evidence	Run actions/checkout@11d5960a326750d5838078e36cf38b85af677262	2026-09-10T21:37:03.7275188Z  * [new branch]        work/plugin-change-skill                 -> origin/work/plugin-change-skill
Candidate source evidence	Run actions/checkout@11d5960a326750d5838078e36cf38b85af677262	2026-09-10T21:37:03.7276372Z  * [new branch]        work/plugin-evidence-path-repair         -> origin/work/plugin-evidence-path-repair
Candidate source evidence	Run actions/checkout@11d5960a326750d5838078e36cf38b85af677262	2026-09-10T21:37:03.7277804Z  * [new branch]        work/plugin-evidence-skill               -> origin/work/plugin-evidence-skill
Candidate source evidence	Run actions/checkout@11d5960a326750d5838078e36cf38b85af677262	2026-09-10T21:37:03.7278698Z  * [new branch]        work/plugin-retained-skills              -> origin/work/plugin-retained-skills
Candidate source evidence	Run actions/checkout@11d5960a326750d5838078e36cf38b85af677262	2026-09-10T21:37:03.7279618Z  * [new tag]           last                                     -> last
Candidate source evidence	Run actions/checkout@11d5960a326750d5838078e36cf38b85af677262	2026-09-10T21:37:03.7280091Z  * [new tag]           v0.10.0                                  -> v0.10.0
Candidate source evidence	Run actions/checkout@11d5960a326750d5838078e36cf38b85af677262	2026-09-10T21:37:03.7280543Z  * [new tag]           v0.11.0                                  -> v0.11.0
Candidate source evidence	Run actions/checkout@11d5960a326750d5838078e36cf38b85af677262	2026-09-10T21:37:03.7281184Z  * [new tag]           v0.12.0                                  -> v0.12.0
Candidate source evidence	Run actions/checkout@11d5960a326750d5838078e36cf38b85af677262	2026-09-10T21:37:03.7281615Z  * [new tag]           v0.13.0                                  -> v0.13.0
Candidate source evidence	Run actions/checkout@11d5960a326750d5838078e36cf38b85af677262	2026-09-10T21:37:03.7282039Z  * [new tag]           v0.14.0                                  -> v0.14.0
Candidate source evidence	Run actions/checkout@11d5960a326750d5838078e36cf38b85af677262	2026-09-10T21:37:03.7282494Z  * [new tag]           v0.15.0                                  -> v0.15.0
Candidate source evidence	Run actions/checkout@11d5960a326750d5838078e36cf38b85af677262	2026-09-10T21:37:03.7282918Z  * [new tag]           v0.16.0                                  -> v0.16.0
Candidate source evidence	Run actions/checkout@11d5960a326750d5838078e36cf38b85af677262	2026-09-10T21:37:03.7283343Z  * [new tag]           v0.17.0                                  -> v0.17.0
Candidate source evidence	Run actions/checkout@11d5960a326750d5838078e36cf38b85af677262	2026-09-10T21:37:03.7283775Z  * [new tag]           v0.2.0                                   -> v0.2.0
Candidate source evidence	Run actions/checkout@11d5960a326750d5838078e36cf38b85af677262	2026-09-10T21:37:03.7284205Z  * [new tag]           v0.2.1                                   -> v0.2.1
Candidate source evidence	Run actions/checkout@11d5960a326750d5838078e36cf38b85af677262	2026-09-10T21:37:03.7284631Z  * [new tag]           v0.2.2                                   -> v0.2.2
Candidate source evidence	Run actions/checkout@11d5960a326750d5838078e36cf38b85af677262	2026-09-10T21:37:03.7285079Z  * [new tag]           v0.3.0                                   -> v0.3.0
Candidate source evidence	Run actions/checkout@11d5960a326750d5838078e36cf38b85af677262	2026-09-10T21:37:03.7285523Z  * [new tag]           v0.4.0                                   -> v0.4.0
Candidate source evidence	Run actions/checkout@11d5960a326750d5838078e36cf38b85af677262	2026-09-10T21:37:03.7285967Z  * [new tag]           v0.4.1                                   -> v0.4.1
Candidate source evidence	Run actions/checkout@11d5960a326750d5838078e36cf38b85af677262	2026-09-10T21:37:03.7286406Z  * [new tag]           v0.5.0                                   -> v0.5.0
Candidate source evidence	Run actions/checkout@11d5960a326750d5838078e36cf38b85af677262	2026-09-10T21:37:03.7286872Z  * [new tag]           v0.5.0a1                                 -> v0.5.0a1
Candidate source evidence	Run actions/checkout@11d5960a326750d5838078e36cf38b85af677262	2026-09-10T21:37:03.7287337Z  * [new tag]           v0.6.0                                   -> v0.6.0
Candidate source evidence	Run actions/checkout@11d5960a326750d5838078e36cf38b85af677262	2026-09-10T21:37:03.7287785Z  * [new tag]           v0.7.0                                   -> v0.7.0
Candidate source evidence	Run actions/checkout@11d5960a326750d5838078e36cf38b85af677262	2026-09-10T21:37:03.7288223Z  * [new tag]           v0.7.1                                   -> v0.7.1
Candidate source evidence	Run actions/checkout@11d5960a326750d5838078e36cf38b85af677262	2026-09-10T21:37:03.7288876Z  * [new tag]           v0.8.0                                   -> v0.8.0
Candidate source evidence	Run actions/checkout@11d5960a326750d5838078e36cf38b85af677262	2026-09-10T21:37:03.7289600Z  * [new tag]           v0.9.0                                   -> v0.9.0
Candidate source evidence	Run actions/checkout@11d5960a326750d5838078e36cf38b85af677262	2026-09-10T21:37:03.7290116Z  * [new ref]           328792438be98519225e3fa0f1d16f85da750519 -> pull/449/merge
Candidate source evidence	Run actions/checkout@11d5960a326750d5838078e36cf38b85af677262	2026-09-10T21:37:03.7291541Z ##[endgroup]
Candidate source evidence	Run actions/checkout@11d5960a326750d5838078e36cf38b85af677262	2026-09-10T21:37:03.7292130Z ##[group]Determining the checkout info
Candidate source evidence	Run actions/checkout@11d5960a326750d5838078e36cf38b85af677262	2026-09-10T21:37:03.7292628Z ##[endgroup]
Candidate source evidence	Run actions/checkout@11d5960a326750d5838078e36cf38b85af677262	2026-09-10T21:37:03.7292931Z [command]/usr/bin/git sparse-checkout disable
Candidate source evidence	Run actions/checkout@11d5960a326750d5838078e36cf38b85af677262	2026-09-10T21:37:03.7313364Z [command]/usr/bin/git config --local --unset-all extensions.worktreeConfig
Candidate source evidence	Run actions/checkout@11d5960a326750d5838078e36cf38b85af677262	2026-09-10T21:37:03.7349811Z ##[group]Checking out the ref
Candidate source evidence	Run actions/checkout@11d5960a326750d5838078e36cf38b85af677262	2026-09-10T21:37:03.7354153Z [command]/usr/bin/git checkout --progress --force refs/remotes/pull/449/merge
Candidate source evidence	Run actions/checkout@11d5960a326750d5838078e36cf38b85af677262	2026-09-10T21:37:04.2409923Z Note: switching to 'refs/remotes/pull/449/merge'.
Candidate source evidence	Run actions/checkout@11d5960a326750d5838078e36cf38b85af677262	2026-09-10T21:37:04.2410489Z 
Candidate source evidence	Run actions/checkout@11d5960a326750d5838078e36cf38b85af677262	2026-09-10T21:37:04.2411182Z You are in 'detached HEAD' state. You can look around, make experimental
Candidate source evidence	Run actions/checkout@11d5960a326750d5838078e36cf38b85af677262	2026-09-10T21:37:04.2411992Z changes and commit them, and you can discard any commits you make in this
Candidate source evidence	Run actions/checkout@11d5960a326750d5838078e36cf38b85af677262	2026-09-10T21:37:04.2412681Z state without impacting any branches by switching back to a branch.
Candidate source evidence	Run actions/checkout@11d5960a326750d5838078e36cf38b85af677262	2026-09-10T21:37:04.2413114Z 
Candidate source evidence	Run actions/checkout@11d5960a326750d5838078e36cf38b85af677262	2026-09-10T21:37:04.2413378Z If you want to create a new branch to retain commits you create, you may
Candidate source evidence	Run actions/checkout@11d5960a326750d5838078e36cf38b85af677262	2026-09-10T21:37:04.2414009Z do so (now or later) by using -c with the switch command. Example:
Candidate source evidence	Run actions/checkout@11d5960a326750d5838078e36cf38b85af677262	2026-09-10T21:37:04.2414382Z 
Candidate source evidence	Run actions/checkout@11d5960a326750d5838078e36cf38b85af677262	2026-09-10T21:37:04.2414534Z   git switch -c <new-branch-name>
Candidate source evidence	Run actions/checkout@11d5960a326750d5838078e36cf38b85af677262	2026-09-10T21:37:04.2414776Z 
Candidate source evidence	Run actions/checkout@11d5960a326750d5838078e36cf38b85af677262	2026-09-10T21:37:04.2414935Z Or undo this operation with:
Candidate source evidence	Run actions/checkout@11d5960a326750d5838078e36cf38b85af677262	2026-09-10T21:37:04.2415173Z 
Candidate source evidence	Run actions/checkout@11d5960a326750d5838078e36cf38b85af677262	2026-09-10T21:37:04.2415302Z   git switch -
Candidate source evidence	Run actions/checkout@11d5960a326750d5838078e36cf38b85af677262	2026-09-10T21:37:04.2415470Z 
Candidate source evidence	Run actions/checkout@11d5960a326750d5838078e36cf38b85af677262	2026-09-10T21:37:04.2415787Z Turn off this advice by setting config variable advice.detachedHead to false
Candidate source evidence	Run actions/checkout@11d5960a326750d5838078e36cf38b85af677262	2026-09-10T21:37:04.2416238Z 
Candidate source evidence	Run actions/checkout@11d5960a326750d5838078e36cf38b85af677262	2026-09-10T21:37:04.2416736Z HEAD is now at 32879243 Merge ed31a520964f81627c9c5b428b68968caa6282e7 into 7fe82c95823503e54d2e35e00d8c409a6dd4b065
Candidate source evidence	Run actions/checkout@11d5960a326750d5838078e36cf38b85af677262	2026-09-10T21:37:04.2460970Z ##[endgroup]
Candidate source evidence	Run actions/checkout@11d5960a326750d5838078e36cf38b85af677262	2026-09-10T21:37:04.2510892Z [command]/usr/bin/git log -1 --format=%H
Candidate source evidence	Run actions/checkout@11d5960a326750d5838078e36cf38b85af677262	2026-09-10T21:37:04.2540044Z 328792438be98519225e3fa0f1d16f85da750519
Candidate source evidence	Run actions/checkout@11d5960a326750d5838078e36cf38b85af677262	2026-09-10T21:37:04.2550775Z ##[group]Removing auth
Candidate source evidence	Run actions/checkout@11d5960a326750d5838078e36cf38b85af677262	2026-09-10T21:37:04.2555235Z [command]/usr/bin/git config --local --name-only --get-regexp core\.sshCommand
Candidate source evidence	Run actions/checkout@11d5960a326750d5838078e36cf38b85af677262	2026-09-10T21:37:04.2590113Z [command]/usr/bin/git submodule foreach --recursive sh -c "git config --local --name-only --get-regexp 'core\.sshCommand' && git config --local --unset-all 'core.sshCommand' || :"
Candidate source evidence	Run actions/checkout@11d5960a326750d5838078e36cf38b85af677262	2026-09-10T21:37:04.2834654Z [command]/usr/bin/git config --local --name-only --get-regexp http\.https\:\/\/github\.com\/\.extraheader
Candidate source evidence	Run actions/checkout@11d5960a326750d5838078e36cf38b85af677262	2026-09-10T21:37:04.2865085Z http.https://github.com/.extraheader
Candidate source evidence	Run actions/checkout@11d5960a326750d5838078e36cf38b85af677262	2026-09-10T21:37:04.2872998Z [command]/usr/bin/git config --local --unset-all http.https://github.com/.extraheader
Candidate source evidence	Run actions/checkout@11d5960a326750d5838078e36cf38b85af677262	2026-09-10T21:37:04.2909540Z [command]/usr/bin/git submodule foreach --recursive sh -c "git config --local --name-only --get-regexp 'http\.https\:\/\/github\.com\/\.extraheader' && git config --local --unset-all 'http.https://github.com/.extraheader' || :"
Candidate source evidence	Run actions/checkout@11d5960a326750d5838078e36cf38b85af677262	2026-09-10T21:37:04.3150294Z [command]/usr/bin/git config --local --name-only --get-regexp ^includeIf\.gitdir:
Candidate source evidence	Run actions/checkout@11d5960a326750d5838078e36cf38b85af677262	2026-09-10T21:37:04.3188519Z [command]/usr/bin/git submodule foreach --recursive git config --local --show-origin --name-only --get-regexp remote.origin.url
Candidate source evidence	Run actions/checkout@11d5960a326750d5838078e36cf38b85af677262	2026-09-10T21:37:04.3427465Z ##[endgroup]
Candidate source evidence	Run actions/setup-python@a26af69be951a213d495a4c3e4e4022e16d87065	﻿2026-09-10T21:37:04.3686373Z Node 20 is being deprecated. This workflow is running with Node 24 by default. If you need to temporarily use Node 20, you can set the ACTIONS_ALLOW_USE_UNSECURE_NODE_VERSION=true environment variable. For more information see: https://github.blog/changelog/2025-09-19-deprecation-of-node-20-on-github-actions-runners/
Candidate source evidence	Run actions/setup-python@a26af69be951a213d495a4c3e4e4022e16d87065	2026-09-10T21:37:04.3688249Z ##[group]Run actions/setup-python@a26af69be951a213d495a4c3e4e4022e16d87065
Candidate source evidence	Run actions/setup-python@a26af69be951a213d495a4c3e4e4022e16d87065	2026-09-10T21:37:04.3688632Z with:
Candidate source evidence	Run actions/setup-python@a26af69be951a213d495a4c3e4e4022e16d87065	2026-09-10T21:37:04.3688832Z   python-version: 3.11
Candidate source evidence	Run actions/setup-python@a26af69be951a213d495a4c3e4e4022e16d87065	2026-09-10T21:37:04.3689254Z   check-latest: false
Candidate source evidence	Run actions/setup-python@a26af69be951a213d495a4c3e4e4022e16d87065	2026-09-10T21:37:04.3692109Z   token: ***
Candidate source evidence	Run actions/setup-python@a26af69be951a213d495a4c3e4e4022e16d87065	2026-09-10T21:37:04.3692330Z   update-environment: true
Candidate source evidence	Run actions/setup-python@a26af69be951a213d495a4c3e4e4022e16d87065	2026-09-10T21:37:04.3692582Z   allow-prereleases: false
Candidate source evidence	Run actions/setup-python@a26af69be951a213d495a4c3e4e4022e16d87065	2026-09-10T21:37:04.3692816Z   freethreaded: false
Candidate source evidence	Run actions/setup-python@a26af69be951a213d495a4c3e4e4022e16d87065	2026-09-10T21:37:04.3693019Z env:
Candidate source evidence	Run actions/setup-python@a26af69be951a213d495a4c3e4e4022e16d87065	2026-09-10T21:37:04.3693205Z   PYTHONNOUSERSITE: 1
Candidate source evidence	Run actions/setup-python@a26af69be951a213d495a4c3e4e4022e16d87065	2026-09-10T21:37:04.3693432Z   PYTHONPATH: 
Candidate source evidence	Run actions/setup-python@a26af69be951a213d495a4c3e4e4022e16d87065	2026-09-10T21:37:04.3693627Z ##[endgroup]
Candidate source evidence	Run actions/setup-python@a26af69be951a213d495a4c3e4e4022e16d87065	2026-09-10T21:37:04.5039264Z ##[group]Installed versions
Candidate source evidence	Run actions/setup-python@a26af69be951a213d495a4c3e4e4022e16d87065	2026-09-10T21:37:04.5127986Z (node:2330) [DEP0040] DeprecationWarning: The `punycode` module is deprecated. Please use a userland alternative instead.
Candidate source evidence	Run actions/setup-python@a26af69be951a213d495a4c3e4e4022e16d87065	2026-09-10T21:37:04.5129454Z (Use `node --trace-deprecation ...` to show where the warning was created)
Candidate source evidence	Run actions/setup-python@a26af69be951a213d495a4c3e4e4022e16d87065	2026-09-10T21:37:04.5130250Z Successfully set up CPython (3.11.16)
Candidate source evidence	Run actions/setup-python@a26af69be951a213d495a4c3e4e4022e16d87065	2026-09-10T21:37:04.5131235Z ##[endgroup]
Candidate source evidence	Resolve candidate version	﻿2026-09-10T21:37:04.5295080Z ##[group]Run version="$(python -c 'import se_harness; print(se_harness.__version__)')"
Candidate source evidence	Resolve candidate version	2026-09-10T21:37:04.5295865Z ^[[36;1mversion="$(python -c 'import se_harness; print(se_harness.__version__)')"^[[0m
Candidate source evidence	Resolve candidate version	2026-09-10T21:37:04.5296373Z ^[[36;1mprintf 'version=%s\n' "$version" >> "$GITHUB_OUTPUT"^[[0m
Candidate source evidence	Resolve candidate version	2026-09-10T21:37:04.5351042Z shell: /usr/bin/bash --noprofile --norc -e -o pipefail {0}
Candidate source evidence	Resolve candidate version	2026-09-10T21:37:04.5351438Z env:
Candidate source evidence	Resolve candidate version	2026-09-10T21:37:04.5351661Z   PYTHONNOUSERSITE: 1
Candidate source evidence	Resolve candidate version	2026-09-10T21:37:04.5351919Z   PYTHONPATH: 
Candidate source evidence	Resolve candidate version	2026-09-10T21:37:04.5352223Z   pythonLocation: /opt/hostedtoolcache/Python/3.11.16/x64
Candidate source evidence	Resolve candidate version	2026-09-10T21:37:04.5352706Z   PKG_CONFIG_PATH: /opt/hostedtoolcache/Python/3.11.16/x64/lib/pkgconfig
Candidate source evidence	Resolve candidate version	2026-09-10T21:37:04.5353188Z   Python_ROOT_DIR: /opt/hostedtoolcache/Python/3.11.16/x64
Candidate source evidence	Resolve candidate version	2026-09-10T21:37:04.5353606Z   Python2_ROOT_DIR: /opt/hostedtoolcache/Python/3.11.16/x64
Candidate source evidence	Resolve candidate version	2026-09-10T21:37:04.5354029Z   Python3_ROOT_DIR: /opt/hostedtoolcache/Python/3.11.16/x64
Candidate source evidence	Resolve candidate version	2026-09-10T21:37:04.5354458Z   LD_LIBRARY_PATH: /opt/hostedtoolcache/Python/3.11.16/x64/lib
Candidate source evidence	Resolve candidate version	2026-09-10T21:37:04.5354933Z ##[endgroup]
Candidate source evidence	Derive the predecessor evaluator facts from the declared root	﻿2026-09-10T21:37:04.5904863Z ##[group]Run set -euo pipefail
Candidate source evidence	Derive the predecessor evaluator facts from the declared root	2026-09-10T21:37:04.5905202Z ^[[36;1mset -euo pipefail^[[0m
Candidate source evidence	Derive the predecessor evaluator facts from the declared root	2026-09-10T21:37:04.5905724Z ^[[36;1mpython -m repository_tools.evaluator_facts derive --repository . --github-output "$GITHUB_OUTPUT" --json^[[0m
Candidate source evidence	Derive the predecessor evaluator facts from the declared root	2026-09-10T21:37:04.5945071Z shell: /usr/bin/bash --noprofile --norc -e -o pipefail {0}
Candidate source evidence	Derive the predecessor evaluator facts from the declared root	2026-09-10T21:37:04.5945440Z env:
Candidate source evidence	Derive the predecessor evaluator facts from the declared root	2026-09-10T21:37:04.5945810Z   PYTHONNOUSERSITE: 1
Candidate source evidence	Derive the predecessor evaluator facts from the declared root	2026-09-10T21:37:04.5946046Z   PYTHONPATH: 
Candidate source evidence	Derive the predecessor evaluator facts from the declared root	2026-09-10T21:37:04.5946339Z   pythonLocation: /opt/hostedtoolcache/Python/3.11.16/x64
Candidate source evidence	Derive the predecessor evaluator facts from the declared root	2026-09-10T21:37:04.5946797Z   PKG_CONFIG_PATH: /opt/hostedtoolcache/Python/3.11.16/x64/lib/pkgconfig
Candidate source evidence	Derive the predecessor evaluator facts from the declared root	2026-09-10T21:37:04.5947242Z   Python_ROOT_DIR: /opt/hostedtoolcache/Python/3.11.16/x64
Candidate source evidence	Derive the predecessor evaluator facts from the declared root	2026-09-10T21:37:04.5947644Z   Python2_ROOT_DIR: /opt/hostedtoolcache/Python/3.11.16/x64
Candidate source evidence	Derive the predecessor evaluator facts from the declared root	2026-09-10T21:37:04.5948045Z   Python3_ROOT_DIR: /opt/hostedtoolcache/Python/3.11.16/x64
Candidate source evidence	Derive the predecessor evaluator facts from the declared root	2026-09-10T21:37:04.5948449Z   LD_LIBRARY_PATH: /opt/hostedtoolcache/Python/3.11.16/x64/lib
Candidate source evidence	Derive the predecessor evaluator facts from the declared root	2026-09-10T21:37:04.5948830Z ##[endgroup]
Candidate source evidence	Derive the predecessor evaluator facts from the declared root	2026-09-10T21:37:04.6870027Z {"candidate_version":"0.18.0","payload_sha256":"dd48b16b69d90a04412f458c756876ec22a687c99282075e69d0f58316c43405","schema":"se-harness-evaluator-facts-v1","version":"0.17.0","wheel":"se_harness-0.17.0-py3-none-any.whl","wheel_sha256":"305c7cbc79f87baa76ea3bea939b134999f9cad3bfdfa0b4c9c2fd2d9caacced"}
Candidate source evidence	Qualify the complete candidate graph as candidate-controlled	﻿2026-09-10T21:37:04.6974212Z ##[group]Run set -euo pipefail
Candidate source evidence	Qualify the complete candidate graph as candidate-controlled	2026-09-10T21:37:04.6974618Z ^[[36;1mset -euo pipefail^[[0m
Candidate source evidence	Qualify the complete candidate graph as candidate-controlled	2026-09-10T21:37:04.6974941Z ^[[36;1mpython -m se_harness qualify complete-candidate . \^[[0m
Candidate source evidence	Qualify the complete candidate graph as candidate-controlled	2026-09-10T21:37:04.6975327Z ^[[36;1m  --candidate-commit "$GITHUB_SHA" \^[[0m
Candidate source evidence	Qualify the complete candidate graph as candidate-controlled	2026-09-10T21:37:04.6975692Z ^[[36;1m  --output "$RUNNER_TEMP/complete-candidate.json" \^[[0m
Candidate source evidence	Qualify the complete candidate graph as candidate-controlled	2026-09-10T21:37:04.6976016Z ^[[36;1m  --json^[[0m
Candidate source evidence	Qualify the complete candidate graph as candidate-controlled	2026-09-10T21:37:04.7015373Z shell: /usr/bin/bash --noprofile --norc -e -o pipefail {0}
Candidate source evidence	Qualify the complete candidate graph as candidate-controlled	2026-09-10T21:37:04.7015736Z env:
Candidate source evidence	Qualify the complete candidate graph as candidate-controlled	2026-09-10T21:37:04.7015937Z   PYTHONNOUSERSITE: 1
Candidate source evidence	Qualify the complete candidate graph as candidate-controlled	2026-09-10T21:37:04.7016163Z   PYTHONPATH: 
Candidate source evidence	Qualify the complete candidate graph as candidate-controlled	2026-09-10T21:37:04.7016443Z   pythonLocation: /opt/hostedtoolcache/Python/3.11.16/x64
Candidate source evidence	Qualify the complete candidate graph as candidate-controlled	2026-09-10T21:37:04.7016888Z   PKG_CONFIG_PATH: /opt/hostedtoolcache/Python/3.11.16/x64/lib/pkgconfig
Candidate source evidence	Qualify the complete candidate graph as candidate-controlled	2026-09-10T21:37:04.7017321Z   Python_ROOT_DIR: /opt/hostedtoolcache/Python/3.11.16/x64
Candidate source evidence	Qualify the complete candidate graph as candidate-controlled	2026-09-10T21:37:04.7017705Z   Python2_ROOT_DIR: /opt/hostedtoolcache/Python/3.11.16/x64
Candidate source evidence	Qualify the complete candidate graph as candidate-controlled	2026-09-10T21:37:04.7018094Z   Python3_ROOT_DIR: /opt/hostedtoolcache/Python/3.11.16/x64
Candidate source evidence	Qualify the complete candidate graph as candidate-controlled	2026-09-10T21:37:04.7018527Z   LD_LIBRARY_PATH: /opt/hostedtoolcache/Python/3.11.16/x64/lib
Candidate source evidence	Qualify the complete candidate graph as candidate-controlled	2026-09-10T21:37:04.7018856Z ##[endgroup]
Candidate source evidence	Qualify the complete candidate graph as candidate-controlled	2026-09-10T21:37:06.5922555Z {
Candidate source evidence	Qualify the complete candidate graph as candidate-controlled	2026-09-10T21:37:06.5923253Z   "authority": "evidence-only; no lifecycle or external action authorized",
Candidate source evidence	Qualify the complete candidate graph as candidate-controlled	2026-09-10T21:37:06.5923898Z   "checks": [
Candidate source evidence	Qualify the complete candidate graph as candidate-controlled	2026-09-10T21:37:06.5924220Z     {
Candidate source evidence	Qualify the complete candidate graph as candidate-controlled	2026-09-10T21:37:06.5924575Z       "id": "CC001",
Candidate source evidence	Qualify the complete candidate graph as candidate-controlled	2026-09-10T21:37:06.5925035Z       "message": "candidate runtime is bound to the checkout",
Candidate source evidence	Qualify the complete candidate graph as candidate-controlled	2026-09-10T21:37:06.5925607Z       "passed": true,
Candidate source evidence	Qualify the complete candidate graph as candidate-controlled	2026-09-10T21:37:06.5926083Z       "subject": "candidate-runtime"
Candidate source evidence	Qualify the complete candidate graph as candidate-controlled	2026-09-10T21:37:06.5926560Z     },
Candidate source evidence	Qualify the complete candidate graph as candidate-controlled	2026-09-10T21:37:06.5926896Z     {
Candidate source evidence	Qualify the complete candidate graph as candidate-controlled	2026-09-10T21:37:06.5927280Z       "id": "CC002",
Candidate source evidence	Qualify the complete candidate graph as candidate-controlled	2026-09-10T21:37:06.5927848Z       "message": "HEAD and tracked tree match the candidate",
Candidate source evidence	Qualify the complete candidate graph as candidate-controlled	2026-09-10T21:37:06.5928467Z       "passed": true,
Candidate source evidence	Qualify the complete candidate graph as candidate-controlled	2026-09-10T21:37:06.5928944Z       "subject": "candidate-commit"
Candidate source evidence	Qualify the complete candidate graph as candidate-controlled	2026-09-10T21:37:06.5929785Z     },
Candidate source evidence	Qualify the complete candidate graph as candidate-controlled	2026-09-10T21:37:06.5930211Z     {
Candidate source evidence	Qualify the complete candidate graph as candidate-controlled	2026-09-10T21:37:06.5930541Z       "id": "CC003",
Candidate source evidence	Qualify the complete candidate graph as candidate-controlled	2026-09-10T21:37:06.5931052Z       "message": "artifacts=1533; errors=0; warnings=46",
Candidate source evidence	Qualify the complete candidate graph as candidate-controlled	2026-09-10T21:37:06.5931734Z       "passed": true,
Candidate source evidence	Qualify the complete candidate graph as candidate-controlled	2026-09-10T21:37:06.5932208Z       "subject": "engineering-graph"
Candidate source evidence	Qualify the complete candidate graph as candidate-controlled	2026-09-10T21:37:06.5932752Z     },
Candidate source evidence	Qualify the complete candidate graph as candidate-controlled	2026-09-10T21:37:06.5933148Z     {
Candidate source evidence	Qualify the complete candidate graph as candidate-controlled	2026-09-10T21:37:06.5933541Z       "id": "CC004",
Candidate source evidence	Qualify the complete candidate graph as candidate-controlled	2026-09-10T21:37:06.5934021Z       "message": "target state is unchanged",
Candidate source evidence	Qualify the complete candidate graph as candidate-controlled	2026-09-10T21:37:06.5934646Z       "passed": true,
Candidate source evidence	Qualify the complete candidate graph as candidate-controlled	2026-09-10T21:37:06.5935101Z       "subject": "repository-state"
Candidate source evidence	Qualify the complete candidate graph as candidate-controlled	2026-09-10T21:37:06.5935657Z     }
Candidate source evidence	Qualify the complete candidate graph as candidate-controlled	2026-09-10T21:37:06.5936065Z   ],
Candidate source evidence	Qualify the complete candidate graph as candidate-controlled	2026-09-10T21:37:06.5936410Z   "completion": "completed",
Candidate source evidence	Qualify the complete candidate graph as candidate-controlled	2026-09-10T21:37:06.5936817Z   "evaluator": {
Candidate source evidence	Qualify the complete candidate graph as candidate-controlled	2026-09-10T21:37:06.5937285Z     "candidate_commit": "328792438be98519225e3fa0f1d16f85da750519",
Candidate source evidence	Qualify the complete candidate graph as candidate-controlled	2026-09-10T21:37:06.5937877Z     "diagnostics": [],
Candidate source evidence	Qualify the complete candidate graph as candidate-controlled	2026-09-10T21:37:06.5938269Z     "distribution": "se-harness",
Candidate source evidence	Qualify the complete candidate graph as candidate-controlled	2026-09-10T21:37:06.5939400Z     "identity_sha256": "d387511ecce077f4a034aa0ee9ce608fb067b209d296fc263003faa9d39c355b",
Candidate source evidence	Qualify the complete candidate graph as candidate-controlled	2026-09-10T21:37:06.5940652Z     "isolated_python": false,
Candidate source evidence	Qualify the complete candidate graph as candidate-controlled	2026-09-10T21:37:06.5941136Z     "pythonpath_present": false,
Candidate source evidence	Qualify the complete candidate graph as candidate-controlled	2026-09-10T21:37:06.5941603Z     "role": "candidate-source",
Candidate source evidence	Qualify the complete candidate graph as candidate-controlled	2026-09-10T21:37:06.5942054Z     "user_site_enabled": false,
Candidate source evidence	Qualify the complete candidate graph as candidate-controlled	2026-09-10T21:37:06.5942484Z     "version": "0.18.0"
Candidate source evidence	Qualify the complete candidate graph as candidate-controlled	2026-09-10T21:37:06.5942873Z   },
Candidate source evidence	Qualify the complete candidate graph as candidate-controlled	2026-09-10T21:37:06.5943271Z   "independence": "candidate-controlled",
Candidate source evidence	Qualify the complete candidate graph as candidate-controlled	2026-09-10T21:37:06.5943777Z   "operation": "complete-candidate",
Candidate source evidence	Qualify the complete candidate graph as candidate-controlled	2026-09-10T21:37:06.5944219Z   "passed": true,
Candidate source evidence	Qualify the complete candidate graph as candidate-controlled	2026-09-10T21:37:06.5944490Z   "schema": "se-harness-release-qualification-v1",
Candidate source evidence	Qualify the complete candidate graph as candidate-controlled	2026-09-10T21:37:06.5944813Z   "target": {
Candidate source evidence	Qualify the complete candidate graph as candidate-controlled	2026-09-10T21:37:06.5945060Z     "commit": "328792438be98519225e3fa0f1d16f85da750519",
Candidate source evidence	Qualify the complete candidate graph as candidate-controlled	2026-09-10T21:37:06.5945554Z     "identity_sha256": "7cc60c5f731cbd92373ae835a51f7acdc03709f2f19cfacea201e20dd2145017",
Candidate source evidence	Qualify the complete candidate graph as candidate-controlled	2026-09-10T21:37:06.5946034Z     "kind": "complete-candidate",
Candidate source evidence	Qualify the complete candidate graph as candidate-controlled	2026-09-10T21:37:06.5946334Z     "tree": "87f2ce6b42ec6ec43321df4290bdbbfd9391f41b"
Candidate source evidence	Qualify the complete candidate graph as candidate-controlled	2026-09-10T21:37:06.5946972Z   }
Candidate source evidence	Qualify the complete candidate graph as candidate-controlled	2026-09-10T21:37:06.5947154Z }
Candidate source evidence	Prove active evaluator surface	﻿2026-09-10T21:37:06.6144860Z ##[group]Run python scripts/check_portable_release_surface.py --repository .
Candidate source evidence	Prove active evaluator surface	2026-09-10T21:37:06.6145450Z ^[[36;1mpython scripts/check_portable_release_surface.py --repository .^[[0m
Candidate source evidence	Prove active evaluator surface	2026-09-10T21:37:06.6182298Z shell: /usr/bin/bash -e {0}
Candidate source evidence	Prove active evaluator surface	2026-09-10T21:37:06.6182568Z env:
Candidate source evidence	Prove active evaluator surface	2026-09-10T21:37:06.6182777Z   PYTHONNOUSERSITE: 1
Candidate source evidence	Prove active evaluator surface	2026-09-10T21:37:06.6183017Z   PYTHONPATH: 
Candidate source evidence	Prove active evaluator surface	2026-09-10T21:37:06.6183299Z   pythonLocation: /opt/hostedtoolcache/Python/3.11.16/x64
Candidate source evidence	Prove active evaluator surface	2026-09-10T21:37:06.6183761Z   PKG_CONFIG_PATH: /opt/hostedtoolcache/Python/3.11.16/x64/lib/pkgconfig
Candidate source evidence	Prove active evaluator surface	2026-09-10T21:37:06.6184218Z   Python_ROOT_DIR: /opt/hostedtoolcache/Python/3.11.16/x64
Candidate source evidence	Prove active evaluator surface	2026-09-10T21:37:06.6184617Z   Python2_ROOT_DIR: /opt/hostedtoolcache/Python/3.11.16/x64
Candidate source evidence	Prove active evaluator surface	2026-09-10T21:37:06.6185019Z   Python3_ROOT_DIR: /opt/hostedtoolcache/Python/3.11.16/x64
Candidate source evidence	Prove active evaluator surface	2026-09-10T21:37:06.6185423Z   LD_LIBRARY_PATH: /opt/hostedtoolcache/Python/3.11.16/x64/lib
Candidate source evidence	Prove active evaluator surface	2026-09-10T21:37:06.6185776Z ##[endgroup]
Candidate source evidence	Prove active evaluator surface	2026-09-10T21:37:06.6812100Z portable release surface: PASS
Candidate source evidence	Restore the suite timings of the previous run	﻿2026-09-10T21:37:06.6963207Z Node 20 is being deprecated. This workflow is running with Node 24 by default. If you need to temporarily use Node 20, you can set the ACTIONS_ALLOW_USE_UNSECURE_NODE_VERSION=true environment variable. For more information see: https://github.blog/changelog/2025-09-19-deprecation-of-node-20-on-github-actions-runners/
Candidate source evidence	Restore the suite timings of the previous run	2026-09-10T21:37:06.6964659Z ##[group]Run actions/cache@5a3ec84eff668545956fd18022155c47e93e2684
Candidate source evidence	Restore the suite timings of the previous run	2026-09-10T21:37:06.6965031Z with:
Candidate source evidence	Restore the suite timings of the previous run	2026-09-10T21:37:06.6965259Z   path: target/test-timings.json
Candidate source evidence	Restore the suite timings of the previous run	2026-09-10T21:37:06.6965546Z   key: test-timings-Linux-34533149779
Candidate source evidence	Restore the suite timings of the previous run	2026-09-10T21:37:06.6965857Z   restore-keys: test-timings-Linux-
Candidate source evidence	Restore the suite timings of the previous run	
Candidate source evidence	Restore the suite timings of the previous run	2026-09-10T21:37:06.6966153Z   enableCrossOsArchive: false
Candidate source evidence	Restore the suite timings of the previous run	2026-09-10T21:37:06.6966408Z   fail-on-cache-miss: false
Candidate source evidence	Restore the suite timings of the previous run	2026-09-10T21:37:06.6966643Z   lookup-only: false
Candidate source evidence	Restore the suite timings of the previous run	2026-09-10T21:37:06.6966852Z   save-always: false
Candidate source evidence	Restore the suite timings of the previous run	2026-09-10T21:37:06.6967235Z env:
Candidate source evidence	Restore the suite timings of the previous run	2026-09-10T21:37:06.6967432Z   PYTHONNOUSERSITE: 1
Candidate source evidence	Restore the suite timings of the previous run	2026-09-10T21:37:06.6967649Z   PYTHONPATH: 
Candidate source evidence	Restore the suite timings of the previous run	2026-09-10T21:37:06.6967918Z   pythonLocation: /opt/hostedtoolcache/Python/3.11.16/x64
Candidate source evidence	Restore the suite timings of the previous run	2026-09-10T21:37:06.6968411Z   PKG_CONFIG_PATH: /opt/hostedtoolcache/Python/3.11.16/x64/lib/pkgconfig
Candidate source evidence	Restore the suite timings of the previous run	2026-09-10T21:37:06.6968849Z   Python_ROOT_DIR: /opt/hostedtoolcache/Python/3.11.16/x64
Candidate source evidence	Restore the suite timings of the previous run	2026-09-10T21:37:06.6969522Z   Python2_ROOT_DIR: /opt/hostedtoolcache/Python/3.11.16/x64
Candidate source evidence	Restore the suite timings of the previous run	2026-09-10T21:37:06.6969917Z   Python3_ROOT_DIR: /opt/hostedtoolcache/Python/3.11.16/x64
Candidate source evidence	Restore the suite timings of the previous run	2026-09-10T21:37:06.6970305Z   LD_LIBRARY_PATH: /opt/hostedtoolcache/Python/3.11.16/x64/lib
Candidate source evidence	Restore the suite timings of the previous run	2026-09-10T21:37:06.6970633Z ##[endgroup]
Candidate source evidence	Restore the suite timings of the previous run	2026-09-10T21:37:06.8058493Z (node:2424) [DEP0040] DeprecationWarning: The `punycode` module is deprecated. Please use a userland alternative instead.
Candidate source evidence	Restore the suite timings of the previous run	2026-09-10T21:37:06.8059935Z (Use `node --trace-deprecation ...` to show where the warning was created)
Candidate source evidence	Restore the suite timings of the previous run	2026-09-10T21:37:06.8702415Z Cache hit for: test-timings-Linux-34533149779
Candidate source evidence	Restore the suite timings of the previous run	2026-09-10T21:37:06.8842912Z (node:2424) [DEP0169] DeprecationWarning: `url.parse()` behavior is not standardized and prone to errors that have security implications. Use the WHATWG URL API instead. CVEs are not issued for `url.parse()` vulnerabilities.
Candidate source evidence	Restore the suite timings of the previous run	2026-09-10T21:37:06.9419760Z Received 3318 of 3318 (100.0%), 0.2 MBs/sec
Candidate source evidence	Restore the suite timings of the previous run	2026-09-10T21:37:06.9420508Z Cache Size: ~0 MB (3318 B)
Candidate source evidence	Restore the suite timings of the previous run	2026-09-10T21:37:06.9463206Z [command]/usr/bin/tar -xf /home/runner/work/_temp/cde065e8-2ec3-467e-9034-54a537ca32b9/cache.tzst -P -C /home/runner/work/se_harness/se_harness --use-compress-program unzstd
Candidate source evidence	Restore the suite timings of the previous run	2026-09-10T21:37:06.9554923Z Cache restored successfully
Candidate source evidence	Restore the suite timings of the previous run	2026-09-10T21:37:06.9633773Z Cache restored from key: test-timings-Linux-34530814405
Candidate source evidence	Run complete candidate-source regression	﻿2026-09-10T21:37:06.9745505Z ##[group]Run python scripts/run_tests.py --workers 4 --scale full --timings target/test-timings.json
Candidate source evidence	Run complete candidate-source regression	2026-09-10T21:37:06.9746290Z ^[[36;1mpython scripts/run_tests.py --workers 4 --scale full --timings target/test-timings.json^[[0m
Candidate source evidence	Run complete candidate-source regression	2026-09-10T21:37:06.9783849Z shell: /usr/bin/bash -e {0}
Candidate source evidence	Run complete candidate-source regression	2026-09-10T21:37:06.9784122Z env:
Candidate source evidence	Run complete candidate-source regression	2026-09-10T21:37:06.9784330Z   PYTHONNOUSERSITE: 1
Candidate source evidence	Run complete candidate-source regression	2026-09-10T21:37:06.9784573Z   PYTHONPATH: 
Candidate source evidence	Run complete candidate-source regression	2026-09-10T21:37:06.9784863Z   pythonLocation: /opt/hostedtoolcache/Python/3.11.16/x64
Candidate source evidence	Run complete candidate-source regression	2026-09-10T21:37:06.9785354Z   PKG_CONFIG_PATH: /opt/hostedtoolcache/Python/3.11.16/x64/lib/pkgconfig
Candidate source evidence	Run complete candidate-source regression	2026-09-10T21:37:06.9785827Z   Python_ROOT_DIR: /opt/hostedtoolcache/Python/3.11.16/x64
Candidate source evidence	Run complete candidate-source regression	2026-09-10T21:37:06.9786247Z   Python2_ROOT_DIR: /opt/hostedtoolcache/Python/3.11.16/x64
Candidate source evidence	Run complete candidate-source regression	2026-09-10T21:37:06.9786665Z   Python3_ROOT_DIR: /opt/hostedtoolcache/Python/3.11.16/x64
Candidate source evidence	Run complete candidate-source regression	2026-09-10T21:37:06.9787082Z   LD_LIBRARY_PATH: /opt/hostedtoolcache/Python/3.11.16/x64/lib
Candidate source evidence	Run complete candidate-source regression	2026-09-10T21:37:06.9787429Z ##[endgroup]
Candidate source evidence	Run complete candidate-source regression	2026-09-10T21:37:41.6700127Z --workers must be at least 1
Candidate source evidence	Run complete candidate-source regression	2026-09-10T21:37:41.6770218Z WEX_SCALE artifacts=100 validation=0.041938s focus=0.078290s plan=0.094325s
Candidate source evidence	Run complete candidate-source regression	2026-09-10T21:37:41.6799860Z WEX_SCALE artifacts=500 validation=0.217818s focus=0.260749s plan=0.392461s
Candidate source evidence	Run complete candidate-source regression	2026-09-10T21:37:41.6800915Z WEX_SCALE artifacts=1000 validation=0.461213s focus=0.484695s plan=0.804140s
Candidate source evidence	Run complete candidate-source regression	2026-09-10T21:37:42.3600683Z docs/notes/diagnostic-codes.md matches the source
Candidate source evidence	Run complete candidate-source regression	2026-09-10T21:37:42.3709393Z ----------------------------------------------------------------------
Candidate source evidence	Run complete candidate-source regression	2026-09-10T21:37:42.3709957Z Ran 1134 tests in 34.155s (180 classes, 4 workers)
Candidate source evidence	Run complete candidate-source regression	2026-09-10T21:37:42.3710200Z 
Candidate source evidence	Run complete candidate-source regression	2026-09-10T21:37:42.3710290Z OK (skipped=4)
Candidate source evidence	Export and build the one non-promotable candidate wheel	﻿2026-09-10T21:37:42.4184741Z ##[group]Run set -euo pipefail
Candidate source evidence	Export and build the one non-promotable candidate wheel	2026-09-10T21:37:42.4185108Z ^[[36;1mset -euo pipefail^[[0m
Candidate source evidence	Export and build the one non-promotable candidate wheel	2026-09-10T21:37:42.4185508Z ^[[36;1mmkdir -p "$RUNNER_TEMP/candidate-export" "$RUNNER_TEMP/candidate-dist"^[[0m
Candidate source evidence	Export and build the one non-promotable candidate wheel	2026-09-10T21:37:42.4186054Z ^[[36;1mgit archive "$GITHUB_SHA" | tar -x -C "$RUNNER_TEMP/candidate-export"^[[0m
Candidate source evidence	Export and build the one non-promotable candidate wheel	2026-09-10T21:37:42.4186550Z ^[[36;1mpython -m pip wheel --disable-pip-version-check --no-deps \^[[0m
Candidate source evidence	Export and build the one non-promotable candidate wheel	2026-09-10T21:37:42.4187072Z ^[[36;1m  --wheel-dir "$RUNNER_TEMP/candidate-dist" "$RUNNER_TEMP/candidate-export"^[[0m
Candidate source evidence	Export and build the one non-promotable candidate wheel	2026-09-10T21:37:42.4187675Z ^[[36;1mtest "$(find "$RUNNER_TEMP/candidate-dist" -maxdepth 1 -name '*.whl' | wc -l)" -eq 1^[[0m
Candidate source evidence	Export and build the one non-promotable candidate wheel	2026-09-10T21:37:42.4188304Z ^[[36;1mtest -f "$RUNNER_TEMP/candidate-dist/se_harness-$CANDIDATE_VERSION-py3-none-any.whl"^[[0m
Candidate source evidence	Export and build the one non-promotable candidate wheel	2026-09-10T21:37:42.4188886Z ^[[36;1m(cd "$RUNNER_TEMP/candidate-dist" && sha256sum -- *.whl > SHA256SUMS)^[[0m
Candidate source evidence	Export and build the one non-promotable candidate wheel	2026-09-10T21:37:42.4226149Z shell: /usr/bin/bash --noprofile --norc -e -o pipefail {0}
Candidate source evidence	Export and build the one non-promotable candidate wheel	2026-09-10T21:37:42.4226517Z env:
Candidate source evidence	Export and build the one non-promotable candidate wheel	2026-09-10T21:37:42.4226784Z   PYTHONNOUSERSITE: 1
Candidate source evidence	Export and build the one non-promotable candidate wheel	2026-09-10T21:37:42.4227017Z   PYTHONPATH: 
Candidate source evidence	Export and build the one non-promotable candidate wheel	2026-09-10T21:37:42.4227297Z   pythonLocation: /opt/hostedtoolcache/Python/3.11.16/x64
Candidate source evidence	Export and build the one non-promotable candidate wheel	2026-09-10T21:37:42.4227765Z   PKG_CONFIG_PATH: /opt/hostedtoolcache/Python/3.11.16/x64/lib/pkgconfig
Candidate source evidence	Export and build the one non-promotable candidate wheel	2026-09-10T21:37:42.4228229Z   Python_ROOT_DIR: /opt/hostedtoolcache/Python/3.11.16/x64
Candidate source evidence	Export and build the one non-promotable candidate wheel	2026-09-10T21:37:42.4228631Z   Python2_ROOT_DIR: /opt/hostedtoolcache/Python/3.11.16/x64
Candidate source evidence	Export and build the one non-promotable candidate wheel	2026-09-10T21:37:42.4229282Z   Python3_ROOT_DIR: /opt/hostedtoolcache/Python/3.11.16/x64
Candidate source evidence	Export and build the one non-promotable candidate wheel	2026-09-10T21:37:42.4229921Z   LD_LIBRARY_PATH: /opt/hostedtoolcache/Python/3.11.16/x64/lib
Candidate source evidence	Export and build the one non-promotable candidate wheel	2026-09-10T21:37:42.4230280Z   CANDIDATE_VERSION: 0.18.0
Candidate source evidence	Export and build the one non-promotable candidate wheel	2026-09-10T21:37:42.4230523Z ##[endgroup]
Candidate source evidence	Export and build the one non-promotable candidate wheel	2026-09-10T21:37:43.2672160Z Processing /home/runner/work/_temp/candidate-export
Candidate source evidence	Export and build the one non-promotable candidate wheel	2026-09-10T21:37:43.2692447Z   Installing build dependencies: started
Candidate source evidence	Export and build the one non-promotable candidate wheel	2026-09-10T21:37:43.9957669Z   Installing build dependencies: finished with status 'done'
Candidate source evidence	Export and build the one non-promotable candidate wheel	2026-09-10T21:37:43.9963939Z   Getting requirements to build wheel: started
Candidate source evidence	Export and build the one non-promotable candidate wheel	2026-09-10T21:37:44.5952742Z   Getting requirements to build wheel: finished with status 'done'
Candidate source evidence	Export and build the one non-promotable candidate wheel	2026-09-10T21:37:44.5962155Z   Preparing metadata (pyproject.toml): started
Candidate source evidence	Export and build the one non-promotable candidate wheel	2026-09-10T21:37:44.8132035Z   Preparing metadata (pyproject.toml): finished with status 'done'
Candidate source evidence	Export and build the one non-promotable candidate wheel	2026-09-10T21:37:44.8186083Z Building wheels for collected packages: se-harness
Candidate source evidence	Export and build the one non-promotable candidate wheel	2026-09-10T21:37:44.8194185Z   Building wheel for se-harness (pyproject.toml): started
Candidate source evidence	Export and build the one non-promotable candidate wheel	2026-09-10T21:37:45.1520473Z   Building wheel for se-harness (pyproject.toml): finished with status 'done'
Candidate source evidence	Export and build the one non-promotable candidate wheel	2026-09-10T21:37:45.1532624Z   Created wheel for se-harness: filename=se_harness-0.18.0-py3-none-any.whl size=484824 sha256=b3ccc761c7beacb11b81fe446bb174ccee84bfddc828b4c60acf52bb3827a7f3
Candidate source evidence	Export and build the one non-promotable candidate wheel	2026-09-10T21:37:45.1535322Z   Stored in directory: /tmp/pip-ephem-wheel-cache-mjpst4yw/wheels/82/2d/b2/e08890299b718e07f3c1733b6c37897b1fd983619937ee73b3
Candidate source evidence	Export and build the one non-promotable candidate wheel	2026-09-10T21:37:45.1610464Z Successfully built se-harness
Candidate source evidence	Prove candidate source made no checkout change	﻿2026-09-10T21:37:45.2188539Z ##[group]Run git diff --exit-code
Candidate source evidence	Prove candidate source made no checkout change	2026-09-10T21:37:45.2189007Z ^[[36;1mgit diff --exit-code^[[0m
Candidate source evidence	Prove candidate source made no checkout change	2026-09-10T21:37:45.2189798Z ^[[36;1mtest -z "$(git status --porcelain=v1 --untracked-files=all)"^[[0m
Candidate source evidence	Prove candidate source made no checkout change	2026-09-10T21:37:45.2226048Z shell: /usr/bin/bash -e {0}
Candidate source evidence	Prove candidate source made no checkout change	2026-09-10T21:37:45.2226483Z env:
Candidate source evidence	Prove candidate source made no checkout change	2026-09-10T21:37:45.2226786Z   PYTHONNOUSERSITE: 1
Candidate source evidence	Prove candidate source made no checkout change	2026-09-10T21:37:45.2227107Z   PYTHONPATH: 
Candidate source evidence	Prove candidate source made no checkout change	2026-09-10T21:37:45.2227594Z   pythonLocation: /opt/hostedtoolcache/Python/3.11.16/x64
Candidate source evidence	Prove candidate source made no checkout change	2026-09-10T21:37:45.2228177Z   PKG_CONFIG_PATH: /opt/hostedtoolcache/Python/3.11.16/x64/lib/pkgconfig
Candidate source evidence	Prove candidate source made no checkout change	2026-09-10T21:37:45.2228781Z   Python_ROOT_DIR: /opt/hostedtoolcache/Python/3.11.16/x64
Candidate source evidence	Prove candidate source made no checkout change	2026-09-10T21:37:45.2229557Z   Python2_ROOT_DIR: /opt/hostedtoolcache/Python/3.11.16/x64
Candidate source evidence	Prove candidate source made no checkout change	2026-09-10T21:37:45.2230142Z   Python3_ROOT_DIR: /opt/hostedtoolcache/Python/3.11.16/x64
Candidate source evidence	Prove candidate source made no checkout change	2026-09-10T21:37:45.2230666Z   LD_LIBRARY_PATH: /opt/hostedtoolcache/Python/3.11.16/x64/lib
Candidate source evidence	Prove candidate source made no checkout change	2026-09-10T21:37:45.2231142Z ##[endgroup]
Candidate source evidence	Hand the candidate wheel to the consuming jobs	﻿2026-09-10T21:37:45.2771501Z Node 20 is being deprecated. This workflow is running with Node 24 by default. If you need to temporarily use Node 20, you can set the ACTIONS_ALLOW_USE_UNSECURE_NODE_VERSION=true environment variable. For more information see: https://github.blog/changelog/2025-09-19-deprecation-of-node-20-on-github-actions-runners/
Candidate source evidence	Hand the candidate wheel to the consuming jobs	2026-09-10T21:37:45.2772935Z ##[group]Run actions/upload-artifact@ea165f8d65b6e75b540449e92b4886f43607fa02
Candidate source evidence	Hand the candidate wheel to the consuming jobs	2026-09-10T21:37:45.2773328Z with:
Candidate source evidence	Hand the candidate wheel to the consuming jobs	2026-09-10T21:37:45.2773679Z   name: candidate-wheel-non-promotable-328792438be98519225e3fa0f1d16f85da750519
Candidate source evidence	Hand the candidate wheel to the consuming jobs	2026-09-10T21:37:45.2774157Z   path: /home/runner/work/_temp/candidate-dist/
Candidate source evidence	Hand the candidate wheel to the consuming jobs	2026-09-10T21:37:45.2774471Z   if-no-files-found: error
Candidate source evidence	Hand the candidate wheel to the consuming jobs	2026-09-10T21:37:45.2774707Z   retention-days: 1
Candidate source evidence	Hand the candidate wheel to the consuming jobs	2026-09-10T21:37:45.2774920Z   compression-level: 6
Candidate source evidence	Hand the candidate wheel to the consuming jobs	2026-09-10T21:37:45.2775137Z   overwrite: false
Candidate source evidence	Hand the candidate wheel to the consuming jobs	2026-09-10T21:37:45.2775358Z   include-hidden-files: false
Candidate source evidence	Hand the candidate wheel to the consuming jobs	2026-09-10T21:37:45.2775590Z env:
Candidate source evidence	Hand the candidate wheel to the consuming jobs	2026-09-10T21:37:45.2775778Z   PYTHONNOUSERSITE: 1
Candidate source evidence	Hand the candidate wheel to the consuming jobs	2026-09-10T21:37:45.2776039Z   PYTHONPATH: 
Candidate source evidence	Hand the candidate wheel to the consuming jobs	2026-09-10T21:37:45.2776317Z   pythonLocation: /opt/hostedtoolcache/Python/3.11.16/x64
Candidate source evidence	Hand the candidate wheel to the consuming jobs	2026-09-10T21:37:45.2776758Z   PKG_CONFIG_PATH: /opt/hostedtoolcache/Python/3.11.16/x64/lib/pkgconfig
Candidate source evidence	Hand the candidate wheel to the consuming jobs	2026-09-10T21:37:45.2777185Z   Python_ROOT_DIR: /opt/hostedtoolcache/Python/3.11.16/x64
Candidate source evidence	Hand the candidate wheel to the consuming jobs	2026-09-10T21:37:45.2777568Z   Python2_ROOT_DIR: /opt/hostedtoolcache/Python/3.11.16/x64
Candidate source evidence	Hand the candidate wheel to the consuming jobs	2026-09-10T21:37:45.2777950Z   Python3_ROOT_DIR: /opt/hostedtoolcache/Python/3.11.16/x64
Candidate source evidence	Hand the candidate wheel to the consuming jobs	2026-09-10T21:37:45.2778345Z   LD_LIBRARY_PATH: /opt/hostedtoolcache/Python/3.11.16/x64/lib
Candidate source evidence	Hand the candidate wheel to the consuming jobs	2026-09-10T21:37:45.2778674Z ##[endgroup]
Candidate source evidence	Hand the candidate wheel to the consuming jobs	2026-09-10T21:37:45.4434817Z (node:6131) [DEP0040] DeprecationWarning: The `punycode` module is deprecated. Please use a userland alternative instead.
Candidate source evidence	Hand the candidate wheel to the consuming jobs	2026-09-10T21:37:45.4436153Z (Use `node --trace-deprecation ...` to show where the warning was created)
Candidate source evidence	Hand the candidate wheel to the consuming jobs	2026-09-10T21:37:45.4502298Z With the provided path, there will be 2 files uploaded
Candidate source evidence	Hand the candidate wheel to the consuming jobs	2026-09-10T21:37:45.4504553Z Artifact name is valid!
Candidate source evidence	Hand the candidate wheel to the consuming jobs	2026-09-10T21:37:45.4505772Z Root directory input is valid!
Candidate source evidence	Hand the candidate wheel to the consuming jobs	2026-09-10T21:37:45.6883231Z Beginning upload of artifact content to blob storage
Candidate source evidence	Hand the candidate wheel to the consuming jobs	2026-09-10T21:37:45.7272942Z (node:6131) [DEP0169] DeprecationWarning: `url.parse()` behavior is not standardized and prone to errors that have security implications. Use the WHATWG URL API instead. CVEs are not issued for `url.parse()` vulnerabilities.
Candidate source evidence	Hand the candidate wheel to the consuming jobs	2026-09-10T21:37:45.7851723Z Uploaded bytes 471518
Candidate source evidence	Hand the candidate wheel to the consuming jobs	2026-09-10T21:37:45.8015365Z Finished uploading artifact content to blob storage!
Candidate source evidence	Hand the candidate wheel to the consuming jobs	2026-09-10T21:37:45.8016425Z SHA256 digest of uploaded artifact zip is f065f15c7c8d11a37061cd785f394395098dbc89a4f611d793f717cf0552038e
Candidate source evidence	Hand the candidate wheel to the consuming jobs	2026-09-10T21:37:45.8017577Z Finalizing artifact upload
Candidate source evidence	Hand the candidate wheel to the consuming jobs	2026-09-10T21:37:46.0047551Z Artifact candidate-wheel-non-promotable-328792438be98519225e3fa0f1d16f85da750519.zip successfully finalized. Artifact ID 10174332616
Candidate source evidence	Hand the candidate wheel to the consuming jobs	2026-09-10T21:37:46.0049908Z Artifact candidate-wheel-non-promotable-328792438be98519225e3fa0f1d16f85da750519 has been successfully uploaded! Final size is 471518 bytes. Artifact ID is 10174332616
Candidate source evidence	Hand the candidate wheel to the consuming jobs	2026-09-10T21:37:46.0054650Z Artifact download URL: https://github.com/mmzen/se_harness/actions/runs/34533149779/artifacts/10174332616
Candidate source evidence	Retain the complete-candidate role result	﻿2026-09-10T21:37:46.0204225Z Node 20 is being deprecated. This workflow is running with Node 24 by default. If you need to temporarily use Node 20, you can set the ACTIONS_ALLOW_USE_UNSECURE_NODE_VERSION=true environment variable. For more information see: https://github.blog/changelog/2025-09-19-deprecation-of-node-20-on-github-actions-runners/
Candidate source evidence	Retain the complete-candidate role result	2026-09-10T21:37:46.0205647Z ##[group]Run actions/upload-artifact@ea165f8d65b6e75b540449e92b4886f43607fa02
Candidate source evidence	Retain the complete-candidate role result	2026-09-10T21:37:46.0206055Z with:
Candidate source evidence	Retain the complete-candidate role result	2026-09-10T21:37:46.0206284Z   name: complete-candidate-qualification
Candidate source evidence	Retain the complete-candidate role result	2026-09-10T21:37:46.0206636Z   path: /home/runner/work/_temp/complete-candidate.json
Candidate source evidence	Retain the complete-candidate role result	2026-09-10T21:37:46.0206970Z   if-no-files-found: warn
Candidate source evidence	Retain the complete-candidate role result	2026-09-10T21:37:46.0207223Z   compression-level: 6
Candidate source evidence	Retain the complete-candidate role result	2026-09-10T21:37:46.0207448Z   overwrite: false
Candidate source evidence	Retain the complete-candidate role result	2026-09-10T21:37:46.0207683Z   include-hidden-files: false
Candidate source evidence	Retain the complete-candidate role result	2026-09-10T21:37:46.0207924Z env:
Candidate source evidence	Retain the complete-candidate role result	2026-09-10T21:37:46.0208121Z   PYTHONNOUSERSITE: 1
Candidate source evidence	Retain the complete-candidate role result	2026-09-10T21:37:46.0208351Z   PYTHONPATH: 
Candidate source evidence	Retain the complete-candidate role result	2026-09-10T21:37:46.0208628Z   pythonLocation: /opt/hostedtoolcache/Python/3.11.16/x64
Candidate source evidence	Retain the complete-candidate role result	2026-09-10T21:37:46.0209367Z   PKG_CONFIG_PATH: /opt/hostedtoolcache/Python/3.11.16/x64/lib/pkgconfig
Candidate source evidence	Retain the complete-candidate role result	2026-09-10T21:37:46.0209818Z   Python_ROOT_DIR: /opt/hostedtoolcache/Python/3.11.16/x64
Candidate source evidence	Retain the complete-candidate role result	2026-09-10T21:37:46.0210208Z   Python2_ROOT_DIR: /opt/hostedtoolcache/Python/3.11.16/x64
Candidate source evidence	Retain the complete-candidate role result	2026-09-10T21:37:46.0210603Z   Python3_ROOT_DIR: /opt/hostedtoolcache/Python/3.11.16/x64
Candidate source evidence	Retain the complete-candidate role result	2026-09-10T21:37:46.0211005Z   LD_LIBRARY_PATH: /opt/hostedtoolcache/Python/3.11.16/x64/lib
Candidate source evidence	Retain the complete-candidate role result	2026-09-10T21:37:46.0211338Z ##[endgroup]
Candidate source evidence	Retain the complete-candidate role result	2026-09-10T21:37:46.1903293Z (node:6144) [DEP0040] DeprecationWarning: The `punycode` module is deprecated. Please use a userland alternative instead.
Candidate source evidence	Retain the complete-candidate role result	2026-09-10T21:37:46.1904269Z (Use `node --trace-deprecation ...` to show where the warning was created)
Candidate source evidence	Retain the complete-candidate role result	2026-09-10T21:37:46.1952750Z With the provided path, there will be 1 file uploaded
Candidate source evidence	Retain the complete-candidate role result	2026-09-10T21:37:46.1959299Z Artifact name is valid!
Candidate source evidence	Retain the complete-candidate role result	2026-09-10T21:37:46.1960473Z Root directory input is valid!
Candidate source evidence	Retain the complete-candidate role result	2026-09-10T21:37:46.3960969Z Beginning upload of artifact content to blob storage
Candidate source evidence	Retain the complete-candidate role result	2026-09-10T21:37:46.4182060Z (node:6144) [DEP0169] DeprecationWarning: `url.parse()` behavior is not standardized and prone to errors that have security implications. Use the WHATWG URL API instead. CVEs are not issued for `url.parse()` vulnerabilities.
Candidate source evidence	Retain the complete-candidate role result	2026-09-10T21:37:46.4477255Z Uploaded bytes 816
Candidate source evidence	Retain the complete-candidate role result	2026-09-10T21:37:46.4673120Z Finished uploading artifact content to blob storage!
Candidate source evidence	Retain the complete-candidate role result	2026-09-10T21:37:46.4674758Z SHA256 digest of uploaded artifact zip is 78b34d95c40d47f505dca50598c04ad901a78442eacb95c620709f8e875080c7
Candidate source evidence	Retain the complete-candidate role result	2026-09-10T21:37:46.4675902Z Finalizing artifact upload
Candidate source evidence	Retain the complete-candidate role result	2026-09-10T21:37:46.6597470Z Artifact complete-candidate-qualification.zip successfully finalized. Artifact ID 10174333011
Candidate source evidence	Retain the complete-candidate role result	2026-09-10T21:37:46.6599433Z Artifact complete-candidate-qualification has been successfully uploaded! Final size is 816 bytes. Artifact ID is 10174333011
Candidate source evidence	Retain the complete-candidate role result	2026-09-10T21:37:46.6604721Z Artifact download URL: https://github.com/mmzen/se_harness/actions/runs/34533149779/artifacts/10174333011
Candidate source evidence	Post Restore the suite timings of the previous run	﻿2026-09-10T21:37:46.6778060Z Node 20 is being deprecated. This workflow is running with Node 24 by default. If you need to temporarily use Node 20, you can set the ACTIONS_ALLOW_USE_UNSECURE_NODE_VERSION=true environment variable. For more information see: https://github.blog/changelog/2025-09-19-deprecation-of-node-20-on-github-actions-runners/
Candidate source evidence	Post Restore the suite timings of the previous run	2026-09-10T21:37:46.6779834Z Post job cleanup.
Candidate source evidence	Post Restore the suite timings of the previous run	2026-09-10T21:37:46.7900168Z (node:6156) [DEP0040] DeprecationWarning: The `punycode` module is deprecated. Please use a userland alternative instead.
Candidate source evidence	Post Restore the suite timings of the previous run	2026-09-10T21:37:46.7901257Z (Use `node --trace-deprecation ...` to show where the warning was created)
Candidate source evidence	Post Restore the suite timings of the previous run	2026-09-10T21:37:46.8062198Z [command]/usr/bin/tar --posix -cf cache.tzst --exclude cache.tzst -P -C /home/runner/work/se_harness/se_harness --files-from manifest.txt --use-compress-program zstdmt
Candidate source evidence	Post Restore the suite timings of the previous run	2026-09-10T21:37:46.8824424Z (node:6156) [DEP0169] DeprecationWarning: `url.parse()` behavior is not standardized and prone to errors that have security implications. Use the WHATWG URL API instead. CVEs are not issued for `url.parse()` vulnerabilities.
Candidate source evidence	Post Restore the suite timings of the previous run	2026-09-10T21:37:46.9286229Z Sent 3318 of 3318 (100.0%), 0.1 MBs/sec
Candidate source evidence	Post Restore the suite timings of the previous run	2026-09-10T21:37:47.0026713Z Cache saved with key: test-timings-Linux-34533149779
Candidate source evidence	Post Run actions/setup-python@a26af69be951a213d495a4c3e4e4022e16d87065	﻿2026-09-10T21:37:47.0150546Z Node 20 is being deprecated. This workflow is running with Node 24 by default. If you need to temporarily use Node 20, you can set the ACTIONS_ALLOW_USE_UNSECURE_NODE_VERSION=true environment variable. For more information see: https://github.blog/changelog/2025-09-19-deprecation-of-node-20-on-github-actions-runners/
Candidate source evidence	Post Run actions/setup-python@a26af69be951a213d495a4c3e4e4022e16d87065	2026-09-10T21:37:47.0151889Z Post job cleanup.
Candidate source evidence	Post Run actions/setup-python@a26af69be951a213d495a4c3e4e4022e16d87065	2026-09-10T21:37:47.1426822Z (node:6176) [DEP0040] DeprecationWarning: The `punycode` module is deprecated. Please use a userland alternative instead.
Candidate source evidence	Post Run actions/setup-python@a26af69be951a213d495a4c3e4e4022e16d87065	2026-09-10T21:37:47.1428378Z (Use `node --trace-deprecation ...` to show where the warning was created)
Candidate source evidence	Post Run actions/checkout@11d5960a326750d5838078e36cf38b85af677262	﻿2026-09-10T21:37:47.1638294Z Node 20 is being deprecated. This workflow is running with Node 24 by default. If you need to temporarily use Node 20, you can set the ACTIONS_ALLOW_USE_UNSECURE_NODE_VERSION=true environment variable. For more information see: https://github.blog/changelog/2025-09-19-deprecation-of-node-20-on-github-actions-runners/
Candidate source evidence	Post Run actions/checkout@11d5960a326750d5838078e36cf38b85af677262	2026-09-10T21:37:47.1640728Z Post job cleanup.
Candidate source evidence	Post Run actions/checkout@11d5960a326750d5838078e36cf38b85af677262	2026-09-10T21:37:47.2604952Z [command]/usr/bin/git version
Candidate source evidence	Post Run actions/checkout@11d5960a326750d5838078e36cf38b85af677262	2026-09-10T21:37:47.2652620Z git version 2.55.0
Candidate source evidence	Post Run actions/checkout@11d5960a326750d5838078e36cf38b85af677262	2026-09-10T21:37:47.2697855Z Temporarily overriding HOME='/home/runner/work/_temp/d8238aaa-adc9-44f3-afd8-d94424684b3a' before making global git config changes
Candidate source evidence	Post Run actions/checkout@11d5960a326750d5838078e36cf38b85af677262	2026-09-10T21:37:47.2699760Z Adding repository directory to the temporary git global config as a safe directory
Candidate source evidence	Post Run actions/checkout@11d5960a326750d5838078e36cf38b85af677262	2026-09-10T21:37:47.2701058Z [command]/usr/bin/git config --global --add safe.directory /home/runner/work/se_harness/se_harness
Candidate source evidence	Post Run actions/checkout@11d5960a326750d5838078e36cf38b85af677262	2026-09-10T21:37:47.2744804Z [command]/usr/bin/git config --local --name-only --get-regexp core\.sshCommand
Candidate source evidence	Post Run actions/checkout@11d5960a326750d5838078e36cf38b85af677262	2026-09-10T21:37:47.2784115Z [command]/usr/bin/git submodule foreach --recursive sh -c "git config --local --name-only --get-regexp 'core\.sshCommand' && git config --local --unset-all 'core.sshCommand' || :"
Candidate source evidence	Post Run actions/checkout@11d5960a326750d5838078e36cf38b85af677262	2026-09-10T21:37:47.3063842Z [command]/usr/bin/git config --local --name-only --get-regexp http\.https\:\/\/github\.com\/\.extraheader
Candidate source evidence	Post Run actions/checkout@11d5960a326750d5838078e36cf38b85af677262	2026-09-10T21:37:47.3112175Z [command]/usr/bin/git submodule foreach --recursive sh -c "git config --local --name-only --get-regexp 'http\.https\:\/\/github\.com\/\.extraheader' && git config --local --unset-all 'http.https://github.com/.extraheader' || :"
Candidate source evidence	Post Run actions/checkout@11d5960a326750d5838078e36cf38b85af677262	2026-09-10T21:37:47.3405318Z [command]/usr/bin/git config --local --name-only --get-regexp ^includeIf\.gitdir:
Candidate source evidence	Post Run actions/checkout@11d5960a326750d5838078e36cf38b85af677262	2026-09-10T21:37:47.3457181Z [command]/usr/bin/git submodule foreach --recursive git config --local --show-origin --name-only --get-regexp remote.origin.url
Candidate source evidence	Complete job	﻿2026-09-10T21:37:47.3873343Z Evaluate and set job outputs
Candidate source evidence	Complete job	2026-09-10T21:37:47.3880307Z Set output 'candidate_version'
Candidate source evidence	Complete job	2026-09-10T21:37:47.3882142Z Set output 'predecessor_version'
Candidate source evidence	Complete job	2026-09-10T21:37:47.3882911Z Set output 'predecessor_wheel'
Candidate source evidence	Complete job	2026-09-10T21:37:47.3883438Z Set output 'predecessor_wheel_sha256'
Candidate source evidence	Complete job	2026-09-10T21:37:47.3883973Z Set output 'predecessor_payload_sha256'
Candidate source evidence	Complete job	2026-09-10T21:37:47.3884721Z Cleaning up orphan processes
Candidate source evidence	Complete job	2026-09-10T21:37:47.4165304Z ##[warning]Node.js 20 is deprecated. The following actions target Node.js 20 but are being forced to run on Node.js 24: actions/cache@5a3ec84eff668545956fd18022155c47e93e2684, actions/checkout@11d5960a326750d5838078e36cf38b85af677262, actions/setup-python@a26af69be951a213d495a4c3e4e4022e16d87065, actions/upload-artifact@ea165f8d65b6e75b540449e92b4886f43607fa02. For more information see: https://github.blog/changelog/2025-09-19-deprecation-of-node-20-on-github-actions-runners/
