{
  "schema": "se-harness-workflow-result-v2",
  "digest_format": "machine-fields-v1",
  "candidate": {},
  "operation": {
    "kind": "check",
    "outcome": "completed"
  },
  "selection": {
    "primary": "WO-IAR-017",
    "artifacts": [
      "WO-IAR-017"
    ]
  },
  "scope": {
    "mode": "selected",
    "governing": [
      "ADR-IAR-011",
      "ARCH-IAR-011",
      "CAP-IAR-002",
      "INT-IAR-001",
      "REQ-IAR-022",
      "REQ-IAR-023",
      "REQ-IAR-024",
      "REQ-IAR-025",
      "REQ-IAR-026",
      "REQ-IAR-027",
      "SPEC-IAR-014",
      "VER-IAR-014"
    ],
    "dependencies": [],
    "declared_paths": [
      "docs/engineering/instruction-architecture/evidence/WO-IAR-017/",
      "docs/engineering/instruction-architecture/work-orders/WO-IAR-017.md",
      "tests/"
    ],
    "changed_paths": [],
    "change_set_complete": false
  },
  "compliance": {
    "checkpoint": "pre-action",
    "workflow_rule_id": "WFL-WO-PREPARE-VREC",
    "procedure_id": "PROC-WO-PREPARE-VREC",
    "status": "not_assessable",
    "gates": []
  },
  "procedure": {
    "id": "PROC-WO-PREPARE-VREC",
    "current_step": "STEP-WO-PREPARE-VREC-CAPTURE",
    "steps": [
      {
        "id": "STEP-WO-PREPARE-VREC-CAPTURE",
        "kind": "command",
        "gate_ids": [
          "QG-G4-CANDIDATE-READY"
        ],
        "effects": [
          "Prepare one ready VREC using the selected approved inputs."
        ],
        "non_effects": [
          "Substitute inspected record, verification and evidence inputs before running this command. Preparation does not verify WO-IAR-017."
        ],
        "argv": [
          "harnessctl",
          "capture-verification",
          ".",
          "--work-order",
          "WO-IAR-017",
          "--owner",
          "delegated-executor",
          "--id",
          "VREC-...",
          "--verification",
          "VER-...",
          "--evidence",
          "..."
        ],
        "corrective": {
          "QGP-G4C-STATUS": {
            "kind": "response",
            "value": "Resolve QGP-G4C-STATUS for WO-IAR-017 using the reported candidate-readiness failure, then retry preparation."
          },
          "QGP-G4C-GRAPH": {
            "kind": "response",
            "value": "Resolve QGP-G4C-GRAPH for WO-IAR-017 using the reported candidate-readiness failure, then retry preparation."
          },
          "QGP-G4C-INTEGRITY": {
            "kind": "response",
            "value": "Resolve QGP-G4C-INTEGRITY for WO-IAR-017 using the reported candidate-readiness failure, then retry preparation."
          }
        }
      }
    ]
  },
  "state": {
    "before": [
      {
        "id": "WO-IAR-017",
        "status": "implemented"
      }
    ],
    "after": [
      {
        "id": "WO-IAR-017",
        "status": "implemented"
      }
    ]
  },
  "findings": {
    "scoped_blockers": [],
    "repository_blockers": [],
    "unrelated_count": 50
  },
  "mutation": {
    "writes": []
  },
  "restitution": {
    "outcome": "completed",
    "done": [
      "WO-IAR-017 is implemented; no assurance decision was inferred."
    ],
    "not_done": [],
    "blocked_by": [],
    "current_lifecycle_state": [
      "WO-IAR-017 is implemented."
    ],
    "decision_required": null,
    "next": {
      "procedure_id": "PROC-WO-PREPARE-VREC",
      "step_id": "STEP-WO-PREPARE-VREC-CAPTURE",
      "action": "Run the bound command"
    },
    "command_or_response": {
      "kind": "command",
      "argv": [
        "harnessctl",
        "capture-verification",
        ".",
        "--work-order",
        "WO-IAR-017",
        "--owner",
        "delegated-executor",
        "--id",
        "VREC-...",
        "--verification",
        "VER-...",
        "--evidence",
        "..."
      ]
    },
    "alternatives": []
  },
  "result_sha256": "38874a3b24470947ba8dbec87042fc4a130b856083aa759c20668ed65bf9aaea",
  "context": {
    "reading_manifest": [
      "ENGINEERING_HARNESS.md",
      "docs/engineering/OPERATING_CARD.md",
      "AGENTS.md",
      "docs/engineering/ARTIFACT_AUTHORING.md",
      "docs/engineering/instruction-architecture/intent/INT-IAR-001.md",
      "docs/engineering/instruction-architecture/capabilities/CAP-IAR-002.md",
      "docs/engineering/instruction-architecture/requirements/REQ-IAR-022.md",
      "docs/engineering/instruction-architecture/requirements/REQ-IAR-023.md",
      "docs/engineering/instruction-architecture/requirements/REQ-IAR-024.md",
      "docs/engineering/instruction-architecture/requirements/REQ-IAR-025.md",
      "docs/engineering/instruction-architecture/requirements/REQ-IAR-026.md",
      "docs/engineering/instruction-architecture/requirements/REQ-IAR-027.md",
      "docs/engineering/instruction-architecture/specifications/SPEC-IAR-014.md",
      "docs/engineering/instruction-architecture/architecture/ARCH-IAR-011.md",
      "docs/engineering/instruction-architecture/architecture/adr/ADR-IAR-011.md",
      "docs/engineering/instruction-architecture/verification/VER-IAR-014.md",
      "docs/engineering/instruction-architecture/work-orders/WO-IAR-017.md"
    ],
    "governing": [
      "ADR-IAR-011",
      "ARCH-IAR-011",
      "CAP-IAR-002",
      "INT-IAR-001",
      "REQ-IAR-022",
      "REQ-IAR-023",
      "REQ-IAR-024",
      "REQ-IAR-025",
      "REQ-IAR-026",
      "REQ-IAR-027",
      "SPEC-IAR-014",
      "VER-IAR-014"
    ],
    "declared_paths": [
      "tests/",
      "docs/engineering/instruction-architecture/work-orders/WO-IAR-017.md",
      "docs/engineering/instruction-architecture/evidence/WO-IAR-017/"
    ],
    "state": {
      "status": "implemented",
      "family": "work_order"
    },
    "next": {
      "argv": [
        "harnessctl",
        "capture-verification",
        ".",
        "--work-order",
        "WO-IAR-017",
        "--owner",
        "delegated-executor",
        "--id",
        "VREC-...",
        "--verification",
        "VER-...",
        "--evidence",
        "..."
      ],
      "procedure_id": "PROC-WO-PREPARE-VREC",
      "step_id": "STEP-WO-PREPARE-VREC-CAPTURE"
    },
    "decision_required": null
  }
}
