{
  "schema": "se-harness-workflow-result-v2",
  "digest_format": "machine-fields-v1",
  "candidate": {
    "commit": "82c78c18a5229cc54d53b443708457669efe152e",
    "git_object_format": "sha1"
  },
  "operation": {
    "kind": "check",
    "outcome": "completed"
  },
  "selection": {
    "primary": "VREC-IAR-009",
    "artifacts": [
      "VREC-IAR-009"
    ]
  },
  "scope": {
    "mode": "selected",
    "governing": [
      "ADR-IAR-011",
      "ARCH-IAR-011",
      "CAP-IAR-002",
      "INT-IAR-001",
      "REQ-IAR-022",
      "REQ-IAR-023",
      "REQ-IAR-024",
      "REQ-IAR-025",
      "REQ-IAR-026",
      "REQ-IAR-027",
      "SPEC-IAR-014",
      "VER-IAR-014",
      "WO-IAR-017"
    ],
    "dependencies": [],
    "declared_paths": [],
    "changed_paths": [],
    "change_set_complete": false
  },
  "compliance": {
    "checkpoint": "pre-action",
    "workflow_rule_id": "WFL-VREC-DECIDE",
    "procedure_id": "PROC-VREC-DECIDE",
    "status": "not_assessable",
    "gates": []
  },
  "procedure": {
    "id": "PROC-VREC-DECIDE",
    "current_step": "STEP-VREC-DECIDE",
    "steps": [
      {
        "id": "STEP-VREC-DECIDE",
        "kind": "decision",
        "gate_ids": [
          "QG-G4-ASSURANCE-DECISION"
        ],
        "effects": [
          "Permits an explicit decision on VREC-IAR-009 only."
        ],
        "non_effects": [
          "Referenced work orders remain unchanged."
        ],
        "decision_right": "DR-VREC-DECIDE",
        "role": "assurance-owner",
        "artifact": "VREC-IAR-009",
        "decision": "whether the retained evidence verifies the exact candidate",
        "outcomes": [
          "verified",
          "reject",
          "supersede"
        ],
        "response": "I verify VREC-IAR-009 as assurance owner."
      }
    ]
  },
  "state": {
    "before": [
      {
        "id": "VREC-IAR-009",
        "status": "ready"
      }
    ],
    "after": [
      {
        "id": "VREC-IAR-009",
        "status": "ready"
      }
    ]
  },
  "findings": {
    "scoped_blockers": [],
    "repository_blockers": [],
    "unrelated_count": 50
  },
  "mutation": {
    "writes": []
  },
  "restitution": {
    "outcome": "completed",
    "done": [
      "Projected assurance candidate VREC-IAR-009."
    ],
    "not_done": [],
    "blocked_by": [],
    "current_lifecycle_state": [
      "VREC-IAR-009 is ready; referenced work orders were not changed."
    ],
    "decision_required": {
      "decision_right": "DR-VREC-DECIDE",
      "role": "assurance-owner",
      "artifact": "VREC-IAR-009",
      "decision": "whether the retained evidence verifies the exact candidate",
      "outcomes": [
        "verified",
        "reject",
        "supersede"
      ]
    },
    "next": {
      "procedure_id": "PROC-VREC-DECIDE",
      "step_id": "STEP-VREC-DECIDE",
      "action": "whether the retained evidence verifies the exact candidate"
    },
    "command_or_response": {
      "kind": "response",
      "value": "I verify VREC-IAR-009 as assurance owner."
    },
    "alternatives": [
      "Use complete alternative procedure PROC-VREC-REJECT.",
      "Use complete alternative procedure PROC-VREC-SUPERSEDE."
    ]
  },
  "result_sha256": "6cbeae9cc8c4a579a0721c72feab962537f2a7db3372c89fd1e53cab1341a706",
  "context": {
    "reading_manifest": [
      "ENGINEERING_HARNESS.md",
      "docs/engineering/OPERATING_CARD.md",
      "AGENTS.md",
      "docs/engineering/ARTIFACT_AUTHORING.md",
      "docs/engineering/instruction-architecture/intent/INT-IAR-001.md",
      "docs/engineering/instruction-architecture/capabilities/CAP-IAR-002.md",
      "docs/engineering/instruction-architecture/requirements/REQ-IAR-022.md",
      "docs/engineering/instruction-architecture/requirements/REQ-IAR-023.md",
      "docs/engineering/instruction-architecture/requirements/REQ-IAR-024.md",
      "docs/engineering/instruction-architecture/requirements/REQ-IAR-025.md",
      "docs/engineering/instruction-architecture/requirements/REQ-IAR-026.md",
      "docs/engineering/instruction-architecture/requirements/REQ-IAR-027.md",
      "docs/engineering/instruction-architecture/specifications/SPEC-IAR-014.md",
      "docs/engineering/instruction-architecture/architecture/ARCH-IAR-011.md",
      "docs/engineering/instruction-architecture/architecture/adr/ADR-IAR-011.md",
      "docs/engineering/instruction-architecture/verification/VER-IAR-014.md",
      "docs/engineering/instruction-architecture/work-orders/WO-IAR-017.md"
    ],
    "governing": [
      "ADR-IAR-011",
      "ARCH-IAR-011",
      "CAP-IAR-002",
      "INT-IAR-001",
      "REQ-IAR-022",
      "REQ-IAR-023",
      "REQ-IAR-024",
      "REQ-IAR-025",
      "REQ-IAR-026",
      "REQ-IAR-027",
      "SPEC-IAR-014",
      "VER-IAR-014",
      "WO-IAR-017"
    ],
    "declared_paths": [],
    "state": {
      "status": "ready",
      "family": "verification_record"
    },
    "next": {
      "argv": [],
      "procedure_id": "PROC-VREC-DECIDE",
      "step_id": "STEP-VREC-DECIDE"
    },
    "decision_required": {
      "decision_right": "DR-VREC-DECIDE",
      "role": "assurance-owner",
      "artifact": "VREC-IAR-009",
      "decision": "whether the retained evidence verifies the exact candidate",
      "outcomes": [
        "verified",
        "reject",
        "supersede"
      ]
    }
  }
}
