validate	Set up job	﻿2026-09-11T06:14:02.3940777Z Current runner version: '2.337.0'
validate	Set up job	2026-09-11T06:14:02.3966381Z ##[group]Runner Image Provisioner
validate	Set up job	2026-09-11T06:14:02.3967259Z Hosted Compute Agent
validate	Set up job	2026-09-11T06:14:02.3967949Z Version: 20260828.587
validate	Set up job	2026-09-11T06:14:02.3968597Z Commit: abac92662cab4cc7352de4f9f9d2e2419aad9c29
validate	Set up job	2026-09-11T06:14:02.3969377Z Build Date: 2026-08-28T16:44:25Z
validate	Set up job	2026-09-11T06:14:02.3970121Z Worker ID: {6b212b25-a821-4565-bab8-ff4922da02da}
validate	Set up job	2026-09-11T06:14:02.3970839Z Azure Region: eastus
validate	Set up job	2026-09-11T06:14:02.3971459Z ##[endgroup]
validate	Set up job	2026-09-11T06:14:02.3972928Z ##[group]Operating System
validate	Set up job	2026-09-11T06:14:02.3973568Z Ubuntu
validate	Set up job	2026-09-11T06:14:02.3974414Z 24.04.5
validate	Set up job	2026-09-11T06:14:02.3975033Z LTS
validate	Set up job	2026-09-11T06:14:02.3975626Z ##[endgroup]
validate	Set up job	2026-09-11T06:14:02.3976180Z ##[group]Runner Image
validate	Set up job	2026-09-11T06:14:02.3976834Z Image: ubuntu-24.04
validate	Set up job	2026-09-11T06:14:02.3977451Z Version: 20260907.300.1
validate	Set up job	2026-09-11T06:14:02.3978504Z Included Software: https://github.com/actions/runner-images/blob/ubuntu24/20260907.300/images/ubuntu/Ubuntu2404-Readme.md
validate	Set up job	2026-09-11T06:14:02.3980385Z Image Release: https://github.com/actions/runner-images/releases/tag/ubuntu24%2F20260907.300
validate	Set up job	2026-09-11T06:14:02.3981480Z ##[endgroup]
validate	Set up job	2026-09-11T06:14:02.3982718Z ##[group]GITHUB_TOKEN Permissions
validate	Set up job	2026-09-11T06:14:02.3985023Z Contents: read
validate	Set up job	2026-09-11T06:14:02.3985708Z Metadata: read
validate	Set up job	2026-09-11T06:14:02.3986273Z PullRequests: read
validate	Set up job	2026-09-11T06:14:02.3986956Z ##[endgroup]
validate	Set up job	2026-09-11T06:14:02.3989007Z Secret source: Actions
validate	Set up job	2026-09-11T06:14:02.3990070Z Cache mode: write
validate	Set up job	2026-09-11T06:14:02.3990748Z Prepare workflow directory
validate	Set up job	2026-09-11T06:14:02.4374508Z Prepare all required actions
validate	Set up job	2026-09-11T06:14:02.4424035Z Getting action download info
validate	Set up job	2026-09-11T06:14:02.6879718Z Download action repository 'actions/checkout@11d5960a326750d5838078e36cf38b85af677262' (SHA:11d5960a326750d5838078e36cf38b85af677262)
validate	Set up job	2026-09-11T06:14:02.7970782Z Download action repository 'actions/setup-python@a26af69be951a213d495a4c3e4e4022e16d87065' (SHA:a26af69be951a213d495a4c3e4e4022e16d87065)
validate	Set up job	2026-09-11T06:14:02.8988297Z Download action repository 'actions/upload-artifact@ea165f8d65b6e75b540449e92b4886f43607fa02' (SHA:ea165f8d65b6e75b540449e92b4886f43607fa02)
validate	Set up job	2026-09-11T06:14:03.1040877Z Complete job name: validate
validate	Run actions/checkout@11d5960a326750d5838078e36cf38b85af677262	﻿2026-09-11T06:14:03.1810581Z Node 20 is being deprecated. This workflow is running with Node 24 by default. If you need to temporarily use Node 20, you can set the ACTIONS_ALLOW_USE_UNSECURE_NODE_VERSION=true environment variable. For more information see: https://github.blog/changelog/2025-09-19-deprecation-of-node-20-on-github-actions-runners/
validate	Run actions/checkout@11d5960a326750d5838078e36cf38b85af677262	2026-09-11T06:14:03.1819680Z ##[group]Run actions/checkout@11d5960a326750d5838078e36cf38b85af677262
validate	Run actions/checkout@11d5960a326750d5838078e36cf38b85af677262	2026-09-11T06:14:03.1820605Z with:
validate	Run actions/checkout@11d5960a326750d5838078e36cf38b85af677262	2026-09-11T06:14:03.1821059Z   repository: mmzen/se_harness
validate	Run actions/checkout@11d5960a326750d5838078e36cf38b85af677262	2026-09-11T06:14:03.1824879Z   token: ***
validate	Run actions/checkout@11d5960a326750d5838078e36cf38b85af677262	2026-09-11T06:14:03.1825317Z   ssh-strict: true
validate	Run actions/checkout@11d5960a326750d5838078e36cf38b85af677262	2026-09-11T06:14:03.1825766Z   ssh-user: git
validate	Run actions/checkout@11d5960a326750d5838078e36cf38b85af677262	2026-09-11T06:14:03.1826208Z   persist-credentials: true
validate	Run actions/checkout@11d5960a326750d5838078e36cf38b85af677262	2026-09-11T06:14:03.1826691Z   clean: true
validate	Run actions/checkout@11d5960a326750d5838078e36cf38b85af677262	2026-09-11T06:14:03.1827142Z   sparse-checkout-cone-mode: true
validate	Run actions/checkout@11d5960a326750d5838078e36cf38b85af677262	2026-09-11T06:14:03.1827692Z   fetch-depth: 1
validate	Run actions/checkout@11d5960a326750d5838078e36cf38b85af677262	2026-09-11T06:14:03.1828116Z   fetch-tags: false
validate	Run actions/checkout@11d5960a326750d5838078e36cf38b85af677262	2026-09-11T06:14:03.1828556Z   show-progress: true
validate	Run actions/checkout@11d5960a326750d5838078e36cf38b85af677262	2026-09-11T06:14:03.1828994Z   lfs: false
validate	Run actions/checkout@11d5960a326750d5838078e36cf38b85af677262	2026-09-11T06:14:03.1829429Z   submodules: false
validate	Run actions/checkout@11d5960a326750d5838078e36cf38b85af677262	2026-09-11T06:14:03.1829874Z   set-safe-directory: true
validate	Run actions/checkout@11d5960a326750d5838078e36cf38b85af677262	2026-09-11T06:14:03.1830375Z   allow-unsafe-pr-checkout: false
validate	Run actions/checkout@11d5960a326750d5838078e36cf38b85af677262	2026-09-11T06:14:03.1831147Z env:
validate	Run actions/checkout@11d5960a326750d5838078e36cf38b85af677262	2026-09-11T06:14:03.1831568Z   SE_HARNESS_VERSION: 0.17.0
validate	Run actions/checkout@11d5960a326750d5838078e36cf38b85af677262	2026-09-11T06:14:03.1832049Z ##[endgroup]
validate	Run actions/checkout@11d5960a326750d5838078e36cf38b85af677262	2026-09-11T06:14:03.2819114Z Syncing repository: mmzen/se_harness
validate	Run actions/checkout@11d5960a326750d5838078e36cf38b85af677262	2026-09-11T06:14:03.2821600Z ##[group]Getting Git version info
validate	Run actions/checkout@11d5960a326750d5838078e36cf38b85af677262	2026-09-11T06:14:03.2822781Z Working directory is '/home/runner/work/se_harness/se_harness'
validate	Run actions/checkout@11d5960a326750d5838078e36cf38b85af677262	2026-09-11T06:14:03.2824687Z [command]/usr/bin/git version
validate	Run actions/checkout@11d5960a326750d5838078e36cf38b85af677262	2026-09-11T06:14:03.2910995Z git version 2.55.0
validate	Run actions/checkout@11d5960a326750d5838078e36cf38b85af677262	2026-09-11T06:14:03.2944943Z ##[endgroup]
validate	Run actions/checkout@11d5960a326750d5838078e36cf38b85af677262	2026-09-11T06:14:03.2953185Z Temporarily overriding HOME='/home/runner/work/_temp/22e8d6b4-0ac2-4c40-8f5f-79317002c0d0' before making global git config changes
validate	Run actions/checkout@11d5960a326750d5838078e36cf38b85af677262	2026-09-11T06:14:03.2956607Z Adding repository directory to the temporary git global config as a safe directory
validate	Run actions/checkout@11d5960a326750d5838078e36cf38b85af677262	2026-09-11T06:14:03.2958860Z [command]/usr/bin/git config --global --add safe.directory /home/runner/work/se_harness/se_harness
validate	Run actions/checkout@11d5960a326750d5838078e36cf38b85af677262	2026-09-11T06:14:03.3015460Z Deleting the contents of '/home/runner/work/se_harness/se_harness'
validate	Run actions/checkout@11d5960a326750d5838078e36cf38b85af677262	2026-09-11T06:14:03.3019509Z ##[group]Initializing the repository
validate	Run actions/checkout@11d5960a326750d5838078e36cf38b85af677262	2026-09-11T06:14:03.3023023Z [command]/usr/bin/git init /home/runner/work/se_harness/se_harness
validate	Run actions/checkout@11d5960a326750d5838078e36cf38b85af677262	2026-09-11T06:14:03.3152088Z hint: Using 'master' as the name for the initial branch. This default branch name
validate	Run actions/checkout@11d5960a326750d5838078e36cf38b85af677262	2026-09-11T06:14:03.3153594Z hint: will change to "main" in Git 3.0. To configure the initial branch name
validate	Run actions/checkout@11d5960a326750d5838078e36cf38b85af677262	2026-09-11T06:14:03.3154879Z hint: to use in all of your new repositories, which will suppress this warning,
validate	Run actions/checkout@11d5960a326750d5838078e36cf38b85af677262	2026-09-11T06:14:03.3156247Z hint: call:
validate	Run actions/checkout@11d5960a326750d5838078e36cf38b85af677262	2026-09-11T06:14:03.3156975Z hint:
validate	Run actions/checkout@11d5960a326750d5838078e36cf38b85af677262	2026-09-11T06:14:03.3157847Z hint: 	git config --global init.defaultBranch <name>
validate	Run actions/checkout@11d5960a326750d5838078e36cf38b85af677262	2026-09-11T06:14:03.3158971Z hint:
validate	Run actions/checkout@11d5960a326750d5838078e36cf38b85af677262	2026-09-11T06:14:03.3159788Z hint: Names commonly chosen instead of 'master' are 'main', 'trunk' and
validate	Run actions/checkout@11d5960a326750d5838078e36cf38b85af677262	2026-09-11T06:14:03.3161243Z hint: 'development'. The just-created branch can be renamed via this command:
validate	Run actions/checkout@11d5960a326750d5838078e36cf38b85af677262	2026-09-11T06:14:03.3162282Z hint:
validate	Run actions/checkout@11d5960a326750d5838078e36cf38b85af677262	2026-09-11T06:14:03.3162912Z hint: 	git branch -m <name>
validate	Run actions/checkout@11d5960a326750d5838078e36cf38b85af677262	2026-09-11T06:14:03.3163428Z hint:
validate	Run actions/checkout@11d5960a326750d5838078e36cf38b85af677262	2026-09-11T06:14:03.3164467Z hint: Disable this message with "git config set advice.defaultBranchName false"
validate	Run actions/checkout@11d5960a326750d5838078e36cf38b85af677262	2026-09-11T06:14:03.3165982Z Initialized empty Git repository in /home/runner/work/se_harness/se_harness/.git/
validate	Run actions/checkout@11d5960a326750d5838078e36cf38b85af677262	2026-09-11T06:14:03.3171102Z [command]/usr/bin/git remote add origin https://github.com/mmzen/se_harness
validate	Run actions/checkout@11d5960a326750d5838078e36cf38b85af677262	2026-09-11T06:14:03.3226038Z ##[endgroup]
validate	Run actions/checkout@11d5960a326750d5838078e36cf38b85af677262	2026-09-11T06:14:03.3226837Z ##[group]Disabling automatic garbage collection
validate	Run actions/checkout@11d5960a326750d5838078e36cf38b85af677262	2026-09-11T06:14:03.3230654Z [command]/usr/bin/git config --local gc.auto 0
validate	Run actions/checkout@11d5960a326750d5838078e36cf38b85af677262	2026-09-11T06:14:03.3261966Z ##[endgroup]
validate	Run actions/checkout@11d5960a326750d5838078e36cf38b85af677262	2026-09-11T06:14:03.3262736Z ##[group]Setting up auth
validate	Run actions/checkout@11d5960a326750d5838078e36cf38b85af677262	2026-09-11T06:14:03.3270467Z [command]/usr/bin/git config --local --name-only --get-regexp core\.sshCommand
validate	Run actions/checkout@11d5960a326750d5838078e36cf38b85af677262	2026-09-11T06:14:03.3308298Z [command]/usr/bin/git submodule foreach --recursive sh -c "git config --local --name-only --get-regexp 'core\.sshCommand' && git config --local --unset-all 'core.sshCommand' || :"
validate	Run actions/checkout@11d5960a326750d5838078e36cf38b85af677262	2026-09-11T06:14:03.3750559Z [command]/usr/bin/git config --local --name-only --get-regexp http\.https\:\/\/github\.com\/\.extraheader
validate	Run actions/checkout@11d5960a326750d5838078e36cf38b85af677262	2026-09-11T06:14:03.3790538Z [command]/usr/bin/git submodule foreach --recursive sh -c "git config --local --name-only --get-regexp 'http\.https\:\/\/github\.com\/\.extraheader' && git config --local --unset-all 'http.https://github.com/.extraheader' || :"
validate	Run actions/checkout@11d5960a326750d5838078e36cf38b85af677262	2026-09-11T06:14:03.4075498Z [command]/usr/bin/git config --local --name-only --get-regexp ^includeIf\.gitdir:
validate	Run actions/checkout@11d5960a326750d5838078e36cf38b85af677262	2026-09-11T06:14:03.4118282Z [command]/usr/bin/git submodule foreach --recursive git config --local --show-origin --name-only --get-regexp remote.origin.url
validate	Run actions/checkout@11d5960a326750d5838078e36cf38b85af677262	2026-09-11T06:14:03.4398806Z [command]/usr/bin/git config --local http.https://github.com/.extraheader AUTHORIZATION: basic ***
validate	Run actions/checkout@11d5960a326750d5838078e36cf38b85af677262	2026-09-11T06:14:03.4439726Z ##[endgroup]
validate	Run actions/checkout@11d5960a326750d5838078e36cf38b85af677262	2026-09-11T06:14:03.4449178Z ##[group]Fetching the repository
validate	Run actions/checkout@11d5960a326750d5838078e36cf38b85af677262	2026-09-11T06:14:03.4451232Z [command]/usr/bin/git -c protocol.version=2 fetch --no-tags --prune --no-recurse-submodules --depth=1 origin +ab9d7ab0f02e71c2b1fee5efa4daeb6bf83fb6f6:refs/remotes/pull/449/merge
validate	Run actions/checkout@11d5960a326750d5838078e36cf38b85af677262	2026-09-11T06:14:05.0940757Z From https://github.com/mmzen/se_harness
validate	Run actions/checkout@11d5960a326750d5838078e36cf38b85af677262	2026-09-11T06:14:05.0942970Z  * [new ref]         ab9d7ab0f02e71c2b1fee5efa4daeb6bf83fb6f6 -> pull/449/merge
validate	Run actions/checkout@11d5960a326750d5838078e36cf38b85af677262	2026-09-11T06:14:05.1027167Z ##[endgroup]
validate	Run actions/checkout@11d5960a326750d5838078e36cf38b85af677262	2026-09-11T06:14:05.1029674Z ##[group]Determining the checkout info
validate	Run actions/checkout@11d5960a326750d5838078e36cf38b85af677262	2026-09-11T06:14:05.1031751Z ##[endgroup]
validate	Run actions/checkout@11d5960a326750d5838078e36cf38b85af677262	2026-09-11T06:14:05.1033019Z [command]/usr/bin/git sparse-checkout disable
validate	Run actions/checkout@11d5960a326750d5838078e36cf38b85af677262	2026-09-11T06:14:05.1037119Z [command]/usr/bin/git config --local --unset-all extensions.worktreeConfig
validate	Run actions/checkout@11d5960a326750d5838078e36cf38b85af677262	2026-09-11T06:14:05.1054583Z ##[group]Checking out the ref
validate	Run actions/checkout@11d5960a326750d5838078e36cf38b85af677262	2026-09-11T06:14:05.1058823Z [command]/usr/bin/git checkout --progress --force refs/remotes/pull/449/merge
validate	Run actions/checkout@11d5960a326750d5838078e36cf38b85af677262	2026-09-11T06:14:05.6313427Z Note: switching to 'refs/remotes/pull/449/merge'.
validate	Run actions/checkout@11d5960a326750d5838078e36cf38b85af677262	2026-09-11T06:14:05.6314044Z 
validate	Run actions/checkout@11d5960a326750d5838078e36cf38b85af677262	2026-09-11T06:14:05.6314634Z You are in 'detached HEAD' state. You can look around, make experimental
validate	Run actions/checkout@11d5960a326750d5838078e36cf38b85af677262	2026-09-11T06:14:05.6315338Z changes and commit them, and you can discard any commits you make in this
validate	Run actions/checkout@11d5960a326750d5838078e36cf38b85af677262	2026-09-11T06:14:05.6316045Z state without impacting any branches by switching back to a branch.
validate	Run actions/checkout@11d5960a326750d5838078e36cf38b85af677262	2026-09-11T06:14:05.6316439Z 
validate	Run actions/checkout@11d5960a326750d5838078e36cf38b85af677262	2026-09-11T06:14:05.6316757Z If you want to create a new branch to retain commits you create, you may
validate	Run actions/checkout@11d5960a326750d5838078e36cf38b85af677262	2026-09-11T06:14:05.6317376Z do so (now or later) by using -c with the switch command. Example:
validate	Run actions/checkout@11d5960a326750d5838078e36cf38b85af677262	2026-09-11T06:14:05.6317742Z 
validate	Run actions/checkout@11d5960a326750d5838078e36cf38b85af677262	2026-09-11T06:14:05.6317925Z   git switch -c <new-branch-name>
validate	Run actions/checkout@11d5960a326750d5838078e36cf38b85af677262	2026-09-11T06:14:05.6318169Z 
validate	Run actions/checkout@11d5960a326750d5838078e36cf38b85af677262	2026-09-11T06:14:05.6318360Z Or undo this operation with:
validate	Run actions/checkout@11d5960a326750d5838078e36cf38b85af677262	2026-09-11T06:14:05.6318612Z 
validate	Run actions/checkout@11d5960a326750d5838078e36cf38b85af677262	2026-09-11T06:14:05.6318769Z   git switch -
validate	Run actions/checkout@11d5960a326750d5838078e36cf38b85af677262	2026-09-11T06:14:05.6319008Z 
validate	Run actions/checkout@11d5960a326750d5838078e36cf38b85af677262	2026-09-11T06:14:05.6319322Z Turn off this advice by setting config variable advice.detachedHead to false
validate	Run actions/checkout@11d5960a326750d5838078e36cf38b85af677262	2026-09-11T06:14:05.6319739Z 
validate	Run actions/checkout@11d5960a326750d5838078e36cf38b85af677262	2026-09-11T06:14:05.6320172Z HEAD is now at ab9d7ab Merge e5b48a16be2e5e59ecd17d7d28d24409ff5ce519 into 7fe82c95823503e54d2e35e00d8c409a6dd4b065
validate	Run actions/checkout@11d5960a326750d5838078e36cf38b85af677262	2026-09-11T06:14:05.6353393Z ##[endgroup]
validate	Run actions/checkout@11d5960a326750d5838078e36cf38b85af677262	2026-09-11T06:14:05.6400761Z [command]/usr/bin/git log -1 --format=%H
validate	Run actions/checkout@11d5960a326750d5838078e36cf38b85af677262	2026-09-11T06:14:05.6428084Z ab9d7ab0f02e71c2b1fee5efa4daeb6bf83fb6f6
validate	Run actions/setup-python@a26af69be951a213d495a4c3e4e4022e16d87065	﻿2026-09-11T06:14:05.6701687Z Node 20 is being deprecated. This workflow is running with Node 24 by default. If you need to temporarily use Node 20, you can set the ACTIONS_ALLOW_USE_UNSECURE_NODE_VERSION=true environment variable. For more information see: https://github.blog/changelog/2025-09-19-deprecation-of-node-20-on-github-actions-runners/
validate	Run actions/setup-python@a26af69be951a213d495a4c3e4e4022e16d87065	2026-09-11T06:14:05.6703862Z ##[group]Run actions/setup-python@a26af69be951a213d495a4c3e4e4022e16d87065
validate	Run actions/setup-python@a26af69be951a213d495a4c3e4e4022e16d87065	2026-09-11T06:14:05.6704794Z with:
validate	Run actions/setup-python@a26af69be951a213d495a4c3e4e4022e16d87065	2026-09-11T06:14:05.6705192Z   python-version: 3.11
validate	Run actions/setup-python@a26af69be951a213d495a4c3e4e4022e16d87065	2026-09-11T06:14:05.6705599Z   check-latest: false
validate	Run actions/setup-python@a26af69be951a213d495a4c3e4e4022e16d87065	2026-09-11T06:14:05.6708313Z   token: ***
validate	Run actions/setup-python@a26af69be951a213d495a4c3e4e4022e16d87065	2026-09-11T06:14:05.6708700Z   update-environment: true
validate	Run actions/setup-python@a26af69be951a213d495a4c3e4e4022e16d87065	2026-09-11T06:14:05.6709169Z   allow-prereleases: false
validate	Run actions/setup-python@a26af69be951a213d495a4c3e4e4022e16d87065	2026-09-11T06:14:05.6709582Z   freethreaded: false
validate	Run actions/setup-python@a26af69be951a213d495a4c3e4e4022e16d87065	2026-09-11T06:14:05.6709962Z env:
validate	Run actions/setup-python@a26af69be951a213d495a4c3e4e4022e16d87065	2026-09-11T06:14:05.6710326Z   SE_HARNESS_VERSION: 0.17.0
validate	Run actions/setup-python@a26af69be951a213d495a4c3e4e4022e16d87065	2026-09-11T06:14:05.6710732Z ##[endgroup]
validate	Run actions/setup-python@a26af69be951a213d495a4c3e4e4022e16d87065	2026-09-11T06:14:05.8035575Z ##[group]Installed versions
validate	Run actions/setup-python@a26af69be951a213d495a4c3e4e4022e16d87065	2026-09-11T06:14:05.8141724Z (node:2327) [DEP0040] DeprecationWarning: The `punycode` module is deprecated. Please use a userland alternative instead.
validate	Run actions/setup-python@a26af69be951a213d495a4c3e4e4022e16d87065	2026-09-11T06:14:05.8143417Z (Use `node --trace-deprecation ...` to show where the warning was created)
validate	Run actions/setup-python@a26af69be951a213d495a4c3e4e4022e16d87065	2026-09-11T06:14:05.8144336Z Successfully set up CPython (3.11.16)
validate	Run actions/setup-python@a26af69be951a213d495a4c3e4e4022e16d87065	2026-09-11T06:14:05.8145331Z ##[endgroup]
validate	Install the exact released evaluator	﻿2026-09-11T06:14:05.8340556Z ##[group]Run python -m venv "$RUNNER_TEMP/se-harness-env"
validate	Install the exact released evaluator	2026-09-11T06:14:05.8341703Z ^[[36;1mpython -m venv "$RUNNER_TEMP/se-harness-env"^[[0m
validate	Install the exact released evaluator	2026-09-11T06:14:05.8342725Z ^[[36;1m"$RUNNER_TEMP/se-harness-env/bin/python" -m pip install \^[[0m
validate	Install the exact released evaluator	2026-09-11T06:14:05.8343839Z ^[[36;1m  --disable-pip-version-check --no-deps --only-binary=:all: \^[[0m
validate	Install the exact released evaluator	2026-09-11T06:14:05.8345181Z ^[[36;1m  "se-harness==$SE_HARNESS_VERSION"^[[0m
validate	Install the exact released evaluator	2026-09-11T06:14:05.8421462Z shell: /usr/bin/bash --noprofile --norc -e -o pipefail {0}
validate	Install the exact released evaluator	2026-09-11T06:14:05.8422424Z env:
validate	Install the exact released evaluator	2026-09-11T06:14:05.8423100Z   SE_HARNESS_VERSION: 0.17.0
validate	Install the exact released evaluator	2026-09-11T06:14:05.8423992Z   pythonLocation: /opt/hostedtoolcache/Python/3.11.16/x64
validate	Install the exact released evaluator	2026-09-11T06:14:05.8425369Z   PKG_CONFIG_PATH: /opt/hostedtoolcache/Python/3.11.16/x64/lib/pkgconfig
validate	Install the exact released evaluator	2026-09-11T06:14:05.8426510Z   Python_ROOT_DIR: /opt/hostedtoolcache/Python/3.11.16/x64
validate	Install the exact released evaluator	2026-09-11T06:14:05.8427545Z   Python2_ROOT_DIR: /opt/hostedtoolcache/Python/3.11.16/x64
validate	Install the exact released evaluator	2026-09-11T06:14:05.8428581Z   Python3_ROOT_DIR: /opt/hostedtoolcache/Python/3.11.16/x64
validate	Install the exact released evaluator	2026-09-11T06:14:05.8429676Z   LD_LIBRARY_PATH: /opt/hostedtoolcache/Python/3.11.16/x64/lib
validate	Install the exact released evaluator	2026-09-11T06:14:05.8430589Z ##[endgroup]
validate	Install the exact released evaluator	2026-09-11T06:14:10.0750305Z Collecting se-harness==0.17.0
validate	Install the exact released evaluator	2026-09-11T06:14:10.1128780Z   Downloading se_harness-0.17.0-py3-none-any.whl.metadata (45 kB)
validate	Install the exact released evaluator	2026-09-11T06:14:10.1240586Z      ━━━━━━━━━━━━━━━━━━━━━━━━━━━━━━━━━━━━━━━━ 45.9/45.9 kB 4.1 MB/s eta 0:00:00
validate	Install the exact released evaluator	2026-09-11T06:14:10.1371700Z Downloading se_harness-0.17.0-py3-none-any.whl (484 kB)
validate	Install the exact released evaluator	2026-09-11T06:14:10.1615130Z    ━━━━━━━━━━━━━━━━━━━━━━━━━━━━━━━━━━━━━━━━ 484.5/484.5 kB 21.4 MB/s eta 0:00:00
validate	Install the exact released evaluator	2026-09-11T06:14:10.1663792Z Installing collected packages: se-harness
validate	Install the exact released evaluator	2026-09-11T06:14:10.3638027Z Successfully installed se-harness-0.17.0
validate	Read the live pull-request body	﻿2026-09-11T06:14:10.4151008Z ##[group]Run # ECP-LPB-002, -003: the declarations are selected from the pull request
validate	Read the live pull-request body	2026-09-11T06:14:10.4151681Z ^[[36;1m# ECP-LPB-002, -003: the declarations are selected from the pull request^[[0m
validate	Read the live pull-request body	2026-09-11T06:14:10.4152197Z ^[[36;1m# as it is now, not from the stored trigger snapshot, so a corrected^[[0m
validate	Read the live pull-request body	2026-09-11T06:14:10.4152676Z ^[[36;1m# body is honoured by re-running this check without a new push.^[[0m
validate	Read the live pull-request body	2026-09-11T06:14:10.4153077Z ^[[36;1mcurl --fail --silent --show-error \^[[0m
validate	Read the live pull-request body	2026-09-11T06:14:10.4153593Z ^[[36;1m  --header "Authorization: ***" \^[[0m
validate	Read the live pull-request body	2026-09-11T06:14:10.4153979Z ^[[36;1m  --header "Accept: application/vnd.github+json" \^[[0m
validate	Read the live pull-request body	2026-09-11T06:14:10.4154988Z ^[[36;1m  "$GITHUB_API_URL/repos/$GITHUB_REPOSITORY/pulls/$PULL_REQUEST_NUMBER" \^[[0m
validate	Read the live pull-request body	2026-09-11T06:14:10.4155451Z ^[[36;1m  > "$RUNNER_TEMP/pull-request.json"^[[0m
validate	Read the live pull-request body	2026-09-11T06:14:10.4156021Z ^[[36;1m"$RUNNER_TEMP/se-harness-env/bin/python" - "$RUNNER_TEMP/pull-request.json" "$RUNNER_TEMP/live-event.json" <<'PY'^[[0m
validate	Read the live pull-request body	2026-09-11T06:14:10.4156658Z ^[[36;1mimport json, sys^[[0m
validate	Read the live pull-request body	2026-09-11T06:14:10.4156956Z ^[[36;1mwith open(sys.argv[1], encoding="utf-8") as source:^[[0m
validate	Read the live pull-request body	2026-09-11T06:14:10.4157316Z ^[[36;1m    pull_request = json.load(source)^[[0m
validate	Read the live pull-request body	2026-09-11T06:14:10.4157672Z ^[[36;1mwith open(sys.argv[2], "w", encoding="utf-8") as target:^[[0m
validate	Read the live pull-request body	2026-09-11T06:14:10.4158127Z ^[[36;1m    json.dump({"pull_request": {"body": pull_request.get("body")}}, target)^[[0m
validate	Read the live pull-request body	2026-09-11T06:14:10.4158513Z ^[[36;1mPY^[[0m
validate	Read the live pull-request body	2026-09-11T06:14:10.4196372Z shell: /usr/bin/bash --noprofile --norc -e -o pipefail {0}
validate	Read the live pull-request body	2026-09-11T06:14:10.4196740Z env:
validate	Read the live pull-request body	2026-09-11T06:14:10.4196940Z   SE_HARNESS_VERSION: 0.17.0
validate	Read the live pull-request body	2026-09-11T06:14:10.4197263Z   pythonLocation: /opt/hostedtoolcache/Python/3.11.16/x64
validate	Read the live pull-request body	2026-09-11T06:14:10.4197713Z   PKG_CONFIG_PATH: /opt/hostedtoolcache/Python/3.11.16/x64/lib/pkgconfig
validate	Read the live pull-request body	2026-09-11T06:14:10.4198155Z   Python_ROOT_DIR: /opt/hostedtoolcache/Python/3.11.16/x64
validate	Read the live pull-request body	2026-09-11T06:14:10.4198578Z   Python2_ROOT_DIR: /opt/hostedtoolcache/Python/3.11.16/x64
validate	Read the live pull-request body	2026-09-11T06:14:10.4199021Z   Python3_ROOT_DIR: /opt/hostedtoolcache/Python/3.11.16/x64
validate	Read the live pull-request body	2026-09-11T06:14:10.4199417Z   LD_LIBRARY_PATH: /opt/hostedtoolcache/Python/3.11.16/x64/lib
validate	Read the live pull-request body	2026-09-11T06:14:10.4201888Z   GH_TOKEN: ***
validate	Read the live pull-request body	2026-09-11T06:14:10.4202106Z   PULL_REQUEST_NUMBER: 449
validate	Read the live pull-request body	2026-09-11T06:14:10.4202338Z ##[endgroup]
validate	Select the pull-request work order	﻿2026-09-11T06:14:10.9053783Z ##[group]Run work_order="$("$RUNNER_TEMP/se-harness-env/bin/python" -I -m se_harness \
validate	Select the pull-request work order	2026-09-11T06:14:10.9054781Z ^[[36;1mwork_order="$("$RUNNER_TEMP/se-harness-env/bin/python" -I -m se_harness \^[[0m
validate	Select the pull-request work order	2026-09-11T06:14:10.9055324Z ^[[36;1m  select-work-order --event "$RUNNER_TEMP/live-event.json")"^[[0m
validate	Select the pull-request work order	2026-09-11T06:14:10.9055784Z ^[[36;1mprintf 'work_order=%s\n' "$work_order" >> "$GITHUB_OUTPUT"^[[0m
validate	Select the pull-request work order	2026-09-11T06:14:10.9091964Z shell: /usr/bin/bash --noprofile --norc -e -o pipefail {0}
validate	Select the pull-request work order	2026-09-11T06:14:10.9092320Z env:
validate	Select the pull-request work order	2026-09-11T06:14:10.9092519Z   SE_HARNESS_VERSION: 0.17.0
validate	Select the pull-request work order	2026-09-11T06:14:10.9092842Z   pythonLocation: /opt/hostedtoolcache/Python/3.11.16/x64
validate	Select the pull-request work order	2026-09-11T06:14:10.9093277Z   PKG_CONFIG_PATH: /opt/hostedtoolcache/Python/3.11.16/x64/lib/pkgconfig
validate	Select the pull-request work order	2026-09-11T06:14:10.9093708Z   Python_ROOT_DIR: /opt/hostedtoolcache/Python/3.11.16/x64
validate	Select the pull-request work order	2026-09-11T06:14:10.9094089Z   Python2_ROOT_DIR: /opt/hostedtoolcache/Python/3.11.16/x64
validate	Select the pull-request work order	2026-09-11T06:14:10.9094741Z   Python3_ROOT_DIR: /opt/hostedtoolcache/Python/3.11.16/x64
validate	Select the pull-request work order	2026-09-11T06:14:10.9095187Z   LD_LIBRARY_PATH: /opt/hostedtoolcache/Python/3.11.16/x64/lib
validate	Select the pull-request work order	2026-09-11T06:14:10.9095523Z ##[endgroup]
validate	Review preflight	﻿2026-09-11T06:14:11.0658382Z ##[group]Run "$RUNNER_TEMP/se-harness-env/bin/python" -I -m se_harness preflight . --work-order "$HARNESS_WORK_ORDER" --phase review
validate	Review preflight	2026-09-11T06:14:11.0659487Z ^[[36;1m"$RUNNER_TEMP/se-harness-env/bin/python" -I -m se_harness preflight . --work-order "$HARNESS_WORK_ORDER" --phase review^[[0m
validate	Review preflight	2026-09-11T06:14:11.0696279Z shell: /usr/bin/bash -e {0}
validate	Review preflight	2026-09-11T06:14:11.0696530Z env:
validate	Review preflight	2026-09-11T06:14:11.0696722Z   SE_HARNESS_VERSION: 0.17.0
validate	Review preflight	2026-09-11T06:14:11.0697036Z   pythonLocation: /opt/hostedtoolcache/Python/3.11.16/x64
validate	Review preflight	2026-09-11T06:14:11.0697482Z   PKG_CONFIG_PATH: /opt/hostedtoolcache/Python/3.11.16/x64/lib/pkgconfig
validate	Review preflight	2026-09-11T06:14:11.0697905Z   Python_ROOT_DIR: /opt/hostedtoolcache/Python/3.11.16/x64
validate	Review preflight	2026-09-11T06:14:11.0698295Z   Python2_ROOT_DIR: /opt/hostedtoolcache/Python/3.11.16/x64
validate	Review preflight	2026-09-11T06:14:11.0698679Z   Python3_ROOT_DIR: /opt/hostedtoolcache/Python/3.11.16/x64
validate	Review preflight	2026-09-11T06:14:11.0699063Z   LD_LIBRARY_PATH: /opt/hostedtoolcache/Python/3.11.16/x64/lib
validate	Review preflight	2026-09-11T06:14:11.0699401Z   HARNESS_WORK_ORDER: WO-PLG-017
validate	Review preflight	2026-09-11T06:14:11.0699685Z ##[endgroup]
validate	Review preflight	2026-09-11T06:14:12.3207230Z Harness preflight: PASS
validate	Review preflight	2026-09-11T06:14:12.3207924Z Phase: review
validate	Review preflight	2026-09-11T06:14:12.3208279Z Work order: WO-PLG-017 (in_progress)
validate	Review preflight	2026-09-11T06:14:12.3208585Z 
validate	Review preflight	2026-09-11T06:14:12.3208738Z Assurance classification:
validate	Review preflight	2026-09-11T06:14:12.3209111Z - Commit-bound verification: required
validate	Review preflight	2026-09-11T06:14:12.3209581Z - Decided by: engineering-owner
validate	Review preflight	2026-09-11T06:14:12.3210338Z - Rationale: Later assurance depends on complete, readable retained evidence after its storage paths change.
validate	Review preflight	2026-09-11T06:14:12.3211030Z 
validate	Review preflight	2026-09-11T06:14:12.3211164Z Reading manifest:
validate	Review preflight	2026-09-11T06:14:12.3211482Z - ENGINEERING_HARNESS.md
validate	Review preflight	2026-09-11T06:14:12.3211849Z - docs/engineering/OPERATING_CARD.md
validate	Review preflight	2026-09-11T06:14:12.3212217Z - AGENTS.md
validate	Review preflight	2026-09-11T06:14:12.3212613Z - docs/engineering/workflow-execution/intent/INT-WEX-001.md
validate	Review preflight	2026-09-11T06:14:12.3213270Z - docs/engineering/workflow-execution/capabilities/CAP-WEX-001.md
validate	Review preflight	2026-09-11T06:14:12.3214016Z - docs/engineering/plugin-integration/requirements/REQ-PLG-019.md
validate	Review preflight	2026-09-11T06:14:12.3215005Z - docs/engineering/plugin-integration/specifications/SPEC-PLG-011.md
validate	Review preflight	2026-09-11T06:14:12.3215721Z - docs/engineering/plugin-integration/verification/VER-PLG-011.md
validate	Review preflight	2026-09-11T06:14:12.3216389Z - docs/engineering/plugin-integration/work-orders/WO-PLG-017.md
validate	Review preflight	2026-09-11T06:14:12.3216824Z 
validate	Review preflight	2026-09-11T06:14:12.3217687Z Authority boundary: Preflight is derived, read-only evidence. It does not approve artifacts, authorize a diff, verify work, release software, commit, push, tag, publish, or deploy.
validate	Enforce the work-order scope on the pull request's diff	﻿2026-09-11T06:14:12.3440435Z ##[group]Run # ECP-SCP-006 to -009: the scope check runs on every pull request over the
validate	Enforce the work-order scope on the pull request's diff	2026-09-11T06:14:12.3441106Z ^[[36;1m# ECP-SCP-006 to -009: the scope check runs on every pull request over the^[[0m
validate	Enforce the work-order scope on the pull request's diff	2026-09-11T06:14:12.3441631Z ^[[36;1m# diff Git reports, with the released evaluator from the lock, whatever the^[[0m
validate	Enforce the work-order scope on the pull request's diff	2026-09-11T06:14:12.3442136Z ^[[36;1m# work order's lifecycle state; the handoff check and the comparison of a^[[0m
validate	Enforce the work-order scope on the pull request's diff	2026-09-11T06:14:12.3442649Z ^[[36;1m# declared Harness-Restitution line run only while it is still being^[[0m
validate	Enforce the work-order scope on the pull request's diff	2026-09-11T06:14:12.3443046Z ^[[36;1m# implemented, and^[[0m
validate	Enforce the work-order scope on the pull request's diff	2026-09-11T06:14:12.3443408Z ^[[36;1m# neither a declared line nor a lifecycle state relaxes the scope verdict.^[[0m
validate	Enforce the work-order scope on the pull request's diff	2026-09-11T06:14:12.3443848Z ^[[36;1mgit fetch --depth=1 origin "$HARNESS_BASE_SHA"^[[0m
validate	Enforce the work-order scope on the pull request's diff	2026-09-11T06:14:12.3444541Z ^[[36;1m# DST-MWF-001, -002: the check's exit status and stderr are captured, so a^[[0m
validate	Enforce the work-order scope on the pull request's diff	2026-09-11T06:14:12.3445056Z ^[[36;1m# refusal that writes no result (a guard or identity code such as MG005)^[[0m
validate	Enforce the work-order scope on the pull request's diff	2026-09-11T06:14:12.3445578Z ^[[36;1m# reaches the log as the evaluator's own text and fails the step with the^[[0m
validate	Enforce the work-order scope on the pull request's diff	2026-09-11T06:14:12.3446081Z ^[[36;1m# check's status, never as a decoder traceback. A parsed result is judged^[[0m
validate	Enforce the work-order scope on the pull request's diff	2026-09-11T06:14:12.3446465Z ^[[36;1m# exactly as before.^[[0m
validate	Enforce the work-order scope on the pull request's diff	2026-09-11T06:14:12.3446699Z ^[[36;1mscope_status=0^[[0m
validate	Enforce the work-order scope on the pull request's diff	2026-09-11T06:14:12.3447033Z ^[[36;1m"$RUNNER_TEMP/se-harness-env/bin/python" -I -m se_harness check . \^[[0m
validate	Enforce the work-order scope on the pull request's diff	2026-09-11T06:14:12.3447667Z ^[[36;1m  --artifact "$HARNESS_WORK_ORDER" --checkpoint scope \^[[0m
validate	Enforce the work-order scope on the pull request's diff	2026-09-11T06:14:12.3448037Z ^[[36;1m  --from-git "$HARNESS_BASE_SHA" --json \^[[0m
validate	Enforce the work-order scope on the pull request's diff	2026-09-11T06:14:12.3448453Z ^[[36;1m  > "$RUNNER_TEMP/scope.json" 2> "$RUNNER_TEMP/scope.stderr" || scope_status=$?^[[0m
validate	Enforce the work-order scope on the pull request's diff	2026-09-11T06:14:12.3449174Z ^[[36;1min_progress="$("$RUNNER_TEMP/se-harness-env/bin/python" - "$RUNNER_TEMP/scope.json" "$RUNNER_TEMP/scope.stderr" "$scope_status" <<'PY'^[[0m
validate	Enforce the work-order scope on the pull request's diff	2026-09-11T06:14:12.3449757Z ^[[36;1mimport json, sys^[[0m
validate	Enforce the work-order scope on the pull request's diff	2026-09-11T06:14:12.3450096Z ^[[36;1mwith open(sys.argv[2], encoding="utf-8", errors="replace") as captured:^[[0m
validate	Enforce the work-order scope on the pull request's diff	2026-09-11T06:14:12.3450502Z ^[[36;1m    check_stderr = captured.read()^[[0m
validate	Enforce the work-order scope on the pull request's diff	2026-09-11T06:14:12.3450786Z ^[[36;1mif check_stderr:^[[0m
validate	Enforce the work-order scope on the pull request's diff	2026-09-11T06:14:12.3451028Z ^[[36;1m    sys.stderr.write(check_stderr)^[[0m
validate	Enforce the work-order scope on the pull request's diff	2026-09-11T06:14:12.3451289Z ^[[36;1mtry:^[[0m
validate	Enforce the work-order scope on the pull request's diff	2026-09-11T06:14:12.3451545Z ^[[36;1m    with open(sys.argv[1], encoding="utf-8") as source:^[[0m
validate	Enforce the work-order scope on the pull request's diff	2026-09-11T06:14:12.3451887Z ^[[36;1m        result = json.load(source)^[[0m
validate	Enforce the work-order scope on the pull request's diff	2026-09-11T06:14:12.3452169Z ^[[36;1mexcept (OSError, ValueError):^[[0m
validate	Enforce the work-order scope on the pull request's diff	2026-09-11T06:14:12.3452602Z ^[[36;1m    print(f"The scope check wrote no result (exit status {sys.argv[3]}).", file=sys.stderr)^[[0m
validate	Enforce the work-order scope on the pull request's diff	2026-09-11T06:14:12.3453056Z ^[[36;1m    sys.exit(int(sys.argv[3]) or 1)^[[0m
validate	Enforce the work-order scope on the pull request's diff	2026-09-11T06:14:12.3453403Z ^[[36;1moutcome = result.get("operation", {}).get("outcome")^[[0m
validate	Enforce the work-order scope on the pull request's diff	2026-09-11T06:14:12.3453724Z ^[[36;1mfailures = [^[[0m
validate	Enforce the work-order scope on the pull request's diff	2026-09-11T06:14:12.3454042Z ^[[36;1m    predicate for gate in result.get("compliance", {}).get("gates", [])^[[0m
validate	Enforce the work-order scope on the pull request's diff	2026-09-11T06:14:12.3454729Z ^[[36;1m    for predicate in gate.get("predicates", [])^[[0m
validate	Enforce the work-order scope on the pull request's diff	2026-09-11T06:14:12.3455185Z ^[[36;1m    if predicate.get("id") == "QGP-G4I-PATHS" and predicate.get("status") != "pass"^[[0m
validate	Enforce the work-order scope on the pull request's diff	2026-09-11T06:14:12.3455584Z ^[[36;1m]^[[0m
validate	Enforce the work-order scope on the pull request's diff	2026-09-11T06:14:12.3455782Z ^[[36;1mfor predicate in failures:^[[0m
validate	Enforce the work-order scope on the pull request's diff	2026-09-11T06:14:12.3456139Z ^[[36;1m    print(f"scope: {predicate.get('message', '')}", file=sys.stderr)^[[0m
validate	Enforce the work-order scope on the pull request's diff	2026-09-11T06:14:12.3456522Z ^[[36;1mif failures:^[[0m
validate	Enforce the work-order scope on the pull request's diff	2026-09-11T06:14:12.3456867Z ^[[36;1m    sys.exit("The pull request's diff leaves the work order's declared scope.")^[[0m
validate	Enforce the work-order scope on the pull request's diff	2026-09-11T06:14:12.3457277Z ^[[36;1mif outcome != "completed":^[[0m
validate	Enforce the work-order scope on the pull request's diff	2026-09-11T06:14:12.3457640Z ^[[36;1m    for blocker in result.get("restitution", {}).get("blocked_by", []):^[[0m
validate	Enforce the work-order scope on the pull request's diff	2026-09-11T06:14:12.3458065Z ^[[36;1m        print(f"blocked: {blocker}", file=sys.stderr)^[[0m
validate	Enforce the work-order scope on the pull request's diff	2026-09-11T06:14:12.3458479Z ^[[36;1m    sys.exit(f"The scope check did not complete (outcome {outcome}).")^[[0m
validate	Enforce the work-order scope on the pull request's diff	2026-09-11T06:14:12.3459144Z ^[[36;1mstates = result.get("restitution", {}).get("current_lifecycle_state", [])^[[0m
validate	Enforce the work-order scope on the pull request's diff	2026-09-11T06:14:12.3459678Z ^[[36;1mprint("yes" if any(item.endswith(" is in_progress.") for item in states) else "no")^[[0m
validate	Enforce the work-order scope on the pull request's diff	2026-09-11T06:14:12.3460087Z ^[[36;1mPY^[[0m
validate	Enforce the work-order scope on the pull request's diff	2026-09-11T06:14:12.3460282Z ^[[36;1m)"^[[0m
validate	Enforce the work-order scope on the pull request's diff	2026-09-11T06:14:12.3460627Z ^[[36;1mdeclared="$("$RUNNER_TEMP/se-harness-env/bin/python" -I -m se_harness \^[[0m
validate	Enforce the work-order scope on the pull request's diff	2026-09-11T06:14:12.3461194Z ^[[36;1m  select-work-order --event "$RUNNER_TEMP/live-event.json" --field restitution-digest)"^[[0m
validate	Enforce the work-order scope on the pull request's diff	2026-09-11T06:14:12.3461669Z ^[[36;1mif [ "$in_progress" != "yes" ]; then^[[0m
validate	Enforce the work-order scope on the pull request's diff	2026-09-11T06:14:12.3461953Z ^[[36;1m  if [ -n "$declared" ]; then^[[0m
validate	Enforce the work-order scope on the pull request's diff	2026-09-11T06:14:12.3462660Z ^[[36;1m    echo "The pull request's diff is inside the declared scope; the declared Harness-Restitution $declared was bound at handoff and is not recomputed after completion."^[[0m
validate	Enforce the work-order scope on the pull request's diff	2026-09-11T06:14:12.3463347Z ^[[36;1m  else^[[0m
validate	Enforce the work-order scope on the pull request's diff	2026-09-11T06:14:12.3463738Z ^[[36;1m    echo "The pull request's diff is inside the declared scope; no restitution digest was declared."^[[0m
validate	Enforce the work-order scope on the pull request's diff	2026-09-11T06:14:12.3464421Z ^[[36;1m  fi^[[0m
validate	Enforce the work-order scope on the pull request's diff	2026-09-11T06:14:12.3464605Z ^[[36;1melse^[[0m
validate	Enforce the work-order scope on the pull request's diff	2026-09-11T06:14:12.3464791Z ^[[36;1mhandoff_status=0^[[0m
validate	Enforce the work-order scope on the pull request's diff	2026-09-11T06:14:12.3465126Z ^[[36;1m"$RUNNER_TEMP/se-harness-env/bin/python" -I -m se_harness check . \^[[0m
validate	Enforce the work-order scope on the pull request's diff	2026-09-11T06:14:12.3465592Z ^[[36;1m  --artifact "$HARNESS_WORK_ORDER" --checkpoint handoff \^[[0m
validate	Enforce the work-order scope on the pull request's diff	2026-09-11T06:14:12.3465963Z ^[[36;1m  --from-git "$HARNESS_BASE_SHA" --json \^[[0m
validate	Enforce the work-order scope on the pull request's diff	2026-09-11T06:14:12.3466573Z ^[[36;1m  > "$RUNNER_TEMP/restitution.json" 2> "$RUNNER_TEMP/restitution.stderr" || handoff_status=$?^[[0m
validate	Enforce the work-order scope on the pull request's diff	2026-09-11T06:14:12.3467395Z ^[[36;1m"$RUNNER_TEMP/se-harness-env/bin/python" - "$RUNNER_TEMP/restitution.json" "$declared" "$RUNNER_TEMP/restitution.stderr" "$handoff_status" <<'PY'^[[0m
validate	Enforce the work-order scope on the pull request's diff	2026-09-11T06:14:12.3468022Z ^[[36;1mimport json, sys^[[0m
validate	Enforce the work-order scope on the pull request's diff	2026-09-11T06:14:12.3468362Z ^[[36;1mwith open(sys.argv[3], encoding="utf-8", errors="replace") as captured:^[[0m
validate	Enforce the work-order scope on the pull request's diff	2026-09-11T06:14:12.3468758Z ^[[36;1m    check_stderr = captured.read()^[[0m
validate	Enforce the work-order scope on the pull request's diff	2026-09-11T06:14:12.3469043Z ^[[36;1mif check_stderr:^[[0m
validate	Enforce the work-order scope on the pull request's diff	2026-09-11T06:14:12.3469283Z ^[[36;1m    sys.stderr.write(check_stderr)^[[0m
validate	Enforce the work-order scope on the pull request's diff	2026-09-11T06:14:12.3469540Z ^[[36;1mtry:^[[0m
validate	Enforce the work-order scope on the pull request's diff	2026-09-11T06:14:12.3469792Z ^[[36;1m    with open(sys.argv[1], encoding="utf-8") as source:^[[0m
validate	Enforce the work-order scope on the pull request's diff	2026-09-11T06:14:12.3470127Z ^[[36;1m        result = json.load(source)^[[0m
validate	Enforce the work-order scope on the pull request's diff	2026-09-11T06:14:12.3470402Z ^[[36;1mexcept (OSError, ValueError):^[[0m
validate	Enforce the work-order scope on the pull request's diff	2026-09-11T06:14:12.3470841Z ^[[36;1m    print(f"The handoff check wrote no result (exit status {sys.argv[4]}).", file=sys.stderr)^[[0m
validate	Enforce the work-order scope on the pull request's diff	2026-09-11T06:14:12.3471295Z ^[[36;1m    sys.exit(int(sys.argv[4]) or 1)^[[0m
validate	Enforce the work-order scope on the pull request's diff	2026-09-11T06:14:12.3471569Z ^[[36;1mdeclared = sys.argv[2]^[[0m
validate	Enforce the work-order scope on the pull request's diff	2026-09-11T06:14:12.3471878Z ^[[36;1moutcome = result.get("operation", {}).get("outcome")^[[0m
validate	Enforce the work-order scope on the pull request's diff	2026-09-11T06:14:12.3472208Z ^[[36;1mif outcome != "completed":^[[0m
validate	Enforce the work-order scope on the pull request's diff	2026-09-11T06:14:12.3472562Z ^[[36;1m    for blocker in result.get("restitution", {}).get("blocked_by", []):^[[0m
validate	Enforce the work-order scope on the pull request's diff	2026-09-11T06:14:12.3472984Z ^[[36;1m        print(f"blocked: {blocker}", file=sys.stderr)^[[0m
validate	Enforce the work-order scope on the pull request's diff	2026-09-11T06:14:12.3473399Z ^[[36;1m    sys.exit(f"The handoff check did not complete (outcome {outcome}).")^[[0m
validate	Enforce the work-order scope on the pull request's diff	2026-09-11T06:14:12.3473815Z ^[[36;1mrecomputed = result.get("result_sha256", "")^[[0m
validate	Enforce the work-order scope on the pull request's diff	2026-09-11T06:14:12.3474144Z ^[[36;1mif declared and declared != recomputed:^[[0m
validate	Enforce the work-order scope on the pull request's diff	2026-09-11T06:14:12.3474908Z ^[[36;1m    sys.exit(f"Declared Harness-Restitution {declared} does not match the recomputed result_sha256 {recomputed}.")^[[0m
validate	Enforce the work-order scope on the pull request's diff	2026-09-11T06:14:12.3475543Z ^[[36;1mprint("The pull request's diff is inside the declared scope"^[[0m
validate	Enforce the work-order scope on the pull request's diff	2026-09-11T06:14:12.3476133Z ^[[36;1m      + (" and the declared restitution digest matches." if declared else "; no restitution digest was declared."))^[[0m
validate	Enforce the work-order scope on the pull request's diff	2026-09-11T06:14:12.3476626Z ^[[36;1mPY^[[0m
validate	Enforce the work-order scope on the pull request's diff	2026-09-11T06:14:12.3476800Z ^[[36;1mfi^[[0m
validate	Enforce the work-order scope on the pull request's diff	2026-09-11T06:14:12.3513384Z shell: /usr/bin/bash --noprofile --norc -e -o pipefail {0}
validate	Enforce the work-order scope on the pull request's diff	2026-09-11T06:14:12.3513723Z env:
validate	Enforce the work-order scope on the pull request's diff	2026-09-11T06:14:12.3513914Z   SE_HARNESS_VERSION: 0.17.0
validate	Enforce the work-order scope on the pull request's diff	2026-09-11T06:14:12.3514636Z   pythonLocation: /opt/hostedtoolcache/Python/3.11.16/x64
validate	Enforce the work-order scope on the pull request's diff	2026-09-11T06:14:12.3515078Z   PKG_CONFIG_PATH: /opt/hostedtoolcache/Python/3.11.16/x64/lib/pkgconfig
validate	Enforce the work-order scope on the pull request's diff	2026-09-11T06:14:12.3515489Z   Python_ROOT_DIR: /opt/hostedtoolcache/Python/3.11.16/x64
validate	Enforce the work-order scope on the pull request's diff	2026-09-11T06:14:12.3515858Z   Python2_ROOT_DIR: /opt/hostedtoolcache/Python/3.11.16/x64
validate	Enforce the work-order scope on the pull request's diff	2026-09-11T06:14:12.3516233Z   Python3_ROOT_DIR: /opt/hostedtoolcache/Python/3.11.16/x64
validate	Enforce the work-order scope on the pull request's diff	2026-09-11T06:14:12.3516616Z   LD_LIBRARY_PATH: /opt/hostedtoolcache/Python/3.11.16/x64/lib
validate	Enforce the work-order scope on the pull request's diff	2026-09-11T06:14:12.3516951Z   HARNESS_WORK_ORDER: WO-PLG-017
validate	Enforce the work-order scope on the pull request's diff	2026-09-11T06:14:12.3517247Z   HARNESS_BASE_SHA: 7fe82c95823503e54d2e35e00d8c409a6dd4b065
validate	Enforce the work-order scope on the pull request's diff	2026-09-11T06:14:12.3517555Z ##[endgroup]
validate	Enforce the work-order scope on the pull request's diff	2026-09-11T06:14:12.6730484Z From https://github.com/mmzen/se_harness
validate	Enforce the work-order scope on the pull request's diff	2026-09-11T06:14:12.6731590Z  * branch            7fe82c95823503e54d2e35e00d8c409a6dd4b065 -> FETCH_HEAD
validate	Enforce the work-order scope on the pull request's diff	2026-09-11T06:14:16.5516571Z The pull request's diff is inside the declared scope; no restitution digest was declared.
validate	Qualify the root with its exact released evaluator	﻿2026-09-11T06:14:16.5576972Z ##[group]Run cd "$RUNNER_TEMP"
validate	Qualify the root with its exact released evaluator	2026-09-11T06:14:16.5577300Z ^[[36;1mcd "$RUNNER_TEMP"^[[0m
validate	Qualify the root with its exact released evaluator	2026-09-11T06:14:16.5577578Z ^[[36;1mexport PYTHONNOUSERSITE=1 PYTHONPATH=^[[0m
validate	Qualify the root with its exact released evaluator	2026-09-11T06:14:16.5577978Z ^[[36;1m"$RUNNER_TEMP/se-harness-env/bin/python" -I -m se_harness \^[[0m
validate	Qualify the root with its exact released evaluator	2026-09-11T06:14:16.5578394Z ^[[36;1m  qualify released-root "$GITHUB_WORKSPACE" \^[[0m
validate	Qualify the root with its exact released evaluator	2026-09-11T06:14:16.5578804Z ^[[36;1m  --output "$RUNNER_TEMP/released-root-qualification.json" \^[[0m
validate	Qualify the root with its exact released evaluator	2026-09-11T06:14:16.5579338Z ^[[36;1m  --json^[[0m
validate	Qualify the root with its exact released evaluator	2026-09-11T06:14:16.5615937Z shell: /usr/bin/bash --noprofile --norc -e -o pipefail {0}
validate	Qualify the root with its exact released evaluator	2026-09-11T06:14:16.5616283Z env:
validate	Qualify the root with its exact released evaluator	2026-09-11T06:14:16.5616477Z   SE_HARNESS_VERSION: 0.17.0
validate	Qualify the root with its exact released evaluator	2026-09-11T06:14:16.5616790Z   pythonLocation: /opt/hostedtoolcache/Python/3.11.16/x64
validate	Qualify the root with its exact released evaluator	2026-09-11T06:14:16.5617226Z   PKG_CONFIG_PATH: /opt/hostedtoolcache/Python/3.11.16/x64/lib/pkgconfig
validate	Qualify the root with its exact released evaluator	2026-09-11T06:14:16.5617670Z   Python_ROOT_DIR: /opt/hostedtoolcache/Python/3.11.16/x64
validate	Qualify the root with its exact released evaluator	2026-09-11T06:14:16.5618067Z   Python2_ROOT_DIR: /opt/hostedtoolcache/Python/3.11.16/x64
validate	Qualify the root with its exact released evaluator	2026-09-11T06:14:16.5618491Z   Python3_ROOT_DIR: /opt/hostedtoolcache/Python/3.11.16/x64
validate	Qualify the root with its exact released evaluator	2026-09-11T06:14:16.5618889Z   LD_LIBRARY_PATH: /opt/hostedtoolcache/Python/3.11.16/x64/lib
validate	Qualify the root with its exact released evaluator	2026-09-11T06:14:16.5619217Z ##[endgroup]
validate	Qualify the root with its exact released evaluator	2026-09-11T06:14:18.3842249Z {
validate	Qualify the root with its exact released evaluator	2026-09-11T06:14:18.3842937Z   "authority": "evidence-only; no lifecycle or external action authorized",
validate	Qualify the root with its exact released evaluator	2026-09-11T06:14:18.3843605Z   "checks": [
validate	Qualify the root with its exact released evaluator	2026-09-11T06:14:18.3843893Z     {
validate	Qualify the root with its exact released evaluator	2026-09-11T06:14:18.3844526Z       "id": "RR001",
validate	Qualify the root with its exact released evaluator	2026-09-11T06:14:18.3844973Z       "message": "runtime matches the target root lock",
validate	Qualify the root with its exact released evaluator	2026-09-11T06:14:18.3845489Z       "passed": true,
validate	Qualify the root with its exact released evaluator	2026-09-11T06:14:18.3845941Z       "subject": "released-evaluator"
validate	Qualify the root with its exact released evaluator	2026-09-11T06:14:18.3846389Z     },
validate	Qualify the root with its exact released evaluator	2026-09-11T06:14:18.3846688Z     {
validate	Qualify the root with its exact released evaluator	2026-09-11T06:14:18.3846983Z       "id": "RR002",
validate	Qualify the root with its exact released evaluator	2026-09-11T06:14:18.3847397Z       "message": "99/99 managed checks passed",
validate	Qualify the root with its exact released evaluator	2026-09-11T06:14:18.3847891Z       "passed": true,
validate	Qualify the root with its exact released evaluator	2026-09-11T06:14:18.3848261Z       "subject": "managed-root"
validate	Qualify the root with its exact released evaluator	2026-09-11T06:14:18.3848680Z     },
validate	Qualify the root with its exact released evaluator	2026-09-11T06:14:18.3848975Z     {
validate	Qualify the root with its exact released evaluator	2026-09-11T06:14:18.3849266Z       "id": "RR003",
validate	Qualify the root with its exact released evaluator	2026-09-11T06:14:18.3849692Z       "message": "artifacts=1533; errors=0; warnings=46",
validate	Qualify the root with its exact released evaluator	2026-09-11T06:14:18.3850216Z       "passed": true,
validate	Qualify the root with its exact released evaluator	2026-09-11T06:14:18.3850614Z       "subject": "engineering-graph"
validate	Qualify the root with its exact released evaluator	2026-09-11T06:14:18.3851054Z     },
validate	Qualify the root with its exact released evaluator	2026-09-11T06:14:18.3851335Z     {
validate	Qualify the root with its exact released evaluator	2026-09-11T06:14:18.3851631Z       "id": "RR004",
validate	Qualify the root with its exact released evaluator	2026-09-11T06:14:18.3852019Z       "message": "target state is unchanged",
validate	Qualify the root with its exact released evaluator	2026-09-11T06:14:18.3852506Z       "passed": true,
validate	Qualify the root with its exact released evaluator	2026-09-11T06:14:18.3852889Z       "subject": "repository-state"
validate	Qualify the root with its exact released evaluator	2026-09-11T06:14:18.3853320Z     }
validate	Qualify the root with its exact released evaluator	2026-09-11T06:14:18.3853607Z   ],
validate	Qualify the root with its exact released evaluator	2026-09-11T06:14:18.3853925Z   "completion": "completed",
validate	Qualify the root with its exact released evaluator	2026-09-11T06:14:18.3854612Z   "evaluator": {
validate	Qualify the root with its exact released evaluator	2026-09-11T06:14:18.3854973Z     "diagnostics": [],
validate	Qualify the root with its exact released evaluator	2026-09-11T06:14:18.3855361Z     "distribution": "se-harness",
validate	Qualify the root with its exact released evaluator	2026-09-11T06:14:18.3856102Z     "entry_point_sha256": "1a9619b137a71e0bbfc6f232c010b9dcabe54bf314102ae2440a73f0f0e36681",
validate	Qualify the root with its exact released evaluator	2026-09-11T06:14:18.3857096Z     "evaluator_payload_manifest": "se-harness-installed-payload-v1",
validate	Qualify the root with its exact released evaluator	2026-09-11T06:14:18.3858122Z     "evaluator_payload_sha256": "dd48b16b69d90a04412f458c756876ec22a687c99282075e69d0f58316c43405",
validate	Qualify the root with its exact released evaluator	2026-09-11T06:14:18.3859341Z     "identity_sha256": "77406e344612c7a527171273e7cdb680eea4230814a2f998c5719f358327cfa3",
validate	Qualify the root with its exact released evaluator	2026-09-11T06:14:18.3860112Z     "isolated_python": true,
validate	Qualify the root with its exact released evaluator	2026-09-11T06:14:18.3860543Z     "pythonpath_present": false,
validate	Qualify the root with its exact released evaluator	2026-09-11T06:14:18.3860989Z     "role": "released-evaluator",
validate	Qualify the root with its exact released evaluator	2026-09-11T06:14:18.3861421Z     "user_site_enabled": false,
validate	Qualify the root with its exact released evaluator	2026-09-11T06:14:18.3861821Z     "version": "0.17.0"
validate	Qualify the root with its exact released evaluator	2026-09-11T06:14:18.3862164Z   },
validate	Qualify the root with its exact released evaluator	2026-09-11T06:14:18.3862496Z   "independence": "released-evaluator",
validate	Qualify the root with its exact released evaluator	2026-09-11T06:14:18.3862977Z   "operation": "released-root",
validate	Qualify the root with its exact released evaluator	2026-09-11T06:14:18.3863232Z   "passed": true,
validate	Qualify the root with its exact released evaluator	2026-09-11T06:14:18.3863492Z   "schema": "se-harness-release-qualification-v1",
validate	Qualify the root with its exact released evaluator	2026-09-11T06:14:18.3863795Z   "target": {
validate	Qualify the root with its exact released evaluator	2026-09-11T06:14:18.3864642Z     "head": "ab9d7ab0f02e71c2b1fee5efa4daeb6bf83fb6f6",
validate	Qualify the root with its exact released evaluator	2026-09-11T06:14:18.3865120Z     "identity_sha256": "6b9434477fcea4c561799444a1786fda5094befb60ed90aaf39573ce3d336150",
validate	Qualify the root with its exact released evaluator	2026-09-11T06:14:18.3865555Z     "kind": "released-root",
validate	Qualify the root with its exact released evaluator	2026-09-11T06:14:18.3865784Z     "lock_schema": 3,
validate	Qualify the root with its exact released evaluator	2026-09-11T06:14:18.3866133Z     "lock_sha256": "ac614b2bb0c9910df078a7025bef72b6da3074aa84e6728c0ecc0539bd9efc15",
validate	Qualify the root with its exact released evaluator	2026-09-11T06:14:18.3866761Z     "tree": "4f330ebe8cb10137a00ea4aefeed1a84f7a38a94"
validate	Qualify the root with its exact released evaluator	2026-09-11T06:14:18.3867037Z   }
validate	Qualify the root with its exact released evaluator	2026-09-11T06:14:18.3867208Z }
validate	Generate Harness Explorer	﻿2026-09-11T06:14:18.4070769Z ##[group]Run "$RUNNER_TEMP/se-harness-env/bin/python" -I -m se_harness dashboard .
validate	Generate Harness Explorer	2026-09-11T06:14:18.4071923Z ^[[36;1m"$RUNNER_TEMP/se-harness-env/bin/python" -I -m se_harness dashboard .^[[0m
validate	Generate Harness Explorer	2026-09-11T06:14:18.4117810Z shell: /usr/bin/bash -e {0}
validate	Generate Harness Explorer	2026-09-11T06:14:18.4118067Z env:
validate	Generate Harness Explorer	2026-09-11T06:14:18.4118262Z   SE_HARNESS_VERSION: 0.17.0
validate	Generate Harness Explorer	2026-09-11T06:14:18.4118585Z   pythonLocation: /opt/hostedtoolcache/Python/3.11.16/x64
validate	Generate Harness Explorer	2026-09-11T06:14:18.4119042Z   PKG_CONFIG_PATH: /opt/hostedtoolcache/Python/3.11.16/x64/lib/pkgconfig
validate	Generate Harness Explorer	2026-09-11T06:14:18.4119490Z   Python_ROOT_DIR: /opt/hostedtoolcache/Python/3.11.16/x64
validate	Generate Harness Explorer	2026-09-11T06:14:18.4119876Z   Python2_ROOT_DIR: /opt/hostedtoolcache/Python/3.11.16/x64
validate	Generate Harness Explorer	2026-09-11T06:14:18.4120263Z   Python3_ROOT_DIR: /opt/hostedtoolcache/Python/3.11.16/x64
validate	Generate Harness Explorer	2026-09-11T06:14:18.4120648Z   LD_LIBRARY_PATH: /opt/hostedtoolcache/Python/3.11.16/x64/lib
validate	Generate Harness Explorer	2026-09-11T06:14:18.4120978Z ##[endgroup]
validate	Generate Harness Explorer	2026-09-11T06:14:22.1802318Z Harness Explorer generation: PASS | Artifacts: 1533 | Relations: 5538 | Errors: 0 | Warnings: 397 | Output: target/harness-dashboard | Manifest: ccba408a1679fa5debfb805aca7cd5f36ab10c8cf6b69ca8ee0ccc4b721978e8
validate	Run actions/upload-artifact@ea165f8d65b6e75b540449e92b4886f43607fa02	﻿2026-09-11T06:14:22.2097784Z Node 20 is being deprecated. This workflow is running with Node 24 by default. If you need to temporarily use Node 20, you can set the ACTIONS_ALLOW_USE_UNSECURE_NODE_VERSION=true environment variable. For more information see: https://github.blog/changelog/2025-09-19-deprecation-of-node-20-on-github-actions-runners/
validate	Run actions/upload-artifact@ea165f8d65b6e75b540449e92b4886f43607fa02	2026-09-11T06:14:22.2099202Z ##[group]Run actions/upload-artifact@ea165f8d65b6e75b540449e92b4886f43607fa02
validate	Run actions/upload-artifact@ea165f8d65b6e75b540449e92b4886f43607fa02	2026-09-11T06:14:22.2099593Z with:
validate	Run actions/upload-artifact@ea165f8d65b6e75b540449e92b4886f43607fa02	2026-09-11T06:14:22.2099786Z   name: harness-dashboard
validate	Run actions/upload-artifact@ea165f8d65b6e75b540449e92b4886f43607fa02	2026-09-11T06:14:22.2100196Z   path: target/harness-dashboard
validate	Run actions/upload-artifact@ea165f8d65b6e75b540449e92b4886f43607fa02	/home/runner/work/_temp/released-root-qualification.json
validate	Run actions/upload-artifact@ea165f8d65b6e75b540449e92b4886f43607fa02	
validate	Run actions/upload-artifact@ea165f8d65b6e75b540449e92b4886f43607fa02	2026-09-11T06:14:22.2100650Z   if-no-files-found: warn
validate	Run actions/upload-artifact@ea165f8d65b6e75b540449e92b4886f43607fa02	2026-09-11T06:14:22.2100891Z   compression-level: 6
validate	Run actions/upload-artifact@ea165f8d65b6e75b540449e92b4886f43607fa02	2026-09-11T06:14:22.2101107Z   overwrite: false
validate	Run actions/upload-artifact@ea165f8d65b6e75b540449e92b4886f43607fa02	2026-09-11T06:14:22.2101320Z   include-hidden-files: false
validate	Run actions/upload-artifact@ea165f8d65b6e75b540449e92b4886f43607fa02	2026-09-11T06:14:22.2101543Z env:
validate	Run actions/upload-artifact@ea165f8d65b6e75b540449e92b4886f43607fa02	2026-09-11T06:14:22.2101724Z   SE_HARNESS_VERSION: 0.17.0
validate	Run actions/upload-artifact@ea165f8d65b6e75b540449e92b4886f43607fa02	2026-09-11T06:14:22.2102023Z   pythonLocation: /opt/hostedtoolcache/Python/3.11.16/x64
validate	Run actions/upload-artifact@ea165f8d65b6e75b540449e92b4886f43607fa02	2026-09-11T06:14:22.2102500Z   PKG_CONFIG_PATH: /opt/hostedtoolcache/Python/3.11.16/x64/lib/pkgconfig
validate	Run actions/upload-artifact@ea165f8d65b6e75b540449e92b4886f43607fa02	2026-09-11T06:14:22.2102935Z   Python_ROOT_DIR: /opt/hostedtoolcache/Python/3.11.16/x64
validate	Run actions/upload-artifact@ea165f8d65b6e75b540449e92b4886f43607fa02	2026-09-11T06:14:22.2103316Z   Python2_ROOT_DIR: /opt/hostedtoolcache/Python/3.11.16/x64
validate	Run actions/upload-artifact@ea165f8d65b6e75b540449e92b4886f43607fa02	2026-09-11T06:14:22.2103689Z   Python3_ROOT_DIR: /opt/hostedtoolcache/Python/3.11.16/x64
validate	Run actions/upload-artifact@ea165f8d65b6e75b540449e92b4886f43607fa02	2026-09-11T06:14:22.2104067Z   LD_LIBRARY_PATH: /opt/hostedtoolcache/Python/3.11.16/x64/lib
validate	Run actions/upload-artifact@ea165f8d65b6e75b540449e92b4886f43607fa02	2026-09-11T06:14:22.2104643Z ##[endgroup]
validate	Run actions/upload-artifact@ea165f8d65b6e75b540449e92b4886f43607fa02	2026-09-11T06:14:22.3733569Z (node:2521) [DEP0040] DeprecationWarning: The `punycode` module is deprecated. Please use a userland alternative instead.
validate	Run actions/upload-artifact@ea165f8d65b6e75b540449e92b4886f43607fa02	2026-09-11T06:14:22.3734720Z (Use `node --trace-deprecation ...` to show where the warning was created)
validate	Run actions/upload-artifact@ea165f8d65b6e75b540449e92b4886f43607fa02	2026-09-11T06:14:22.7367722Z Multiple search paths detected. Calculating the least common ancestor of all paths
validate	Run actions/upload-artifact@ea165f8d65b6e75b540449e92b4886f43607fa02	2026-09-11T06:14:22.7369835Z The least common ancestor is /home/runner/work. This will be the root directory of the artifact
validate	Run actions/upload-artifact@ea165f8d65b6e75b540449e92b4886f43607fa02	2026-09-11T06:14:22.7370825Z With the provided path, there will be 2408 files uploaded
validate	Run actions/upload-artifact@ea165f8d65b6e75b540449e92b4886f43607fa02	2026-09-11T06:14:22.7377266Z Artifact name is valid!
validate	Run actions/upload-artifact@ea165f8d65b6e75b540449e92b4886f43607fa02	2026-09-11T06:14:22.7377734Z Root directory input is valid!
validate	Run actions/upload-artifact@ea165f8d65b6e75b540449e92b4886f43607fa02	2026-09-11T06:14:22.9486509Z Beginning upload of artifact content to blob storage
validate	Run actions/upload-artifact@ea165f8d65b6e75b540449e92b4886f43607fa02	2026-09-11T06:14:24.4086366Z (node:2521) [DEP0169] DeprecationWarning: `url.parse()` behavior is not standardized and prone to errors that have security implications. Use the WHATWG URL API instead. CVEs are not issued for `url.parse()` vulnerabilities.
validate	Run actions/upload-artifact@ea165f8d65b6e75b540449e92b4886f43607fa02	2026-09-11T06:14:24.6617097Z Uploaded bytes 7411541
validate	Run actions/upload-artifact@ea165f8d65b6e75b540449e92b4886f43607fa02	2026-09-11T06:14:24.6774681Z Finished uploading artifact content to blob storage!
validate	Run actions/upload-artifact@ea165f8d65b6e75b540449e92b4886f43607fa02	2026-09-11T06:14:24.6778942Z SHA256 digest of uploaded artifact zip is d9f67840f760292a5b7dcc0fdf625d6185946e95f56dab93c8425d260d5b1fc2
validate	Run actions/upload-artifact@ea165f8d65b6e75b540449e92b4886f43607fa02	2026-09-11T06:14:24.6780903Z Finalizing artifact upload
validate	Run actions/upload-artifact@ea165f8d65b6e75b540449e92b4886f43607fa02	2026-09-11T06:14:24.8848244Z Artifact harness-dashboard.zip successfully finalized. Artifact ID 10187078980
validate	Run actions/upload-artifact@ea165f8d65b6e75b540449e92b4886f43607fa02	2026-09-11T06:14:24.8849813Z Artifact harness-dashboard has been successfully uploaded! Final size is 7411541 bytes. Artifact ID is 10187078980
validate	Run actions/upload-artifact@ea165f8d65b6e75b540449e92b4886f43607fa02	2026-09-11T06:14:24.8857250Z Artifact download URL: https://github.com/mmzen/se_harness/actions/runs/34569063993/artifacts/10187078980
validate	Post Run actions/setup-python@a26af69be951a213d495a4c3e4e4022e16d87065	﻿2026-09-11T06:14:24.9145586Z Node 20 is being deprecated. This workflow is running with Node 24 by default. If you need to temporarily use Node 20, you can set the ACTIONS_ALLOW_USE_UNSECURE_NODE_VERSION=true environment variable. For more information see: https://github.blog/changelog/2025-09-19-deprecation-of-node-20-on-github-actions-runners/
validate	Post Run actions/setup-python@a26af69be951a213d495a4c3e4e4022e16d87065	2026-09-11T06:14:24.9146858Z Post job cleanup.
validate	Post Run actions/setup-python@a26af69be951a213d495a4c3e4e4022e16d87065	2026-09-11T06:14:25.0376972Z (node:2535) [DEP0040] DeprecationWarning: The `punycode` module is deprecated. Please use a userland alternative instead.
validate	Post Run actions/setup-python@a26af69be951a213d495a4c3e4e4022e16d87065	2026-09-11T06:14:25.0378062Z (Use `node --trace-deprecation ...` to show where the warning was created)
validate	Post Run actions/checkout@11d5960a326750d5838078e36cf38b85af677262	﻿2026-09-11T06:14:25.0591977Z Node 20 is being deprecated. This workflow is running with Node 24 by default. If you need to temporarily use Node 20, you can set the ACTIONS_ALLOW_USE_UNSECURE_NODE_VERSION=true environment variable. For more information see: https://github.blog/changelog/2025-09-19-deprecation-of-node-20-on-github-actions-runners/
validate	Post Run actions/checkout@11d5960a326750d5838078e36cf38b85af677262	2026-09-11T06:14:25.0594125Z Post job cleanup.
validate	Post Run actions/checkout@11d5960a326750d5838078e36cf38b85af677262	2026-09-11T06:14:25.1652790Z [command]/usr/bin/git version
validate	Post Run actions/checkout@11d5960a326750d5838078e36cf38b85af677262	2026-09-11T06:14:25.1701956Z git version 2.55.0
validate	Post Run actions/checkout@11d5960a326750d5838078e36cf38b85af677262	2026-09-11T06:14:25.1745429Z Temporarily overriding HOME='/home/runner/work/_temp/e14e400f-4ccd-4757-b68a-9f21470c59ad' before making global git config changes
validate	Post Run actions/checkout@11d5960a326750d5838078e36cf38b85af677262	2026-09-11T06:14:25.1748683Z Adding repository directory to the temporary git global config as a safe directory
validate	Post Run actions/checkout@11d5960a326750d5838078e36cf38b85af677262	2026-09-11T06:14:25.1751491Z [command]/usr/bin/git config --global --add safe.directory /home/runner/work/se_harness/se_harness
validate	Post Run actions/checkout@11d5960a326750d5838078e36cf38b85af677262	2026-09-11T06:14:25.1800372Z [command]/usr/bin/git config --local --name-only --get-regexp core\.sshCommand
validate	Post Run actions/checkout@11d5960a326750d5838078e36cf38b85af677262	2026-09-11T06:14:25.1844161Z [command]/usr/bin/git submodule foreach --recursive sh -c "git config --local --name-only --get-regexp 'core\.sshCommand' && git config --local --unset-all 'core.sshCommand' || :"
validate	Post Run actions/checkout@11d5960a326750d5838078e36cf38b85af677262	2026-09-11T06:14:25.2182213Z [command]/usr/bin/git config --local --name-only --get-regexp http\.https\:\/\/github\.com\/\.extraheader
validate	Post Run actions/checkout@11d5960a326750d5838078e36cf38b85af677262	2026-09-11T06:14:25.2213514Z http.https://github.com/.extraheader
validate	Post Run actions/checkout@11d5960a326750d5838078e36cf38b85af677262	2026-09-11T06:14:25.2226317Z [command]/usr/bin/git config --local --unset-all http.https://github.com/.extraheader
validate	Post Run actions/checkout@11d5960a326750d5838078e36cf38b85af677262	2026-09-11T06:14:25.2259353Z [command]/usr/bin/git submodule foreach --recursive sh -c "git config --local --name-only --get-regexp 'http\.https\:\/\/github\.com\/\.extraheader' && git config --local --unset-all 'http.https://github.com/.extraheader' || :"
validate	Post Run actions/checkout@11d5960a326750d5838078e36cf38b85af677262	2026-09-11T06:14:25.2537883Z [command]/usr/bin/git config --local --name-only --get-regexp ^includeIf\.gitdir:
validate	Post Run actions/checkout@11d5960a326750d5838078e36cf38b85af677262	2026-09-11T06:14:25.2585155Z [command]/usr/bin/git submodule foreach --recursive git config --local --show-origin --name-only --get-regexp remote.origin.url
validate	Complete job	﻿2026-09-11T06:14:25.2973317Z Cleaning up orphan processes
validate	Complete job	2026-09-11T06:14:25.3240071Z ##[warning]Node.js 20 is deprecated. The following actions target Node.js 20 but are being forced to run on Node.js 24: actions/checkout@11d5960a326750d5838078e36cf38b85af677262, actions/setup-python@a26af69be951a213d495a4c3e4e4022e16d87065, actions/upload-artifact@ea165f8d65b6e75b540449e92b4886f43607fa02. For more information see: https://github.blog/changelog/2025-09-19-deprecation-of-node-20-on-github-actions-runners/
