2026-09-10T18:37:17.9309299Z Current runner version: '2.337.0'
2026-09-10T18:37:17.9330950Z ##[group]Runner Image Provisioner
2026-09-10T18:37:17.9331776Z Hosted Compute Agent
2026-09-10T18:37:17.9332364Z Version: 20260828.587
2026-09-10T18:37:17.9332968Z Commit: abac92662cab4cc7352de4f9f9d2e2419aad9c29
2026-09-10T18:37:17.9333679Z Build Date: 2026-08-28T16:44:25Z
2026-09-10T18:37:17.9334333Z Worker ID: {05f0aa9a-4d47-48ea-8094-e99108cf58d0}
2026-09-10T18:37:17.9334999Z Azure Region: westus3
2026-09-10T18:37:17.9335636Z ##[endgroup]
2026-09-10T18:37:17.9336827Z ##[group]Operating System
2026-09-10T18:37:17.9337406Z Ubuntu
2026-09-10T18:37:17.9337912Z 24.04.5
2026-09-10T18:37:17.9338396Z LTS
2026-09-10T18:37:17.9338878Z ##[endgroup]
2026-09-10T18:37:17.9339721Z ##[group]Runner Image
2026-09-10T18:37:17.9340815Z Image: ubuntu-24.04
2026-09-10T18:37:17.9341362Z Version: 20260907.300.1
2026-09-10T18:37:17.9342575Z Included Software: https://github.com/actions/runner-images/blob/ubuntu24/20260907.300/images/ubuntu/Ubuntu2404-Readme.md
2026-09-10T18:37:17.9344046Z Image Release: https://github.com/actions/runner-images/releases/tag/ubuntu24%2F20260907.300
2026-09-10T18:37:17.9345054Z ##[endgroup]
2026-09-10T18:37:17.9346300Z ##[group]GITHUB_TOKEN Permissions
2026-09-10T18:37:17.9348302Z Contents: read
2026-09-10T18:37:17.9348901Z Metadata: read
2026-09-10T18:37:17.9349667Z ##[endgroup]
2026-09-10T18:37:17.9351758Z Secret source: Actions
2026-09-10T18:37:17.9352722Z Cache mode: write
2026-09-10T18:37:17.9353383Z Prepare workflow directory
2026-09-10T18:37:17.9757726Z Prepare all required actions
2026-09-10T18:37:17.9805718Z Getting action download info
2026-09-10T18:37:18.3003669Z Download action repository 'actions/checkout@11d5960a326750d5838078e36cf38b85af677262' (SHA:11d5960a326750d5838078e36cf38b85af677262)
2026-09-10T18:37:18.6699951Z Download action repository 'actions/setup-python@a26af69be951a213d495a4c3e4e4022e16d87065' (SHA:a26af69be951a213d495a4c3e4e4022e16d87065)
2026-09-10T18:37:18.7966702Z Download action repository 'actions/cache@5a3ec84eff668545956fd18022155c47e93e2684' (SHA:5a3ec84eff668545956fd18022155c47e93e2684)
2026-09-10T18:37:19.1007431Z Download action repository 'actions/upload-artifact@ea165f8d65b6e75b540449e92b4886f43607fa02' (SHA:ea165f8d65b6e75b540449e92b4886f43607fa02)
2026-09-10T18:37:19.3605260Z Complete job name: Candidate source evidence
2026-09-10T18:37:19.4274745Z Node 20 is being deprecated. This workflow is running with Node 24 by default. If you need to temporarily use Node 20, you can set the ACTIONS_ALLOW_USE_UNSECURE_NODE_VERSION=true environment variable. For more information see: https://github.blog/changelog/2025-09-19-deprecation-of-node-20-on-github-actions-runners/
2026-09-10T18:37:19.4283407Z ##[group]Run actions/checkout@11d5960a326750d5838078e36cf38b85af677262
2026-09-10T18:37:19.4284327Z with:
2026-09-10T18:37:19.4284727Z   fetch-depth: 0
2026-09-10T18:37:19.4285221Z   persist-credentials: false
2026-09-10T18:37:19.4285818Z   repository: mmzen/se_harness
2026-09-10T18:37:19.4291411Z   token: ***
2026-09-10T18:37:19.4291882Z   ssh-strict: true
2026-09-10T18:37:19.4292318Z   ssh-user: git
2026-09-10T18:37:19.4292745Z   clean: true
2026-09-10T18:37:19.4293222Z   sparse-checkout-cone-mode: true
2026-09-10T18:37:19.4293810Z   fetch-tags: false
2026-09-10T18:37:19.4294275Z   show-progress: true
2026-09-10T18:37:19.4294761Z   lfs: false
2026-09-10T18:37:19.4295236Z   submodules: false
2026-09-10T18:37:19.4295690Z   set-safe-directory: true
2026-09-10T18:37:19.4296236Z   allow-unsafe-pr-checkout: false
2026-09-10T18:37:19.4296914Z env:
2026-09-10T18:37:19.4297289Z   PYTHONNOUSERSITE: 1
2026-09-10T18:37:19.4297775Z   PYTHONPATH: 
2026-09-10T18:37:19.4298205Z ##[endgroup]
2026-09-10T18:37:19.5194483Z Syncing repository: mmzen/se_harness
2026-09-10T18:37:19.5197256Z ##[group]Getting Git version info
2026-09-10T18:37:19.5198368Z Working directory is '/home/runner/work/se_harness/se_harness'
2026-09-10T18:37:19.5200487Z [command]/usr/bin/git version
2026-09-10T18:37:19.6640166Z git version 2.55.0
2026-09-10T18:37:19.6656169Z ##[endgroup]
2026-09-10T18:37:19.6669783Z Temporarily overriding HOME='/home/runner/work/_temp/f45f04de-1231-4e93-befe-b8941e21c420' before making global git config changes
2026-09-10T18:37:19.6672108Z Adding repository directory to the temporary git global config as a safe directory
2026-09-10T18:37:19.6674399Z [command]/usr/bin/git config --global --add safe.directory /home/runner/work/se_harness/se_harness
2026-09-10T18:37:19.6745308Z Deleting the contents of '/home/runner/work/se_harness/se_harness'
2026-09-10T18:37:19.6748371Z ##[group]Initializing the repository
2026-09-10T18:37:19.6753752Z [command]/usr/bin/git init /home/runner/work/se_harness/se_harness
2026-09-10T18:37:19.6912033Z hint: Using 'master' as the name for the initial branch. This default branch name
2026-09-10T18:37:19.6914006Z hint: will change to "main" in Git 3.0. To configure the initial branch name
2026-09-10T18:37:19.6915818Z hint: to use in all of your new repositories, which will suppress this warning,
2026-09-10T18:37:19.6916855Z hint: call:
2026-09-10T18:37:19.6917462Z hint:
2026-09-10T18:37:19.6918213Z hint: 	git config --global init.defaultBranch <name>
2026-09-10T18:37:19.6918972Z hint:
2026-09-10T18:37:19.6920075Z hint: Names commonly chosen instead of 'master' are 'main', 'trunk' and
2026-09-10T18:37:19.6921664Z hint: 'development'. The just-created branch can be renamed via this command:
2026-09-10T18:37:19.6922854Z hint:
2026-09-10T18:37:19.6923529Z hint: 	git branch -m <name>
2026-09-10T18:37:19.6924133Z hint:
2026-09-10T18:37:19.6925029Z hint: Disable this message with "git config set advice.defaultBranchName false"
2026-09-10T18:37:19.6926455Z Initialized empty Git repository in /home/runner/work/se_harness/se_harness/.git/
2026-09-10T18:37:19.6929085Z [command]/usr/bin/git remote add origin https://github.com/mmzen/se_harness
2026-09-10T18:37:19.6968250Z ##[endgroup]
2026-09-10T18:37:19.6969293Z ##[group]Disabling automatic garbage collection
2026-09-10T18:37:19.6972032Z [command]/usr/bin/git config --local gc.auto 0
2026-09-10T18:37:19.6998663Z ##[endgroup]
2026-09-10T18:37:19.6999852Z ##[group]Setting up auth
2026-09-10T18:37:19.7004303Z [command]/usr/bin/git config --local --name-only --get-regexp core\.sshCommand
2026-09-10T18:37:19.7031700Z [command]/usr/bin/git submodule foreach --recursive sh -c "git config --local --name-only --get-regexp 'core\.sshCommand' && git config --local --unset-all 'core.sshCommand' || :"
2026-09-10T18:37:19.7787095Z [command]/usr/bin/git config --local --name-only --get-regexp http\.https\:\/\/github\.com\/\.extraheader
2026-09-10T18:37:19.7815107Z [command]/usr/bin/git submodule foreach --recursive sh -c "git config --local --name-only --get-regexp 'http\.https\:\/\/github\.com\/\.extraheader' && git config --local --unset-all 'http.https://github.com/.extraheader' || :"
2026-09-10T18:37:19.7983575Z [command]/usr/bin/git config --local --name-only --get-regexp ^includeIf\.gitdir:
2026-09-10T18:37:19.8007886Z [command]/usr/bin/git submodule foreach --recursive git config --local --show-origin --name-only --get-regexp remote.origin.url
2026-09-10T18:37:19.8165554Z [command]/usr/bin/git config --local http.https://github.com/.extraheader AUTHORIZATION: basic ***
2026-09-10T18:37:19.8192130Z ##[endgroup]
2026-09-10T18:37:19.8193108Z ##[group]Fetching the repository
2026-09-10T18:37:19.8201557Z [command]/usr/bin/git -c protocol.version=2 fetch --prune --no-recurse-submodules origin +refs/heads/*:refs/remotes/origin/* +refs/tags/*:refs/tags/* +4fff755e86ae89e22672dc34d5984e45e288baf5:refs/remotes/pull/444/merge
2026-09-10T18:37:22.2307341Z From https://github.com/mmzen/se_harness
2026-09-10T18:37:22.2309308Z  * [new branch]        artifacts/plugin-implementation          -> origin/artifacts/plugin-implementation
2026-09-10T18:37:22.2310761Z  * [new branch]        definitions/plg010-delegation            -> origin/definitions/plg010-delegation
2026-09-10T18:37:22.2311965Z  * [new branch]        definitions/plg011-delegation            -> origin/definitions/plg011-delegation
2026-09-10T18:37:22.2313237Z  * [new branch]        definitions/plg012-delegation            -> origin/definitions/plg012-delegation
2026-09-10T18:37:22.2314209Z  * [new branch]        main                                     -> origin/main
2026-09-10T18:37:22.2315355Z  * [new branch]        notes/plugin-installation-proposal       -> origin/notes/plugin-installation-proposal
2026-09-10T18:37:22.2316337Z  * [new branch]        notes/plugin-proposal-assessment-2026-09-08 -> origin/notes/plugin-proposal-assessment-2026-09-08
2026-09-10T18:37:22.2317246Z  * [new branch]        release/0.10                             -> origin/release/0.10
2026-09-10T18:37:22.2317891Z  * [new branch]        release/0.11                             -> origin/release/0.11
2026-09-10T18:37:22.2318617Z  * [new branch]        release/0.12                             -> origin/release/0.12
2026-09-10T18:37:22.2319295Z  * [new branch]        release/0.12.0                           -> origin/release/0.12.0
2026-09-10T18:37:22.2320323Z  * [new branch]        release/0.13                             -> origin/release/0.13
2026-09-10T18:37:22.2320986Z  * [new branch]        release/0.13.0                           -> origin/release/0.13.0
2026-09-10T18:37:22.2321996Z  * [new branch]        release/0.14                             -> origin/release/0.14
2026-09-10T18:37:22.2322775Z  * [new branch]        release/0.14.0                           -> origin/release/0.14.0
2026-09-10T18:37:22.2323328Z  * [new branch]        release/0.15                             -> origin/release/0.15
2026-09-10T18:37:22.2323893Z  * [new branch]        release/0.15.0                           -> origin/release/0.15.0
2026-09-10T18:37:22.2324476Z  * [new branch]        release/0.16                             -> origin/release/0.16
2026-09-10T18:37:22.2325029Z  * [new branch]        release/0.16.0                           -> origin/release/0.16.0
2026-09-10T18:37:22.2325606Z  * [new branch]        release/0.17                             -> origin/release/0.17
2026-09-10T18:37:22.2326157Z  * [new branch]        release/0.17.0                           -> origin/release/0.17.0
2026-09-10T18:37:22.2326768Z  * [new branch]        release/0.2.0                            -> origin/release/0.2.0
2026-09-10T18:37:22.2327642Z  * [new branch]        release/0.2.1                            -> origin/release/0.2.1
2026-09-10T18:37:22.2328208Z  * [new branch]        release/0.2.2                            -> origin/release/0.2.2
2026-09-10T18:37:22.2328773Z  * [new branch]        release/0.3.0                            -> origin/release/0.3.0
2026-09-10T18:37:22.2329329Z  * [new branch]        release/0.4.0                            -> origin/release/0.4.0
2026-09-10T18:37:22.2330605Z  * [new branch]        release/0.6                              -> origin/release/0.6
2026-09-10T18:37:22.2331407Z  * [new branch]        release/0.7                              -> origin/release/0.7
2026-09-10T18:37:22.2332200Z  * [new branch]        release/0.8                              -> origin/release/0.8
2026-09-10T18:37:22.2332957Z  * [new branch]        release/0.9                              -> origin/release/0.9
2026-09-10T18:37:22.2333578Z  * [new branch]        work/plugin-change-skill                 -> origin/work/plugin-change-skill
2026-09-10T18:37:22.2334174Z  * [new tag]           last                                     -> last
2026-09-10T18:37:22.2334695Z  * [new tag]           v0.10.0                                  -> v0.10.0
2026-09-10T18:37:22.2335213Z  * [new tag]           v0.11.0                                  -> v0.11.0
2026-09-10T18:37:22.2335756Z  * [new tag]           v0.12.0                                  -> v0.12.0
2026-09-10T18:37:22.2336491Z  * [new tag]           v0.13.0                                  -> v0.13.0
2026-09-10T18:37:22.2337012Z  * [new tag]           v0.14.0                                  -> v0.14.0
2026-09-10T18:37:22.2337514Z  * [new tag]           v0.15.0                                  -> v0.15.0
2026-09-10T18:37:22.2338005Z  * [new tag]           v0.16.0                                  -> v0.16.0
2026-09-10T18:37:22.2338563Z  * [new tag]           v0.17.0                                  -> v0.17.0
2026-09-10T18:37:22.2339117Z  * [new tag]           v0.2.0                                   -> v0.2.0
2026-09-10T18:37:22.2339691Z  * [new tag]           v0.2.1                                   -> v0.2.1
2026-09-10T18:37:22.2340236Z  * [new tag]           v0.2.2                                   -> v0.2.2
2026-09-10T18:37:22.2340737Z  * [new tag]           v0.3.0                                   -> v0.3.0
2026-09-10T18:37:22.2341228Z  * [new tag]           v0.4.0                                   -> v0.4.0
2026-09-10T18:37:22.2341755Z  * [new tag]           v0.4.1                                   -> v0.4.1
2026-09-10T18:37:22.2342239Z  * [new tag]           v0.5.0                                   -> v0.5.0
2026-09-10T18:37:22.2343189Z  * [new tag]           v0.5.0a1                                 -> v0.5.0a1
2026-09-10T18:37:22.2343645Z  * [new tag]           v0.6.0                                   -> v0.6.0
2026-09-10T18:37:22.2344177Z  * [new tag]           v0.7.0                                   -> v0.7.0
2026-09-10T18:37:22.2344671Z  * [new tag]           v0.7.1                                   -> v0.7.1
2026-09-10T18:37:22.2345126Z  * [new tag]           v0.8.0                                   -> v0.8.0
2026-09-10T18:37:22.2345584Z  * [new tag]           v0.9.0                                   -> v0.9.0
2026-09-10T18:37:22.2346117Z  * [new ref]           4fff755e86ae89e22672dc34d5984e45e288baf5 -> pull/444/merge
2026-09-10T18:37:22.2347877Z ##[endgroup]
2026-09-10T18:37:22.2348417Z ##[group]Determining the checkout info
2026-09-10T18:37:22.2348919Z ##[endgroup]
2026-09-10T18:37:22.2349329Z [command]/usr/bin/git sparse-checkout disable
2026-09-10T18:37:22.2376447Z [command]/usr/bin/git config --local --unset-all extensions.worktreeConfig
2026-09-10T18:37:22.2406732Z ##[group]Checking out the ref
2026-09-10T18:37:22.2409351Z [command]/usr/bin/git checkout --progress --force refs/remotes/pull/444/merge
2026-09-10T18:37:22.4882957Z Note: switching to 'refs/remotes/pull/444/merge'.
2026-09-10T18:37:22.4883571Z 
2026-09-10T18:37:22.4884079Z You are in 'detached HEAD' state. You can look around, make experimental
2026-09-10T18:37:22.4885082Z changes and commit them, and you can discard any commits you make in this
2026-09-10T18:37:22.4885614Z state without impacting any branches by switching back to a branch.
2026-09-10T18:37:22.4885891Z 
2026-09-10T18:37:22.4886150Z If you want to create a new branch to retain commits you create, you may
2026-09-10T18:37:22.4886610Z do so (now or later) by using -c with the switch command. Example:
2026-09-10T18:37:22.4886830Z 
2026-09-10T18:37:22.4886966Z   git switch -c <new-branch-name>
2026-09-10T18:37:22.4887150Z 
2026-09-10T18:37:22.4887329Z Or undo this operation with:
2026-09-10T18:37:22.4887510Z 
2026-09-10T18:37:22.4887614Z   git switch -
2026-09-10T18:37:22.4887758Z 
2026-09-10T18:37:22.4887971Z Turn off this advice by setting config variable advice.detachedHead to false
2026-09-10T18:37:22.4888282Z 
2026-09-10T18:37:22.4888598Z HEAD is now at 4fff755e Merge 0600fb7044037194d2ea22c0751e45f6d9c6b843 into 9bc323a7bd5bd259b1ba2098b719314091734a20
2026-09-10T18:37:22.6568137Z ##[endgroup]
2026-09-10T18:37:22.6612368Z [command]/usr/bin/git log -1 --format=%H
2026-09-10T18:37:22.6625749Z 4fff755e86ae89e22672dc34d5984e45e288baf5
2026-09-10T18:37:22.6634715Z ##[group]Removing auth
2026-09-10T18:37:22.6638196Z [command]/usr/bin/git config --local --name-only --get-regexp core\.sshCommand
2026-09-10T18:37:22.6662868Z [command]/usr/bin/git submodule foreach --recursive sh -c "git config --local --name-only --get-regexp 'core\.sshCommand' && git config --local --unset-all 'core.sshCommand' || :"
2026-09-10T18:37:22.6831885Z [command]/usr/bin/git config --local --name-only --get-regexp http\.https\:\/\/github\.com\/\.extraheader
2026-09-10T18:37:22.6851406Z http.https://github.com/.extraheader
2026-09-10T18:37:22.6855842Z [command]/usr/bin/git config --local --unset-all http.https://github.com/.extraheader
2026-09-10T18:37:22.6878505Z [command]/usr/bin/git submodule foreach --recursive sh -c "git config --local --name-only --get-regexp 'http\.https\:\/\/github\.com\/\.extraheader' && git config --local --unset-all 'http.https://github.com/.extraheader' || :"
2026-09-10T18:37:22.7038156Z [command]/usr/bin/git config --local --name-only --get-regexp ^includeIf\.gitdir:
2026-09-10T18:37:22.7059974Z [command]/usr/bin/git submodule foreach --recursive git config --local --show-origin --name-only --get-regexp remote.origin.url
2026-09-10T18:37:22.7216691Z ##[endgroup]
2026-09-10T18:37:22.7418958Z Node 20 is being deprecated. This workflow is running with Node 24 by default. If you need to temporarily use Node 20, you can set the ACTIONS_ALLOW_USE_UNSECURE_NODE_VERSION=true environment variable. For more information see: https://github.blog/changelog/2025-09-19-deprecation-of-node-20-on-github-actions-runners/
2026-09-10T18:37:22.7421213Z ##[group]Run actions/setup-python@a26af69be951a213d495a4c3e4e4022e16d87065
2026-09-10T18:37:22.7421661Z with:
2026-09-10T18:37:22.7421978Z   python-version: 3.11
2026-09-10T18:37:22.7422270Z   check-latest: false
2026-09-10T18:37:22.7424531Z   token: ***
2026-09-10T18:37:22.7424825Z   update-environment: true
2026-09-10T18:37:22.7425169Z   allow-prereleases: false
2026-09-10T18:37:22.7425496Z   freethreaded: false
2026-09-10T18:37:22.7425783Z env:
2026-09-10T18:37:22.7426043Z   PYTHONNOUSERSITE: 1
2026-09-10T18:37:22.7426351Z   PYTHONPATH: 
2026-09-10T18:37:22.7426645Z ##[endgroup]
2026-09-10T18:37:22.8671087Z ##[group]Installed versions
2026-09-10T18:37:22.8900595Z (node:2106) [DEP0040] DeprecationWarning: The `punycode` module is deprecated. Please use a userland alternative instead.
2026-09-10T18:37:22.8901754Z (Use `node --trace-deprecation ...` to show where the warning was created)
2026-09-10T18:37:22.8902509Z Successfully set up CPython (3.11.16)
2026-09-10T18:37:22.8903277Z ##[endgroup]
2026-09-10T18:37:22.9038051Z ##[group]Run version="$(python -c 'import se_harness; print(se_harness.__version__)')"
2026-09-10T18:37:22.9038775Z [36;1mversion="$(python -c 'import se_harness; print(se_harness.__version__)')"[0m
2026-09-10T18:37:22.9039235Z [36;1mprintf 'version=%s\n' "$version" >> "$GITHUB_OUTPUT"[0m
2026-09-10T18:37:23.0330177Z shell: /usr/bin/bash --noprofile --norc -e -o pipefail {0}
2026-09-10T18:37:23.0330539Z env:
2026-09-10T18:37:23.0330779Z   PYTHONNOUSERSITE: 1
2026-09-10T18:37:23.0331110Z   PYTHONPATH: 
2026-09-10T18:37:23.0331451Z   pythonLocation: /opt/hostedtoolcache/Python/3.11.16/x64
2026-09-10T18:37:23.0331876Z   PKG_CONFIG_PATH: /opt/hostedtoolcache/Python/3.11.16/x64/lib/pkgconfig
2026-09-10T18:37:23.0332283Z   Python_ROOT_DIR: /opt/hostedtoolcache/Python/3.11.16/x64
2026-09-10T18:37:23.0332645Z   Python2_ROOT_DIR: /opt/hostedtoolcache/Python/3.11.16/x64
2026-09-10T18:37:23.0333063Z   Python3_ROOT_DIR: /opt/hostedtoolcache/Python/3.11.16/x64
2026-09-10T18:37:23.0333534Z   LD_LIBRARY_PATH: /opt/hostedtoolcache/Python/3.11.16/x64/lib
2026-09-10T18:37:23.0333897Z ##[endgroup]
2026-09-10T18:37:23.2159013Z ##[group]Run set -euo pipefail
2026-09-10T18:37:23.2159361Z [36;1mset -euo pipefail[0m
2026-09-10T18:37:23.2160171Z [36;1mpython -m repository_tools.evaluator_facts derive --repository . --github-output "$GITHUB_OUTPUT" --json[0m
2026-09-10T18:37:23.2181302Z shell: /usr/bin/bash --noprofile --norc -e -o pipefail {0}
2026-09-10T18:37:23.2181632Z env:
2026-09-10T18:37:23.2181920Z   PYTHONNOUSERSITE: 1
2026-09-10T18:37:23.2182171Z   PYTHONPATH: 
2026-09-10T18:37:23.2182490Z   pythonLocation: /opt/hostedtoolcache/Python/3.11.16/x64
2026-09-10T18:37:23.2182889Z   PKG_CONFIG_PATH: /opt/hostedtoolcache/Python/3.11.16/x64/lib/pkgconfig
2026-09-10T18:37:23.2183299Z   Python_ROOT_DIR: /opt/hostedtoolcache/Python/3.11.16/x64
2026-09-10T18:37:23.2183689Z   Python2_ROOT_DIR: /opt/hostedtoolcache/Python/3.11.16/x64
2026-09-10T18:37:23.2184052Z   Python3_ROOT_DIR: /opt/hostedtoolcache/Python/3.11.16/x64
2026-09-10T18:37:23.2184648Z   LD_LIBRARY_PATH: /opt/hostedtoolcache/Python/3.11.16/x64/lib
2026-09-10T18:37:23.2184969Z ##[endgroup]
2026-09-10T18:37:23.9589830Z {"candidate_version":"0.18.0","payload_sha256":"dd48b16b69d90a04412f458c756876ec22a687c99282075e69d0f58316c43405","schema":"se-harness-evaluator-facts-v1","version":"0.17.0","wheel":"se_harness-0.17.0-py3-none-any.whl","wheel_sha256":"305c7cbc79f87baa76ea3bea939b134999f9cad3bfdfa0b4c9c2fd2d9caacced"}
2026-09-10T18:37:23.9694770Z ##[group]Run set -euo pipefail
2026-09-10T18:37:23.9695166Z [36;1mset -euo pipefail[0m
2026-09-10T18:37:23.9695579Z [36;1mpython -m se_harness qualify complete-candidate . \[0m
2026-09-10T18:37:23.9696006Z [36;1m  --candidate-commit "$GITHUB_SHA" \[0m
2026-09-10T18:37:23.9696433Z [36;1m  --output "$RUNNER_TEMP/complete-candidate.json" \[0m
2026-09-10T18:37:23.9696809Z [36;1m  --json[0m
2026-09-10T18:37:23.9721241Z shell: /usr/bin/bash --noprofile --norc -e -o pipefail {0}
2026-09-10T18:37:23.9721662Z env:
2026-09-10T18:37:23.9721963Z   PYTHONNOUSERSITE: 1
2026-09-10T18:37:23.9722306Z   PYTHONPATH: 
2026-09-10T18:37:23.9722636Z   pythonLocation: /opt/hostedtoolcache/Python/3.11.16/x64
2026-09-10T18:37:23.9723132Z   PKG_CONFIG_PATH: /opt/hostedtoolcache/Python/3.11.16/x64/lib/pkgconfig
2026-09-10T18:37:23.9723613Z   Python_ROOT_DIR: /opt/hostedtoolcache/Python/3.11.16/x64
2026-09-10T18:37:23.9724040Z   Python2_ROOT_DIR: /opt/hostedtoolcache/Python/3.11.16/x64
2026-09-10T18:37:23.9724566Z   Python3_ROOT_DIR: /opt/hostedtoolcache/Python/3.11.16/x64
2026-09-10T18:37:23.9724991Z   LD_LIBRARY_PATH: /opt/hostedtoolcache/Python/3.11.16/x64/lib
2026-09-10T18:37:23.9725417Z ##[endgroup]
2026-09-10T18:37:25.6251198Z {
2026-09-10T18:37:25.6251905Z   "authority": "evidence-only; no lifecycle or external action authorized",
2026-09-10T18:37:25.6252561Z   "checks": [
2026-09-10T18:37:25.6252951Z     {
2026-09-10T18:37:25.6253274Z       "id": "CC001",
2026-09-10T18:37:25.6253712Z       "message": "candidate runtime is bound to the checkout",
2026-09-10T18:37:25.6254200Z       "passed": true,
2026-09-10T18:37:25.6254509Z       "subject": "candidate-runtime"
2026-09-10T18:37:25.6254833Z     },
2026-09-10T18:37:25.6255060Z     {
2026-09-10T18:37:25.6255355Z       "id": "CC002",
2026-09-10T18:37:25.6255678Z       "message": "HEAD and tracked tree match the candidate",
2026-09-10T18:37:25.6256045Z       "passed": true,
2026-09-10T18:37:25.6256348Z       "subject": "candidate-commit"
2026-09-10T18:37:25.6256638Z     },
2026-09-10T18:37:25.6256890Z     {
2026-09-10T18:37:25.6257124Z       "id": "CC003",
2026-09-10T18:37:25.6257418Z       "message": "artifacts=1530; errors=0; warnings=46",
2026-09-10T18:37:25.6257789Z       "passed": true,
2026-09-10T18:37:25.6258071Z       "subject": "engineering-graph"
2026-09-10T18:37:25.6258399Z     },
2026-09-10T18:37:25.6258626Z     {
2026-09-10T18:37:25.6258858Z       "id": "CC004",
2026-09-10T18:37:25.6259186Z       "message": "target state is unchanged",
2026-09-10T18:37:25.6259765Z       "passed": true,
2026-09-10T18:37:25.6260074Z       "subject": "repository-state"
2026-09-10T18:37:25.6260352Z     }
2026-09-10T18:37:25.6260564Z   ],
2026-09-10T18:37:25.6260861Z   "completion": "completed",
2026-09-10T18:37:25.6261169Z   "evaluator": {
2026-09-10T18:37:25.6261502Z     "candidate_commit": "4fff755e86ae89e22672dc34d5984e45e288baf5",
2026-09-10T18:37:25.6261855Z     "diagnostics": [],
2026-09-10T18:37:25.6262117Z     "distribution": "se-harness",
2026-09-10T18:37:25.6262590Z     "identity_sha256": "08368d3b0f542b545074e582f9e5bdc9985f6f1d8b505eb5637a667d6a5d7a48",
2026-09-10T18:37:25.6263019Z     "isolated_python": false,
2026-09-10T18:37:25.6263307Z     "pythonpath_present": false,
2026-09-10T18:37:25.6263615Z     "role": "candidate-source",
2026-09-10T18:37:25.6263904Z     "user_site_enabled": false,
2026-09-10T18:37:25.6264246Z     "version": "0.18.0"
2026-09-10T18:37:25.6264503Z   },
2026-09-10T18:37:25.6264767Z   "independence": "candidate-controlled",
2026-09-10T18:37:25.6265104Z   "operation": "complete-candidate",
2026-09-10T18:37:25.6265602Z   "passed": true,
2026-09-10T18:37:25.6265938Z   "schema": "se-harness-release-qualification-v1",
2026-09-10T18:37:25.6266261Z   "target": {
2026-09-10T18:37:25.6266539Z     "commit": "4fff755e86ae89e22672dc34d5984e45e288baf5",
2026-09-10T18:37:25.6267018Z     "identity_sha256": "90621082ed90e726b6761f7280b70c6847d3cab026e7ca0a8ccae716b80719ff",
2026-09-10T18:37:25.6267497Z     "kind": "complete-candidate",
2026-09-10T18:37:25.6267960Z     "tree": "f28a6753d14b555c5411ec96480be5b6cdbd1a37"
2026-09-10T18:37:25.6268269Z   }
2026-09-10T18:37:25.6268481Z }
2026-09-10T18:37:25.6446890Z ##[group]Run python scripts/check_portable_release_surface.py --repository .
2026-09-10T18:37:25.6447471Z [36;1mpython scripts/check_portable_release_surface.py --repository .[0m
2026-09-10T18:37:25.6469921Z shell: /usr/bin/bash -e {0}
2026-09-10T18:37:25.6470266Z env:
2026-09-10T18:37:25.6470542Z   PYTHONNOUSERSITE: 1
2026-09-10T18:37:25.6470828Z   PYTHONPATH: 
2026-09-10T18:37:25.6471254Z   pythonLocation: /opt/hostedtoolcache/Python/3.11.16/x64
2026-09-10T18:37:25.6471715Z   PKG_CONFIG_PATH: /opt/hostedtoolcache/Python/3.11.16/x64/lib/pkgconfig
2026-09-10T18:37:25.6472178Z   Python_ROOT_DIR: /opt/hostedtoolcache/Python/3.11.16/x64
2026-09-10T18:37:25.6472620Z   Python2_ROOT_DIR: /opt/hostedtoolcache/Python/3.11.16/x64
2026-09-10T18:37:25.6473047Z   Python3_ROOT_DIR: /opt/hostedtoolcache/Python/3.11.16/x64
2026-09-10T18:37:25.6473515Z   LD_LIBRARY_PATH: /opt/hostedtoolcache/Python/3.11.16/x64/lib
2026-09-10T18:37:25.6473877Z ##[endgroup]
2026-09-10T18:37:25.6963775Z portable release surface: PASS
2026-09-10T18:37:25.7082439Z Node 20 is being deprecated. This workflow is running with Node 24 by default. If you need to temporarily use Node 20, you can set the ACTIONS_ALLOW_USE_UNSECURE_NODE_VERSION=true environment variable. For more information see: https://github.blog/changelog/2025-09-19-deprecation-of-node-20-on-github-actions-runners/
2026-09-10T18:37:25.7083584Z ##[group]Run actions/cache@5a3ec84eff668545956fd18022155c47e93e2684
2026-09-10T18:37:25.7083942Z with:
2026-09-10T18:37:25.7084235Z   path: target/test-timings.json
2026-09-10T18:37:25.7084538Z   key: test-timings-Linux-34515449975
2026-09-10T18:37:25.7084837Z   restore-keys: test-timings-Linux-

2026-09-10T18:37:25.7085170Z   enableCrossOsArchive: false
2026-09-10T18:37:25.7085451Z   fail-on-cache-miss: false
2026-09-10T18:37:25.7085742Z   lookup-only: false
2026-09-10T18:37:25.7086001Z   save-always: false
2026-09-10T18:37:25.7086238Z env:
2026-09-10T18:37:25.7086526Z   PYTHONNOUSERSITE: 1
2026-09-10T18:37:25.7086788Z   PYTHONPATH: 
2026-09-10T18:37:25.7087204Z   pythonLocation: /opt/hostedtoolcache/Python/3.11.16/x64
2026-09-10T18:37:25.7087609Z   PKG_CONFIG_PATH: /opt/hostedtoolcache/Python/3.11.16/x64/lib/pkgconfig
2026-09-10T18:37:25.7088031Z   Python_ROOT_DIR: /opt/hostedtoolcache/Python/3.11.16/x64
2026-09-10T18:37:25.7088420Z   Python2_ROOT_DIR: /opt/hostedtoolcache/Python/3.11.16/x64
2026-09-10T18:37:25.7088810Z   Python3_ROOT_DIR: /opt/hostedtoolcache/Python/3.11.16/x64
2026-09-10T18:37:25.7089206Z   LD_LIBRARY_PATH: /opt/hostedtoolcache/Python/3.11.16/x64/lib
2026-09-10T18:37:25.7089729Z ##[endgroup]
2026-09-10T18:37:25.7980565Z (node:2184) [DEP0040] DeprecationWarning: The `punycode` module is deprecated. Please use a userland alternative instead.
2026-09-10T18:37:25.7981511Z (Use `node --trace-deprecation ...` to show where the warning was created)
2026-09-10T18:37:26.1397189Z Cache hit for: test-timings-Linux-34515449975
2026-09-10T18:37:26.1487417Z (node:2184) [DEP0169] DeprecationWarning: `url.parse()` behavior is not standardized and prone to errors that have security implications. Use the WHATWG URL API instead. CVEs are not issued for `url.parse()` vulnerabilities.
2026-09-10T18:37:26.4440448Z Received 3320 of 3320 (100.0%), 0.0 MBs/sec
2026-09-10T18:37:26.4441197Z Cache Size: ~0 MB (3320 B)
2026-09-10T18:37:26.4464760Z [command]/usr/bin/tar -xf /home/runner/work/_temp/1cf9f635-5c21-4f7c-be91-c1038197dc34/cache.tzst -P -C /home/runner/work/se_harness/se_harness --use-compress-program unzstd
2026-09-10T18:37:26.4577454Z Cache restored successfully
2026-09-10T18:37:26.4639649Z Cache restored from key: test-timings-Linux-34514130459
2026-09-10T18:37:26.4697478Z ##[group]Run python scripts/run_tests.py --workers 4 --scale full --timings target/test-timings.json
2026-09-10T18:37:26.4698075Z [36;1mpython scripts/run_tests.py --workers 4 --scale full --timings target/test-timings.json[0m
2026-09-10T18:37:26.4719629Z shell: /usr/bin/bash -e {0}
2026-09-10T18:37:26.4720102Z env:
2026-09-10T18:37:26.4720366Z   PYTHONNOUSERSITE: 1
2026-09-10T18:37:26.4720643Z   PYTHONPATH: 
2026-09-10T18:37:26.4720994Z   pythonLocation: /opt/hostedtoolcache/Python/3.11.16/x64
2026-09-10T18:37:26.4721438Z   PKG_CONFIG_PATH: /opt/hostedtoolcache/Python/3.11.16/x64/lib/pkgconfig
2026-09-10T18:37:26.4721879Z   Python_ROOT_DIR: /opt/hostedtoolcache/Python/3.11.16/x64
2026-09-10T18:37:26.4722260Z   Python2_ROOT_DIR: /opt/hostedtoolcache/Python/3.11.16/x64
2026-09-10T18:37:26.4722670Z   Python3_ROOT_DIR: /opt/hostedtoolcache/Python/3.11.16/x64
2026-09-10T18:37:26.4723122Z   LD_LIBRARY_PATH: /opt/hostedtoolcache/Python/3.11.16/x64/lib
2026-09-10T18:37:26.4723569Z ##[endgroup]
2026-09-10T18:37:58.2701098Z --workers must be at least 1
2026-09-10T18:37:58.7360614Z docs/notes/diagnostic-codes.md matches the source
2026-09-10T18:37:58.7361590Z WEX_SCALE artifacts=100 validation=0.026835s focus=0.045186s plan=0.061340s
2026-09-10T18:37:58.7362681Z WEX_SCALE artifacts=500 validation=0.136995s focus=0.160398s plan=0.239068s
2026-09-10T18:37:58.7363690Z WEX_SCALE artifacts=1000 validation=0.292111s focus=0.288859s plan=0.408829s
2026-09-10T18:37:58.7395455Z ----------------------------------------------------------------------
2026-09-10T18:37:58.7396361Z Ran 1134 tests in 30.844s (180 classes, 4 workers)
2026-09-10T18:37:58.7396710Z 
2026-09-10T18:37:58.7396880Z OK (skipped=4)
2026-09-10T18:37:58.7832966Z ##[group]Run set -euo pipefail
2026-09-10T18:37:58.7833404Z [36;1mset -euo pipefail[0m
2026-09-10T18:37:58.7833816Z [36;1mmkdir -p "$RUNNER_TEMP/candidate-export" "$RUNNER_TEMP/candidate-dist"[0m
2026-09-10T18:37:58.7834399Z [36;1mgit archive "$GITHUB_SHA" | tar -x -C "$RUNNER_TEMP/candidate-export"[0m
2026-09-10T18:37:58.7834945Z [36;1mpython -m pip wheel --disable-pip-version-check --no-deps \[0m
2026-09-10T18:37:58.7835486Z [36;1m  --wheel-dir "$RUNNER_TEMP/candidate-dist" "$RUNNER_TEMP/candidate-export"[0m
2026-09-10T18:37:58.7836058Z [36;1mtest "$(find "$RUNNER_TEMP/candidate-dist" -maxdepth 1 -name '*.whl' | wc -l)" -eq 1[0m
2026-09-10T18:37:58.7836716Z [36;1mtest -f "$RUNNER_TEMP/candidate-dist/se_harness-$CANDIDATE_VERSION-py3-none-any.whl"[0m
2026-09-10T18:37:58.7837317Z [36;1m(cd "$RUNNER_TEMP/candidate-dist" && sha256sum -- *.whl > SHA256SUMS)[0m
2026-09-10T18:37:58.7859753Z shell: /usr/bin/bash --noprofile --norc -e -o pipefail {0}
2026-09-10T18:37:58.7860240Z env:
2026-09-10T18:37:58.7860631Z   PYTHONNOUSERSITE: 1
2026-09-10T18:37:58.7860945Z   PYTHONPATH: 
2026-09-10T18:37:58.7861297Z   pythonLocation: /opt/hostedtoolcache/Python/3.11.16/x64
2026-09-10T18:37:58.7861757Z   PKG_CONFIG_PATH: /opt/hostedtoolcache/Python/3.11.16/x64/lib/pkgconfig
2026-09-10T18:37:58.7862269Z   Python_ROOT_DIR: /opt/hostedtoolcache/Python/3.11.16/x64
2026-09-10T18:37:58.7862705Z   Python2_ROOT_DIR: /opt/hostedtoolcache/Python/3.11.16/x64
2026-09-10T18:37:58.7863132Z   Python3_ROOT_DIR: /opt/hostedtoolcache/Python/3.11.16/x64
2026-09-10T18:37:58.7863586Z   LD_LIBRARY_PATH: /opt/hostedtoolcache/Python/3.11.16/x64/lib
2026-09-10T18:37:58.7863967Z   CANDIDATE_VERSION: 0.18.0
2026-09-10T18:37:58.7864282Z ##[endgroup]
2026-09-10T18:38:00.7530967Z Processing /home/runner/work/_temp/candidate-export
2026-09-10T18:38:00.7549033Z   Installing build dependencies: started
2026-09-10T18:38:01.7646939Z   Installing build dependencies: finished with status 'done'
2026-09-10T18:38:01.7652261Z   Getting requirements to build wheel: started
2026-09-10T18:38:02.1787749Z   Getting requirements to build wheel: finished with status 'done'
2026-09-10T18:38:02.1795787Z   Preparing metadata (pyproject.toml): started
2026-09-10T18:38:02.3354007Z   Preparing metadata (pyproject.toml): finished with status 'done'
2026-09-10T18:38:02.3396701Z Building wheels for collected packages: se-harness
2026-09-10T18:38:02.3402462Z   Building wheel for se-harness (pyproject.toml): started
2026-09-10T18:38:02.5666364Z   Building wheel for se-harness (pyproject.toml): finished with status 'done'
2026-09-10T18:38:02.5676656Z   Created wheel for se-harness: filename=se_harness-0.18.0-py3-none-any.whl size=484824 sha256=75201c0ccc2c5b3452cb2ceeebabeb883b8d594538dd6d1342033b8543c5ff6b
2026-09-10T18:38:02.5678090Z   Stored in directory: /tmp/pip-ephem-wheel-cache-jv5jot8b/wheels/82/2d/b2/e08890299b718e07f3c1733b6c37897b1fd983619937ee73b3
2026-09-10T18:38:02.5746855Z Successfully built se-harness
2026-09-10T18:38:02.6676426Z ##[group]Run git diff --exit-code
2026-09-10T18:38:02.6676793Z [36;1mgit diff --exit-code[0m
2026-09-10T18:38:02.6677160Z [36;1mtest -z "$(git status --porcelain=v1 --untracked-files=all)"[0m
2026-09-10T18:38:02.6697377Z shell: /usr/bin/bash -e {0}
2026-09-10T18:38:02.6697757Z env:
2026-09-10T18:38:02.6698013Z   PYTHONNOUSERSITE: 1
2026-09-10T18:38:02.6698323Z   PYTHONPATH: 
2026-09-10T18:38:02.6698644Z   pythonLocation: /opt/hostedtoolcache/Python/3.11.16/x64
2026-09-10T18:38:02.6699095Z   PKG_CONFIG_PATH: /opt/hostedtoolcache/Python/3.11.16/x64/lib/pkgconfig
2026-09-10T18:38:02.6699605Z   Python_ROOT_DIR: /opt/hostedtoolcache/Python/3.11.16/x64
2026-09-10T18:38:02.6699998Z   Python2_ROOT_DIR: /opt/hostedtoolcache/Python/3.11.16/x64
2026-09-10T18:38:02.6700416Z   Python3_ROOT_DIR: /opt/hostedtoolcache/Python/3.11.16/x64
2026-09-10T18:38:02.6700839Z   LD_LIBRARY_PATH: /opt/hostedtoolcache/Python/3.11.16/x64/lib
2026-09-10T18:38:02.6701175Z ##[endgroup]
2026-09-10T18:38:02.6978567Z Node 20 is being deprecated. This workflow is running with Node 24 by default. If you need to temporarily use Node 20, you can set the ACTIONS_ALLOW_USE_UNSECURE_NODE_VERSION=true environment variable. For more information see: https://github.blog/changelog/2025-09-19-deprecation-of-node-20-on-github-actions-runners/
2026-09-10T18:38:02.6979989Z ##[group]Run actions/upload-artifact@ea165f8d65b6e75b540449e92b4886f43607fa02
2026-09-10T18:38:02.6980372Z with:
2026-09-10T18:38:02.6980780Z   name: candidate-wheel-non-promotable-4fff755e86ae89e22672dc34d5984e45e288baf5
2026-09-10T18:38:02.6981236Z   path: /home/runner/work/_temp/candidate-dist/
2026-09-10T18:38:02.6981571Z   if-no-files-found: error
2026-09-10T18:38:02.6981849Z   retention-days: 1
2026-09-10T18:38:02.6982111Z   compression-level: 6
2026-09-10T18:38:02.6982385Z   overwrite: false
2026-09-10T18:38:02.6982663Z   include-hidden-files: false
2026-09-10T18:38:02.6982925Z env:
2026-09-10T18:38:02.6983257Z   PYTHONNOUSERSITE: 1
2026-09-10T18:38:02.6983540Z   PYTHONPATH: 
2026-09-10T18:38:02.6983863Z   pythonLocation: /opt/hostedtoolcache/Python/3.11.16/x64
2026-09-10T18:38:02.6984267Z   PKG_CONFIG_PATH: /opt/hostedtoolcache/Python/3.11.16/x64/lib/pkgconfig
2026-09-10T18:38:02.6984696Z   Python_ROOT_DIR: /opt/hostedtoolcache/Python/3.11.16/x64
2026-09-10T18:38:02.6985098Z   Python2_ROOT_DIR: /opt/hostedtoolcache/Python/3.11.16/x64
2026-09-10T18:38:02.6985480Z   Python3_ROOT_DIR: /opt/hostedtoolcache/Python/3.11.16/x64
2026-09-10T18:38:02.6985876Z   LD_LIBRARY_PATH: /opt/hostedtoolcache/Python/3.11.16/x64/lib
2026-09-10T18:38:02.6986193Z ##[endgroup]
2026-09-10T18:38:02.8480680Z (node:5883) [DEP0040] DeprecationWarning: The `punycode` module is deprecated. Please use a userland alternative instead.
2026-09-10T18:38:02.8481343Z (Use `node --trace-deprecation ...` to show where the warning was created)
2026-09-10T18:38:02.8555591Z With the provided path, there will be 2 files uploaded
2026-09-10T18:38:02.8556707Z Artifact name is valid!
2026-09-10T18:38:02.8557257Z Root directory input is valid!
2026-09-10T18:38:03.2276892Z Beginning upload of artifact content to blob storage
2026-09-10T18:38:03.2597519Z (node:5883) [DEP0169] DeprecationWarning: `url.parse()` behavior is not standardized and prone to errors that have security implications. Use the WHATWG URL API instead. CVEs are not issued for `url.parse()` vulnerabilities.
2026-09-10T18:38:03.7001806Z Uploaded bytes 471517
2026-09-10T18:38:03.7574062Z Finished uploading artifact content to blob storage!
2026-09-10T18:38:03.7575410Z SHA256 digest of uploaded artifact zip is 40ef2d454601eaf817223bc1e5e769b08d0276e1dc74f0c19d8ca5cbf0d33170
2026-09-10T18:38:03.7576403Z Finalizing artifact upload
2026-09-10T18:38:04.0196978Z Artifact candidate-wheel-non-promotable-4fff755e86ae89e22672dc34d5984e45e288baf5.zip successfully finalized. Artifact ID 10167497082
2026-09-10T18:38:04.0198520Z Artifact candidate-wheel-non-promotable-4fff755e86ae89e22672dc34d5984e45e288baf5 has been successfully uploaded! Final size is 471517 bytes. Artifact ID is 10167497082
2026-09-10T18:38:04.0202170Z Artifact download URL: https://github.com/mmzen/se_harness/actions/runs/34515449975/artifacts/10167497082
2026-09-10T18:38:04.0307069Z Node 20 is being deprecated. This workflow is running with Node 24 by default. If you need to temporarily use Node 20, you can set the ACTIONS_ALLOW_USE_UNSECURE_NODE_VERSION=true environment variable. For more information see: https://github.blog/changelog/2025-09-19-deprecation-of-node-20-on-github-actions-runners/
2026-09-10T18:38:04.0308246Z ##[group]Run actions/upload-artifact@ea165f8d65b6e75b540449e92b4886f43607fa02
2026-09-10T18:38:04.0308663Z with:
2026-09-10T18:38:04.0308985Z   name: complete-candidate-qualification
2026-09-10T18:38:04.0309392Z   path: /home/runner/work/_temp/complete-candidate.json
2026-09-10T18:38:04.0310105Z   if-no-files-found: warn
2026-09-10T18:38:04.0310418Z   compression-level: 6
2026-09-10T18:38:04.0310721Z   overwrite: false
2026-09-10T18:38:04.0311032Z   include-hidden-files: false
2026-09-10T18:38:04.0311327Z env:
2026-09-10T18:38:04.0311762Z   PYTHONNOUSERSITE: 1
2026-09-10T18:38:04.0312078Z   PYTHONPATH: 
2026-09-10T18:38:04.0312503Z   pythonLocation: /opt/hostedtoolcache/Python/3.11.16/x64
2026-09-10T18:38:04.0312991Z   PKG_CONFIG_PATH: /opt/hostedtoolcache/Python/3.11.16/x64/lib/pkgconfig
2026-09-10T18:38:04.0313451Z   Python_ROOT_DIR: /opt/hostedtoolcache/Python/3.11.16/x64
2026-09-10T18:38:04.0313866Z   Python2_ROOT_DIR: /opt/hostedtoolcache/Python/3.11.16/x64
2026-09-10T18:38:04.0314321Z   Python3_ROOT_DIR: /opt/hostedtoolcache/Python/3.11.16/x64
2026-09-10T18:38:04.0314704Z   LD_LIBRARY_PATH: /opt/hostedtoolcache/Python/3.11.16/x64/lib
2026-09-10T18:38:04.0315075Z ##[endgroup]
2026-09-10T18:38:04.1778507Z (node:5895) [DEP0040] DeprecationWarning: The `punycode` module is deprecated. Please use a userland alternative instead.
2026-09-10T18:38:04.1779735Z (Use `node --trace-deprecation ...` to show where the warning was created)
2026-09-10T18:38:04.1828422Z With the provided path, there will be 1 file uploaded
2026-09-10T18:38:04.1829369Z Artifact name is valid!
2026-09-10T18:38:04.1829982Z Root directory input is valid!
2026-09-10T18:38:04.5289398Z Beginning upload of artifact content to blob storage
2026-09-10T18:38:04.5428621Z (node:5895) [DEP0169] DeprecationWarning: `url.parse()` behavior is not standardized and prone to errors that have security implications. Use the WHATWG URL API instead. CVEs are not issued for `url.parse()` vulnerabilities.
2026-09-10T18:38:04.7428260Z Uploaded bytes 819
2026-09-10T18:38:04.8034389Z Finished uploading artifact content to blob storage!
2026-09-10T18:38:04.8035297Z SHA256 digest of uploaded artifact zip is 09bad828e58ceecae8ad7657c42915f79d149cfe1285939874f6374b275c3041
2026-09-10T18:38:04.8037720Z Finalizing artifact upload
2026-09-10T18:38:05.0594368Z Artifact complete-candidate-qualification.zip successfully finalized. Artifact ID 10167497737
2026-09-10T18:38:05.0595405Z Artifact complete-candidate-qualification has been successfully uploaded! Final size is 819 bytes. Artifact ID is 10167497737
2026-09-10T18:38:05.0599145Z Artifact download URL: https://github.com/mmzen/se_harness/actions/runs/34515449975/artifacts/10167497737
2026-09-10T18:38:05.0728589Z Node 20 is being deprecated. This workflow is running with Node 24 by default. If you need to temporarily use Node 20, you can set the ACTIONS_ALLOW_USE_UNSECURE_NODE_VERSION=true environment variable. For more information see: https://github.blog/changelog/2025-09-19-deprecation-of-node-20-on-github-actions-runners/
2026-09-10T18:38:05.0730029Z Post job cleanup.
2026-09-10T18:38:05.1671648Z (node:5907) [DEP0040] DeprecationWarning: The `punycode` module is deprecated. Please use a userland alternative instead.
2026-09-10T18:38:05.1672603Z (Use `node --trace-deprecation ...` to show where the warning was created)
2026-09-10T18:38:05.1790107Z [command]/usr/bin/tar --posix -cf cache.tzst --exclude cache.tzst -P -C /home/runner/work/se_harness/se_harness --files-from manifest.txt --use-compress-program zstdmt
2026-09-10T18:38:05.4054656Z (node:5907) [DEP0169] DeprecationWarning: `url.parse()` behavior is not standardized and prone to errors that have security implications. Use the WHATWG URL API instead. CVEs are not issued for `url.parse()` vulnerabilities.
2026-09-10T18:38:05.6313110Z Sent 3310 of 3310 (100.0%), 0.0 MBs/sec
2026-09-10T18:38:05.7693569Z Cache saved with key: test-timings-Linux-34515449975
2026-09-10T18:38:05.7775315Z Node 20 is being deprecated. This workflow is running with Node 24 by default. If you need to temporarily use Node 20, you can set the ACTIONS_ALLOW_USE_UNSECURE_NODE_VERSION=true environment variable. For more information see: https://github.blog/changelog/2025-09-19-deprecation-of-node-20-on-github-actions-runners/
2026-09-10T18:38:05.7776372Z Post job cleanup.
2026-09-10T18:38:05.8851409Z (node:5927) [DEP0040] DeprecationWarning: The `punycode` module is deprecated. Please use a userland alternative instead.
2026-09-10T18:38:05.8852084Z (Use `node --trace-deprecation ...` to show where the warning was created)
2026-09-10T18:38:05.9164509Z Node 20 is being deprecated. This workflow is running with Node 24 by default. If you need to temporarily use Node 20, you can set the ACTIONS_ALLOW_USE_UNSECURE_NODE_VERSION=true environment variable. For more information see: https://github.blog/changelog/2025-09-19-deprecation-of-node-20-on-github-actions-runners/
2026-09-10T18:38:05.9165566Z Post job cleanup.
2026-09-10T18:38:05.9915750Z [command]/usr/bin/git version
2026-09-10T18:38:05.9947456Z git version 2.55.0
2026-09-10T18:38:05.9976737Z Temporarily overriding HOME='/home/runner/work/_temp/1f698984-0a81-4537-a31f-7f508600aae7' before making global git config changes
2026-09-10T18:38:05.9978043Z Adding repository directory to the temporary git global config as a safe directory
2026-09-10T18:38:05.9980910Z [command]/usr/bin/git config --global --add safe.directory /home/runner/work/se_harness/se_harness
2026-09-10T18:38:06.0009848Z [command]/usr/bin/git config --local --name-only --get-regexp core\.sshCommand
2026-09-10T18:38:06.0037242Z [command]/usr/bin/git submodule foreach --recursive sh -c "git config --local --name-only --get-regexp 'core\.sshCommand' && git config --local --unset-all 'core.sshCommand' || :"
2026-09-10T18:38:06.0222112Z [command]/usr/bin/git config --local --name-only --get-regexp http\.https\:\/\/github\.com\/\.extraheader
2026-09-10T18:38:06.0247706Z [command]/usr/bin/git submodule foreach --recursive sh -c "git config --local --name-only --get-regexp 'http\.https\:\/\/github\.com\/\.extraheader' && git config --local --unset-all 'http.https://github.com/.extraheader' || :"
2026-09-10T18:38:06.0460465Z [command]/usr/bin/git config --local --name-only --get-regexp ^includeIf\.gitdir:
2026-09-10T18:38:06.0487307Z [command]/usr/bin/git submodule foreach --recursive git config --local --show-origin --name-only --get-regexp remote.origin.url
2026-09-10T18:38:06.0793884Z Evaluate and set job outputs
2026-09-10T18:38:06.0800596Z Set output 'candidate_version'
2026-09-10T18:38:06.0802436Z Set output 'predecessor_version'
2026-09-10T18:38:06.0804424Z Set output 'predecessor_wheel'
2026-09-10T18:38:06.0805987Z Set output 'predecessor_wheel_sha256'
2026-09-10T18:38:06.0807286Z Set output 'predecessor_payload_sha256'
2026-09-10T18:38:06.0808911Z Cleaning up orphan processes
2026-09-10T18:38:06.1015742Z ##[warning]Node.js 20 is deprecated. The following actions target Node.js 20 but are being forced to run on Node.js 24: actions/cache@5a3ec84eff668545956fd18022155c47e93e2684, actions/checkout@11d5960a326750d5838078e36cf38b85af677262, actions/setup-python@a26af69be951a213d495a4c3e4e4022e16d87065, actions/upload-artifact@ea165f8d65b6e75b540449e92b4886f43607fa02. For more information see: https://github.blog/changelog/2025-09-19-deprecation-of-node-20-on-github-actions-runners/
