2026-09-10T19:32:36.3216948Z Current runner version: '2.337.0'
2026-09-10T19:32:36.3237271Z ##[group]Runner Image Provisioner
2026-09-10T19:32:36.3238015Z Hosted Compute Agent
2026-09-10T19:32:36.3238519Z Version: 20260828.587
2026-09-10T19:32:36.3239072Z Commit: abac92662cab4cc7352de4f9f9d2e2419aad9c29
2026-09-10T19:32:36.3239711Z Build Date: 2026-08-28T16:44:25Z
2026-09-10T19:32:36.3240280Z Worker ID: {6c4ad20a-a961-46ba-93a6-5dc532b9ea95}
2026-09-10T19:32:36.3240919Z Azure Region: westus3
2026-09-10T19:32:36.3241419Z ##[endgroup]
2026-09-10T19:32:36.3242499Z ##[group]Operating System
2026-09-10T19:32:36.3243053Z Ubuntu
2026-09-10T19:32:36.3243499Z 24.04.5
2026-09-10T19:32:36.3243929Z LTS
2026-09-10T19:32:36.3244443Z ##[endgroup]
2026-09-10T19:32:36.3245057Z ##[group]Runner Image
2026-09-10T19:32:36.3245569Z Image: ubuntu-24.04
2026-09-10T19:32:36.3246087Z Version: 20260907.300.1
2026-09-10T19:32:36.3247081Z Included Software: https://github.com/actions/runner-images/blob/ubuntu24/20260907.300/images/ubuntu/Ubuntu2404-Readme.md
2026-09-10T19:32:36.3248346Z Image Release: https://github.com/actions/runner-images/releases/tag/ubuntu24%2F20260907.300
2026-09-10T19:32:36.3249141Z ##[endgroup]
2026-09-10T19:32:36.3250077Z ##[group]GITHUB_TOKEN Permissions
2026-09-10T19:32:36.3251653Z Contents: read
2026-09-10T19:32:36.3252165Z Metadata: read
2026-09-10T19:32:36.3252616Z ##[endgroup]
2026-09-10T19:32:36.3254334Z Secret source: Actions
2026-09-10T19:32:36.3255231Z Cache mode: write
2026-09-10T19:32:36.3255910Z Prepare workflow directory
2026-09-10T19:32:36.3557766Z Prepare all required actions
2026-09-10T19:32:36.3612280Z Getting action download info
2026-09-10T19:32:36.6599148Z Download action repository 'actions/checkout@11d5960a326750d5838078e36cf38b85af677262' (SHA:11d5960a326750d5838078e36cf38b85af677262)
2026-09-10T19:32:36.7930262Z Download action repository 'actions/setup-python@a26af69be951a213d495a4c3e4e4022e16d87065' (SHA:a26af69be951a213d495a4c3e4e4022e16d87065)
2026-09-10T19:32:36.9307269Z Download action repository 'actions/cache@5a3ec84eff668545956fd18022155c47e93e2684' (SHA:5a3ec84eff668545956fd18022155c47e93e2684)
2026-09-10T19:32:37.1722052Z Download action repository 'actions/upload-artifact@ea165f8d65b6e75b540449e92b4886f43607fa02' (SHA:ea165f8d65b6e75b540449e92b4886f43607fa02)
2026-09-10T19:32:37.4647696Z Complete job name: Candidate source evidence
2026-09-10T19:32:37.5331930Z Node 20 is being deprecated. This workflow is running with Node 24 by default. If you need to temporarily use Node 20, you can set the ACTIONS_ALLOW_USE_UNSECURE_NODE_VERSION=true environment variable. For more information see: https://github.blog/changelog/2025-09-19-deprecation-of-node-20-on-github-actions-runners/
2026-09-10T19:32:37.5340366Z ##[group]Run actions/checkout@11d5960a326750d5838078e36cf38b85af677262
2026-09-10T19:32:37.5341278Z with:
2026-09-10T19:32:37.5341652Z   fetch-depth: 0
2026-09-10T19:32:37.5342090Z   persist-credentials: false
2026-09-10T19:32:37.5342600Z   repository: mmzen/se_harness
2026-09-10T19:32:37.5348426Z   token: ***
2026-09-10T19:32:37.5348841Z   ssh-strict: true
2026-09-10T19:32:37.5349254Z   ssh-user: git
2026-09-10T19:32:37.5349640Z   clean: true
2026-09-10T19:32:37.5350057Z   sparse-checkout-cone-mode: true
2026-09-10T19:32:37.5350588Z   fetch-tags: false
2026-09-10T19:32:37.5351007Z   show-progress: true
2026-09-10T19:32:37.5351471Z   lfs: false
2026-09-10T19:32:37.5351849Z   submodules: false
2026-09-10T19:32:37.5352267Z   set-safe-directory: true
2026-09-10T19:32:37.5352773Z   allow-unsafe-pr-checkout: false
2026-09-10T19:32:37.5353455Z env:
2026-09-10T19:32:37.5353819Z   PYTHONNOUSERSITE: 1
2026-09-10T19:32:37.5354247Z   PYTHONPATH: 
2026-09-10T19:32:37.5354761Z ##[endgroup]
2026-09-10T19:32:37.6232929Z Syncing repository: mmzen/se_harness
2026-09-10T19:32:37.6235412Z ##[group]Getting Git version info
2026-09-10T19:32:37.6236590Z Working directory is '/home/runner/work/se_harness/se_harness'
2026-09-10T19:32:37.6238372Z [command]/usr/bin/git version
2026-09-10T19:32:37.6254303Z git version 2.55.0
2026-09-10T19:32:37.6278324Z ##[endgroup]
2026-09-10T19:32:37.6284169Z Temporarily overriding HOME='/home/runner/work/_temp/40b1e18d-3df4-4617-b8d6-8ff67d751edc' before making global git config changes
2026-09-10T19:32:37.6286583Z Adding repository directory to the temporary git global config as a safe directory
2026-09-10T19:32:37.6289197Z [command]/usr/bin/git config --global --add safe.directory /home/runner/work/se_harness/se_harness
2026-09-10T19:32:37.6329709Z Deleting the contents of '/home/runner/work/se_harness/se_harness'
2026-09-10T19:32:37.6332977Z ##[group]Initializing the repository
2026-09-10T19:32:37.6337166Z [command]/usr/bin/git init /home/runner/work/se_harness/se_harness
2026-09-10T19:32:37.6418883Z hint: Using 'master' as the name for the initial branch. This default branch name
2026-09-10T19:32:37.6422074Z hint: will change to "main" in Git 3.0. To configure the initial branch name
2026-09-10T19:32:37.6423581Z hint: to use in all of your new repositories, which will suppress this warning,
2026-09-10T19:32:37.6425167Z hint: call:
2026-09-10T19:32:37.6425642Z hint:
2026-09-10T19:32:37.6426157Z hint: 	git config --global init.defaultBranch <name>
2026-09-10T19:32:37.6426819Z hint:
2026-09-10T19:32:37.6427413Z hint: Names commonly chosen instead of 'master' are 'main', 'trunk' and
2026-09-10T19:32:37.6428521Z hint: 'development'. The just-created branch can be renamed via this command:
2026-09-10T19:32:37.6429439Z hint:
2026-09-10T19:32:37.6430034Z hint: 	git branch -m <name>
2026-09-10T19:32:37.6430642Z hint:
2026-09-10T19:32:37.6431321Z hint: Disable this message with "git config set advice.defaultBranchName false"
2026-09-10T19:32:37.6432568Z Initialized empty Git repository in /home/runner/work/se_harness/se_harness/.git/
2026-09-10T19:32:37.6434464Z [command]/usr/bin/git remote add origin https://github.com/mmzen/se_harness
2026-09-10T19:32:37.6468614Z ##[endgroup]
2026-09-10T19:32:37.6469429Z ##[group]Disabling automatic garbage collection
2026-09-10T19:32:37.6471555Z [command]/usr/bin/git config --local gc.auto 0
2026-09-10T19:32:37.6498056Z ##[endgroup]
2026-09-10T19:32:37.6498845Z ##[group]Setting up auth
2026-09-10T19:32:37.6503312Z [command]/usr/bin/git config --local --name-only --get-regexp core\.sshCommand
2026-09-10T19:32:37.6531142Z [command]/usr/bin/git submodule foreach --recursive sh -c "git config --local --name-only --get-regexp 'core\.sshCommand' && git config --local --unset-all 'core.sshCommand' || :"
2026-09-10T19:32:37.6813117Z [command]/usr/bin/git config --local --name-only --get-regexp http\.https\:\/\/github\.com\/\.extraheader
2026-09-10T19:32:37.6847534Z [command]/usr/bin/git submodule foreach --recursive sh -c "git config --local --name-only --get-regexp 'http\.https\:\/\/github\.com\/\.extraheader' && git config --local --unset-all 'http.https://github.com/.extraheader' || :"
2026-09-10T19:32:37.7053263Z [command]/usr/bin/git config --local --name-only --get-regexp ^includeIf\.gitdir:
2026-09-10T19:32:37.7085792Z [command]/usr/bin/git submodule foreach --recursive git config --local --show-origin --name-only --get-regexp remote.origin.url
2026-09-10T19:32:37.7275029Z [command]/usr/bin/git config --local http.https://github.com/.extraheader AUTHORIZATION: basic ***
2026-09-10T19:32:37.7306996Z ##[endgroup]
2026-09-10T19:32:37.7307786Z ##[group]Fetching the repository
2026-09-10T19:32:37.7316093Z [command]/usr/bin/git -c protocol.version=2 fetch --prune --no-recurse-submodules origin +refs/heads/*:refs/remotes/origin/* +refs/tags/*:refs/tags/* +7e35fdde15e9d884071ce1d58c437982eba140f3:refs/remotes/pull/445/merge
2026-09-10T19:32:39.7653056Z From https://github.com/mmzen/se_harness
2026-09-10T19:32:39.7653908Z  * [new branch]        artifacts/plugin-implementation          -> origin/artifacts/plugin-implementation
2026-09-10T19:32:39.7654572Z  * [new branch]        definitions/plg010-delegation            -> origin/definitions/plg010-delegation
2026-09-10T19:32:39.7655284Z  * [new branch]        definitions/plg011-delegation            -> origin/definitions/plg011-delegation
2026-09-10T19:32:39.7656158Z  * [new branch]        definitions/plg012-delegation            -> origin/definitions/plg012-delegation
2026-09-10T19:32:39.7656616Z  * [new branch]        main                                     -> origin/main
2026-09-10T19:32:39.7657128Z  * [new branch]        notes/plugin-installation-proposal       -> origin/notes/plugin-installation-proposal
2026-09-10T19:32:39.7657785Z  * [new branch]        notes/plugin-proposal-assessment-2026-09-08 -> origin/notes/plugin-proposal-assessment-2026-09-08
2026-09-10T19:32:39.7658325Z  * [new branch]        release/0.10                             -> origin/release/0.10
2026-09-10T19:32:39.7658787Z  * [new branch]        release/0.11                             -> origin/release/0.11
2026-09-10T19:32:39.7659200Z  * [new branch]        release/0.12                             -> origin/release/0.12
2026-09-10T19:32:39.7659605Z  * [new branch]        release/0.12.0                           -> origin/release/0.12.0
2026-09-10T19:32:39.7660032Z  * [new branch]        release/0.13                             -> origin/release/0.13
2026-09-10T19:32:39.7660452Z  * [new branch]        release/0.13.0                           -> origin/release/0.13.0
2026-09-10T19:32:39.7660943Z  * [new branch]        release/0.14                             -> origin/release/0.14
2026-09-10T19:32:39.7661384Z  * [new branch]        release/0.14.0                           -> origin/release/0.14.0
2026-09-10T19:32:39.7661795Z  * [new branch]        release/0.15                             -> origin/release/0.15
2026-09-10T19:32:39.7662209Z  * [new branch]        release/0.15.0                           -> origin/release/0.15.0
2026-09-10T19:32:39.7662632Z  * [new branch]        release/0.16                             -> origin/release/0.16
2026-09-10T19:32:39.7663065Z  * [new branch]        release/0.16.0                           -> origin/release/0.16.0
2026-09-10T19:32:39.7663485Z  * [new branch]        release/0.17                             -> origin/release/0.17
2026-09-10T19:32:39.7664045Z  * [new branch]        release/0.17.0                           -> origin/release/0.17.0
2026-09-10T19:32:39.7664770Z  * [new branch]        release/0.2.0                            -> origin/release/0.2.0
2026-09-10T19:32:39.7665589Z  * [new branch]        release/0.2.1                            -> origin/release/0.2.1
2026-09-10T19:32:39.7666160Z  * [new branch]        release/0.2.2                            -> origin/release/0.2.2
2026-09-10T19:32:39.7666631Z  * [new branch]        release/0.3.0                            -> origin/release/0.3.0
2026-09-10T19:32:39.7667073Z  * [new branch]        release/0.4.0                            -> origin/release/0.4.0
2026-09-10T19:32:39.7667501Z  * [new branch]        release/0.6                              -> origin/release/0.6
2026-09-10T19:32:39.7667930Z  * [new branch]        release/0.7                              -> origin/release/0.7
2026-09-10T19:32:39.7668406Z  * [new branch]        release/0.8                              -> origin/release/0.8
2026-09-10T19:32:39.7668879Z  * [new branch]        release/0.9                              -> origin/release/0.9
2026-09-10T19:32:39.7669335Z  * [new branch]        work/plugin-change-skill                 -> origin/work/plugin-change-skill
2026-09-10T19:32:39.7669847Z  * [new branch]        work/plugin-evidence-skill               -> origin/work/plugin-evidence-skill
2026-09-10T19:32:39.7670399Z  * [new tag]           last                                     -> last
2026-09-10T19:32:39.7670744Z  * [new tag]           v0.10.0                                  -> v0.10.0
2026-09-10T19:32:39.7671091Z  * [new tag]           v0.11.0                                  -> v0.11.0
2026-09-10T19:32:39.7671421Z  * [new tag]           v0.12.0                                  -> v0.12.0
2026-09-10T19:32:39.7671745Z  * [new tag]           v0.13.0                                  -> v0.13.0
2026-09-10T19:32:39.7672098Z  * [new tag]           v0.14.0                                  -> v0.14.0
2026-09-10T19:32:39.7672710Z  * [new tag]           v0.15.0                                  -> v0.15.0
2026-09-10T19:32:39.7673038Z  * [new tag]           v0.16.0                                  -> v0.16.0
2026-09-10T19:32:39.7673360Z  * [new tag]           v0.17.0                                  -> v0.17.0
2026-09-10T19:32:39.7673708Z  * [new tag]           v0.2.0                                   -> v0.2.0
2026-09-10T19:32:39.7674042Z  * [new tag]           v0.2.1                                   -> v0.2.1
2026-09-10T19:32:39.7674387Z  * [new tag]           v0.2.2                                   -> v0.2.2
2026-09-10T19:32:39.7674993Z  * [new tag]           v0.3.0                                   -> v0.3.0
2026-09-10T19:32:39.7675316Z  * [new tag]           v0.4.0                                   -> v0.4.0
2026-09-10T19:32:39.7675634Z  * [new tag]           v0.4.1                                   -> v0.4.1
2026-09-10T19:32:39.7675955Z  * [new tag]           v0.5.0                                   -> v0.5.0
2026-09-10T19:32:39.7676309Z  * [new tag]           v0.5.0a1                                 -> v0.5.0a1
2026-09-10T19:32:39.7676660Z  * [new tag]           v0.6.0                                   -> v0.6.0
2026-09-10T19:32:39.7677001Z  * [new tag]           v0.7.0                                   -> v0.7.0
2026-09-10T19:32:39.7677350Z  * [new tag]           v0.7.1                                   -> v0.7.1
2026-09-10T19:32:39.7677690Z  * [new tag]           v0.8.0                                   -> v0.8.0
2026-09-10T19:32:39.7678024Z  * [new tag]           v0.9.0                                   -> v0.9.0
2026-09-10T19:32:39.7678408Z  * [new ref]           7e35fdde15e9d884071ce1d58c437982eba140f3 -> pull/445/merge
2026-09-10T19:32:39.7679605Z ##[endgroup]
2026-09-10T19:32:39.7679967Z ##[group]Determining the checkout info
2026-09-10T19:32:39.7680355Z ##[endgroup]
2026-09-10T19:32:39.7680598Z [command]/usr/bin/git sparse-checkout disable
2026-09-10T19:32:39.7861985Z [command]/usr/bin/git config --local --unset-all extensions.worktreeConfig
2026-09-10T19:32:39.7935841Z ##[group]Checking out the ref
2026-09-10T19:32:39.7938765Z [command]/usr/bin/git checkout --progress --force refs/remotes/pull/445/merge
2026-09-10T19:32:40.1093935Z Note: switching to 'refs/remotes/pull/445/merge'.
2026-09-10T19:32:40.1094592Z 
2026-09-10T19:32:40.1095743Z You are in 'detached HEAD' state. You can look around, make experimental
2026-09-10T19:32:40.1096576Z changes and commit them, and you can discard any commits you make in this
2026-09-10T19:32:40.1097460Z state without impacting any branches by switching back to a branch.
2026-09-10T19:32:40.1097835Z 
2026-09-10T19:32:40.1098075Z If you want to create a new branch to retain commits you create, you may
2026-09-10T19:32:40.1098613Z do so (now or later) by using -c with the switch command. Example:
2026-09-10T19:32:40.1098924Z 
2026-09-10T19:32:40.1099067Z   git switch -c <new-branch-name>
2026-09-10T19:32:40.1099278Z 
2026-09-10T19:32:40.1099424Z Or undo this operation with:
2026-09-10T19:32:40.1099639Z 
2026-09-10T19:32:40.1099755Z   git switch -
2026-09-10T19:32:40.1099911Z 
2026-09-10T19:32:40.1100166Z Turn off this advice by setting config variable advice.detachedHead to false
2026-09-10T19:32:40.1100542Z 
2026-09-10T19:32:40.1100967Z HEAD is now at 7e35fdde Merge 6acc926f81e60512d75a4bf593659e8910962210 into b319bffd383d010de5b24640a667a61874b9d2ab
2026-09-10T19:32:40.1119163Z ##[endgroup]
2026-09-10T19:32:40.1160783Z [command]/usr/bin/git log -1 --format=%H
2026-09-10T19:32:40.1185999Z 7e35fdde15e9d884071ce1d58c437982eba140f3
2026-09-10T19:32:40.1194863Z ##[group]Removing auth
2026-09-10T19:32:40.1198386Z [command]/usr/bin/git config --local --name-only --get-regexp core\.sshCommand
2026-09-10T19:32:40.1227352Z [command]/usr/bin/git submodule foreach --recursive sh -c "git config --local --name-only --get-regexp 'core\.sshCommand' && git config --local --unset-all 'core.sshCommand' || :"
2026-09-10T19:32:40.1466083Z [command]/usr/bin/git config --local --name-only --get-regexp http\.https\:\/\/github\.com\/\.extraheader
2026-09-10T19:32:40.1476958Z http.https://github.com/.extraheader
2026-09-10T19:32:40.1483462Z [command]/usr/bin/git config --local --unset-all http.https://github.com/.extraheader
2026-09-10T19:32:40.1566375Z [command]/usr/bin/git submodule foreach --recursive sh -c "git config --local --name-only --get-regexp 'http\.https\:\/\/github\.com\/\.extraheader' && git config --local --unset-all 'http.https://github.com/.extraheader' || :"
2026-09-10T19:32:40.1763063Z [command]/usr/bin/git config --local --name-only --get-regexp ^includeIf\.gitdir:
2026-09-10T19:32:40.1791509Z [command]/usr/bin/git submodule foreach --recursive git config --local --show-origin --name-only --get-regexp remote.origin.url
2026-09-10T19:32:40.2000204Z ##[endgroup]
2026-09-10T19:32:40.2199111Z Node 20 is being deprecated. This workflow is running with Node 24 by default. If you need to temporarily use Node 20, you can set the ACTIONS_ALLOW_USE_UNSECURE_NODE_VERSION=true environment variable. For more information see: https://github.blog/changelog/2025-09-19-deprecation-of-node-20-on-github-actions-runners/
2026-09-10T19:32:40.2200518Z ##[group]Run actions/setup-python@a26af69be951a213d495a4c3e4e4022e16d87065
2026-09-10T19:32:40.2200815Z with:
2026-09-10T19:32:40.2200982Z   python-version: 3.11
2026-09-10T19:32:40.2201169Z   check-latest: false
2026-09-10T19:32:40.2202964Z   token: ***
2026-09-10T19:32:40.2203139Z   update-environment: true
2026-09-10T19:32:40.2203332Z   allow-prereleases: false
2026-09-10T19:32:40.2203537Z   freethreaded: false
2026-09-10T19:32:40.2203699Z env:
2026-09-10T19:32:40.2203851Z   PYTHONNOUSERSITE: 1
2026-09-10T19:32:40.2204022Z   PYTHONPATH: 
2026-09-10T19:32:40.2204181Z ##[endgroup]
2026-09-10T19:32:40.3242463Z ##[group]Installed versions
2026-09-10T19:32:40.3707211Z (node:2133) [DEP0040] DeprecationWarning: The `punycode` module is deprecated. Please use a userland alternative instead.
2026-09-10T19:32:40.3707957Z (Use `node --trace-deprecation ...` to show where the warning was created)
2026-09-10T19:32:40.3708379Z Successfully set up CPython (3.11.16)
2026-09-10T19:32:40.3708883Z ##[endgroup]
2026-09-10T19:32:40.3841581Z ##[group]Run version="$(python -c 'import se_harness; print(se_harness.__version__)')"
2026-09-10T19:32:40.3842110Z [36;1mversion="$(python -c 'import se_harness; print(se_harness.__version__)')"[0m
2026-09-10T19:32:40.3842503Z [36;1mprintf 'version=%s\n' "$version" >> "$GITHUB_OUTPUT"[0m
2026-09-10T19:32:40.3927048Z shell: /usr/bin/bash --noprofile --norc -e -o pipefail {0}
2026-09-10T19:32:40.3927517Z env:
2026-09-10T19:32:40.3927851Z   PYTHONNOUSERSITE: 1
2026-09-10T19:32:40.3928097Z   PYTHONPATH: 
2026-09-10T19:32:40.3928451Z   pythonLocation: /opt/hostedtoolcache/Python/3.11.16/x64
2026-09-10T19:32:40.3929012Z   PKG_CONFIG_PATH: /opt/hostedtoolcache/Python/3.11.16/x64/lib/pkgconfig
2026-09-10T19:32:40.3929605Z   Python_ROOT_DIR: /opt/hostedtoolcache/Python/3.11.16/x64
2026-09-10T19:32:40.3930145Z   Python2_ROOT_DIR: /opt/hostedtoolcache/Python/3.11.16/x64
2026-09-10T19:32:40.3930722Z   Python3_ROOT_DIR: /opt/hostedtoolcache/Python/3.11.16/x64
2026-09-10T19:32:40.3931390Z   LD_LIBRARY_PATH: /opt/hostedtoolcache/Python/3.11.16/x64/lib
2026-09-10T19:32:40.3931852Z ##[endgroup]
2026-09-10T19:32:40.6337220Z ##[group]Run set -euo pipefail
2026-09-10T19:32:40.6337472Z [36;1mset -euo pipefail[0m
2026-09-10T19:32:40.6337864Z [36;1mpython -m repository_tools.evaluator_facts derive --repository . --github-output "$GITHUB_OUTPUT" --json[0m
2026-09-10T19:32:40.6371146Z shell: /usr/bin/bash --noprofile --norc -e -o pipefail {0}
2026-09-10T19:32:40.6371411Z env:
2026-09-10T19:32:40.6371576Z   PYTHONNOUSERSITE: 1
2026-09-10T19:32:40.6371756Z   PYTHONPATH: 
2026-09-10T19:32:40.6371972Z   pythonLocation: /opt/hostedtoolcache/Python/3.11.16/x64
2026-09-10T19:32:40.6372306Z   PKG_CONFIG_PATH: /opt/hostedtoolcache/Python/3.11.16/x64/lib/pkgconfig
2026-09-10T19:32:40.6372631Z   Python_ROOT_DIR: /opt/hostedtoolcache/Python/3.11.16/x64
2026-09-10T19:32:40.6372923Z   Python2_ROOT_DIR: /opt/hostedtoolcache/Python/3.11.16/x64
2026-09-10T19:32:40.6373365Z   Python3_ROOT_DIR: /opt/hostedtoolcache/Python/3.11.16/x64
2026-09-10T19:32:40.6373693Z   LD_LIBRARY_PATH: /opt/hostedtoolcache/Python/3.11.16/x64/lib
2026-09-10T19:32:40.6373948Z ##[endgroup]
2026-09-10T19:32:41.2487866Z {"candidate_version":"0.18.0","payload_sha256":"dd48b16b69d90a04412f458c756876ec22a687c99282075e69d0f58316c43405","schema":"se-harness-evaluator-facts-v1","version":"0.17.0","wheel":"se_harness-0.17.0-py3-none-any.whl","wheel_sha256":"305c7cbc79f87baa76ea3bea939b134999f9cad3bfdfa0b4c9c2fd2d9caacced"}
2026-09-10T19:32:41.2578953Z ##[group]Run set -euo pipefail
2026-09-10T19:32:41.2579312Z [36;1mset -euo pipefail[0m
2026-09-10T19:32:41.2579698Z [36;1mpython -m se_harness qualify complete-candidate . \[0m
2026-09-10T19:32:41.2580010Z [36;1m  --candidate-commit "$GITHUB_SHA" \[0m
2026-09-10T19:32:41.2580292Z [36;1m  --output "$RUNNER_TEMP/complete-candidate.json" \[0m
2026-09-10T19:32:41.2580542Z [36;1m  --json[0m
2026-09-10T19:32:41.2613948Z shell: /usr/bin/bash --noprofile --norc -e -o pipefail {0}
2026-09-10T19:32:41.2614351Z env:
2026-09-10T19:32:41.2614586Z   PYTHONNOUSERSITE: 1
2026-09-10T19:32:41.2615007Z   PYTHONPATH: 
2026-09-10T19:32:41.2615329Z   pythonLocation: /opt/hostedtoolcache/Python/3.11.16/x64
2026-09-10T19:32:41.2615832Z   PKG_CONFIG_PATH: /opt/hostedtoolcache/Python/3.11.16/x64/lib/pkgconfig
2026-09-10T19:32:41.2616329Z   Python_ROOT_DIR: /opt/hostedtoolcache/Python/3.11.16/x64
2026-09-10T19:32:41.2616776Z   Python2_ROOT_DIR: /opt/hostedtoolcache/Python/3.11.16/x64
2026-09-10T19:32:41.2617195Z   Python3_ROOT_DIR: /opt/hostedtoolcache/Python/3.11.16/x64
2026-09-10T19:32:41.2617498Z   LD_LIBRARY_PATH: /opt/hostedtoolcache/Python/3.11.16/x64/lib
2026-09-10T19:32:41.2617757Z ##[endgroup]
2026-09-10T19:32:43.3908351Z {
2026-09-10T19:32:43.3908858Z   "authority": "evidence-only; no lifecycle or external action authorized",
2026-09-10T19:32:43.3909412Z   "checks": [
2026-09-10T19:32:43.3909700Z     {
2026-09-10T19:32:43.3910037Z       "id": "CC001",
2026-09-10T19:32:43.3910398Z       "message": "candidate runtime is bound to the checkout",
2026-09-10T19:32:43.3910860Z       "passed": true,
2026-09-10T19:32:43.3911118Z       "subject": "candidate-runtime"
2026-09-10T19:32:43.3911393Z     },
2026-09-10T19:32:43.3911585Z     {
2026-09-10T19:32:43.3912022Z       "id": "CC002",
2026-09-10T19:32:43.3912314Z       "message": "HEAD and tracked tree match the candidate",
2026-09-10T19:32:43.3912665Z       "passed": true,
2026-09-10T19:32:43.3912908Z       "subject": "candidate-commit"
2026-09-10T19:32:43.3913192Z     },
2026-09-10T19:32:43.3913381Z     {
2026-09-10T19:32:43.3913576Z       "id": "CC003",
2026-09-10T19:32:43.3913852Z       "message": "artifacts=1531; errors=0; warnings=46",
2026-09-10T19:32:43.3914181Z       "passed": true,
2026-09-10T19:32:43.3914421Z       "subject": "engineering-graph"
2026-09-10T19:32:43.3914854Z     },
2026-09-10T19:32:43.3915055Z     {
2026-09-10T19:32:43.3915245Z       "id": "CC004",
2026-09-10T19:32:43.3915493Z       "message": "target state is unchanged",
2026-09-10T19:32:43.3915797Z       "passed": true,
2026-09-10T19:32:43.3916051Z       "subject": "repository-state"
2026-09-10T19:32:43.3916321Z     }
2026-09-10T19:32:43.3916509Z   ],
2026-09-10T19:32:43.3916715Z   "completion": "completed",
2026-09-10T19:32:43.3916969Z   "evaluator": {
2026-09-10T19:32:43.3917279Z     "candidate_commit": "7e35fdde15e9d884071ce1d58c437982eba140f3",
2026-09-10T19:32:43.3917652Z     "diagnostics": [],
2026-09-10T19:32:43.3917914Z     "distribution": "se-harness",
2026-09-10T19:32:43.3918371Z     "identity_sha256": "aac456f993536b7a5221532befa31910b33624a9b949273b4499ccd89d4ed017",
2026-09-10T19:32:43.3919416Z     "isolated_python": false,
2026-09-10T19:32:43.3919697Z     "pythonpath_present": false,
2026-09-10T19:32:43.3919976Z     "role": "candidate-source",
2026-09-10T19:32:43.3920246Z     "user_site_enabled": false,
2026-09-10T19:32:43.3920507Z     "version": "0.18.0"
2026-09-10T19:32:43.3921010Z   },
2026-09-10T19:32:43.3921242Z   "independence": "candidate-controlled",
2026-09-10T19:32:43.3921622Z   "operation": "complete-candidate",
2026-09-10T19:32:43.3921897Z   "passed": true,
2026-09-10T19:32:43.3922171Z   "schema": "se-harness-release-qualification-v1",
2026-09-10T19:32:43.3922481Z   "target": {
2026-09-10T19:32:43.3922751Z     "commit": "7e35fdde15e9d884071ce1d58c437982eba140f3",
2026-09-10T19:32:43.3923249Z     "identity_sha256": "d072631b8385eb226043a2ef1f137bc67c758f24d37814351e0d9a4c4773da15",
2026-09-10T19:32:43.3923711Z     "kind": "complete-candidate",
2026-09-10T19:32:43.3924248Z     "tree": "125c7f64e22fa53d24019facbaf532ec2db7e570"
2026-09-10T19:32:43.3924559Z   }
2026-09-10T19:32:43.3946445Z }
2026-09-10T19:32:43.4096348Z ##[group]Run python scripts/check_portable_release_surface.py --repository .
2026-09-10T19:32:43.4096785Z [36;1mpython scripts/check_portable_release_surface.py --repository .[0m
2026-09-10T19:32:43.4129564Z shell: /usr/bin/bash -e {0}
2026-09-10T19:32:43.4129786Z env:
2026-09-10T19:32:43.4129956Z   PYTHONNOUSERSITE: 1
2026-09-10T19:32:43.4130147Z   PYTHONPATH: 
2026-09-10T19:32:43.4130390Z   pythonLocation: /opt/hostedtoolcache/Python/3.11.16/x64
2026-09-10T19:32:43.4130734Z   PKG_CONFIG_PATH: /opt/hostedtoolcache/Python/3.11.16/x64/lib/pkgconfig
2026-09-10T19:32:43.4131061Z   Python_ROOT_DIR: /opt/hostedtoolcache/Python/3.11.16/x64
2026-09-10T19:32:43.4131358Z   Python2_ROOT_DIR: /opt/hostedtoolcache/Python/3.11.16/x64
2026-09-10T19:32:43.4131662Z   Python3_ROOT_DIR: /opt/hostedtoolcache/Python/3.11.16/x64
2026-09-10T19:32:43.4131968Z   LD_LIBRARY_PATH: /opt/hostedtoolcache/Python/3.11.16/x64/lib
2026-09-10T19:32:43.4132227Z ##[endgroup]
2026-09-10T19:32:43.4641902Z portable release surface: PASS
2026-09-10T19:32:43.4752959Z Node 20 is being deprecated. This workflow is running with Node 24 by default. If you need to temporarily use Node 20, you can set the ACTIONS_ALLOW_USE_UNSECURE_NODE_VERSION=true environment variable. For more information see: https://github.blog/changelog/2025-09-19-deprecation-of-node-20-on-github-actions-runners/
2026-09-10T19:32:43.4754006Z ##[group]Run actions/cache@5a3ec84eff668545956fd18022155c47e93e2684
2026-09-10T19:32:43.4754273Z with:
2026-09-10T19:32:43.4754447Z   path: target/test-timings.json
2026-09-10T19:32:43.4754849Z   key: test-timings-Linux-34521008001
2026-09-10T19:32:43.4755077Z   restore-keys: test-timings-Linux-

2026-09-10T19:32:43.4755294Z   enableCrossOsArchive: false
2026-09-10T19:32:43.4755493Z   fail-on-cache-miss: false
2026-09-10T19:32:43.4755679Z   lookup-only: false
2026-09-10T19:32:43.4755848Z   save-always: false
2026-09-10T19:32:43.4756008Z env:
2026-09-10T19:32:43.4756162Z   PYTHONNOUSERSITE: 1
2026-09-10T19:32:43.4756344Z   PYTHONPATH: 
2026-09-10T19:32:43.4756602Z   pythonLocation: /opt/hostedtoolcache/Python/3.11.16/x64
2026-09-10T19:32:43.4756935Z   PKG_CONFIG_PATH: /opt/hostedtoolcache/Python/3.11.16/x64/lib/pkgconfig
2026-09-10T19:32:43.4757272Z   Python_ROOT_DIR: /opt/hostedtoolcache/Python/3.11.16/x64
2026-09-10T19:32:43.4757569Z   Python2_ROOT_DIR: /opt/hostedtoolcache/Python/3.11.16/x64
2026-09-10T19:32:43.4757860Z   Python3_ROOT_DIR: /opt/hostedtoolcache/Python/3.11.16/x64
2026-09-10T19:32:43.4758272Z   LD_LIBRARY_PATH: /opt/hostedtoolcache/Python/3.11.16/x64/lib
2026-09-10T19:32:43.4758539Z ##[endgroup]
2026-09-10T19:32:43.5570126Z (node:2219) [DEP0040] DeprecationWarning: The `punycode` module is deprecated. Please use a userland alternative instead.
2026-09-10T19:32:43.5570803Z (Use `node --trace-deprecation ...` to show where the warning was created)
2026-09-10T19:32:43.7603148Z Cache hit for: test-timings-Linux-34521008001
2026-09-10T19:32:43.7684457Z (node:2219) [DEP0169] DeprecationWarning: `url.parse()` behavior is not standardized and prone to errors that have security implications. Use the WHATWG URL API instead. CVEs are not issued for `url.parse()` vulnerabilities.
2026-09-10T19:32:44.1038968Z Received 3320 of 3320 (100.0%), 0.0 MBs/sec
2026-09-10T19:32:44.1039530Z Cache Size: ~0 MB (3320 B)
2026-09-10T19:32:44.1062558Z [command]/usr/bin/tar -xf /home/runner/work/_temp/4c6aa8cd-6bed-4df2-9cda-14c132686e06/cache.tzst -P -C /home/runner/work/se_harness/se_harness --use-compress-program unzstd
2026-09-10T19:32:44.1114924Z Cache restored successfully
2026-09-10T19:32:44.1207420Z Cache restored from key: test-timings-Linux-34514130459
2026-09-10T19:32:44.1287734Z ##[group]Run python scripts/run_tests.py --workers 4 --scale full --timings target/test-timings.json
2026-09-10T19:32:44.1288327Z [36;1mpython scripts/run_tests.py --workers 4 --scale full --timings target/test-timings.json[0m
2026-09-10T19:32:44.1321398Z shell: /usr/bin/bash -e {0}
2026-09-10T19:32:44.1321627Z env:
2026-09-10T19:32:44.1321814Z   PYTHONNOUSERSITE: 1
2026-09-10T19:32:44.1322014Z   PYTHONPATH: 
2026-09-10T19:32:44.1322255Z   pythonLocation: /opt/hostedtoolcache/Python/3.11.16/x64
2026-09-10T19:32:44.1322616Z   PKG_CONFIG_PATH: /opt/hostedtoolcache/Python/3.11.16/x64/lib/pkgconfig
2026-09-10T19:32:44.1322963Z   Python_ROOT_DIR: /opt/hostedtoolcache/Python/3.11.16/x64
2026-09-10T19:32:44.1323289Z   Python2_ROOT_DIR: /opt/hostedtoolcache/Python/3.11.16/x64
2026-09-10T19:32:44.1323601Z   Python3_ROOT_DIR: /opt/hostedtoolcache/Python/3.11.16/x64
2026-09-10T19:32:44.1323912Z   LD_LIBRARY_PATH: /opt/hostedtoolcache/Python/3.11.16/x64/lib
2026-09-10T19:32:44.1324224Z ##[endgroup]
2026-09-10T19:33:09.4375694Z --workers must be at least 1
2026-09-10T19:33:09.4430299Z docs/notes/diagnostic-codes.md matches the source
2026-09-10T19:33:09.9166603Z WEX_SCALE artifacts=100 validation=0.026868s focus=0.048086s plan=0.059463s
2026-09-10T19:33:09.9167712Z WEX_SCALE artifacts=500 validation=0.129748s focus=0.151212s plan=0.246801s
2026-09-10T19:33:09.9197469Z WEX_SCALE artifacts=1000 validation=0.269060s focus=0.292245s plan=0.468684s
2026-09-10T19:33:09.9256255Z ----------------------------------------------------------------------
2026-09-10T19:33:09.9256805Z Ran 1134 tests in 24.349s (180 classes, 4 workers)
2026-09-10T19:33:09.9257079Z 
2026-09-10T19:33:09.9257237Z OK (skipped=4)
2026-09-10T19:33:09.9701905Z ##[group]Run set -euo pipefail
2026-09-10T19:33:09.9702175Z [36;1mset -euo pipefail[0m
2026-09-10T19:33:09.9702477Z [36;1mmkdir -p "$RUNNER_TEMP/candidate-export" "$RUNNER_TEMP/candidate-dist"[0m
2026-09-10T19:33:09.9702878Z [36;1mgit archive "$GITHUB_SHA" | tar -x -C "$RUNNER_TEMP/candidate-export"[0m
2026-09-10T19:33:09.9703267Z [36;1mpython -m pip wheel --disable-pip-version-check --no-deps \[0m
2026-09-10T19:33:09.9703659Z [36;1m  --wheel-dir "$RUNNER_TEMP/candidate-dist" "$RUNNER_TEMP/candidate-export"[0m
2026-09-10T19:33:09.9704105Z [36;1mtest "$(find "$RUNNER_TEMP/candidate-dist" -maxdepth 1 -name '*.whl' | wc -l)" -eq 1[0m
2026-09-10T19:33:09.9704561Z [36;1mtest -f "$RUNNER_TEMP/candidate-dist/se_harness-$CANDIDATE_VERSION-py3-none-any.whl"[0m
2026-09-10T19:33:09.9705130Z [36;1m(cd "$RUNNER_TEMP/candidate-dist" && sha256sum -- *.whl > SHA256SUMS)[0m
2026-09-10T19:33:09.9738115Z shell: /usr/bin/bash --noprofile --norc -e -o pipefail {0}
2026-09-10T19:33:09.9738445Z env:
2026-09-10T19:33:09.9738618Z   PYTHONNOUSERSITE: 1
2026-09-10T19:33:09.9738804Z   PYTHONPATH: 
2026-09-10T19:33:09.9739023Z   pythonLocation: /opt/hostedtoolcache/Python/3.11.16/x64
2026-09-10T19:33:09.9739363Z   PKG_CONFIG_PATH: /opt/hostedtoolcache/Python/3.11.16/x64/lib/pkgconfig
2026-09-10T19:33:09.9739695Z   Python_ROOT_DIR: /opt/hostedtoolcache/Python/3.11.16/x64
2026-09-10T19:33:09.9739989Z   Python2_ROOT_DIR: /opt/hostedtoolcache/Python/3.11.16/x64
2026-09-10T19:33:09.9740292Z   Python3_ROOT_DIR: /opt/hostedtoolcache/Python/3.11.16/x64
2026-09-10T19:33:09.9740589Z   LD_LIBRARY_PATH: /opt/hostedtoolcache/Python/3.11.16/x64/lib
2026-09-10T19:33:09.9740849Z   CANDIDATE_VERSION: 0.18.0
2026-09-10T19:33:09.9741033Z ##[endgroup]
2026-09-10T19:33:11.9495338Z Processing /home/runner/work/_temp/candidate-export
2026-09-10T19:33:11.9511159Z   Installing build dependencies: started
2026-09-10T19:33:12.7833989Z   Installing build dependencies: finished with status 'done'
2026-09-10T19:33:12.7839092Z   Getting requirements to build wheel: started
2026-09-10T19:33:13.2901102Z   Getting requirements to build wheel: finished with status 'done'
2026-09-10T19:33:13.2909057Z   Preparing metadata (pyproject.toml): started
2026-09-10T19:33:13.4581444Z   Preparing metadata (pyproject.toml): finished with status 'done'
2026-09-10T19:33:13.4625261Z Building wheels for collected packages: se-harness
2026-09-10T19:33:13.4631540Z   Building wheel for se-harness (pyproject.toml): started
2026-09-10T19:33:13.7258716Z   Building wheel for se-harness (pyproject.toml): finished with status 'done'
2026-09-10T19:33:13.7269947Z   Created wheel for se-harness: filename=se_harness-0.18.0-py3-none-any.whl size=484824 sha256=cba0b5fb68b85671f081cb266aff9d45c228d1ae8a05ef0458cccfc98db75f75
2026-09-10T19:33:13.7271122Z   Stored in directory: /tmp/pip-ephem-wheel-cache-b1j3lt57/wheels/82/2d/b2/e08890299b718e07f3c1733b6c37897b1fd983619937ee73b3
2026-09-10T19:33:13.7334533Z Successfully built se-harness
2026-09-10T19:33:13.7985167Z ##[group]Run git diff --exit-code
2026-09-10T19:33:13.7985601Z [36;1mgit diff --exit-code[0m
2026-09-10T19:33:13.7986012Z [36;1mtest -z "$(git status --porcelain=v1 --untracked-files=all)"[0m
2026-09-10T19:33:13.8030992Z shell: /usr/bin/bash -e {0}
2026-09-10T19:33:13.8031306Z env:
2026-09-10T19:33:13.8031560Z   PYTHONNOUSERSITE: 1
2026-09-10T19:33:13.8031822Z   PYTHONPATH: 
2026-09-10T19:33:13.8032196Z   pythonLocation: /opt/hostedtoolcache/Python/3.11.16/x64
2026-09-10T19:33:13.8032732Z   PKG_CONFIG_PATH: /opt/hostedtoolcache/Python/3.11.16/x64/lib/pkgconfig
2026-09-10T19:33:13.8033200Z   Python_ROOT_DIR: /opt/hostedtoolcache/Python/3.11.16/x64
2026-09-10T19:33:13.8033662Z   Python2_ROOT_DIR: /opt/hostedtoolcache/Python/3.11.16/x64
2026-09-10T19:33:13.8034077Z   Python3_ROOT_DIR: /opt/hostedtoolcache/Python/3.11.16/x64
2026-09-10T19:33:13.8034496Z   LD_LIBRARY_PATH: /opt/hostedtoolcache/Python/3.11.16/x64/lib
2026-09-10T19:33:13.8035454Z ##[endgroup]
2026-09-10T19:33:13.8543766Z Node 20 is being deprecated. This workflow is running with Node 24 by default. If you need to temporarily use Node 20, you can set the ACTIONS_ALLOW_USE_UNSECURE_NODE_VERSION=true environment variable. For more information see: https://github.blog/changelog/2025-09-19-deprecation-of-node-20-on-github-actions-runners/
2026-09-10T19:33:13.8545027Z ##[group]Run actions/upload-artifact@ea165f8d65b6e75b540449e92b4886f43607fa02
2026-09-10T19:33:13.8545335Z with:
2026-09-10T19:33:13.8545620Z   name: candidate-wheel-non-promotable-7e35fdde15e9d884071ce1d58c437982eba140f3
2026-09-10T19:33:13.8545987Z   path: /home/runner/work/_temp/candidate-dist/
2026-09-10T19:33:13.8546238Z   if-no-files-found: error
2026-09-10T19:33:13.8546439Z   retention-days: 1
2026-09-10T19:33:13.8546618Z   compression-level: 6
2026-09-10T19:33:13.8546809Z   overwrite: false
2026-09-10T19:33:13.8546987Z   include-hidden-files: false
2026-09-10T19:33:13.8547183Z env:
2026-09-10T19:33:13.8547372Z   PYTHONNOUSERSITE: 1
2026-09-10T19:33:13.8547567Z   PYTHONPATH: 
2026-09-10T19:33:13.8547785Z   pythonLocation: /opt/hostedtoolcache/Python/3.11.16/x64
2026-09-10T19:33:13.8548121Z   PKG_CONFIG_PATH: /opt/hostedtoolcache/Python/3.11.16/x64/lib/pkgconfig
2026-09-10T19:33:13.8548449Z   Python_ROOT_DIR: /opt/hostedtoolcache/Python/3.11.16/x64
2026-09-10T19:33:13.8548749Z   Python2_ROOT_DIR: /opt/hostedtoolcache/Python/3.11.16/x64
2026-09-10T19:33:13.8549039Z   Python3_ROOT_DIR: /opt/hostedtoolcache/Python/3.11.16/x64
2026-09-10T19:33:13.8549342Z   LD_LIBRARY_PATH: /opt/hostedtoolcache/Python/3.11.16/x64/lib
2026-09-10T19:33:13.8549606Z ##[endgroup]
2026-09-10T19:33:13.9932478Z (node:5916) [DEP0040] DeprecationWarning: The `punycode` module is deprecated. Please use a userland alternative instead.
2026-09-10T19:33:13.9933188Z (Use `node --trace-deprecation ...` to show where the warning was created)
2026-09-10T19:33:13.9996058Z With the provided path, there will be 2 files uploaded
2026-09-10T19:33:13.9996947Z Artifact name is valid!
2026-09-10T19:33:13.9997781Z Root directory input is valid!
2026-09-10T19:33:14.3453177Z Beginning upload of artifact content to blob storage
2026-09-10T19:33:14.3745822Z (node:5916) [DEP0169] DeprecationWarning: `url.parse()` behavior is not standardized and prone to errors that have security implications. Use the WHATWG URL API instead. CVEs are not issued for `url.parse()` vulnerabilities.
2026-09-10T19:33:14.9060938Z Uploaded bytes 471518
2026-09-10T19:33:14.9677573Z Finished uploading artifact content to blob storage!
2026-09-10T19:33:14.9678385Z SHA256 digest of uploaded artifact zip is b90da303a463a40388a35981e4c533232f4419e82d7126730c4d1970b06f476b
2026-09-10T19:33:14.9679968Z Finalizing artifact upload
2026-09-10T19:33:15.1919842Z Artifact candidate-wheel-non-promotable-7e35fdde15e9d884071ce1d58c437982eba140f3.zip successfully finalized. Artifact ID 10169651843
2026-09-10T19:33:15.1921623Z Artifact candidate-wheel-non-promotable-7e35fdde15e9d884071ce1d58c437982eba140f3 has been successfully uploaded! Final size is 471518 bytes. Artifact ID is 10169651843
2026-09-10T19:33:15.1926150Z Artifact download URL: https://github.com/mmzen/se_harness/actions/runs/34521008001/artifacts/10169651843
2026-09-10T19:33:15.2054188Z Node 20 is being deprecated. This workflow is running with Node 24 by default. If you need to temporarily use Node 20, you can set the ACTIONS_ALLOW_USE_UNSECURE_NODE_VERSION=true environment variable. For more information see: https://github.blog/changelog/2025-09-19-deprecation-of-node-20-on-github-actions-runners/
2026-09-10T19:33:15.2055809Z ##[group]Run actions/upload-artifact@ea165f8d65b6e75b540449e92b4886f43607fa02
2026-09-10T19:33:15.2056275Z with:
2026-09-10T19:33:15.2056578Z   name: complete-candidate-qualification
2026-09-10T19:33:15.2057019Z   path: /home/runner/work/_temp/complete-candidate.json
2026-09-10T19:33:15.2057412Z   if-no-files-found: warn
2026-09-10T19:33:15.2057625Z   compression-level: 6
2026-09-10T19:33:15.2057818Z   overwrite: false
2026-09-10T19:33:15.2058008Z   include-hidden-files: false
2026-09-10T19:33:15.2058252Z env:
2026-09-10T19:33:15.2058432Z   PYTHONNOUSERSITE: 1
2026-09-10T19:33:15.2058623Z   PYTHONPATH: 
2026-09-10T19:33:15.2058892Z   pythonLocation: /opt/hostedtoolcache/Python/3.11.16/x64
2026-09-10T19:33:15.2059238Z   PKG_CONFIG_PATH: /opt/hostedtoolcache/Python/3.11.16/x64/lib/pkgconfig
2026-09-10T19:33:15.2059582Z   Python_ROOT_DIR: /opt/hostedtoolcache/Python/3.11.16/x64
2026-09-10T19:33:15.2059892Z   Python2_ROOT_DIR: /opt/hostedtoolcache/Python/3.11.16/x64
2026-09-10T19:33:15.2060203Z   Python3_ROOT_DIR: /opt/hostedtoolcache/Python/3.11.16/x64
2026-09-10T19:33:15.2060505Z   LD_LIBRARY_PATH: /opt/hostedtoolcache/Python/3.11.16/x64/lib
2026-09-10T19:33:15.2060767Z ##[endgroup]
2026-09-10T19:33:15.3409083Z (node:5928) [DEP0040] DeprecationWarning: The `punycode` module is deprecated. Please use a userland alternative instead.
2026-09-10T19:33:15.3409650Z (Use `node --trace-deprecation ...` to show where the warning was created)
2026-09-10T19:33:15.3445540Z With the provided path, there will be 1 file uploaded
2026-09-10T19:33:15.3449918Z Artifact name is valid!
2026-09-10T19:33:15.3450489Z Root directory input is valid!
2026-09-10T19:33:15.7094260Z Beginning upload of artifact content to blob storage
2026-09-10T19:33:15.7231694Z (node:5928) [DEP0169] DeprecationWarning: `url.parse()` behavior is not standardized and prone to errors that have security implications. Use the WHATWG URL API instead. CVEs are not issued for `url.parse()` vulnerabilities.
2026-09-10T19:33:15.9609775Z Uploaded bytes 816
2026-09-10T19:33:16.0259008Z Finished uploading artifact content to blob storage!
2026-09-10T19:33:16.0259974Z SHA256 digest of uploaded artifact zip is ae8a32f318a281c7da6895c1d2548ca37d8536fa2c98ba08d12b4c1bcd21b8cb
2026-09-10T19:33:16.0260825Z Finalizing artifact upload
2026-09-10T19:33:16.2464847Z Artifact complete-candidate-qualification.zip successfully finalized. Artifact ID 10169652529
2026-09-10T19:33:16.2465842Z Artifact complete-candidate-qualification has been successfully uploaded! Final size is 816 bytes. Artifact ID is 10169652529
2026-09-10T19:33:16.2470718Z Artifact download URL: https://github.com/mmzen/se_harness/actions/runs/34521008001/artifacts/10169652529
2026-09-10T19:33:16.2606831Z Node 20 is being deprecated. This workflow is running with Node 24 by default. If you need to temporarily use Node 20, you can set the ACTIONS_ALLOW_USE_UNSECURE_NODE_VERSION=true environment variable. For more information see: https://github.blog/changelog/2025-09-19-deprecation-of-node-20-on-github-actions-runners/
2026-09-10T19:33:16.2607766Z Post job cleanup.
2026-09-10T19:33:16.3480501Z (node:5940) [DEP0040] DeprecationWarning: The `punycode` module is deprecated. Please use a userland alternative instead.
2026-09-10T19:33:16.3481357Z (Use `node --trace-deprecation ...` to show where the warning was created)
2026-09-10T19:33:16.3604549Z [command]/usr/bin/tar --posix -cf cache.tzst --exclude cache.tzst -P -C /home/runner/work/se_harness/se_harness --files-from manifest.txt --use-compress-program zstdmt
2026-09-10T19:33:16.5932516Z (node:5940) [DEP0169] DeprecationWarning: `url.parse()` behavior is not standardized and prone to errors that have security implications. Use the WHATWG URL API instead. CVEs are not issued for `url.parse()` vulnerabilities.
2026-09-10T19:33:16.7972105Z Sent 3305 of 3305 (100.0%), 0.0 MBs/sec
2026-09-10T19:33:16.9419037Z Cache saved with key: test-timings-Linux-34521008001
2026-09-10T19:33:16.9518724Z Node 20 is being deprecated. This workflow is running with Node 24 by default. If you need to temporarily use Node 20, you can set the ACTIONS_ALLOW_USE_UNSECURE_NODE_VERSION=true environment variable. For more information see: https://github.blog/changelog/2025-09-19-deprecation-of-node-20-on-github-actions-runners/
2026-09-10T19:33:16.9519662Z Post job cleanup.
2026-09-10T19:33:17.0540427Z (node:5960) [DEP0040] DeprecationWarning: The `punycode` module is deprecated. Please use a userland alternative instead.
2026-09-10T19:33:17.0541526Z (Use `node --trace-deprecation ...` to show where the warning was created)
2026-09-10T19:33:17.0720974Z Node 20 is being deprecated. This workflow is running with Node 24 by default. If you need to temporarily use Node 20, you can set the ACTIONS_ALLOW_USE_UNSECURE_NODE_VERSION=true environment variable. For more information see: https://github.blog/changelog/2025-09-19-deprecation-of-node-20-on-github-actions-runners/
2026-09-10T19:33:17.0722586Z Post job cleanup.
2026-09-10T19:33:17.1546174Z [command]/usr/bin/git version
2026-09-10T19:33:17.1582677Z git version 2.55.0
2026-09-10T19:33:17.1614312Z Temporarily overriding HOME='/home/runner/work/_temp/2d57c0f9-4225-413b-84fa-62b575ececa1' before making global git config changes
2026-09-10T19:33:17.1615539Z Adding repository directory to the temporary git global config as a safe directory
2026-09-10T19:33:17.1619700Z [command]/usr/bin/git config --global --add safe.directory /home/runner/work/se_harness/se_harness
2026-09-10T19:33:17.1660764Z [command]/usr/bin/git config --local --name-only --get-regexp core\.sshCommand
2026-09-10T19:33:17.1693618Z [command]/usr/bin/git submodule foreach --recursive sh -c "git config --local --name-only --get-regexp 'core\.sshCommand' && git config --local --unset-all 'core.sshCommand' || :"
2026-09-10T19:33:17.1925188Z [command]/usr/bin/git config --local --name-only --get-regexp http\.https\:\/\/github\.com\/\.extraheader
2026-09-10T19:33:17.1957483Z [command]/usr/bin/git submodule foreach --recursive sh -c "git config --local --name-only --get-regexp 'http\.https\:\/\/github\.com\/\.extraheader' && git config --local --unset-all 'http.https://github.com/.extraheader' || :"
2026-09-10T19:33:17.2200209Z [command]/usr/bin/git config --local --name-only --get-regexp ^includeIf\.gitdir:
2026-09-10T19:33:17.2239430Z [command]/usr/bin/git submodule foreach --recursive git config --local --show-origin --name-only --get-regexp remote.origin.url
2026-09-10T19:33:17.2599046Z Evaluate and set job outputs
2026-09-10T19:33:17.2604477Z Set output 'candidate_version'
2026-09-10T19:33:17.2606210Z Set output 'predecessor_version'
2026-09-10T19:33:17.2606797Z Set output 'predecessor_wheel'
2026-09-10T19:33:17.2607202Z Set output 'predecessor_wheel_sha256'
2026-09-10T19:33:17.2607629Z Set output 'predecessor_payload_sha256'
2026-09-10T19:33:17.2608180Z Cleaning up orphan processes
2026-09-10T19:33:17.2850166Z ##[warning]Node.js 20 is deprecated. The following actions target Node.js 20 but are being forced to run on Node.js 24: actions/cache@5a3ec84eff668545956fd18022155c47e93e2684, actions/checkout@11d5960a326750d5838078e36cf38b85af677262, actions/setup-python@a26af69be951a213d495a4c3e4e4022e16d87065, actions/upload-artifact@ea165f8d65b6e75b540449e92b4886f43607fa02. For more information see: https://github.blog/changelog/2025-09-19-deprecation-of-node-20-on-github-actions-runners/
