Traceback (most recent call last):
  File "<frozen runpy>", line 203, in _run_module_as_main
  File "<frozen runpy>", line 88, in _run_code
  File "C:\Users\mathi\AppData\Local\Temp\iar-nonpromotable-uvunsb9f\evaluator\Lib\site-packages\se_harness\__main__.py", line 4, in <module>
    raise SystemExit(main())
                     ~~~~^^
  File "C:\Users\mathi\AppData\Local\Temp\iar-nonpromotable-uvunsb9f\evaluator\Lib\site-packages\se_harness\cli.py", line 1261, in main
    return int(args.handler(args))
               ~~~~~~~~~~~~^^^^^^
  File "C:\Users\mathi\AppData\Local\Temp\iar-nonpromotable-uvunsb9f\evaluator\Lib\site-packages\se_harness\cli.py", line 206, in _upgrade
    apply_changes(
    ~~~~~~~~~~~~~^
        target,
        ^^^^^^^
    ...<5 lines>...
        instruction_delivery_evidence=Path(args.instruction_delivery_evidence) if args.instruction_delivery_evidence else None,
        ^^^^^^^^^^^^^^^^^^^^^^^^^^^^^^^^^^^^^^^^^^^^^^^^^^^^^^^^^^^^^^^^^^^^^^^^^^^^^^^^^^^^^^^^^^^^^^^^^^^^^^^^^^^^^^^^^^^^^^^
    )
    ^
  File "C:\Users\mathi\AppData\Local\Temp\iar-nonpromotable-uvunsb9f\evaluator\Lib\site-packages\se_harness\installer.py", line 615, in apply_changes
    validate_delivery_evidence(instruction_delivery_evidence, target, entry, (target / LOCK_NAME).read_bytes())
    ~~~~~~~~~~~~~~~~~~~~~~~~~~^^^^^^^^^^^^^^^^^^^^^^^^^^^^^^^^^^^^^^^^^^^^^^^^^^^^^^^^^^^^^^^^^^^^^^^^^^^^^^^^^
  File "C:\Users\mathi\AppData\Local\Temp\iar-nonpromotable-uvunsb9f\evaluator\Lib\site-packages\se_harness\instruction_discovery.py", line 122, in validate_delivery_evidence
    raise DiscoveryError("legacy entry retirement requires --instruction-delivery-evidence; no files were written")
se_harness.instruction_discovery.DiscoveryError: legacy entry retirement requires --instruction-delivery-evidence; no files were written
