validate	Set up job	﻿2026-09-11T06:59:05.5416500Z Current runner version: '2.337.0'
validate	Set up job	2026-09-11T06:59:05.5452044Z ##[group]Runner Image Provisioner
validate	Set up job	2026-09-11T06:59:05.5453505Z Hosted Compute Agent
validate	Set up job	2026-09-11T06:59:05.5454510Z Version: 20260828.587
validate	Set up job	2026-09-11T06:59:05.5455530Z Commit: abac92662cab4cc7352de4f9f9d2e2419aad9c29
validate	Set up job	2026-09-11T06:59:05.5456935Z Build Date: 2026-08-28T16:44:25Z
validate	Set up job	2026-09-11T06:59:05.5458130Z Worker ID: {5e8143f1-fd82-4c32-8001-89d217803aea}
validate	Set up job	2026-09-11T06:59:05.5459762Z Azure Region: eastus
validate	Set up job	2026-09-11T06:59:05.5460864Z ##[endgroup]
validate	Set up job	2026-09-11T06:59:05.5463357Z ##[group]Operating System
validate	Set up job	2026-09-11T06:59:05.5464459Z Ubuntu
validate	Set up job	2026-09-11T06:59:05.5465355Z 24.04.5
validate	Set up job	2026-09-11T06:59:05.5466298Z LTS
validate	Set up job	2026-09-11T06:59:05.5467216Z ##[endgroup]
validate	Set up job	2026-09-11T06:59:05.5468136Z ##[group]Runner Image
validate	Set up job	2026-09-11T06:59:05.5469507Z Image: ubuntu-24.04
validate	Set up job	2026-09-11T06:59:05.5470560Z Version: 20260907.300.1
validate	Set up job	2026-09-11T06:59:05.5472665Z Included Software: https://github.com/actions/runner-images/blob/ubuntu24/20260907.300/images/ubuntu/Ubuntu2404-Readme.md
validate	Set up job	2026-09-11T06:59:05.5475648Z Image Release: https://github.com/actions/runner-images/releases/tag/ubuntu24%2F20260907.300
validate	Set up job	2026-09-11T06:59:05.5477392Z ##[endgroup]
validate	Set up job	2026-09-11T06:59:05.5479844Z ##[group]GITHUB_TOKEN Permissions
validate	Set up job	2026-09-11T06:59:05.5482474Z Contents: read
validate	Set up job	2026-09-11T06:59:05.5483647Z Metadata: read
validate	Set up job	2026-09-11T06:59:05.5484674Z PullRequests: read
validate	Set up job	2026-09-11T06:59:05.5485637Z ##[endgroup]
validate	Set up job	2026-09-11T06:59:05.5488684Z Secret source: Actions
validate	Set up job	2026-09-11T06:59:05.5490445Z Cache mode: write
validate	Set up job	2026-09-11T06:59:05.5491735Z Prepare workflow directory
validate	Set up job	2026-09-11T06:59:05.6056641Z Prepare all required actions
validate	Set up job	2026-09-11T06:59:05.6127891Z Getting action download info
validate	Set up job	2026-09-11T06:59:05.8484147Z Download action repository 'actions/checkout@11d5960a326750d5838078e36cf38b85af677262' (SHA:11d5960a326750d5838078e36cf38b85af677262)
validate	Set up job	2026-09-11T06:59:05.9711454Z Download action repository 'actions/setup-python@a26af69be951a213d495a4c3e4e4022e16d87065' (SHA:a26af69be951a213d495a4c3e4e4022e16d87065)
validate	Set up job	2026-09-11T06:59:06.0645390Z Download action repository 'actions/upload-artifact@ea165f8d65b6e75b540449e92b4886f43607fa02' (SHA:ea165f8d65b6e75b540449e92b4886f43607fa02)
validate	Set up job	2026-09-11T06:59:06.2648664Z Complete job name: validate
validate	Run actions/checkout@11d5960a326750d5838078e36cf38b85af677262	﻿2026-09-11T06:59:06.3425708Z Node 20 is being deprecated. This workflow is running with Node 24 by default. If you need to temporarily use Node 20, you can set the ACTIONS_ALLOW_USE_UNSECURE_NODE_VERSION=true environment variable. For more information see: https://github.blog/changelog/2025-09-19-deprecation-of-node-20-on-github-actions-runners/
validate	Run actions/checkout@11d5960a326750d5838078e36cf38b85af677262	2026-09-11T06:59:06.3435039Z ##[group]Run actions/checkout@11d5960a326750d5838078e36cf38b85af677262
validate	Run actions/checkout@11d5960a326750d5838078e36cf38b85af677262	2026-09-11T06:59:06.3435976Z with:
validate	Run actions/checkout@11d5960a326750d5838078e36cf38b85af677262	2026-09-11T06:59:06.3436421Z   repository: mmzen/se_harness
validate	Run actions/checkout@11d5960a326750d5838078e36cf38b85af677262	2026-09-11T06:59:06.3440330Z   token: ***
validate	Run actions/checkout@11d5960a326750d5838078e36cf38b85af677262	2026-09-11T06:59:06.3440769Z   ssh-strict: true
validate	Run actions/checkout@11d5960a326750d5838078e36cf38b85af677262	2026-09-11T06:59:06.3441222Z   ssh-user: git
validate	Run actions/checkout@11d5960a326750d5838078e36cf38b85af677262	2026-09-11T06:59:06.3441665Z   persist-credentials: true
validate	Run actions/checkout@11d5960a326750d5838078e36cf38b85af677262	2026-09-11T06:59:06.3442152Z   clean: true
validate	Run actions/checkout@11d5960a326750d5838078e36cf38b85af677262	2026-09-11T06:59:06.3442594Z   sparse-checkout-cone-mode: true
validate	Run actions/checkout@11d5960a326750d5838078e36cf38b85af677262	2026-09-11T06:59:06.3443131Z   fetch-depth: 1
validate	Run actions/checkout@11d5960a326750d5838078e36cf38b85af677262	2026-09-11T06:59:06.3443555Z   fetch-tags: false
validate	Run actions/checkout@11d5960a326750d5838078e36cf38b85af677262	2026-09-11T06:59:06.3443987Z   show-progress: true
validate	Run actions/checkout@11d5960a326750d5838078e36cf38b85af677262	2026-09-11T06:59:06.3444418Z   lfs: false
validate	Run actions/checkout@11d5960a326750d5838078e36cf38b85af677262	2026-09-11T06:59:06.3444851Z   submodules: false
validate	Run actions/checkout@11d5960a326750d5838078e36cf38b85af677262	2026-09-11T06:59:06.3445292Z   set-safe-directory: true
validate	Run actions/checkout@11d5960a326750d5838078e36cf38b85af677262	2026-09-11T06:59:06.3445790Z   allow-unsafe-pr-checkout: false
validate	Run actions/checkout@11d5960a326750d5838078e36cf38b85af677262	2026-09-11T06:59:06.3446581Z env:
validate	Run actions/checkout@11d5960a326750d5838078e36cf38b85af677262	2026-09-11T06:59:06.3447016Z   SE_HARNESS_VERSION: 0.17.0
validate	Run actions/checkout@11d5960a326750d5838078e36cf38b85af677262	2026-09-11T06:59:06.3447489Z ##[endgroup]
validate	Run actions/checkout@11d5960a326750d5838078e36cf38b85af677262	2026-09-11T06:59:06.4445432Z Syncing repository: mmzen/se_harness
validate	Run actions/checkout@11d5960a326750d5838078e36cf38b85af677262	2026-09-11T06:59:06.4448029Z ##[group]Getting Git version info
validate	Run actions/checkout@11d5960a326750d5838078e36cf38b85af677262	2026-09-11T06:59:06.4449484Z Working directory is '/home/runner/work/se_harness/se_harness'
validate	Run actions/checkout@11d5960a326750d5838078e36cf38b85af677262	2026-09-11T06:59:06.4451242Z [command]/usr/bin/git version
validate	Run actions/checkout@11d5960a326750d5838078e36cf38b85af677262	2026-09-11T06:59:06.4525859Z git version 2.55.0
validate	Run actions/checkout@11d5960a326750d5838078e36cf38b85af677262	2026-09-11T06:59:06.4559926Z ##[endgroup]
validate	Run actions/checkout@11d5960a326750d5838078e36cf38b85af677262	2026-09-11T06:59:06.4567482Z Temporarily overriding HOME='/home/runner/work/_temp/fc984b0f-4b66-4b9d-b8c8-c4f178ff0bc8' before making global git config changes
validate	Run actions/checkout@11d5960a326750d5838078e36cf38b85af677262	2026-09-11T06:59:06.4570980Z Adding repository directory to the temporary git global config as a safe directory
validate	Run actions/checkout@11d5960a326750d5838078e36cf38b85af677262	2026-09-11T06:59:06.4575492Z [command]/usr/bin/git config --global --add safe.directory /home/runner/work/se_harness/se_harness
validate	Run actions/checkout@11d5960a326750d5838078e36cf38b85af677262	2026-09-11T06:59:06.4635901Z Deleting the contents of '/home/runner/work/se_harness/se_harness'
validate	Run actions/checkout@11d5960a326750d5838078e36cf38b85af677262	2026-09-11T06:59:06.4640602Z ##[group]Initializing the repository
validate	Run actions/checkout@11d5960a326750d5838078e36cf38b85af677262	2026-09-11T06:59:06.4645745Z [command]/usr/bin/git init /home/runner/work/se_harness/se_harness
validate	Run actions/checkout@11d5960a326750d5838078e36cf38b85af677262	2026-09-11T06:59:06.4769277Z hint: Using 'master' as the name for the initial branch. This default branch name
validate	Run actions/checkout@11d5960a326750d5838078e36cf38b85af677262	2026-09-11T06:59:06.4771893Z hint: will change to "main" in Git 3.0. To configure the initial branch name
validate	Run actions/checkout@11d5960a326750d5838078e36cf38b85af677262	2026-09-11T06:59:06.4773938Z hint: to use in all of your new repositories, which will suppress this warning,
validate	Run actions/checkout@11d5960a326750d5838078e36cf38b85af677262	2026-09-11T06:59:06.4776655Z hint: call:
validate	Run actions/checkout@11d5960a326750d5838078e36cf38b85af677262	2026-09-11T06:59:06.4777880Z hint:
validate	Run actions/checkout@11d5960a326750d5838078e36cf38b85af677262	2026-09-11T06:59:06.4779727Z hint: 	git config --global init.defaultBranch <name>
validate	Run actions/checkout@11d5960a326750d5838078e36cf38b85af677262	2026-09-11T06:59:06.4781284Z hint:
validate	Run actions/checkout@11d5960a326750d5838078e36cf38b85af677262	2026-09-11T06:59:06.4782749Z hint: Names commonly chosen instead of 'master' are 'main', 'trunk' and
validate	Run actions/checkout@11d5960a326750d5838078e36cf38b85af677262	2026-09-11T06:59:06.4784604Z hint: 'development'. The just-created branch can be renamed via this command:
validate	Run actions/checkout@11d5960a326750d5838078e36cf38b85af677262	2026-09-11T06:59:06.4786183Z hint:
validate	Run actions/checkout@11d5960a326750d5838078e36cf38b85af677262	2026-09-11T06:59:06.4787066Z hint: 	git branch -m <name>
validate	Run actions/checkout@11d5960a326750d5838078e36cf38b85af677262	2026-09-11T06:59:06.4788041Z hint:
validate	Run actions/checkout@11d5960a326750d5838078e36cf38b85af677262	2026-09-11T06:59:06.4789664Z hint: Disable this message with "git config set advice.defaultBranchName false"
validate	Run actions/checkout@11d5960a326750d5838078e36cf38b85af677262	2026-09-11T06:59:06.4791813Z Initialized empty Git repository in /home/runner/work/se_harness/se_harness/.git/
validate	Run actions/checkout@11d5960a326750d5838078e36cf38b85af677262	2026-09-11T06:59:06.4795033Z [command]/usr/bin/git remote add origin https://github.com/mmzen/se_harness
validate	Run actions/checkout@11d5960a326750d5838078e36cf38b85af677262	2026-09-11T06:59:06.4843972Z ##[endgroup]
validate	Run actions/checkout@11d5960a326750d5838078e36cf38b85af677262	2026-09-11T06:59:06.4845250Z ##[group]Disabling automatic garbage collection
validate	Run actions/checkout@11d5960a326750d5838078e36cf38b85af677262	2026-09-11T06:59:06.4848408Z [command]/usr/bin/git config --local gc.auto 0
validate	Run actions/checkout@11d5960a326750d5838078e36cf38b85af677262	2026-09-11T06:59:06.4881842Z ##[endgroup]
validate	Run actions/checkout@11d5960a326750d5838078e36cf38b85af677262	2026-09-11T06:59:06.4882917Z ##[group]Setting up auth
validate	Run actions/checkout@11d5960a326750d5838078e36cf38b85af677262	2026-09-11T06:59:06.4889683Z [command]/usr/bin/git config --local --name-only --get-regexp core\.sshCommand
validate	Run actions/checkout@11d5960a326750d5838078e36cf38b85af677262	2026-09-11T06:59:06.4932387Z [command]/usr/bin/git submodule foreach --recursive sh -c "git config --local --name-only --get-regexp 'core\.sshCommand' && git config --local --unset-all 'core.sshCommand' || :"
validate	Run actions/checkout@11d5960a326750d5838078e36cf38b85af677262	2026-09-11T06:59:06.5352370Z [command]/usr/bin/git config --local --name-only --get-regexp http\.https\:\/\/github\.com\/\.extraheader
validate	Run actions/checkout@11d5960a326750d5838078e36cf38b85af677262	2026-09-11T06:59:06.5402176Z [command]/usr/bin/git submodule foreach --recursive sh -c "git config --local --name-only --get-regexp 'http\.https\:\/\/github\.com\/\.extraheader' && git config --local --unset-all 'http.https://github.com/.extraheader' || :"
validate	Run actions/checkout@11d5960a326750d5838078e36cf38b85af677262	2026-09-11T06:59:06.5662177Z [command]/usr/bin/git config --local --name-only --get-regexp ^includeIf\.gitdir:
validate	Run actions/checkout@11d5960a326750d5838078e36cf38b85af677262	2026-09-11T06:59:06.5704970Z [command]/usr/bin/git submodule foreach --recursive git config --local --show-origin --name-only --get-regexp remote.origin.url
validate	Run actions/checkout@11d5960a326750d5838078e36cf38b85af677262	2026-09-11T06:59:06.5970386Z [command]/usr/bin/git config --local http.https://github.com/.extraheader AUTHORIZATION: basic ***
validate	Run actions/checkout@11d5960a326750d5838078e36cf38b85af677262	2026-09-11T06:59:06.6013669Z ##[endgroup]
validate	Run actions/checkout@11d5960a326750d5838078e36cf38b85af677262	2026-09-11T06:59:06.6015610Z ##[group]Fetching the repository
validate	Run actions/checkout@11d5960a326750d5838078e36cf38b85af677262	2026-09-11T06:59:06.6026782Z [command]/usr/bin/git -c protocol.version=2 fetch --no-tags --prune --no-recurse-submodules --depth=1 origin +7233948fd3f1b6a96116f4e374747f94a59cfc9b:refs/remotes/pull/446/merge
validate	Run actions/checkout@11d5960a326750d5838078e36cf38b85af677262	2026-09-11T06:59:08.3831228Z From https://github.com/mmzen/se_harness
validate	Run actions/checkout@11d5960a326750d5838078e36cf38b85af677262	2026-09-11T06:59:08.3833509Z  * [new ref]         7233948fd3f1b6a96116f4e374747f94a59cfc9b -> pull/446/merge
validate	Run actions/checkout@11d5960a326750d5838078e36cf38b85af677262	2026-09-11T06:59:08.3837573Z ##[endgroup]
validate	Run actions/checkout@11d5960a326750d5838078e36cf38b85af677262	2026-09-11T06:59:08.3839690Z ##[group]Determining the checkout info
validate	Run actions/checkout@11d5960a326750d5838078e36cf38b85af677262	2026-09-11T06:59:08.3921625Z ##[endgroup]
validate	Run actions/checkout@11d5960a326750d5838078e36cf38b85af677262	2026-09-11T06:59:08.3923022Z [command]/usr/bin/git sparse-checkout disable
validate	Run actions/checkout@11d5960a326750d5838078e36cf38b85af677262	2026-09-11T06:59:08.3925658Z [command]/usr/bin/git config --local --unset-all extensions.worktreeConfig
validate	Run actions/checkout@11d5960a326750d5838078e36cf38b85af677262	2026-09-11T06:59:08.3950599Z ##[group]Checking out the ref
validate	Run actions/checkout@11d5960a326750d5838078e36cf38b85af677262	2026-09-11T06:59:08.3955250Z [command]/usr/bin/git checkout --progress --force refs/remotes/pull/446/merge
validate	Run actions/checkout@11d5960a326750d5838078e36cf38b85af677262	2026-09-11T06:59:09.0280008Z Note: switching to 'refs/remotes/pull/446/merge'.
validate	Run actions/checkout@11d5960a326750d5838078e36cf38b85af677262	2026-09-11T06:59:09.0281952Z 
validate	Run actions/checkout@11d5960a326750d5838078e36cf38b85af677262	2026-09-11T06:59:09.0283264Z You are in 'detached HEAD' state. You can look around, make experimental
validate	Run actions/checkout@11d5960a326750d5838078e36cf38b85af677262	2026-09-11T06:59:09.0285517Z changes and commit them, and you can discard any commits you make in this
validate	Run actions/checkout@11d5960a326750d5838078e36cf38b85af677262	2026-09-11T06:59:09.0287538Z state without impacting any branches by switching back to a branch.
validate	Run actions/checkout@11d5960a326750d5838078e36cf38b85af677262	2026-09-11T06:59:09.0288687Z 
validate	Run actions/checkout@11d5960a326750d5838078e36cf38b85af677262	2026-09-11T06:59:09.0289790Z If you want to create a new branch to retain commits you create, you may
validate	Run actions/checkout@11d5960a326750d5838078e36cf38b85af677262	2026-09-11T06:59:09.0291396Z do so (now or later) by using -c with the switch command. Example:
validate	Run actions/checkout@11d5960a326750d5838078e36cf38b85af677262	2026-09-11T06:59:09.0292267Z 
validate	Run actions/checkout@11d5960a326750d5838078e36cf38b85af677262	2026-09-11T06:59:09.0292653Z   git switch -c <new-branch-name>
validate	Run actions/checkout@11d5960a326750d5838078e36cf38b85af677262	2026-09-11T06:59:09.0293291Z 
validate	Run actions/checkout@11d5960a326750d5838078e36cf38b85af677262	2026-09-11T06:59:09.0293676Z Or undo this operation with:
validate	Run actions/checkout@11d5960a326750d5838078e36cf38b85af677262	2026-09-11T06:59:09.0294253Z 
validate	Run actions/checkout@11d5960a326750d5838078e36cf38b85af677262	2026-09-11T06:59:09.0294572Z   git switch -
validate	Run actions/checkout@11d5960a326750d5838078e36cf38b85af677262	2026-09-11T06:59:09.0295042Z 
validate	Run actions/checkout@11d5960a326750d5838078e36cf38b85af677262	2026-09-11T06:59:09.0295768Z Turn off this advice by setting config variable advice.detachedHead to false
validate	Run actions/checkout@11d5960a326750d5838078e36cf38b85af677262	2026-09-11T06:59:09.0296910Z 
validate	Run actions/checkout@11d5960a326750d5838078e36cf38b85af677262	2026-09-11T06:59:09.0298162Z HEAD is now at 7233948 Merge e152f6a8f30a62b4fb3676ada2e437f94544ee9c into 731014d8fa58ba193f6eaf05af3408ed5c41e43f
validate	Run actions/checkout@11d5960a326750d5838078e36cf38b85af677262	2026-09-11T06:59:09.0318189Z ##[endgroup]
validate	Run actions/checkout@11d5960a326750d5838078e36cf38b85af677262	2026-09-11T06:59:09.0365064Z [command]/usr/bin/git log -1 --format=%H
validate	Run actions/checkout@11d5960a326750d5838078e36cf38b85af677262	2026-09-11T06:59:09.0394554Z 7233948fd3f1b6a96116f4e374747f94a59cfc9b
validate	Run actions/setup-python@a26af69be951a213d495a4c3e4e4022e16d87065	﻿2026-09-11T06:59:09.0785817Z Node 20 is being deprecated. This workflow is running with Node 24 by default. If you need to temporarily use Node 20, you can set the ACTIONS_ALLOW_USE_UNSECURE_NODE_VERSION=true environment variable. For more information see: https://github.blog/changelog/2025-09-19-deprecation-of-node-20-on-github-actions-runners/
validate	Run actions/setup-python@a26af69be951a213d495a4c3e4e4022e16d87065	2026-09-11T06:59:09.0792757Z ##[group]Run actions/setup-python@a26af69be951a213d495a4c3e4e4022e16d87065
validate	Run actions/setup-python@a26af69be951a213d495a4c3e4e4022e16d87065	2026-09-11T06:59:09.0794518Z with:
validate	Run actions/setup-python@a26af69be951a213d495a4c3e4e4022e16d87065	2026-09-11T06:59:09.0795437Z   python-version: 3.11
validate	Run actions/setup-python@a26af69be951a213d495a4c3e4e4022e16d87065	2026-09-11T06:59:09.0796500Z   check-latest: false
validate	Run actions/setup-python@a26af69be951a213d495a4c3e4e4022e16d87065	2026-09-11T06:59:09.0806678Z   token: ***
validate	Run actions/setup-python@a26af69be951a213d495a4c3e4e4022e16d87065	2026-09-11T06:59:09.0807670Z   update-environment: true
validate	Run actions/setup-python@a26af69be951a213d495a4c3e4e4022e16d87065	2026-09-11T06:59:09.0808839Z   allow-prereleases: false
validate	Run actions/setup-python@a26af69be951a213d495a4c3e4e4022e16d87065	2026-09-11T06:59:09.0810232Z   freethreaded: false
validate	Run actions/setup-python@a26af69be951a213d495a4c3e4e4022e16d87065	2026-09-11T06:59:09.0811279Z env:
validate	Run actions/setup-python@a26af69be951a213d495a4c3e4e4022e16d87065	2026-09-11T06:59:09.0812182Z   SE_HARNESS_VERSION: 0.17.0
validate	Run actions/setup-python@a26af69be951a213d495a4c3e4e4022e16d87065	2026-09-11T06:59:09.0813288Z ##[endgroup]
validate	Run actions/setup-python@a26af69be951a213d495a4c3e4e4022e16d87065	2026-09-11T06:59:09.2240701Z ##[group]Installed versions
validate	Run actions/setup-python@a26af69be951a213d495a4c3e4e4022e16d87065	2026-09-11T06:59:09.2349004Z (node:2412) [DEP0040] DeprecationWarning: The `punycode` module is deprecated. Please use a userland alternative instead.
validate	Run actions/setup-python@a26af69be951a213d495a4c3e4e4022e16d87065	2026-09-11T06:59:09.2354073Z (Use `node --trace-deprecation ...` to show where the warning was created)
validate	Run actions/setup-python@a26af69be951a213d495a4c3e4e4022e16d87065	2026-09-11T06:59:09.2356957Z Successfully set up CPython (3.11.16)
validate	Run actions/setup-python@a26af69be951a213d495a4c3e4e4022e16d87065	2026-09-11T06:59:09.2360368Z ##[endgroup]
validate	Install the exact released evaluator	﻿2026-09-11T06:59:09.2564823Z ##[group]Run python -m venv "$RUNNER_TEMP/se-harness-env"
validate	Install the exact released evaluator	2026-09-11T06:59:09.2566556Z ^[[36;1mpython -m venv "$RUNNER_TEMP/se-harness-env"^[[0m
validate	Install the exact released evaluator	2026-09-11T06:59:09.2568230Z ^[[36;1m"$RUNNER_TEMP/se-harness-env/bin/python" -m pip install \^[[0m
validate	Install the exact released evaluator	2026-09-11T06:59:09.2570482Z ^[[36;1m  --disable-pip-version-check --no-deps --only-binary=:all: \^[[0m
validate	Install the exact released evaluator	2026-09-11T06:59:09.2572190Z ^[[36;1m  "se-harness==$SE_HARNESS_VERSION"^[[0m
validate	Install the exact released evaluator	2026-09-11T06:59:09.2643300Z shell: /usr/bin/bash --noprofile --norc -e -o pipefail {0}
validate	Install the exact released evaluator	2026-09-11T06:59:09.2645394Z env:
validate	Install the exact released evaluator	2026-09-11T06:59:09.2646305Z   SE_HARNESS_VERSION: 0.17.0
validate	Install the exact released evaluator	2026-09-11T06:59:09.2647611Z   pythonLocation: /opt/hostedtoolcache/Python/3.11.16/x64
validate	Install the exact released evaluator	2026-09-11T06:59:09.2649728Z   PKG_CONFIG_PATH: /opt/hostedtoolcache/Python/3.11.16/x64/lib/pkgconfig
validate	Install the exact released evaluator	2026-09-11T06:59:09.2652562Z   Python_ROOT_DIR: /opt/hostedtoolcache/Python/3.11.16/x64
validate	Install the exact released evaluator	2026-09-11T06:59:09.2655209Z   Python2_ROOT_DIR: /opt/hostedtoolcache/Python/3.11.16/x64
validate	Install the exact released evaluator	2026-09-11T06:59:09.2657102Z   Python3_ROOT_DIR: /opt/hostedtoolcache/Python/3.11.16/x64
validate	Install the exact released evaluator	2026-09-11T06:59:09.2659561Z   LD_LIBRARY_PATH: /opt/hostedtoolcache/Python/3.11.16/x64/lib
validate	Install the exact released evaluator	2026-09-11T06:59:09.2661186Z ##[endgroup]
validate	Install the exact released evaluator	2026-09-11T06:59:14.1503592Z Collecting se-harness==0.17.0
validate	Install the exact released evaluator	2026-09-11T06:59:14.1871824Z   Downloading se_harness-0.17.0-py3-none-any.whl.metadata (45 kB)
validate	Install the exact released evaluator	2026-09-11T06:59:14.1987816Z      ━━━━━━━━━━━━━━━━━━━━━━━━━━━━━━━━━━━━━━━━ 45.9/45.9 kB 4.0 MB/s eta 0:00:00
validate	Install the exact released evaluator	2026-09-11T06:59:14.2171849Z Downloading se_harness-0.17.0-py3-none-any.whl (484 kB)
validate	Install the exact released evaluator	2026-09-11T06:59:14.2417411Z    ━━━━━━━━━━━━━━━━━━━━━━━━━━━━━━━━━━━━━━━━ 484.5/484.5 kB 21.2 MB/s eta 0:00:00
validate	Install the exact released evaluator	2026-09-11T06:59:14.2466268Z Installing collected packages: se-harness
validate	Install the exact released evaluator	2026-09-11T06:59:14.4483506Z Successfully installed se-harness-0.17.0
validate	Read the live pull-request body	﻿2026-09-11T06:59:14.5038333Z ##[group]Run # ECP-LPB-002, -003: the declarations are selected from the pull request
validate	Read the live pull-request body	2026-09-11T06:59:14.5039011Z ^[[36;1m# ECP-LPB-002, -003: the declarations are selected from the pull request^[[0m
validate	Read the live pull-request body	2026-09-11T06:59:14.5039834Z ^[[36;1m# as it is now, not from the stored trigger snapshot, so a corrected^[[0m
validate	Read the live pull-request body	2026-09-11T06:59:14.5040327Z ^[[36;1m# body is honoured by re-running this check without a new push.^[[0m
validate	Read the live pull-request body	2026-09-11T06:59:14.5040745Z ^[[36;1mcurl --fail --silent --show-error \^[[0m
validate	Read the live pull-request body	2026-09-11T06:59:14.5041282Z ^[[36;1m  --header "Authorization: ***" \^[[0m
validate	Read the live pull-request body	2026-09-11T06:59:14.5041688Z ^[[36;1m  --header "Accept: application/vnd.github+json" \^[[0m
validate	Read the live pull-request body	2026-09-11T06:59:14.5042153Z ^[[36;1m  "$GITHUB_API_URL/repos/$GITHUB_REPOSITORY/pulls/$PULL_REQUEST_NUMBER" \^[[0m
validate	Read the live pull-request body	2026-09-11T06:59:14.5042615Z ^[[36;1m  > "$RUNNER_TEMP/pull-request.json"^[[0m
validate	Read the live pull-request body	2026-09-11T06:59:14.5043195Z ^[[36;1m"$RUNNER_TEMP/se-harness-env/bin/python" - "$RUNNER_TEMP/pull-request.json" "$RUNNER_TEMP/live-event.json" <<'PY'^[[0m
validate	Read the live pull-request body	2026-09-11T06:59:14.5043806Z ^[[36;1mimport json, sys^[[0m
validate	Read the live pull-request body	2026-09-11T06:59:14.5044121Z ^[[36;1mwith open(sys.argv[1], encoding="utf-8") as source:^[[0m
validate	Read the live pull-request body	2026-09-11T06:59:14.5044486Z ^[[36;1m    pull_request = json.load(source)^[[0m
validate	Read the live pull-request body	2026-09-11T06:59:14.5044852Z ^[[36;1mwith open(sys.argv[2], "w", encoding="utf-8") as target:^[[0m
validate	Read the live pull-request body	2026-09-11T06:59:14.5045313Z ^[[36;1m    json.dump({"pull_request": {"body": pull_request.get("body")}}, target)^[[0m
validate	Read the live pull-request body	2026-09-11T06:59:14.5045711Z ^[[36;1mPY^[[0m
validate	Read the live pull-request body	2026-09-11T06:59:14.5086694Z shell: /usr/bin/bash --noprofile --norc -e -o pipefail {0}
validate	Read the live pull-request body	2026-09-11T06:59:14.5087064Z env:
validate	Read the live pull-request body	2026-09-11T06:59:14.5087273Z   SE_HARNESS_VERSION: 0.17.0
validate	Read the live pull-request body	2026-09-11T06:59:14.5087599Z   pythonLocation: /opt/hostedtoolcache/Python/3.11.16/x64
validate	Read the live pull-request body	2026-09-11T06:59:14.5088041Z   PKG_CONFIG_PATH: /opt/hostedtoolcache/Python/3.11.16/x64/lib/pkgconfig
validate	Read the live pull-request body	2026-09-11T06:59:14.5088470Z   Python_ROOT_DIR: /opt/hostedtoolcache/Python/3.11.16/x64
validate	Read the live pull-request body	2026-09-11T06:59:14.5088886Z   Python2_ROOT_DIR: /opt/hostedtoolcache/Python/3.11.16/x64
validate	Read the live pull-request body	2026-09-11T06:59:14.5089586Z   Python3_ROOT_DIR: /opt/hostedtoolcache/Python/3.11.16/x64
validate	Read the live pull-request body	2026-09-11T06:59:14.5089994Z   LD_LIBRARY_PATH: /opt/hostedtoolcache/Python/3.11.16/x64/lib
validate	Read the live pull-request body	2026-09-11T06:59:14.5092406Z   GH_TOKEN: ***
validate	Read the live pull-request body	2026-09-11T06:59:14.5092631Z   PULL_REQUEST_NUMBER: 446
validate	Read the live pull-request body	2026-09-11T06:59:14.5092874Z ##[endgroup]
validate	Select the pull-request work order	﻿2026-09-11T06:59:14.9633434Z ##[group]Run work_order="$("$RUNNER_TEMP/se-harness-env/bin/python" -I -m se_harness \
validate	Select the pull-request work order	2026-09-11T06:59:14.9634114Z ^[[36;1mwork_order="$("$RUNNER_TEMP/se-harness-env/bin/python" -I -m se_harness \^[[0m
validate	Select the pull-request work order	2026-09-11T06:59:14.9634649Z ^[[36;1m  select-work-order --event "$RUNNER_TEMP/live-event.json")"^[[0m
validate	Select the pull-request work order	2026-09-11T06:59:14.9635108Z ^[[36;1mprintf 'work_order=%s\n' "$work_order" >> "$GITHUB_OUTPUT"^[[0m
validate	Select the pull-request work order	2026-09-11T06:59:14.9673912Z shell: /usr/bin/bash --noprofile --norc -e -o pipefail {0}
validate	Select the pull-request work order	2026-09-11T06:59:14.9674279Z env:
validate	Select the pull-request work order	2026-09-11T06:59:14.9674491Z   SE_HARNESS_VERSION: 0.17.0
validate	Select the pull-request work order	2026-09-11T06:59:14.9674822Z   pythonLocation: /opt/hostedtoolcache/Python/3.11.16/x64
validate	Select the pull-request work order	2026-09-11T06:59:14.9675259Z   PKG_CONFIG_PATH: /opt/hostedtoolcache/Python/3.11.16/x64/lib/pkgconfig
validate	Select the pull-request work order	2026-09-11T06:59:14.9675691Z   Python_ROOT_DIR: /opt/hostedtoolcache/Python/3.11.16/x64
validate	Select the pull-request work order	2026-09-11T06:59:14.9676080Z   Python2_ROOT_DIR: /opt/hostedtoolcache/Python/3.11.16/x64
validate	Select the pull-request work order	2026-09-11T06:59:14.9676488Z   Python3_ROOT_DIR: /opt/hostedtoolcache/Python/3.11.16/x64
validate	Select the pull-request work order	2026-09-11T06:59:14.9676921Z   LD_LIBRARY_PATH: /opt/hostedtoolcache/Python/3.11.16/x64/lib
validate	Select the pull-request work order	2026-09-11T06:59:14.9677248Z ##[endgroup]
validate	Review preflight	﻿2026-09-11T06:59:15.1551844Z ##[group]Run "$RUNNER_TEMP/se-harness-env/bin/python" -I -m se_harness preflight . --work-order "$HARNESS_WORK_ORDER" --phase review
validate	Review preflight	2026-09-11T06:59:15.1552965Z ^[[36;1m"$RUNNER_TEMP/se-harness-env/bin/python" -I -m se_harness preflight . --work-order "$HARNESS_WORK_ORDER" --phase review^[[0m
validate	Review preflight	2026-09-11T06:59:15.1590691Z shell: /usr/bin/bash -e {0}
validate	Review preflight	2026-09-11T06:59:15.1590951Z env:
validate	Review preflight	2026-09-11T06:59:15.1591153Z   SE_HARNESS_VERSION: 0.17.0
validate	Review preflight	2026-09-11T06:59:15.1591466Z   pythonLocation: /opt/hostedtoolcache/Python/3.11.16/x64
validate	Review preflight	2026-09-11T06:59:15.1591906Z   PKG_CONFIG_PATH: /opt/hostedtoolcache/Python/3.11.16/x64/lib/pkgconfig
validate	Review preflight	2026-09-11T06:59:15.1592338Z   Python_ROOT_DIR: /opt/hostedtoolcache/Python/3.11.16/x64
validate	Review preflight	2026-09-11T06:59:15.1592735Z   Python2_ROOT_DIR: /opt/hostedtoolcache/Python/3.11.16/x64
validate	Review preflight	2026-09-11T06:59:15.1593125Z   Python3_ROOT_DIR: /opt/hostedtoolcache/Python/3.11.16/x64
validate	Review preflight	2026-09-11T06:59:15.1593516Z   LD_LIBRARY_PATH: /opt/hostedtoolcache/Python/3.11.16/x64/lib
validate	Review preflight	2026-09-11T06:59:15.1593869Z   HARNESS_WORK_ORDER: WO-PLG-012
validate	Review preflight	2026-09-11T06:59:15.1594163Z ##[endgroup]
validate	Review preflight	2026-09-11T06:59:16.4659660Z Harness preflight: PASS
validate	Review preflight	2026-09-11T06:59:16.4660350Z Phase: review
validate	Review preflight	2026-09-11T06:59:16.4660832Z Work order: WO-PLG-012 (in_progress)
validate	Review preflight	2026-09-11T06:59:16.4661216Z 
validate	Review preflight	2026-09-11T06:59:16.4661423Z Assurance classification:
validate	Review preflight	2026-09-11T06:59:16.4661939Z - Commit-bound verification: required
validate	Review preflight	2026-09-11T06:59:16.4662543Z - Decided by: engineering-owner
validate	Review preflight	2026-09-11T06:59:16.4663658Z - Rationale: Later decisions rely on changed plugin behavior or trusted guidance; assurance must bind the exact candidate.
validate	Review preflight	2026-09-11T06:59:16.4664637Z 
validate	Review preflight	2026-09-11T06:59:16.4664805Z Reading manifest:
validate	Review preflight	2026-09-11T06:59:16.4665242Z - ENGINEERING_HARNESS.md
validate	Review preflight	2026-09-11T06:59:16.4665926Z - docs/engineering/OPERATING_CARD.md
validate	Review preflight	2026-09-11T06:59:16.4666442Z - AGENTS.md
validate	Review preflight	2026-09-11T06:59:16.4666978Z - docs/engineering/workflow-execution/intent/INT-WEX-001.md
validate	Review preflight	2026-09-11T06:59:16.4667861Z - docs/engineering/workflow-execution/capabilities/CAP-WEX-001.md
validate	Review preflight	2026-09-11T06:59:16.4668817Z - docs/engineering/plugin-integration/requirements/REQ-PLG-020.md
validate	Review preflight	2026-09-11T06:59:16.4669814Z - docs/engineering/plugin-integration/requirements/REQ-PLG-021.md
validate	Review preflight	2026-09-11T06:59:16.4670508Z - docs/engineering/plugin-integration/specifications/SPEC-PLG-012.md
validate	Review preflight	2026-09-11T06:59:16.4671194Z - docs/engineering/plugin-integration/verification/VER-PLG-012.md
validate	Review preflight	2026-09-11T06:59:16.4671858Z - docs/engineering/plugin-integration/work-orders/WO-PLG-012.md
validate	Review preflight	2026-09-11T06:59:16.4672250Z 
validate	Review preflight	2026-09-11T06:59:16.4673103Z Authority boundary: Preflight is derived, read-only evidence. It does not approve artifacts, authorize a diff, verify work, release software, commit, push, tag, publish, or deploy.
validate	Enforce the work-order scope on the pull request's diff	﻿2026-09-11T06:59:16.4894810Z ##[group]Run # ECP-SCP-006 to -009: the scope check runs on every pull request over the
validate	Enforce the work-order scope on the pull request's diff	2026-09-11T06:59:16.4895519Z ^[[36;1m# ECP-SCP-006 to -009: the scope check runs on every pull request over the^[[0m
validate	Enforce the work-order scope on the pull request's diff	2026-09-11T06:59:16.4896084Z ^[[36;1m# diff Git reports, with the released evaluator from the lock, whatever the^[[0m
validate	Enforce the work-order scope on the pull request's diff	2026-09-11T06:59:16.4896641Z ^[[36;1m# work order's lifecycle state; the handoff check and the comparison of a^[[0m
validate	Enforce the work-order scope on the pull request's diff	2026-09-11T06:59:16.4897175Z ^[[36;1m# declared Harness-Restitution line run only while it is still being^[[0m
validate	Enforce the work-order scope on the pull request's diff	2026-09-11T06:59:16.4897580Z ^[[36;1m# implemented, and^[[0m
validate	Enforce the work-order scope on the pull request's diff	2026-09-11T06:59:16.4897958Z ^[[36;1m# neither a declared line nor a lifecycle state relaxes the scope verdict.^[[0m
validate	Enforce the work-order scope on the pull request's diff	2026-09-11T06:59:16.4898425Z ^[[36;1mgit fetch --depth=1 origin "$HARNESS_BASE_SHA"^[[0m
validate	Enforce the work-order scope on the pull request's diff	2026-09-11T06:59:16.4898862Z ^[[36;1m# DST-MWF-001, -002: the check's exit status and stderr are captured, so a^[[0m
validate	Enforce the work-order scope on the pull request's diff	2026-09-11T06:59:16.4899680Z ^[[36;1m# refusal that writes no result (a guard or identity code such as MG005)^[[0m
validate	Enforce the work-order scope on the pull request's diff	2026-09-11T06:59:16.4900234Z ^[[36;1m# reaches the log as the evaluator's own text and fails the step with the^[[0m
validate	Enforce the work-order scope on the pull request's diff	2026-09-11T06:59:16.4900747Z ^[[36;1m# check's status, never as a decoder traceback. A parsed result is judged^[[0m
validate	Enforce the work-order scope on the pull request's diff	2026-09-11T06:59:16.4901149Z ^[[36;1m# exactly as before.^[[0m
validate	Enforce the work-order scope on the pull request's diff	2026-09-11T06:59:16.4901403Z ^[[36;1mscope_status=0^[[0m
validate	Enforce the work-order scope on the pull request's diff	2026-09-11T06:59:16.4901935Z ^[[36;1m"$RUNNER_TEMP/se-harness-env/bin/python" -I -m se_harness check . \^[[0m
validate	Enforce the work-order scope on the pull request's diff	2026-09-11T06:59:16.4902407Z ^[[36;1m  --artifact "$HARNESS_WORK_ORDER" --checkpoint scope \^[[0m
validate	Enforce the work-order scope on the pull request's diff	2026-09-11T06:59:16.4902792Z ^[[36;1m  --from-git "$HARNESS_BASE_SHA" --json \^[[0m
validate	Enforce the work-order scope on the pull request's diff	2026-09-11T06:59:16.4903228Z ^[[36;1m  > "$RUNNER_TEMP/scope.json" 2> "$RUNNER_TEMP/scope.stderr" || scope_status=$?^[[0m
validate	Enforce the work-order scope on the pull request's diff	2026-09-11T06:59:16.4903970Z ^[[36;1min_progress="$("$RUNNER_TEMP/se-harness-env/bin/python" - "$RUNNER_TEMP/scope.json" "$RUNNER_TEMP/scope.stderr" "$scope_status" <<'PY'^[[0m
validate	Enforce the work-order scope on the pull request's diff	2026-09-11T06:59:16.4904566Z ^[[36;1mimport json, sys^[[0m
validate	Enforce the work-order scope on the pull request's diff	2026-09-11T06:59:16.4904914Z ^[[36;1mwith open(sys.argv[2], encoding="utf-8", errors="replace") as captured:^[[0m
validate	Enforce the work-order scope on the pull request's diff	2026-09-11T06:59:16.4905331Z ^[[36;1m    check_stderr = captured.read()^[[0m
validate	Enforce the work-order scope on the pull request's diff	2026-09-11T06:59:16.4905619Z ^[[36;1mif check_stderr:^[[0m
validate	Enforce the work-order scope on the pull request's diff	2026-09-11T06:59:16.4905869Z ^[[36;1m    sys.stderr.write(check_stderr)^[[0m
validate	Enforce the work-order scope on the pull request's diff	2026-09-11T06:59:16.4906133Z ^[[36;1mtry:^[[0m
validate	Enforce the work-order scope on the pull request's diff	2026-09-11T06:59:16.4906401Z ^[[36;1m    with open(sys.argv[1], encoding="utf-8") as source:^[[0m
validate	Enforce the work-order scope on the pull request's diff	2026-09-11T06:59:16.4906744Z ^[[36;1m        result = json.load(source)^[[0m
validate	Enforce the work-order scope on the pull request's diff	2026-09-11T06:59:16.4907037Z ^[[36;1mexcept (OSError, ValueError):^[[0m
validate	Enforce the work-order scope on the pull request's diff	2026-09-11T06:59:16.4907480Z ^[[36;1m    print(f"The scope check wrote no result (exit status {sys.argv[3]}).", file=sys.stderr)^[[0m
validate	Enforce the work-order scope on the pull request's diff	2026-09-11T06:59:16.4907946Z ^[[36;1m    sys.exit(int(sys.argv[3]) or 1)^[[0m
validate	Enforce the work-order scope on the pull request's diff	2026-09-11T06:59:16.4908301Z ^[[36;1moutcome = result.get("operation", {}).get("outcome")^[[0m
validate	Enforce the work-order scope on the pull request's diff	2026-09-11T06:59:16.4908630Z ^[[36;1mfailures = [^[[0m
validate	Enforce the work-order scope on the pull request's diff	2026-09-11T06:59:16.4908960Z ^[[36;1m    predicate for gate in result.get("compliance", {}).get("gates", [])^[[0m
validate	Enforce the work-order scope on the pull request's diff	2026-09-11T06:59:16.4909672Z ^[[36;1m    for predicate in gate.get("predicates", [])^[[0m
validate	Enforce the work-order scope on the pull request's diff	2026-09-11T06:59:16.4910135Z ^[[36;1m    if predicate.get("id") == "QGP-G4I-PATHS" and predicate.get("status") != "pass"^[[0m
validate	Enforce the work-order scope on the pull request's diff	2026-09-11T06:59:16.4910539Z ^[[36;1m]^[[0m
validate	Enforce the work-order scope on the pull request's diff	2026-09-11T06:59:16.4910748Z ^[[36;1mfor predicate in failures:^[[0m
validate	Enforce the work-order scope on the pull request's diff	2026-09-11T06:59:16.4911123Z ^[[36;1m    print(f"scope: {predicate.get('message', '')}", file=sys.stderr)^[[0m
validate	Enforce the work-order scope on the pull request's diff	2026-09-11T06:59:16.4911500Z ^[[36;1mif failures:^[[0m
validate	Enforce the work-order scope on the pull request's diff	2026-09-11T06:59:16.4911848Z ^[[36;1m    sys.exit("The pull request's diff leaves the work order's declared scope.")^[[0m
validate	Enforce the work-order scope on the pull request's diff	2026-09-11T06:59:16.4912260Z ^[[36;1mif outcome != "completed":^[[0m
validate	Enforce the work-order scope on the pull request's diff	2026-09-11T06:59:16.4912628Z ^[[36;1m    for blocker in result.get("restitution", {}).get("blocked_by", []):^[[0m
validate	Enforce the work-order scope on the pull request's diff	2026-09-11T06:59:16.4913058Z ^[[36;1m        print(f"blocked: {blocker}", file=sys.stderr)^[[0m
validate	Enforce the work-order scope on the pull request's diff	2026-09-11T06:59:16.4913483Z ^[[36;1m    sys.exit(f"The scope check did not complete (outcome {outcome}).")^[[0m
validate	Enforce the work-order scope on the pull request's diff	2026-09-11T06:59:16.4914149Z ^[[36;1mstates = result.get("restitution", {}).get("current_lifecycle_state", [])^[[0m
validate	Enforce the work-order scope on the pull request's diff	2026-09-11T06:59:16.4914690Z ^[[36;1mprint("yes" if any(item.endswith(" is in_progress.") for item in states) else "no")^[[0m
validate	Enforce the work-order scope on the pull request's diff	2026-09-11T06:59:16.4915125Z ^[[36;1mPY^[[0m
validate	Enforce the work-order scope on the pull request's diff	2026-09-11T06:59:16.4915343Z ^[[36;1m)"^[[0m
validate	Enforce the work-order scope on the pull request's diff	2026-09-11T06:59:16.4915662Z ^[[36;1mdeclared="$("$RUNNER_TEMP/se-harness-env/bin/python" -I -m se_harness \^[[0m
validate	Enforce the work-order scope on the pull request's diff	2026-09-11T06:59:16.4916239Z ^[[36;1m  select-work-order --event "$RUNNER_TEMP/live-event.json" --field restitution-digest)"^[[0m
validate	Enforce the work-order scope on the pull request's diff	2026-09-11T06:59:16.4916713Z ^[[36;1mif [ "$in_progress" != "yes" ]; then^[[0m
validate	Enforce the work-order scope on the pull request's diff	2026-09-11T06:59:16.4917003Z ^[[36;1m  if [ -n "$declared" ]; then^[[0m
validate	Enforce the work-order scope on the pull request's diff	2026-09-11T06:59:16.4917709Z ^[[36;1m    echo "The pull request's diff is inside the declared scope; the declared Harness-Restitution $declared was bound at handoff and is not recomputed after completion."^[[0m
validate	Enforce the work-order scope on the pull request's diff	2026-09-11T06:59:16.4918405Z ^[[36;1m  else^[[0m
validate	Enforce the work-order scope on the pull request's diff	2026-09-11T06:59:16.4918801Z ^[[36;1m    echo "The pull request's diff is inside the declared scope; no restitution digest was declared."^[[0m
validate	Enforce the work-order scope on the pull request's diff	2026-09-11T06:59:16.4919650Z ^[[36;1m  fi^[[0m
validate	Enforce the work-order scope on the pull request's diff	2026-09-11T06:59:16.4919847Z ^[[36;1melse^[[0m
validate	Enforce the work-order scope on the pull request's diff	2026-09-11T06:59:16.4920046Z ^[[36;1mhandoff_status=0^[[0m
validate	Enforce the work-order scope on the pull request's diff	2026-09-11T06:59:16.4920396Z ^[[36;1m"$RUNNER_TEMP/se-harness-env/bin/python" -I -m se_harness check . \^[[0m
validate	Enforce the work-order scope on the pull request's diff	2026-09-11T06:59:16.4921005Z ^[[36;1m  --artifact "$HARNESS_WORK_ORDER" --checkpoint handoff \^[[0m
validate	Enforce the work-order scope on the pull request's diff	2026-09-11T06:59:16.4921385Z ^[[36;1m  --from-git "$HARNESS_BASE_SHA" --json \^[[0m
validate	Enforce the work-order scope on the pull request's diff	2026-09-11T06:59:16.4921880Z ^[[36;1m  > "$RUNNER_TEMP/restitution.json" 2> "$RUNNER_TEMP/restitution.stderr" || handoff_status=$?^[[0m
validate	Enforce the work-order scope on the pull request's diff	2026-09-11T06:59:16.4922711Z ^[[36;1m"$RUNNER_TEMP/se-harness-env/bin/python" - "$RUNNER_TEMP/restitution.json" "$declared" "$RUNNER_TEMP/restitution.stderr" "$handoff_status" <<'PY'^[[0m
validate	Enforce the work-order scope on the pull request's diff	2026-09-11T06:59:16.4923364Z ^[[36;1mimport json, sys^[[0m
validate	Enforce the work-order scope on the pull request's diff	2026-09-11T06:59:16.4923719Z ^[[36;1mwith open(sys.argv[3], encoding="utf-8", errors="replace") as captured:^[[0m
validate	Enforce the work-order scope on the pull request's diff	2026-09-11T06:59:16.4924132Z ^[[36;1m    check_stderr = captured.read()^[[0m
validate	Enforce the work-order scope on the pull request's diff	2026-09-11T06:59:16.4924426Z ^[[36;1mif check_stderr:^[[0m
validate	Enforce the work-order scope on the pull request's diff	2026-09-11T06:59:16.4924677Z ^[[36;1m    sys.stderr.write(check_stderr)^[[0m
validate	Enforce the work-order scope on the pull request's diff	2026-09-11T06:59:16.4924952Z ^[[36;1mtry:^[[0m
validate	Enforce the work-order scope on the pull request's diff	2026-09-11T06:59:16.4925212Z ^[[36;1m    with open(sys.argv[1], encoding="utf-8") as source:^[[0m
validate	Enforce the work-order scope on the pull request's diff	2026-09-11T06:59:16.4925560Z ^[[36;1m        result = json.load(source)^[[0m
validate	Enforce the work-order scope on the pull request's diff	2026-09-11T06:59:16.4925860Z ^[[36;1mexcept (OSError, ValueError):^[[0m
validate	Enforce the work-order scope on the pull request's diff	2026-09-11T06:59:16.4926306Z ^[[36;1m    print(f"The handoff check wrote no result (exit status {sys.argv[4]}).", file=sys.stderr)^[[0m
validate	Enforce the work-order scope on the pull request's diff	2026-09-11T06:59:16.4926775Z ^[[36;1m    sys.exit(int(sys.argv[4]) or 1)^[[0m
validate	Enforce the work-order scope on the pull request's diff	2026-09-11T06:59:16.4927056Z ^[[36;1mdeclared = sys.argv[2]^[[0m
validate	Enforce the work-order scope on the pull request's diff	2026-09-11T06:59:16.4927377Z ^[[36;1moutcome = result.get("operation", {}).get("outcome")^[[0m
validate	Enforce the work-order scope on the pull request's diff	2026-09-11T06:59:16.4927720Z ^[[36;1mif outcome != "completed":^[[0m
validate	Enforce the work-order scope on the pull request's diff	2026-09-11T06:59:16.4928081Z ^[[36;1m    for blocker in result.get("restitution", {}).get("blocked_by", []):^[[0m
validate	Enforce the work-order scope on the pull request's diff	2026-09-11T06:59:16.4928515Z ^[[36;1m        print(f"blocked: {blocker}", file=sys.stderr)^[[0m
validate	Enforce the work-order scope on the pull request's diff	2026-09-11T06:59:16.4928936Z ^[[36;1m    sys.exit(f"The handoff check did not complete (outcome {outcome}).")^[[0m
validate	Enforce the work-order scope on the pull request's diff	2026-09-11T06:59:16.4929614Z ^[[36;1mrecomputed = result.get("result_sha256", "")^[[0m
validate	Enforce the work-order scope on the pull request's diff	2026-09-11T06:59:16.4929955Z ^[[36;1mif declared and declared != recomputed:^[[0m
validate	Enforce the work-order scope on the pull request's diff	2026-09-11T06:59:16.4930517Z ^[[36;1m    sys.exit(f"Declared Harness-Restitution {declared} does not match the recomputed result_sha256 {recomputed}.")^[[0m
validate	Enforce the work-order scope on the pull request's diff	2026-09-11T06:59:16.4931154Z ^[[36;1mprint("The pull request's diff is inside the declared scope"^[[0m
validate	Enforce the work-order scope on the pull request's diff	2026-09-11T06:59:16.4931761Z ^[[36;1m      + (" and the declared restitution digest matches." if declared else "; no restitution digest was declared."))^[[0m
validate	Enforce the work-order scope on the pull request's diff	2026-09-11T06:59:16.4932261Z ^[[36;1mPY^[[0m
validate	Enforce the work-order scope on the pull request's diff	2026-09-11T06:59:16.4932439Z ^[[36;1mfi^[[0m
validate	Enforce the work-order scope on the pull request's diff	2026-09-11T06:59:16.4969733Z shell: /usr/bin/bash --noprofile --norc -e -o pipefail {0}
validate	Enforce the work-order scope on the pull request's diff	2026-09-11T06:59:16.4970080Z env:
validate	Enforce the work-order scope on the pull request's diff	2026-09-11T06:59:16.4970282Z   SE_HARNESS_VERSION: 0.17.0
validate	Enforce the work-order scope on the pull request's diff	2026-09-11T06:59:16.4970752Z   pythonLocation: /opt/hostedtoolcache/Python/3.11.16/x64
validate	Enforce the work-order scope on the pull request's diff	2026-09-11T06:59:16.4971193Z   PKG_CONFIG_PATH: /opt/hostedtoolcache/Python/3.11.16/x64/lib/pkgconfig
validate	Enforce the work-order scope on the pull request's diff	2026-09-11T06:59:16.4971623Z   Python_ROOT_DIR: /opt/hostedtoolcache/Python/3.11.16/x64
validate	Enforce the work-order scope on the pull request's diff	2026-09-11T06:59:16.4972029Z   Python2_ROOT_DIR: /opt/hostedtoolcache/Python/3.11.16/x64
validate	Enforce the work-order scope on the pull request's diff	2026-09-11T06:59:16.4972424Z   Python3_ROOT_DIR: /opt/hostedtoolcache/Python/3.11.16/x64
validate	Enforce the work-order scope on the pull request's diff	2026-09-11T06:59:16.4972808Z   LD_LIBRARY_PATH: /opt/hostedtoolcache/Python/3.11.16/x64/lib
validate	Enforce the work-order scope on the pull request's diff	2026-09-11T06:59:16.4973150Z   HARNESS_WORK_ORDER: WO-PLG-012
validate	Enforce the work-order scope on the pull request's diff	2026-09-11T06:59:16.4973463Z   HARNESS_BASE_SHA: 731014d8fa58ba193f6eaf05af3408ed5c41e43f
validate	Enforce the work-order scope on the pull request's diff	2026-09-11T06:59:16.4973783Z ##[endgroup]
validate	Enforce the work-order scope on the pull request's diff	2026-09-11T06:59:16.8182339Z From https://github.com/mmzen/se_harness
validate	Enforce the work-order scope on the pull request's diff	2026-09-11T06:59:16.8183168Z  * branch            731014d8fa58ba193f6eaf05af3408ed5c41e43f -> FETCH_HEAD
validate	Enforce the work-order scope on the pull request's diff	2026-09-11T06:59:20.3803524Z The pull request's diff is inside the declared scope; no restitution digest was declared.
validate	Qualify the root with its exact released evaluator	﻿2026-09-11T06:59:20.3875114Z ##[group]Run cd "$RUNNER_TEMP"
validate	Qualify the root with its exact released evaluator	2026-09-11T06:59:20.3875457Z ^[[36;1mcd "$RUNNER_TEMP"^[[0m
validate	Qualify the root with its exact released evaluator	2026-09-11T06:59:20.3875749Z ^[[36;1mexport PYTHONNOUSERSITE=1 PYTHONPATH=^[[0m
validate	Qualify the root with its exact released evaluator	2026-09-11T06:59:20.3876163Z ^[[36;1m"$RUNNER_TEMP/se-harness-env/bin/python" -I -m se_harness \^[[0m
validate	Qualify the root with its exact released evaluator	2026-09-11T06:59:20.3876582Z ^[[36;1m  qualify released-root "$GITHUB_WORKSPACE" \^[[0m
validate	Qualify the root with its exact released evaluator	2026-09-11T06:59:20.3877180Z ^[[36;1m  --output "$RUNNER_TEMP/released-root-qualification.json" \^[[0m
validate	Qualify the root with its exact released evaluator	2026-09-11T06:59:20.3877548Z ^[[36;1m  --json^[[0m
validate	Qualify the root with its exact released evaluator	2026-09-11T06:59:20.3914444Z shell: /usr/bin/bash --noprofile --norc -e -o pipefail {0}
validate	Qualify the root with its exact released evaluator	2026-09-11T06:59:20.3914795Z env:
validate	Qualify the root with its exact released evaluator	2026-09-11T06:59:20.3914996Z   SE_HARNESS_VERSION: 0.17.0
validate	Qualify the root with its exact released evaluator	2026-09-11T06:59:20.3915317Z   pythonLocation: /opt/hostedtoolcache/Python/3.11.16/x64
validate	Qualify the root with its exact released evaluator	2026-09-11T06:59:20.3915775Z   PKG_CONFIG_PATH: /opt/hostedtoolcache/Python/3.11.16/x64/lib/pkgconfig
validate	Qualify the root with its exact released evaluator	2026-09-11T06:59:20.3916241Z   Python_ROOT_DIR: /opt/hostedtoolcache/Python/3.11.16/x64
validate	Qualify the root with its exact released evaluator	2026-09-11T06:59:20.3916638Z   Python2_ROOT_DIR: /opt/hostedtoolcache/Python/3.11.16/x64
validate	Qualify the root with its exact released evaluator	2026-09-11T06:59:20.3917079Z   Python3_ROOT_DIR: /opt/hostedtoolcache/Python/3.11.16/x64
validate	Qualify the root with its exact released evaluator	2026-09-11T06:59:20.3917473Z   LD_LIBRARY_PATH: /opt/hostedtoolcache/Python/3.11.16/x64/lib
validate	Qualify the root with its exact released evaluator	2026-09-11T06:59:20.3917806Z ##[endgroup]
validate	Qualify the root with its exact released evaluator	2026-09-11T06:59:21.9303014Z {
validate	Qualify the root with its exact released evaluator	2026-09-11T06:59:21.9303757Z   "authority": "evidence-only; no lifecycle or external action authorized",
validate	Qualify the root with its exact released evaluator	2026-09-11T06:59:21.9304402Z   "checks": [
validate	Qualify the root with its exact released evaluator	2026-09-11T06:59:21.9304632Z     {
validate	Qualify the root with its exact released evaluator	2026-09-11T06:59:21.9304902Z       "id": "RR001",
validate	Qualify the root with its exact released evaluator	2026-09-11T06:59:21.9305221Z       "message": "runtime matches the target root lock",
validate	Qualify the root with its exact released evaluator	2026-09-11T06:59:21.9305618Z       "passed": true,
validate	Qualify the root with its exact released evaluator	2026-09-11T06:59:21.9305910Z       "subject": "released-evaluator"
validate	Qualify the root with its exact released evaluator	2026-09-11T06:59:21.9306219Z     },
validate	Qualify the root with its exact released evaluator	2026-09-11T06:59:21.9306425Z     {
validate	Qualify the root with its exact released evaluator	2026-09-11T06:59:21.9306635Z       "id": "RR002",
validate	Qualify the root with its exact released evaluator	2026-09-11T06:59:21.9306914Z       "message": "99/99 managed checks passed",
validate	Qualify the root with its exact released evaluator	2026-09-11T06:59:21.9307257Z       "passed": true,
validate	Qualify the root with its exact released evaluator	2026-09-11T06:59:21.9307523Z       "subject": "managed-root"
validate	Qualify the root with its exact released evaluator	2026-09-11T06:59:21.9307816Z     },
validate	Qualify the root with its exact released evaluator	2026-09-11T06:59:21.9308018Z     {
validate	Qualify the root with its exact released evaluator	2026-09-11T06:59:21.9308226Z       "id": "RR003",
validate	Qualify the root with its exact released evaluator	2026-09-11T06:59:21.9308523Z       "message": "artifacts=1534; errors=0; warnings=46",
validate	Qualify the root with its exact released evaluator	2026-09-11T06:59:21.9308903Z       "passed": true,
validate	Qualify the root with its exact released evaluator	2026-09-11T06:59:21.9309461Z       "subject": "engineering-graph"
validate	Qualify the root with its exact released evaluator	2026-09-11T06:59:21.9309788Z     },
validate	Qualify the root with its exact released evaluator	2026-09-11T06:59:21.9309997Z     {
validate	Qualify the root with its exact released evaluator	2026-09-11T06:59:21.9310211Z       "id": "RR004",
validate	Qualify the root with its exact released evaluator	2026-09-11T06:59:21.9310494Z       "message": "target state is unchanged",
validate	Qualify the root with its exact released evaluator	2026-09-11T06:59:21.9310838Z       "passed": true,
validate	Qualify the root with its exact released evaluator	2026-09-11T06:59:21.9311115Z       "subject": "repository-state"
validate	Qualify the root with its exact released evaluator	2026-09-11T06:59:21.9311414Z     }
validate	Qualify the root with its exact released evaluator	2026-09-11T06:59:21.9311626Z   ],
validate	Qualify the root with its exact released evaluator	2026-09-11T06:59:21.9311859Z   "completion": "completed",
validate	Qualify the root with its exact released evaluator	2026-09-11T06:59:21.9312143Z   "evaluator": {
validate	Qualify the root with its exact released evaluator	2026-09-11T06:59:21.9312388Z     "diagnostics": [],
validate	Qualify the root with its exact released evaluator	2026-09-11T06:59:21.9312657Z     "distribution": "se-harness",
validate	Qualify the root with its exact released evaluator	2026-09-11T06:59:21.9313224Z     "entry_point_sha256": "1a9619b137a71e0bbfc6f232c010b9dcabe54bf314102ae2440a73f0f0e36681",
validate	Qualify the root with its exact released evaluator	2026-09-11T06:59:21.9313942Z     "evaluator_payload_manifest": "se-harness-installed-payload-v1",
validate	Qualify the root with its exact released evaluator	2026-09-11T06:59:21.9314630Z     "evaluator_payload_sha256": "dd48b16b69d90a04412f458c756876ec22a687c99282075e69d0f58316c43405",
validate	Qualify the root with its exact released evaluator	2026-09-11T06:59:21.9315389Z     "identity_sha256": "77406e344612c7a527171273e7cdb680eea4230814a2f998c5719f358327cfa3",
validate	Qualify the root with its exact released evaluator	2026-09-11T06:59:21.9315924Z     "isolated_python": true,
validate	Qualify the root with its exact released evaluator	2026-09-11T06:59:21.9316225Z     "pythonpath_present": false,
validate	Qualify the root with its exact released evaluator	2026-09-11T06:59:21.9316537Z     "role": "released-evaluator",
validate	Qualify the root with its exact released evaluator	2026-09-11T06:59:21.9316847Z     "user_site_enabled": false,
validate	Qualify the root with its exact released evaluator	2026-09-11T06:59:21.9317140Z     "version": "0.17.0"
validate	Qualify the root with its exact released evaluator	2026-09-11T06:59:21.9317393Z   },
validate	Qualify the root with its exact released evaluator	2026-09-11T06:59:21.9317634Z   "independence": "released-evaluator",
validate	Qualify the root with its exact released evaluator	2026-09-11T06:59:21.9317975Z   "operation": "released-root",
validate	Qualify the root with its exact released evaluator	2026-09-11T06:59:21.9318263Z   "passed": true,
validate	Qualify the root with its exact released evaluator	2026-09-11T06:59:21.9318559Z   "schema": "se-harness-release-qualification-v1",
validate	Qualify the root with its exact released evaluator	2026-09-11T06:59:21.9318929Z   "target": {
validate	Qualify the root with its exact released evaluator	2026-09-11T06:59:21.9319776Z     "head": "7233948fd3f1b6a96116f4e374747f94a59cfc9b",
validate	Qualify the root with its exact released evaluator	2026-09-11T06:59:21.9320345Z     "identity_sha256": "e78e8759283430db841d4571b941224b97f97d0cfc4fdd1ac6e67f0c119c24c7",
validate	Qualify the root with its exact released evaluator	2026-09-11T06:59:21.9320892Z     "kind": "released-root",
validate	Qualify the root with its exact released evaluator	2026-09-11T06:59:21.9321178Z     "lock_schema": 3,
validate	Qualify the root with its exact released evaluator	2026-09-11T06:59:21.9321790Z     "lock_sha256": "ac614b2bb0c9910df078a7025bef72b6da3074aa84e6728c0ecc0539bd9efc15",
validate	Qualify the root with its exact released evaluator	2026-09-11T06:59:21.9322324Z     "tree": "72c1c2cc5a279b81a3a24606c1ac1007e6c55275"
validate	Qualify the root with its exact released evaluator	2026-09-11T06:59:21.9322624Z   }
validate	Qualify the root with its exact released evaluator	2026-09-11T06:59:21.9322804Z }
validate	Generate Harness Explorer	﻿2026-09-11T06:59:21.9522040Z ##[group]Run "$RUNNER_TEMP/se-harness-env/bin/python" -I -m se_harness dashboard .
validate	Generate Harness Explorer	2026-09-11T06:59:21.9522721Z ^[[36;1m"$RUNNER_TEMP/se-harness-env/bin/python" -I -m se_harness dashboard .^[[0m
validate	Generate Harness Explorer	2026-09-11T06:59:21.9559857Z shell: /usr/bin/bash -e {0}
validate	Generate Harness Explorer	2026-09-11T06:59:21.9560138Z env:
validate	Generate Harness Explorer	2026-09-11T06:59:21.9560358Z   SE_HARNESS_VERSION: 0.17.0
validate	Generate Harness Explorer	2026-09-11T06:59:21.9560708Z   pythonLocation: /opt/hostedtoolcache/Python/3.11.16/x64
validate	Generate Harness Explorer	2026-09-11T06:59:21.9561247Z   PKG_CONFIG_PATH: /opt/hostedtoolcache/Python/3.11.16/x64/lib/pkgconfig
validate	Generate Harness Explorer	2026-09-11T06:59:21.9561739Z   Python_ROOT_DIR: /opt/hostedtoolcache/Python/3.11.16/x64
validate	Generate Harness Explorer	2026-09-11T06:59:21.9562176Z   Python2_ROOT_DIR: /opt/hostedtoolcache/Python/3.11.16/x64
validate	Generate Harness Explorer	2026-09-11T06:59:21.9562633Z   Python3_ROOT_DIR: /opt/hostedtoolcache/Python/3.11.16/x64
validate	Generate Harness Explorer	2026-09-11T06:59:21.9563067Z   LD_LIBRARY_PATH: /opt/hostedtoolcache/Python/3.11.16/x64/lib
validate	Generate Harness Explorer	2026-09-11T06:59:21.9563432Z ##[endgroup]
validate	Generate Harness Explorer	2026-09-11T06:59:26.0956242Z Harness Explorer generation: PASS | Artifacts: 1534 | Relations: 5541 | Errors: 0 | Warnings: 399 | Output: target/harness-dashboard | Manifest: d67ca58df874933a81784b761bc9ccc9db54dbac2ab4efa004205ea4c3b78283
validate	Run actions/upload-artifact@ea165f8d65b6e75b540449e92b4886f43607fa02	﻿2026-09-11T06:59:26.1297516Z Node 20 is being deprecated. This workflow is running with Node 24 by default. If you need to temporarily use Node 20, you can set the ACTIONS_ALLOW_USE_UNSECURE_NODE_VERSION=true environment variable. For more information see: https://github.blog/changelog/2025-09-19-deprecation-of-node-20-on-github-actions-runners/
validate	Run actions/upload-artifact@ea165f8d65b6e75b540449e92b4886f43607fa02	2026-09-11T06:59:26.1298951Z ##[group]Run actions/upload-artifact@ea165f8d65b6e75b540449e92b4886f43607fa02
validate	Run actions/upload-artifact@ea165f8d65b6e75b540449e92b4886f43607fa02	2026-09-11T06:59:26.1299560Z with:
validate	Run actions/upload-artifact@ea165f8d65b6e75b540449e92b4886f43607fa02	2026-09-11T06:59:26.1299764Z   name: harness-dashboard
validate	Run actions/upload-artifact@ea165f8d65b6e75b540449e92b4886f43607fa02	2026-09-11T06:59:26.1300186Z   path: target/harness-dashboard
validate	Run actions/upload-artifact@ea165f8d65b6e75b540449e92b4886f43607fa02	/home/runner/work/_temp/released-root-qualification.json
validate	Run actions/upload-artifact@ea165f8d65b6e75b540449e92b4886f43607fa02	
validate	Run actions/upload-artifact@ea165f8d65b6e75b540449e92b4886f43607fa02	2026-09-11T06:59:26.1300679Z   if-no-files-found: warn
validate	Run actions/upload-artifact@ea165f8d65b6e75b540449e92b4886f43607fa02	2026-09-11T06:59:26.1300926Z   compression-level: 6
validate	Run actions/upload-artifact@ea165f8d65b6e75b540449e92b4886f43607fa02	2026-09-11T06:59:26.1301143Z   overwrite: false
validate	Run actions/upload-artifact@ea165f8d65b6e75b540449e92b4886f43607fa02	2026-09-11T06:59:26.1301357Z   include-hidden-files: false
validate	Run actions/upload-artifact@ea165f8d65b6e75b540449e92b4886f43607fa02	2026-09-11T06:59:26.1301586Z env:
validate	Run actions/upload-artifact@ea165f8d65b6e75b540449e92b4886f43607fa02	2026-09-11T06:59:26.1301773Z   SE_HARNESS_VERSION: 0.17.0
validate	Run actions/upload-artifact@ea165f8d65b6e75b540449e92b4886f43607fa02	2026-09-11T06:59:26.1302073Z   pythonLocation: /opt/hostedtoolcache/Python/3.11.16/x64
validate	Run actions/upload-artifact@ea165f8d65b6e75b540449e92b4886f43607fa02	2026-09-11T06:59:26.1302539Z   PKG_CONFIG_PATH: /opt/hostedtoolcache/Python/3.11.16/x64/lib/pkgconfig
validate	Run actions/upload-artifact@ea165f8d65b6e75b540449e92b4886f43607fa02	2026-09-11T06:59:26.1302961Z   Python_ROOT_DIR: /opt/hostedtoolcache/Python/3.11.16/x64
validate	Run actions/upload-artifact@ea165f8d65b6e75b540449e92b4886f43607fa02	2026-09-11T06:59:26.1303342Z   Python2_ROOT_DIR: /opt/hostedtoolcache/Python/3.11.16/x64
validate	Run actions/upload-artifact@ea165f8d65b6e75b540449e92b4886f43607fa02	2026-09-11T06:59:26.1303725Z   Python3_ROOT_DIR: /opt/hostedtoolcache/Python/3.11.16/x64
validate	Run actions/upload-artifact@ea165f8d65b6e75b540449e92b4886f43607fa02	2026-09-11T06:59:26.1304114Z   LD_LIBRARY_PATH: /opt/hostedtoolcache/Python/3.11.16/x64/lib
validate	Run actions/upload-artifact@ea165f8d65b6e75b540449e92b4886f43607fa02	2026-09-11T06:59:26.1304447Z ##[endgroup]
validate	Run actions/upload-artifact@ea165f8d65b6e75b540449e92b4886f43607fa02	2026-09-11T06:59:26.2998078Z (node:2623) [DEP0040] DeprecationWarning: The `punycode` module is deprecated. Please use a userland alternative instead.
validate	Run actions/upload-artifact@ea165f8d65b6e75b540449e92b4886f43607fa02	2026-09-11T06:59:26.2999285Z (Use `node --trace-deprecation ...` to show where the warning was created)
validate	Run actions/upload-artifact@ea165f8d65b6e75b540449e92b4886f43607fa02	2026-09-11T06:59:26.6751268Z Multiple search paths detected. Calculating the least common ancestor of all paths
validate	Run actions/upload-artifact@ea165f8d65b6e75b540449e92b4886f43607fa02	2026-09-11T06:59:26.6753709Z The least common ancestor is /home/runner/work. This will be the root directory of the artifact
validate	Run actions/upload-artifact@ea165f8d65b6e75b540449e92b4886f43607fa02	2026-09-11T06:59:26.6754774Z With the provided path, there will be 2484 files uploaded
validate	Run actions/upload-artifact@ea165f8d65b6e75b540449e92b4886f43607fa02	2026-09-11T06:59:26.6761162Z Artifact name is valid!
validate	Run actions/upload-artifact@ea165f8d65b6e75b540449e92b4886f43607fa02	2026-09-11T06:59:26.6761795Z Root directory input is valid!
validate	Run actions/upload-artifact@ea165f8d65b6e75b540449e92b4886f43607fa02	2026-09-11T06:59:26.9007018Z Beginning upload of artifact content to blob storage
validate	Run actions/upload-artifact@ea165f8d65b6e75b540449e92b4886f43607fa02	2026-09-11T06:59:28.4942675Z (node:2623) [DEP0169] DeprecationWarning: `url.parse()` behavior is not standardized and prone to errors that have security implications. Use the WHATWG URL API instead. CVEs are not issued for `url.parse()` vulnerabilities.
validate	Run actions/upload-artifact@ea165f8d65b6e75b540449e92b4886f43607fa02	2026-09-11T06:59:28.7208937Z Uploaded bytes 7534098
validate	Run actions/upload-artifact@ea165f8d65b6e75b540449e92b4886f43607fa02	2026-09-11T06:59:28.7353340Z Finished uploading artifact content to blob storage!
validate	Run actions/upload-artifact@ea165f8d65b6e75b540449e92b4886f43607fa02	2026-09-11T06:59:28.7357136Z SHA256 digest of uploaded artifact zip is 663d45e9f91dae78cec5546cd4106063d3ffa8441122fedcb6532c04946b88cc
validate	Run actions/upload-artifact@ea165f8d65b6e75b540449e92b4886f43607fa02	2026-09-11T06:59:28.7358726Z Finalizing artifact upload
validate	Run actions/upload-artifact@ea165f8d65b6e75b540449e92b4886f43607fa02	2026-09-11T06:59:28.9387059Z Artifact harness-dashboard.zip successfully finalized. Artifact ID 10188230531
validate	Run actions/upload-artifact@ea165f8d65b6e75b540449e92b4886f43607fa02	2026-09-11T06:59:28.9388230Z Artifact harness-dashboard has been successfully uploaded! Final size is 7534098 bytes. Artifact ID is 10188230531
validate	Run actions/upload-artifact@ea165f8d65b6e75b540449e92b4886f43607fa02	2026-09-11T06:59:28.9397354Z Artifact download URL: https://github.com/mmzen/se_harness/actions/runs/34572284001/artifacts/10188230531
validate	Post Run actions/setup-python@a26af69be951a213d495a4c3e4e4022e16d87065	﻿2026-09-11T06:59:28.9697760Z Node 20 is being deprecated. This workflow is running with Node 24 by default. If you need to temporarily use Node 20, you can set the ACTIONS_ALLOW_USE_UNSECURE_NODE_VERSION=true environment variable. For more information see: https://github.blog/changelog/2025-09-19-deprecation-of-node-20-on-github-actions-runners/
validate	Post Run actions/setup-python@a26af69be951a213d495a4c3e4e4022e16d87065	2026-09-11T06:59:28.9699053Z Post job cleanup.
validate	Post Run actions/setup-python@a26af69be951a213d495a4c3e4e4022e16d87065	2026-09-11T06:59:29.0911888Z (node:2635) [DEP0040] DeprecationWarning: The `punycode` module is deprecated. Please use a userland alternative instead.
validate	Post Run actions/setup-python@a26af69be951a213d495a4c3e4e4022e16d87065	2026-09-11T06:59:29.0912988Z (Use `node --trace-deprecation ...` to show where the warning was created)
validate	Post Run actions/checkout@11d5960a326750d5838078e36cf38b85af677262	﻿2026-09-11T06:59:29.1128979Z Node 20 is being deprecated. This workflow is running with Node 24 by default. If you need to temporarily use Node 20, you can set the ACTIONS_ALLOW_USE_UNSECURE_NODE_VERSION=true environment variable. For more information see: https://github.blog/changelog/2025-09-19-deprecation-of-node-20-on-github-actions-runners/
validate	Post Run actions/checkout@11d5960a326750d5838078e36cf38b85af677262	2026-09-11T06:59:29.1131414Z Post job cleanup.
validate	Post Run actions/checkout@11d5960a326750d5838078e36cf38b85af677262	2026-09-11T06:59:29.2040538Z [command]/usr/bin/git version
validate	Post Run actions/checkout@11d5960a326750d5838078e36cf38b85af677262	2026-09-11T06:59:29.2085063Z git version 2.55.0
validate	Post Run actions/checkout@11d5960a326750d5838078e36cf38b85af677262	2026-09-11T06:59:29.2123193Z Temporarily overriding HOME='/home/runner/work/_temp/ebd7739c-0e5a-42ba-af45-b7be9d6e4a6a' before making global git config changes
validate	Post Run actions/checkout@11d5960a326750d5838078e36cf38b85af677262	2026-09-11T06:59:29.2124616Z Adding repository directory to the temporary git global config as a safe directory
validate	Post Run actions/checkout@11d5960a326750d5838078e36cf38b85af677262	2026-09-11T06:59:29.2129364Z [command]/usr/bin/git config --global --add safe.directory /home/runner/work/se_harness/se_harness
validate	Post Run actions/checkout@11d5960a326750d5838078e36cf38b85af677262	2026-09-11T06:59:29.2168725Z [command]/usr/bin/git config --local --name-only --get-regexp core\.sshCommand
validate	Post Run actions/checkout@11d5960a326750d5838078e36cf38b85af677262	2026-09-11T06:59:29.2204575Z [command]/usr/bin/git submodule foreach --recursive sh -c "git config --local --name-only --get-regexp 'core\.sshCommand' && git config --local --unset-all 'core.sshCommand' || :"
validate	Post Run actions/checkout@11d5960a326750d5838078e36cf38b85af677262	2026-09-11T06:59:29.2474417Z [command]/usr/bin/git config --local --name-only --get-regexp http\.https\:\/\/github\.com\/\.extraheader
validate	Post Run actions/checkout@11d5960a326750d5838078e36cf38b85af677262	2026-09-11T06:59:29.2499767Z http.https://github.com/.extraheader
validate	Post Run actions/checkout@11d5960a326750d5838078e36cf38b85af677262	2026-09-11T06:59:29.2511448Z [command]/usr/bin/git config --local --unset-all http.https://github.com/.extraheader
validate	Post Run actions/checkout@11d5960a326750d5838078e36cf38b85af677262	2026-09-11T06:59:29.2548512Z [command]/usr/bin/git submodule foreach --recursive sh -c "git config --local --name-only --get-regexp 'http\.https\:\/\/github\.com\/\.extraheader' && git config --local --unset-all 'http.https://github.com/.extraheader' || :"
validate	Post Run actions/checkout@11d5960a326750d5838078e36cf38b85af677262	2026-09-11T06:59:29.2835430Z [command]/usr/bin/git config --local --name-only --get-regexp ^includeIf\.gitdir:
validate	Post Run actions/checkout@11d5960a326750d5838078e36cf38b85af677262	2026-09-11T06:59:29.2880643Z [command]/usr/bin/git submodule foreach --recursive git config --local --show-origin --name-only --get-regexp remote.origin.url
validate	Complete job	﻿2026-09-11T06:59:29.3301626Z Cleaning up orphan processes
validate	Complete job	2026-09-11T06:59:29.3601829Z ##[warning]Node.js 20 is deprecated. The following actions target Node.js 20 but are being forced to run on Node.js 24: actions/checkout@11d5960a326750d5838078e36cf38b85af677262, actions/setup-python@a26af69be951a213d495a4c3e4e4022e16d87065, actions/upload-artifact@ea165f8d65b6e75b540449e92b4886f43607fa02. For more information see: https://github.blog/changelog/2025-09-19-deprecation-of-node-20-on-github-actions-runners/
