{
  "schema": "se-harness-workflow-result-v2",
  "digest_format": "machine-fields-v1",
  "candidate": {},
  "operation": {
    "kind": "check",
    "outcome": "completed"
  },
  "selection": {
    "primary": "WO-KIS-016",
    "artifacts": [
      "WO-KIS-016"
    ]
  },
  "scope": {
    "mode": "selected",
    "governing": [
      "ADR-KIS-002",
      "ARCH-KIS-002",
      "CAP-KIS-003",
      "INT-KIS-003",
      "REQ-KIS-009",
      "SPEC-KIS-003",
      "VER-KIS-009"
    ],
    "dependencies": [],
    "declared_paths": [
      "docs/engineering/harness-simplification/evidence/VREC-KIS-016-evaluator.json",
      "docs/engineering/harness-simplification/evidence/WO-KIS-016/",
      "docs/engineering/harness-simplification/verification-records/VREC-KIS-016.md",
      "docs/engineering/harness-simplification/verification/VER-KIS-009.md",
      "docs/engineering/harness-simplification/work-orders/WO-KIS-016.md",
      "docs/notes/delegation-class.md",
      "se_harness/gate_source.py",
      "se_harness/workflow.py",
      "tests/test_delegation_class.py",
      "tests/test_revision_provenance.py",
      "tests/test_workflow_execution.py"
    ],
    "changed_paths": [
      "docs/engineering/harness-simplification/evidence/WO-KIS-016/cli-help-invocation.json",
      "docs/engineering/harness-simplification/evidence/WO-KIS-016/cli-help.txt",
      "docs/engineering/harness-simplification/evidence/WO-KIS-016/complete-change-review.json",
      "docs/engineering/harness-simplification/evidence/WO-KIS-016/diagnostic-correction-checks.json",
      "docs/engineering/harness-simplification/evidence/WO-KIS-016/distribution-check-invocation.json",
      "docs/engineering/harness-simplification/evidence/WO-KIS-016/distribution-check-with-repository-trust.json",
      "docs/engineering/harness-simplification/evidence/WO-KIS-016/distribution-check.txt",
      "docs/engineering/harness-simplification/evidence/WO-KIS-016/full-suite-before-diagnostic-correction.json",
      "docs/engineering/harness-simplification/evidence/WO-KIS-016/full-suite.json",
      "docs/engineering/harness-simplification/evidence/WO-KIS-016/handoff.json",
      "docs/engineering/harness-simplification/evidence/WO-KIS-016/human-approval.json",
      "docs/engineering/harness-simplification/evidence/WO-KIS-016/identityfix-approved-readback.invocation.json",
      "docs/engineering/harness-simplification/evidence/WO-KIS-016/identityfix-approved-readback.stderr",
      "docs/engineering/harness-simplification/evidence/WO-KIS-016/identityfix-approved-readback.stdout",
      "docs/engineering/harness-simplification/evidence/WO-KIS-016/identityfix-doctor.invocation.json",
      "docs/engineering/harness-simplification/evidence/WO-KIS-016/identityfix-doctor.stderr",
      "docs/engineering/harness-simplification/evidence/WO-KIS-016/identityfix-doctor.stdout",
      "docs/engineering/harness-simplification/evidence/WO-KIS-016/identityfix-entry-check.invocation.json",
      "docs/engineering/harness-simplification/evidence/WO-KIS-016/identityfix-entry-check.stderr",
      "docs/engineering/harness-simplification/evidence/WO-KIS-016/identityfix-entry-check.stdout",
      "docs/engineering/harness-simplification/evidence/WO-KIS-016/identityfix-final-code-validation.invocation.json",
      "docs/engineering/harness-simplification/evidence/WO-KIS-016/identityfix-final-code-validation.stderr",
      "docs/engineering/harness-simplification/evidence/WO-KIS-016/identityfix-final-code-validation.stdout",
      "docs/engineering/harness-simplification/evidence/WO-KIS-016/identityfix-handoff-evidence.invocation.json",
      "docs/engineering/harness-simplification/evidence/WO-KIS-016/identityfix-handoff-evidence.stderr",
      "docs/engineering/harness-simplification/evidence/WO-KIS-016/identityfix-handoff-evidence.stdout",
      "docs/engineering/harness-simplification/evidence/WO-KIS-016/identityfix-planned-files-scope.invocation.json",
      "docs/engineering/harness-simplification/evidence/WO-KIS-016/identityfix-planned-files-scope.stderr",
      "docs/engineering/harness-simplification/evidence/WO-KIS-016/identityfix-planned-files-scope.stdout",
      "docs/engineering/harness-simplification/evidence/WO-KIS-016/identityfix-planned-scope.invocation.json",
      "docs/engineering/harness-simplification/evidence/WO-KIS-016/identityfix-planned-scope.stderr",
      "docs/engineering/harness-simplification/evidence/WO-KIS-016/identityfix-planned-scope.stdout",
      "docs/engineering/harness-simplification/evidence/WO-KIS-016/identityfix-review-preflight.invocation.json",
      "docs/engineering/harness-simplification/evidence/WO-KIS-016/identityfix-review-preflight.stderr",
      "docs/engineering/harness-simplification/evidence/WO-KIS-016/identityfix-review-preflight.stdout",
      "docs/engineering/harness-simplification/evidence/WO-KIS-016/identityfix-start-applied.invocation.json",
      "docs/engineering/harness-simplification/evidence/WO-KIS-016/identityfix-start-applied.stderr",
      "docs/engineering/harness-simplification/evidence/WO-KIS-016/identityfix-start-applied.stdout",
      "docs/engineering/harness-simplification/evidence/WO-KIS-016/identityfix-start-preflight.invocation.json",
      "docs/engineering/harness-simplification/evidence/WO-KIS-016/identityfix-start-preflight.stderr",
      "docs/engineering/harness-simplification/evidence/WO-KIS-016/identityfix-start-preflight.stdout",
      "docs/engineering/harness-simplification/evidence/WO-KIS-016/identityfix-start-preview.invocation.json",
      "docs/engineering/harness-simplification/evidence/WO-KIS-016/identityfix-start-preview.stderr",
      "docs/engineering/harness-simplification/evidence/WO-KIS-016/identityfix-start-preview.stdout",
      "docs/engineering/harness-simplification/evidence/WO-KIS-016/identityfix-started-readback.invocation.json",
      "docs/engineering/harness-simplification/evidence/WO-KIS-016/identityfix-started-readback.stderr",
      "docs/engineering/harness-simplification/evidence/WO-KIS-016/identityfix-started-readback.stdout",
      "docs/engineering/harness-simplification/evidence/WO-KIS-016/identityfix-validation.invocation.json",
      "docs/engineering/harness-simplification/evidence/WO-KIS-016/identityfix-validation.stderr",
      "docs/engineering/harness-simplification/evidence/WO-KIS-016/identityfix-validation.stdout",
      "docs/engineering/harness-simplification/evidence/WO-KIS-016/identityfix-ver-approval-preview.invocation.json",
      "docs/engineering/harness-simplification/evidence/WO-KIS-016/identityfix-ver-approval-preview.stderr",
      "docs/engineering/harness-simplification/evidence/WO-KIS-016/identityfix-ver-approval-preview.stdout",
      "docs/engineering/harness-simplification/evidence/WO-KIS-016/identityfix-ver-approved.invocation.json",
      "docs/engineering/harness-simplification/evidence/WO-KIS-016/identityfix-ver-approved.stderr",
      "docs/engineering/harness-simplification/evidence/WO-KIS-016/identityfix-ver-approved.stdout",
      "docs/engineering/harness-simplification/evidence/WO-KIS-016/identityfix-wo-approval-preview.invocation.json",
      "docs/engineering/harness-simplification/evidence/WO-KIS-016/identityfix-wo-approval-preview.stderr",
      "docs/engineering/harness-simplification/evidence/WO-KIS-016/identityfix-wo-approval-preview.stdout",
      "docs/engineering/harness-simplification/evidence/WO-KIS-016/identityfix-wo-approved.invocation.json",
      "docs/engineering/harness-simplification/evidence/WO-KIS-016/identityfix-wo-approved.stderr",
      "docs/engineering/harness-simplification/evidence/WO-KIS-016/identityfix-wo-approved.stdout",
      "docs/engineering/harness-simplification/evidence/WO-KIS-016/implementation-review.md",
      "docs/engineering/harness-simplification/evidence/WO-KIS-016/regression-before-invocation.json",
      "docs/engineering/harness-simplification/evidence/WO-KIS-016/regression-before.txt",
      "docs/engineering/harness-simplification/evidence/WO-KIS-016/targeted-tests-invocation.json",
      "docs/engineering/harness-simplification/evidence/WO-KIS-016/targeted-tests.txt",
      "docs/engineering/harness-simplification/evidence/WO-KIS-016/verification-assessment.md",
      "docs/engineering/harness-simplification/evidence/WO-KIS-016/WO-KIS-016-handoff.md",
      "docs/engineering/harness-simplification/verification/VER-KIS-009.md",
      "docs/engineering/harness-simplification/work-orders/WO-KIS-016.md",
      "docs/notes/delegation-class.md",
      "se_harness/gate_source.py",
      "se_harness/workflow.py",
      "tests/test_delegation_class.py",
      "tests/test_revision_provenance.py",
      "tests/test_workflow_execution.py"
    ],
    "change_set_complete": true
  },
  "compliance": {
    "checkpoint": "handoff",
    "workflow_rule_id": "WFL-WO-IMPLEMENT",
    "procedure_id": "PROC-WO-IMPLEMENT",
    "status": "pass",
    "gates": [
      {
        "id": "QG-G4-IMPLEMENTATION-EVIDENCE",
        "status": "pass",
        "predicates": [
          {
            "id": "QGP-G4I-STATUS",
            "status": "pass",
            "evidence": [
              {
                "kind": "artifact",
                "reference": "WO-KIS-016"
              }
            ],
            "message": "WO-KIS-016 status is in_progress."
          },
          {
            "id": "QGP-G4I-GRAPH",
            "status": "pass",
            "evidence": [
              {
                "kind": "result",
                "reference": "formal-graph:WO-KIS-016"
              }
            ],
            "message": "The selected formal graph is valid."
          },
          {
            "id": "QGP-G4I-INTEGRITY",
            "status": "pass",
            "evidence": [
              {
                "kind": "result",
                "reference": "repository-integrity:handoff"
              }
            ],
            "message": "No repository-integrity blocker prevents selected evaluation."
          },
          {
            "id": "QGP-G4I-SCOPE",
            "status": "pass",
            "evidence": [
              {
                "kind": "artifact",
                "reference": "WO-KIS-016:[execution_scope]"
              }
            ],
            "message": "WO-KIS-016 has recorded execution approval for its 11 scope path(s)."
          },
          {
            "id": "QGP-G4I-COMPLETE",
            "status": "pass",
            "evidence": [
              {
                "kind": "result",
                "reference": "declared-change-set:WO-KIS-016"
              }
            ],
            "message": "The caller explicitly asserted that the declared change set is complete."
          },
          {
            "id": "QGP-G4I-PATHS",
            "status": "pass",
            "evidence": [
              {
                "kind": "path",
                "reference": "declared-change-set:WO-KIS-016"
              }
            ],
            "message": "All 77 declared changed path(s) are within execution scope."
          },
          {
            "id": "QGP-G4I-PREFLIGHT",
            "status": "pass",
            "evidence": [
              {
                "kind": "result",
                "reference": "preflight:WO-KIS-016:review"
              }
            ],
            "message": "Released-installation review preflight inputs are ready."
          },
          {
            "id": "QGP-G4I-EVIDENCE",
            "status": "pass",
            "evidence": [
              {
                "kind": "path",
                "reference": "work-order-evidence:WO-KIS-016"
              }
            ],
            "message": "Fresh retained evidence is bound at docs/engineering/harness-simplification/evidence/WO-KIS-016/WO-KIS-016-handoff.md."
          },
          {
            "id": "QGP-G4I-DECISION",
            "status": "pass",
            "evidence": [
              {
                "kind": "result",
                "reference": "decision-register:WO-KIS-016"
              }
            ],
            "message": "No open decision blocks WO-KIS-016."
          }
        ]
      }
    ],
    "formal_snapshot_sha256": "9e4389cf711718d0497e6d5bb74d7c9f4c6a5a007fe354cfca5ef24176a8e09e",
    "change_set_source": "git"
  },
  "procedure": {
    "id": "PROC-WO-IMPLEMENT",
    "current_step": "STEP-WO-IMPLEMENT-PREVIEW",
    "steps": [
      {
        "id": "STEP-WO-IMPLEMENT-CHECK",
        "kind": "command",
        "gate_ids": [
          "QG-G4-IMPLEMENTATION-EVIDENCE"
        ],
        "effects": [
          "Evaluated implementation handoff for WO-KIS-016."
        ],
        "non_effects": [
          "A checkpoint does not complete or verify work."
        ],
        "argv": [
          "harnessctl",
          "check",
          ".",
          "--artifact",
          "WO-KIS-016",
          "--checkpoint",
          "handoff"
        ],
        "corrective": {
          "QGP-G4I-STATUS": {
            "kind": "escalation",
            "decision_right": "DR-WO-START"
          },
          "QGP-G4I-GRAPH": {
            "kind": "escalation",
            "decision_right": "DR-REMEDIATION-SCOPE"
          },
          "QGP-G4I-INTEGRITY": {
            "kind": "escalation",
            "decision_right": "DR-REMEDIATION-SCOPE"
          },
          "QGP-G4I-SCOPE": {
            "kind": "escalation",
            "decision_right": "DR-WO-SELECT"
          },
          "QGP-G4I-COMPLETE": {
            "kind": "command",
            "argv": [
              "harnessctl",
              "check",
              ".",
              "--artifact",
              "WO-KIS-016",
              "--checkpoint",
              "handoff",
              "--from-git",
              "<base>"
            ]
          },
          "QGP-G4I-PATHS": {
            "kind": "escalation",
            "decision_right": "DR-REMEDIATION-SCOPE"
          },
          "QGP-G4I-PREFLIGHT": {
            "kind": "command",
            "argv": [
              "harnessctl",
              "preflight",
              ".",
              "--work-order",
              "WO-KIS-016",
              "--phase",
              "review"
            ]
          },
          "QGP-G4I-EVIDENCE": {
            "kind": "command",
            "argv": [
              "harnessctl",
              "evidence",
              ".",
              "--artifact",
              "WO-KIS-016",
              "--checkpoint",
              "handoff"
            ]
          },
          "QGP-G4I-DECISION": {
            "kind": "escalation",
            "decision_right": "DR-DECISION-DISPOSE"
          }
        }
      },
      {
        "id": "STEP-WO-IMPLEMENT-PREVIEW",
        "kind": "command",
        "gate_ids": [
          "QG-G4-IMPLEMENTATION-EVIDENCE"
        ],
        "effects": [
          "Plan completion of WO-KIS-016."
        ],
        "non_effects": [
          "Completion does not verify, release or deliver the work."
        ],
        "argv": [
          "harnessctl",
          "transition",
          ".",
          "--set",
          "WO-KIS-016=implemented",
          "--decision",
          "WO-KIS-016=delegated-executor"
        ],
        "corrective": {
          "QGP-G4I-STATUS": {
            "kind": "escalation",
            "decision_right": "DR-WO-START"
          },
          "QGP-G4I-GRAPH": {
            "kind": "escalation",
            "decision_right": "DR-REMEDIATION-SCOPE"
          },
          "QGP-G4I-INTEGRITY": {
            "kind": "escalation",
            "decision_right": "DR-REMEDIATION-SCOPE"
          },
          "QGP-G4I-SCOPE": {
            "kind": "escalation",
            "decision_right": "DR-WO-SELECT"
          },
          "QGP-G4I-COMPLETE": {
            "kind": "command",
            "argv": [
              "harnessctl",
              "check",
              ".",
              "--artifact",
              "WO-KIS-016",
              "--checkpoint",
              "handoff",
              "--from-git",
              "<base>"
            ]
          },
          "QGP-G4I-PATHS": {
            "kind": "escalation",
            "decision_right": "DR-REMEDIATION-SCOPE"
          },
          "QGP-G4I-PREFLIGHT": {
            "kind": "command",
            "argv": [
              "harnessctl",
              "preflight",
              ".",
              "--work-order",
              "WO-KIS-016",
              "--phase",
              "review"
            ]
          },
          "QGP-G4I-EVIDENCE": {
            "kind": "command",
            "argv": [
              "harnessctl",
              "evidence",
              ".",
              "--artifact",
              "WO-KIS-016",
              "--checkpoint",
              "handoff"
            ]
          },
          "QGP-G4I-DECISION": {
            "kind": "escalation",
            "decision_right": "DR-DECISION-DISPOSE"
          }
        }
      },
      {
        "id": "STEP-WO-IMPLEMENT-APPLY",
        "kind": "command",
        "gate_ids": [
          "QG-G4-IMPLEMENTATION-EVIDENCE"
        ],
        "effects": [
          "Record completion of only WO-KIS-016 under its approved execution scope."
        ],
        "non_effects": [
          "Completion does not verify, release or deliver the work."
        ],
        "argv": [
          "harnessctl",
          "transition",
          ".",
          "--set",
          "WO-KIS-016=implemented",
          "--decision",
          "WO-KIS-016=delegated-executor",
          "--apply"
        ],
        "corrective": {
          "QGP-G4I-STATUS": {
            "kind": "escalation",
            "decision_right": "DR-WO-START"
          },
          "QGP-G4I-GRAPH": {
            "kind": "escalation",
            "decision_right": "DR-REMEDIATION-SCOPE"
          },
          "QGP-G4I-INTEGRITY": {
            "kind": "escalation",
            "decision_right": "DR-REMEDIATION-SCOPE"
          },
          "QGP-G4I-SCOPE": {
            "kind": "escalation",
            "decision_right": "DR-WO-SELECT"
          },
          "QGP-G4I-COMPLETE": {
            "kind": "command",
            "argv": [
              "harnessctl",
              "check",
              ".",
              "--artifact",
              "WO-KIS-016",
              "--checkpoint",
              "handoff",
              "--from-git",
              "<base>"
            ]
          },
          "QGP-G4I-PATHS": {
            "kind": "escalation",
            "decision_right": "DR-REMEDIATION-SCOPE"
          },
          "QGP-G4I-PREFLIGHT": {
            "kind": "command",
            "argv": [
              "harnessctl",
              "preflight",
              ".",
              "--work-order",
              "WO-KIS-016",
              "--phase",
              "review"
            ]
          },
          "QGP-G4I-EVIDENCE": {
            "kind": "command",
            "argv": [
              "harnessctl",
              "evidence",
              ".",
              "--artifact",
              "WO-KIS-016",
              "--checkpoint",
              "handoff"
            ]
          },
          "QGP-G4I-DECISION": {
            "kind": "escalation",
            "decision_right": "DR-DECISION-DISPOSE"
          }
        }
      }
    ]
  },
  "state": {
    "before": [
      {
        "id": "WO-KIS-016",
        "status": "in_progress"
      }
    ],
    "after": [
      {
        "id": "WO-KIS-016",
        "status": "in_progress"
      }
    ]
  },
  "findings": {
    "scoped_blockers": [],
    "repository_blockers": [],
    "unrelated_count": 52
  },
  "mutation": {
    "writes": [
      {
        "id": "WO-KIS-016",
        "path": "docs/engineering/harness-simplification/evidence/WO-KIS-016/handoff.json",
        "fields": [
          "result_sha256"
        ]
      }
    ]
  },
  "restitution": {
    "outcome": "completed",
    "done": [
      "Evaluated handoff compliance for WO-KIS-016."
    ],
    "not_done": [],
    "blocked_by": [],
    "current_lifecycle_state": [
      "WO-KIS-016 is in_progress."
    ],
    "decision_required": null,
    "next": {
      "procedure_id": "PROC-WO-IMPLEMENT",
      "step_id": "STEP-WO-IMPLEMENT-PREVIEW",
      "action": "Run the bound command"
    },
    "command_or_response": {
      "kind": "command",
      "argv": [
        "harnessctl",
        "transition",
        ".",
        "--set",
        "WO-KIS-016=implemented",
        "--decision",
        "WO-KIS-016=delegated-executor"
      ]
    },
    "alternatives": []
  },
  "instruction_discovery": {
    "schema": "se-harness-instruction-discovery-v1",
    "status": "available",
    "agent_instructions": {
      "entry": {
        "file": "ENGINEERING_HARNESS.md",
        "heading": "read-by-task"
      },
      "shared_prerequisites": [
        {
          "file": "docs/engineering/harness/COMMUNICATION.md",
          "heading": "communication",
          "when": "Before the first eligible English explanation in a fresh context."
        },
        {
          "file": "docs/engineering/harness/RESULTS.md",
          "heading": "report-a-lifecycle-result",
          "when": "Before reporting a lifecycle result."
        }
      ],
      "procedure": {
        "id": "PROC-WO-IMPLEMENT",
        "location": {
          "file": "docs/engineering/harness/EXECUTE_WORK.md",
          "heading": "retain-the-implementation-evidence"
        },
        "prerequisites": [
          {
            "file": "docs/engineering/harness/AUTHORITY.md",
            "heading": "authority-from-work-approval",
            "when": "Before using the selected work order's execution grant."
          }
        ],
        "steps": {
          "STEP-WO-IMPLEMENT-CHECK": {
            "location": {
              "file": "docs/engineering/harness/EXECUTE_WORK.md",
              "heading": "retain-the-implementation-evidence"
            },
            "prerequisites": [
              {
                "file": "docs/engineering/harness/AUTHORITY.md",
                "heading": "authority-from-work-approval",
                "when": "Before using the selected work order's execution grant."
              }
            ]
          },
          "STEP-WO-IMPLEMENT-PREVIEW": {
            "location": {
              "file": "docs/engineering/harness/EXECUTE_WORK.md",
              "heading": "record-implementation-completion"
            },
            "prerequisites": [
              {
                "file": "docs/engineering/harness/AUTHORITY.md",
                "heading": "authority-from-work-approval",
                "when": "Before using the selected work order's execution grant."
              }
            ]
          },
          "STEP-WO-IMPLEMENT-APPLY": {
            "location": {
              "file": "docs/engineering/harness/EXECUTE_WORK.md",
              "heading": "record-implementation-completion"
            },
            "prerequisites": [
              {
                "file": "docs/engineering/harness/AUTHORITY.md",
                "heading": "authority-from-work-approval",
                "when": "Before using the selected work order's execution grant."
              }
            ]
          }
        }
      },
      "current_step": {
        "id": "STEP-WO-IMPLEMENT-PREVIEW",
        "location": {
          "file": "docs/engineering/harness/EXECUTE_WORK.md",
          "heading": "record-implementation-completion"
        },
        "prerequisites": [
          {
            "file": "docs/engineering/harness/AUTHORITY.md",
            "heading": "authority-from-work-approval",
            "when": "Before using the selected work order's execution grant."
          }
        ]
      }
    },
    "formal_artifact_ids": [
      "ADR-KIS-002",
      "ARCH-KIS-002",
      "CAP-KIS-003",
      "INT-KIS-003",
      "REQ-KIS-009",
      "SPEC-KIS-003",
      "VER-KIS-009",
      "WO-KIS-016"
    ],
    "evaluator_only_inputs": [
      "docs/engineering/WORKFLOW.json",
      "docs/engineering/QUALITY_GATES.json"
    ]
  },
  "result_sha256": "b14a6739330552b1f24b1d6b8af75de58aa4a96f0eb59c21a890bedcd0ae383b"
}
