{
  "schema": "se-harness-workflow-result-v2",
  "digest_format": "machine-fields-v1",
  "candidate": {},
  "operation": {
    "kind": "check",
    "outcome": "blocked"
  },
  "selection": {
    "primary": "WO-KIS-016",
    "artifacts": [
      "WO-KIS-016"
    ]
  },
  "scope": {
    "mode": "selected",
    "governing": [
      "ADR-KIS-002",
      "ARCH-KIS-002",
      "CAP-KIS-003",
      "INT-KIS-003",
      "REQ-KIS-009",
      "SPEC-KIS-003",
      "VER-KIS-009"
    ],
    "dependencies": [],
    "declared_paths": [
      "docs/engineering/harness-simplification/evidence/VREC-KIS-016-evaluator.json",
      "docs/engineering/harness-simplification/evidence/WO-KIS-016/",
      "docs/engineering/harness-simplification/verification-records/VREC-KIS-016.md",
      "docs/engineering/harness-simplification/verification/VER-KIS-009.md",
      "docs/engineering/harness-simplification/work-orders/WO-KIS-016.md",
      "docs/notes/delegation-class.md",
      "se_harness/gate_source.py",
      "se_harness/workflow.py",
      "tests/test_delegation_class.py",
      "tests/test_revision_provenance.py",
      "tests/test_workflow_execution.py"
    ],
    "changed_paths": [],
    "change_set_complete": false
  },
  "compliance": {
    "checkpoint": "pre-action",
    "workflow_rule_id": "WFL-DEFAULT-REVIEW",
    "procedure_id": "PROC-FOCUS-SELECTED",
    "status": "fail",
    "gates": []
  },
  "procedure": {
    "id": "PROC-FOCUS-SELECTED",
    "current_step": "STEP-FOCUS-SELECTED",
    "steps": [
      {
        "id": "STEP-FOCUS-SELECTED",
        "kind": "command",
        "gate_ids": [],
        "effects": [
          "Projected selected state for WO-KIS-016."
        ],
        "non_effects": [
          "Focus changes no lifecycle state."
        ],
        "argv": [
          "harnessctl",
          "check",
          ".",
          "--artifact",
          "WO-KIS-016"
        ]
      }
    ]
  },
  "state": {
    "before": [
      {
        "id": "WO-KIS-016",
        "status": "draft"
      }
    ],
    "after": [
      {
        "id": "WO-KIS-016",
        "status": "draft"
      }
    ]
  },
  "findings": {
    "scoped_blockers": [
      {
        "code": "E019",
        "path": "docs/engineering/harness-simplification/work-orders/WO-KIS-016.md",
        "message": "assurance decided_by must be a non-empty string",
        "plane": "governance"
      }
    ],
    "repository_blockers": [],
    "unrelated_count": 52
  },
  "mutation": {
    "writes": []
  },
  "restitution": {
    "outcome": "blocked",
    "done": [],
    "not_done": [
      "The selected check operation remains incomplete."
    ],
    "blocked_by": [
      "E019: assurance decided_by must be a non-empty string"
    ],
    "current_lifecycle_state": [
      "No lifecycle state was changed."
    ],
    "decision_required": null,
    "next": {
      "procedure_id": "PROC-FOCUS-SELECTED",
      "step_id": "STEP-FOCUS-SELECTED",
      "action": "Run the bound command"
    },
    "command_or_response": {
      "kind": "command",
      "argv": [
        "harnessctl",
        "check",
        ".",
        "--artifact",
        "WO-KIS-016"
      ]
    },
    "alternatives": []
  },
  "instruction_discovery": {
    "schema": "se-harness-instruction-discovery-v1",
    "status": "available",
    "agent_instructions": {
      "entry": {
        "file": "ENGINEERING_HARNESS.md",
        "heading": "read-by-task"
      },
      "shared_prerequisites": [
        {
          "file": "docs/engineering/harness/COMMUNICATION.md",
          "heading": "communication",
          "when": "Before the first eligible English explanation in a fresh context."
        },
        {
          "file": "docs/engineering/harness/RESULTS.md",
          "heading": "report-a-lifecycle-result",
          "when": "Before reporting a lifecycle result."
        }
      ],
      "procedure": {
        "id": "PROC-FOCUS-SELECTED",
        "location": {
          "file": "docs/engineering/harness/CONTINUE.md",
          "heading": "continue-selected-work"
        },
        "prerequisites": [],
        "steps": {
          "STEP-FOCUS-SELECTED": {
            "location": {
              "file": "docs/engineering/harness/CONTINUE.md",
              "heading": "continue-selected-work"
            },
            "prerequisites": []
          }
        }
      },
      "current_step": {
        "id": "STEP-FOCUS-SELECTED",
        "location": {
          "file": "docs/engineering/harness/CONTINUE.md",
          "heading": "continue-selected-work"
        },
        "prerequisites": []
      }
    },
    "formal_artifact_ids": [
      "ADR-KIS-002",
      "ARCH-KIS-002",
      "CAP-KIS-003",
      "INT-KIS-003",
      "REQ-KIS-009",
      "SPEC-KIS-003",
      "VER-KIS-009",
      "WO-KIS-016"
    ],
    "evaluator_only_inputs": [
      "docs/engineering/WORKFLOW.json",
      "docs/engineering/QUALITY_GATES.json"
    ],
    "formal_artifacts": [
      {
        "id": "ADR-KIS-002",
        "file": "docs/engineering/harness-simplification/architecture/adr/ADR-KIS-002.md"
      },
      {
        "id": "ARCH-KIS-002",
        "file": "docs/engineering/harness-simplification/architecture/ARCH-KIS-002.md"
      },
      {
        "id": "CAP-KIS-003",
        "file": "docs/engineering/harness-simplification/capabilities/CAP-KIS-003.md"
      },
      {
        "id": "INT-KIS-003",
        "file": "docs/engineering/harness-simplification/intent/INT-KIS-003.md"
      },
      {
        "id": "REQ-KIS-009",
        "file": "docs/engineering/harness-simplification/requirements/REQ-KIS-009.md"
      },
      {
        "id": "SPEC-KIS-003",
        "file": "docs/engineering/harness-simplification/specifications/SPEC-KIS-003.md"
      },
      {
        "id": "VER-KIS-009",
        "file": "docs/engineering/harness-simplification/verification/VER-KIS-009.md"
      },
      {
        "id": "WO-KIS-016",
        "file": "docs/engineering/harness-simplification/work-orders/WO-KIS-016.md"
      }
    ]
  },
  "result_sha256": "1a0a5bad918a179edb8c8c8de5785b3055f396bfbf2e7a3b2774ce164980cf24",
  "context": {
    "reading_manifest": [
      "ENGINEERING_HARNESS.md",
      "docs/engineering/harness-simplification/intent/INT-KIS-003.md",
      "docs/engineering/harness-simplification/capabilities/CAP-KIS-003.md",
      "docs/engineering/harness-simplification/requirements/REQ-KIS-009.md",
      "docs/engineering/harness-simplification/specifications/SPEC-KIS-003.md",
      "docs/engineering/harness-simplification/architecture/ARCH-KIS-002.md",
      "docs/engineering/harness-simplification/architecture/adr/ADR-KIS-002.md",
      "docs/engineering/harness-simplification/verification/VER-KIS-009.md",
      "docs/engineering/harness-simplification/work-orders/WO-KIS-016.md"
    ],
    "governing": [
      "ADR-KIS-002",
      "ARCH-KIS-002",
      "CAP-KIS-003",
      "INT-KIS-003",
      "REQ-KIS-009",
      "SPEC-KIS-003",
      "VER-KIS-009"
    ],
    "declared_paths": [
      "se_harness/gate_source.py",
      "se_harness/workflow.py",
      "tests/test_delegation_class.py",
      "tests/test_revision_provenance.py",
      "tests/test_workflow_execution.py",
      "docs/notes/delegation-class.md",
      "docs/engineering/harness-simplification/verification/VER-KIS-009.md",
      "docs/engineering/harness-simplification/work-orders/WO-KIS-016.md",
      "docs/engineering/harness-simplification/evidence/WO-KIS-016/",
      "docs/engineering/harness-simplification/evidence/VREC-KIS-016-evaluator.json",
      "docs/engineering/harness-simplification/verification-records/VREC-KIS-016.md"
    ],
    "state": {
      "status": "draft",
      "family": "work_order"
    },
    "next": {
      "argv": [
        "harnessctl",
        "check",
        ".",
        "--artifact",
        "WO-KIS-016"
      ],
      "procedure_id": "PROC-FOCUS-SELECTED",
      "step_id": "STEP-FOCUS-SELECTED"
    },
    "decision_required": null
  }
}
