{
  "assurance": {
    "commit_bound_verification": "required",
    "decided_by": "Requesting human in this conversation (repository owner)",
    "rationale": "The human confirmed required commit-bound assurance because later execution and assurance decisions rely on the changed approval-grant check."
  },
  "authority_boundary": "Preflight is derived, read-only evidence. It does not approve artifacts, authorize a diff, verify work, release software, commit, push, tag, publish, or deploy.",
  "background": [],
  "diagnostics": [],
  "phase": "review",
  "reading_manifest": [
    "ENGINEERING_HARNESS.md",
    "docs/engineering/harness-simplification/intent/INT-KIS-003.md",
    "docs/engineering/harness-simplification/capabilities/CAP-KIS-003.md",
    "docs/engineering/harness-simplification/requirements/REQ-KIS-009.md",
    "docs/engineering/harness-simplification/specifications/SPEC-KIS-003.md",
    "docs/engineering/harness-simplification/architecture/ARCH-KIS-002.md",
    "docs/engineering/harness-simplification/architecture/adr/ADR-KIS-002.md",
    "docs/engineering/harness-simplification/verification/VER-KIS-009.md",
    "docs/engineering/harness-simplification/work-orders/WO-KIS-016.md"
  ],
  "ready": true,
  "schema": "se-harness-preflight-v2",
  "skew": [],
  "work_order": {
    "id": "WO-KIS-016",
    "path": "docs/engineering/harness-simplification/work-orders/WO-KIS-016.md",
    "status": "in_progress"
  }
}
