{
  "schema": "se-harness-workflow-result-v2",
  "digest_format": "machine-fields-v1",
  "candidate": {},
  "operation": {
    "kind": "transition",
    "outcome": "completed"
  },
  "selection": {
    "primary": "VER-KIS-009",
    "artifacts": [
      "VER-KIS-009"
    ]
  },
  "scope": {
    "mode": "selected",
    "governing": [],
    "dependencies": [],
    "declared_paths": [],
    "changed_paths": [],
    "change_set_complete": false
  },
  "compliance": {
    "checkpoint": "transition",
    "workflow_rule_id": "WFL-DEFINITION-COMPLETE",
    "procedure_id": "PROC-DEFINITION-COMPLETE",
    "status": "pass",
    "gates": [
      {
        "id": "QG-G1-DEFINITION",
        "status": "pass",
        "predicates": [
          {
            "id": "QGP-G1-GRAPH",
            "status": "pass",
            "evidence": [
              {
                "kind": "result",
                "reference": "formal-graph:VER-KIS-009"
              }
            ],
            "message": "The selected formal graph is valid."
          },
          {
            "id": "QGP-G1-INTEGRITY",
            "status": "pass",
            "evidence": [
              {
                "kind": "result",
                "reference": "repository-integrity:transition"
              }
            ],
            "message": "No repository-integrity blocker prevents selected evaluation."
          },
          {
            "id": "QGP-G1-AUTHORING",
            "status": "pass",
            "evidence": [
              {
                "kind": "artifact",
                "reference": "VER-KIS-009"
              }
            ],
            "message": "VER-KIS-009 has no unfinished content or unresolved decision text."
          },
          {
            "id": "QGP-G1-DECISION",
            "status": "pass",
            "evidence": [
              {
                "kind": "result",
                "reference": "decision-register:VER-KIS-009"
              }
            ],
            "message": "No open decision blocks VER-KIS-009."
          }
        ]
      },
      {
        "id": "QG-STRUCTURAL",
        "status": "pass",
        "predicates": [
          {
            "id": "QGS-EDGE",
            "status": "pass",
            "evidence": [
              {
                "kind": "artifact",
                "reference": "VER-KIS-009"
              }
            ],
            "message": "draft -> approved is a declared lifecycle edge for VER-KIS-009."
          }
        ]
      }
    ]
  },
  "procedure": {
    "id": "PROC-DEFINITION-COMPLETE",
    "current_step": "STEP-DEFINITION-COMPLETE",
    "steps": [
      {
        "id": "STEP-DEFINITION-COMPLETE",
        "kind": "decision",
        "gate_ids": [
          "QG-G1-DEFINITION",
          "QG-G2-ARCHITECTURE"
        ],
        "effects": [
          "Permits a decision on VER-KIS-009 only."
        ],
        "non_effects": [
          "Related definitions remain unchanged unless separately selected."
        ],
        "decision_right": "DR-DEFINITION-DECIDE",
        "role": "definition-owner",
        "artifact": "VER-KIS-009",
        "decision": "whether the selected definition is complete",
        "outcomes": [
          "implemented",
          "reject",
          "stop"
        ],
        "response": "Decide the selected definition VER-KIS-009 only."
      }
    ]
  },
  "state": {
    "before": [
      {
        "id": "VER-KIS-009",
        "status": "draft"
      }
    ],
    "after": [
      {
        "id": "VER-KIS-009",
        "status": "approved"
      }
    ]
  },
  "findings": {
    "scoped_blockers": [],
    "repository_blockers": [],
    "unrelated_count": 0
  },
  "mutation": {
    "writes": [
      {
        "id": "VER-KIS-009",
        "path": "docs/engineering/harness-simplification/verification/VER-KIS-009.md",
        "fields": [
          "lifecycle_events",
          "status",
          "updated"
        ]
      }
    ]
  },
  "restitution": {
    "outcome": "completed",
    "done": [
      "Applied 1 explicit lifecycle transition(s) atomically."
    ],
    "not_done": [],
    "blocked_by": [],
    "current_lifecycle_state": [
      "VER-KIS-009 is approved."
    ],
    "decision_required": {
      "decision_right": "DR-DEFINITION-DECIDE",
      "role": "definition-owner",
      "artifact": "VER-KIS-009",
      "decision": "whether the selected definition is complete",
      "outcomes": [
        "implemented",
        "reject",
        "stop"
      ]
    },
    "next": {
      "procedure_id": "PROC-DEFINITION-COMPLETE",
      "step_id": "STEP-DEFINITION-COMPLETE",
      "action": "whether the selected definition is complete"
    },
    "command_or_response": {
      "kind": "response",
      "value": "Decide the selected definition VER-KIS-009 only."
    },
    "alternatives": []
  },
  "instruction_discovery": {
    "schema": "se-harness-instruction-discovery-v1",
    "status": "available",
    "agent_instructions": {
      "entry": {
        "file": "ENGINEERING_HARNESS.md",
        "heading": "read-by-task"
      },
      "shared_prerequisites": [
        {
          "file": "docs/engineering/harness/COMMUNICATION.md",
          "heading": "communication",
          "when": "Before the first eligible English explanation in a fresh context."
        },
        {
          "file": "docs/engineering/harness/RESULTS.md",
          "heading": "report-a-lifecycle-result",
          "when": "Before reporting a lifecycle result."
        }
      ],
      "procedure": {
        "id": "PROC-DEFINITION-COMPLETE",
        "location": {
          "file": "docs/engineering/harness/RECORD_STATE.md",
          "heading": "complete-a-selected-definition"
        },
        "prerequisites": [
          {
            "file": "docs/engineering/harness/AUTHORITY.md",
            "heading": "decision-rights",
            "when": "Before obtaining or applying an accountable decision."
          }
        ],
        "steps": {
          "STEP-DEFINITION-COMPLETE": {
            "location": {
              "file": "docs/engineering/harness/RECORD_STATE.md",
              "heading": "complete-a-selected-definition"
            },
            "prerequisites": [
              {
                "file": "docs/engineering/harness/AUTHORITY.md",
                "heading": "decision-rights",
                "when": "Before obtaining or applying an accountable decision."
              }
            ]
          }
        }
      },
      "current_step": {
        "id": "STEP-DEFINITION-COMPLETE",
        "location": {
          "file": "docs/engineering/harness/RECORD_STATE.md",
          "heading": "complete-a-selected-definition"
        },
        "prerequisites": [
          {
            "file": "docs/engineering/harness/AUTHORITY.md",
            "heading": "decision-rights",
            "when": "Before obtaining or applying an accountable decision."
          }
        ]
      }
    },
    "formal_artifact_ids": [
      "VER-KIS-009"
    ],
    "evaluator_only_inputs": [
      "docs/engineering/WORKFLOW.json",
      "docs/engineering/QUALITY_GATES.json"
    ]
  },
  "result_sha256": "344d34bcd38bae011d34622b6a76b0a57a3a4719995daa43e0965240f5265a1c"
}
