{
  "schema": "se-harness-workflow-result-v2",
  "digest_format": "machine-fields-v1",
  "candidate": {},
  "operation": {
    "kind": "evidence",
    "outcome": "completed"
  },
  "selection": {
    "primary": "WO-KIS-016",
    "artifacts": [
      "WO-KIS-016"
    ]
  },
  "scope": {
    "mode": "selected",
    "governing": [
      "ADR-KIS-002",
      "ARCH-KIS-002",
      "CAP-KIS-003",
      "INT-KIS-003",
      "REQ-KIS-009",
      "SPEC-KIS-003",
      "VER-KIS-009"
    ],
    "dependencies": [],
    "declared_paths": [
      "docs/engineering/harness-simplification/evidence/VREC-KIS-016-evaluator.json",
      "docs/engineering/harness-simplification/evidence/WO-KIS-016/",
      "docs/engineering/harness-simplification/verification-records/VREC-KIS-016.md",
      "docs/engineering/harness-simplification/verification/VER-KIS-009.md",
      "docs/engineering/harness-simplification/work-orders/WO-KIS-016.md",
      "docs/notes/delegation-class.md",
      "se_harness/gate_source.py",
      "se_harness/workflow.py",
      "tests/test_delegation_class.py",
      "tests/test_revision_provenance.py",
      "tests/test_workflow_execution.py"
    ],
    "changed_paths": [],
    "change_set_complete": false
  },
  "compliance": {
    "checkpoint": "pre-action",
    "workflow_rule_id": "WFL-WO-IMPLEMENT",
    "procedure_id": "PROC-WO-IMPLEMENT",
    "status": "not_assessable",
    "gates": []
  },
  "procedure": {
    "id": "PROC-WO-IMPLEMENT",
    "current_step": "STEP-WO-IMPLEMENT-CHECK",
    "steps": [
      {
        "id": "STEP-WO-IMPLEMENT-CHECK",
        "kind": "command",
        "gate_ids": [
          "QG-G4-IMPLEMENTATION-EVIDENCE"
        ],
        "effects": [
          "Evaluated implementation handoff for WO-KIS-016."
        ],
        "non_effects": [
          "A checkpoint does not complete or verify work."
        ],
        "argv": [
          "harnessctl",
          "check",
          ".",
          "--artifact",
          "WO-KIS-016",
          "--checkpoint",
          "handoff"
        ],
        "corrective": {
          "QGP-G4I-STATUS": {
            "kind": "escalation",
            "decision_right": "DR-WO-START"
          },
          "QGP-G4I-GRAPH": {
            "kind": "escalation",
            "decision_right": "DR-REMEDIATION-SCOPE"
          },
          "QGP-G4I-INTEGRITY": {
            "kind": "escalation",
            "decision_right": "DR-REMEDIATION-SCOPE"
          },
          "QGP-G4I-SCOPE": {
            "kind": "escalation",
            "decision_right": "DR-WO-SELECT"
          },
          "QGP-G4I-COMPLETE": {
            "kind": "command",
            "argv": [
              "harnessctl",
              "check",
              ".",
              "--artifact",
              "WO-KIS-016",
              "--checkpoint",
              "handoff",
              "--from-git",
              "<base>"
            ]
          },
          "QGP-G4I-PATHS": {
            "kind": "escalation",
            "decision_right": "DR-REMEDIATION-SCOPE"
          },
          "QGP-G4I-PREFLIGHT": {
            "kind": "command",
            "argv": [
              "harnessctl",
              "preflight",
              ".",
              "--work-order",
              "WO-KIS-016",
              "--phase",
              "review"
            ]
          },
          "QGP-G4I-EVIDENCE": {
            "kind": "command",
            "argv": [
              "harnessctl",
              "evidence",
              ".",
              "--artifact",
              "WO-KIS-016",
              "--checkpoint",
              "handoff"
            ]
          },
          "QGP-G4I-DECISION": {
            "kind": "escalation",
            "decision_right": "DR-DECISION-DISPOSE"
          }
        }
      },
      {
        "id": "STEP-WO-IMPLEMENT-PREVIEW",
        "kind": "command",
        "gate_ids": [
          "QG-G4-IMPLEMENTATION-EVIDENCE"
        ],
        "effects": [
          "Plan completion of WO-KIS-016."
        ],
        "non_effects": [
          "Completion does not verify, release or deliver the work."
        ],
        "argv": [
          "harnessctl",
          "transition",
          ".",
          "--set",
          "WO-KIS-016=implemented",
          "--decision",
          "WO-KIS-016=delegated-executor"
        ],
        "corrective": {
          "QGP-G4I-STATUS": {
            "kind": "escalation",
            "decision_right": "DR-WO-START"
          },
          "QGP-G4I-GRAPH": {
            "kind": "escalation",
            "decision_right": "DR-REMEDIATION-SCOPE"
          },
          "QGP-G4I-INTEGRITY": {
            "kind": "escalation",
            "decision_right": "DR-REMEDIATION-SCOPE"
          },
          "QGP-G4I-SCOPE": {
            "kind": "escalation",
            "decision_right": "DR-WO-SELECT"
          },
          "QGP-G4I-COMPLETE": {
            "kind": "command",
            "argv": [
              "harnessctl",
              "check",
              ".",
              "--artifact",
              "WO-KIS-016",
              "--checkpoint",
              "handoff",
              "--from-git",
              "<base>"
            ]
          },
          "QGP-G4I-PATHS": {
            "kind": "escalation",
            "decision_right": "DR-REMEDIATION-SCOPE"
          },
          "QGP-G4I-PREFLIGHT": {
            "kind": "command",
            "argv": [
              "harnessctl",
              "preflight",
              ".",
              "--work-order",
              "WO-KIS-016",
              "--phase",
              "review"
            ]
          },
          "QGP-G4I-EVIDENCE": {
            "kind": "command",
            "argv": [
              "harnessctl",
              "evidence",
              ".",
              "--artifact",
              "WO-KIS-016",
              "--checkpoint",
              "handoff"
            ]
          },
          "QGP-G4I-DECISION": {
            "kind": "escalation",
            "decision_right": "DR-DECISION-DISPOSE"
          }
        }
      },
      {
        "id": "STEP-WO-IMPLEMENT-APPLY",
        "kind": "command",
        "gate_ids": [
          "QG-G4-IMPLEMENTATION-EVIDENCE"
        ],
        "effects": [
          "Record completion of only WO-KIS-016 under its approved execution scope."
        ],
        "non_effects": [
          "Completion does not verify, release or deliver the work."
        ],
        "argv": [
          "harnessctl",
          "transition",
          ".",
          "--set",
          "WO-KIS-016=implemented",
          "--decision",
          "WO-KIS-016=delegated-executor",
          "--apply"
        ],
        "corrective": {
          "QGP-G4I-STATUS": {
            "kind": "escalation",
            "decision_right": "DR-WO-START"
          },
          "QGP-G4I-GRAPH": {
            "kind": "escalation",
            "decision_right": "DR-REMEDIATION-SCOPE"
          },
          "QGP-G4I-INTEGRITY": {
            "kind": "escalation",
            "decision_right": "DR-REMEDIATION-SCOPE"
          },
          "QGP-G4I-SCOPE": {
            "kind": "escalation",
            "decision_right": "DR-WO-SELECT"
          },
          "QGP-G4I-COMPLETE": {
            "kind": "command",
            "argv": [
              "harnessctl",
              "check",
              ".",
              "--artifact",
              "WO-KIS-016",
              "--checkpoint",
              "handoff",
              "--from-git",
              "<base>"
            ]
          },
          "QGP-G4I-PATHS": {
            "kind": "escalation",
            "decision_right": "DR-REMEDIATION-SCOPE"
          },
          "QGP-G4I-PREFLIGHT": {
            "kind": "command",
            "argv": [
              "harnessctl",
              "preflight",
              ".",
              "--work-order",
              "WO-KIS-016",
              "--phase",
              "review"
            ]
          },
          "QGP-G4I-EVIDENCE": {
            "kind": "command",
            "argv": [
              "harnessctl",
              "evidence",
              ".",
              "--artifact",
              "WO-KIS-016",
              "--checkpoint",
              "handoff"
            ]
          },
          "QGP-G4I-DECISION": {
            "kind": "escalation",
            "decision_right": "DR-DECISION-DISPOSE"
          }
        }
      }
    ]
  },
  "state": {
    "before": [],
    "after": [
      {
        "id": "WO-KIS-016",
        "status": "in_progress"
      }
    ]
  },
  "findings": {
    "scoped_blockers": [],
    "repository_blockers": [],
    "unrelated_count": 0
  },
  "mutation": {
    "writes": [
      {
        "id": "WO-KIS-016",
        "path": "docs/engineering/harness-simplification/evidence/WO-KIS-016/WO-KIS-016-handoff.md",
        "fields": [
          "artifact",
          "checkpoint",
          "formal_snapshot_sha256",
          "rebound_at"
        ]
      }
    ]
  },
  "restitution": {
    "outcome": "completed",
    "done": [
      "Wrote the handoff evidence packet of WO-KIS-016 at docs/engineering/harness-simplification/evidence/WO-KIS-016/WO-KIS-016-handoff.md to formal snapshot 9e4389cf711718d0497e6d5bb74d7c9f4c6a5a007fe354cfca5ef24176a8e09e."
    ],
    "not_done": [],
    "blocked_by": [],
    "current_lifecycle_state": [
      "WO-KIS-016 is in_progress."
    ],
    "decision_required": null,
    "next": {
      "procedure_id": "PROC-WO-IMPLEMENT",
      "step_id": "STEP-WO-IMPLEMENT-CHECK",
      "action": "Run the bound command"
    },
    "command_or_response": {
      "kind": "command",
      "argv": [
        "harnessctl",
        "check",
        ".",
        "--artifact",
        "WO-KIS-016",
        "--checkpoint",
        "handoff"
      ]
    },
    "alternatives": []
  },
  "instruction_discovery": {
    "schema": "se-harness-instruction-discovery-v1",
    "status": "available",
    "agent_instructions": {
      "entry": {
        "file": "ENGINEERING_HARNESS.md",
        "heading": "read-by-task"
      },
      "shared_prerequisites": [
        {
          "file": "docs/engineering/harness/COMMUNICATION.md",
          "heading": "communication",
          "when": "Before the first eligible English explanation in a fresh context."
        },
        {
          "file": "docs/engineering/harness/RESULTS.md",
          "heading": "report-a-lifecycle-result",
          "when": "Before reporting a lifecycle result."
        }
      ],
      "procedure": {
        "id": "PROC-WO-IMPLEMENT",
        "location": {
          "file": "docs/engineering/harness/EXECUTE_WORK.md",
          "heading": "retain-the-implementation-evidence"
        },
        "prerequisites": [
          {
            "file": "docs/engineering/harness/AUTHORITY.md",
            "heading": "authority-from-work-approval",
            "when": "Before using the selected work order's execution grant."
          }
        ],
        "steps": {
          "STEP-WO-IMPLEMENT-CHECK": {
            "location": {
              "file": "docs/engineering/harness/EXECUTE_WORK.md",
              "heading": "retain-the-implementation-evidence"
            },
            "prerequisites": [
              {
                "file": "docs/engineering/harness/AUTHORITY.md",
                "heading": "authority-from-work-approval",
                "when": "Before using the selected work order's execution grant."
              }
            ]
          },
          "STEP-WO-IMPLEMENT-PREVIEW": {
            "location": {
              "file": "docs/engineering/harness/EXECUTE_WORK.md",
              "heading": "record-implementation-completion"
            },
            "prerequisites": [
              {
                "file": "docs/engineering/harness/AUTHORITY.md",
                "heading": "authority-from-work-approval",
                "when": "Before using the selected work order's execution grant."
              }
            ]
          },
          "STEP-WO-IMPLEMENT-APPLY": {
            "location": {
              "file": "docs/engineering/harness/EXECUTE_WORK.md",
              "heading": "record-implementation-completion"
            },
            "prerequisites": [
              {
                "file": "docs/engineering/harness/AUTHORITY.md",
                "heading": "authority-from-work-approval",
                "when": "Before using the selected work order's execution grant."
              }
            ]
          }
        }
      },
      "current_step": {
        "id": "STEP-WO-IMPLEMENT-CHECK",
        "location": {
          "file": "docs/engineering/harness/EXECUTE_WORK.md",
          "heading": "retain-the-implementation-evidence"
        },
        "prerequisites": [
          {
            "file": "docs/engineering/harness/AUTHORITY.md",
            "heading": "authority-from-work-approval",
            "when": "Before using the selected work order's execution grant."
          }
        ]
      }
    },
    "formal_artifact_ids": [
      "ADR-KIS-002",
      "ARCH-KIS-002",
      "CAP-KIS-003",
      "INT-KIS-003",
      "REQ-KIS-009",
      "SPEC-KIS-003",
      "VER-KIS-009",
      "WO-KIS-016"
    ],
    "evaluator_only_inputs": [
      "docs/engineering/WORKFLOW.json",
      "docs/engineering/QUALITY_GATES.json"
    ]
  },
  "result_sha256": "904ee41fbbd47e971bcdc4cb503adf0171e24203c10d9c2d756f988ecd40e241"
}
