{
  "assurance": {
    "commit_bound_verification": "required",
    "decided_by": "engineering-owner",
    "rationale": "Later engineering and assurance decisions rely on the changed checks, policy or agent guidance; classification takes effect on actual WO approval."
  },
  "authority_boundary": "Preflight is derived, read-only evidence. It does not approve artifacts, authorize a diff, verify work, release software, commit, push, tag, publish, or deploy.",
  "background": [],
  "diagnostics": [
    {
      "code": "I001",
      "message": "config, installation and running checker versions must agree",
      "path": "selected-version"
    }
  ],
  "phase": "review",
  "reading_manifest": [
    "ENGINEERING_HARNESS.md",
    "docs/engineering/OPERATING_CARD.md",
    "AGENTS.md",
    "docs/engineering/ARTIFACT_AUTHORING.md",
    "docs/engineering/harness-simplification/intent/INT-KIS-001.md",
    "docs/engineering/harness-simplification/capabilities/CAP-KIS-001.md",
    "docs/engineering/harness-simplification/requirements/REQ-KIS-010.md",
    "docs/engineering/harness-simplification/specifications/SPEC-KIS-004.md",
    "docs/engineering/harness-simplification/verification/VER-KIS-004.md",
    "docs/engineering/harness-simplification/work-orders/WO-KIS-010.md"
  ],
  "ready": false,
  "schema": "se-harness-preflight-v2",
  "skew": [
    {
      "code": "I001",
      "message": "differs from distribution template",
      "path": "distribution:ENGINEERING_HARNESS.md"
    },
    {
      "code": "I001",
      "message": "differs from distribution template",
      "path": "distribution:docs/engineering/WORKFLOW.json"
    }
  ],
  "work_order": {
    "id": "WO-KIS-010",
    "path": "docs/engineering/harness-simplification/work-orders/WO-KIS-010.md",
    "status": "in_progress"
  }
}
