test_custom_or_duplicate_fragment_refuses_without_writes (tests.test_installer.InstructionMigrationTests.test_custom_or_duplicate_fragment_refuses_without_writes) ... ok
test_customized_seed_requires_exact_explicit_replacement (tests.test_installer.InstructionMigrationTests.test_customized_seed_requires_exact_explicit_replacement) ... ok
test_fresh_install_has_no_agents_or_claude_dependency (tests.test_installer.InstructionMigrationTests.test_fresh_install_has_no_agents_or_claude_dependency) ... ok
test_harness_only_files_may_be_removed (tests.test_installer.InstructionMigrationTests.test_harness_only_files_may_be_removed) ... ok
test_incomplete_replacement_collection_preserves_legacy_entry (tests.test_installer.InstructionMigrationTests.test_incomplete_replacement_collection_preserves_legacy_entry) ... ok
test_missing_or_stale_delivery_evidence_preserves_the_old_entry (tests.test_installer.InstructionMigrationTests.test_missing_or_stale_delivery_evidence_preserves_the_old_entry) ... ok
test_recognized_fragments_preserve_all_owner_bytes (tests.test_installer.InstructionMigrationTests.test_recognized_fragments_preserve_all_owner_bytes) ... ok
test_unrecognized_source_version_is_not_a_recognized_migration (tests.test_installer.InstructionMigrationTests.test_unrecognized_source_version_is_not_a_recognized_migration) ... ok
test_upgrade_cli_reports_delivery_refusal_without_writes (tests.test_installer.InstructionMigrationTests.test_upgrade_cli_reports_delivery_refusal_without_writes) ... ok
test_write_failure_rolls_back_and_same_migration_can_retry (tests.test_installer.InstructionMigrationTests.test_write_failure_rolls_back_and_same_migration_can_retry) ... ok
test_catalogue_matches_all_released_procedures_and_typed_steps (tests.test_instruction_discovery.InstructionDiscoveryTests.test_catalogue_matches_all_released_procedures_and_typed_steps) ... ok
test_discovery_is_additive_and_bound_without_reinterpreting_old_results (tests.test_instruction_discovery.InstructionDiscoveryTests.test_discovery_is_additive_and_bound_without_reinterpreting_old_results) ... ok
test_human_index_uses_the_catalogue_destinations (tests.test_instruction_discovery.InstructionDiscoveryTests.test_human_index_uses_the_catalogue_destinations) ... ok
test_missing_step_mapping_refuses_contract_loading (tests.test_instruction_discovery.InstructionDiscoveryTests.test_missing_step_mapping_refuses_contract_loading) ... ok
test_prerequisites_are_conditional_and_machine_inputs_are_separate (tests.test_instruction_discovery.InstructionDiscoveryTests.test_prerequisites_are_conditional_and_machine_inputs_are_separate) ... ok
test_start_reading_distinguishes_preflight_from_applied_start (tests.test_instruction_discovery.InstructionDiscoveryTests.test_start_reading_distinguishes_preflight_from_applied_start) ... ok
test_unknown_returned_identifier_reports_a_version_gap (tests.test_instruction_discovery.InstructionDiscoveryTests.test_unknown_returned_identifier_reports_a_version_gap) ... ok
test_unsafe_location_or_missing_condition_is_refused (tests.test_instruction_discovery.InstructionDiscoveryTests.test_unsafe_location_or_missing_condition_is_refused) ... ok

----------------------------------------------------------------------
Ran 18 tests in 7.312s

OK
