{
  "schema": "se-harness-workflow-result-v2",
  "digest_format": "machine-fields-v1",
  "candidate": {},
  "operation": {
    "kind": "check",
    "outcome": "completed"
  },
  "selection": {
    "primary": "WO-HUP-023",
    "artifacts": [
      "WO-HUP-023"
    ]
  },
  "scope": {
    "mode": "selected",
    "governing": [
      "ADR-IAR-011",
      "ARCH-IAR-011",
      "CAP-IAR-002",
      "INT-IAR-001",
      "REQ-IAR-024",
      "SPEC-IAR-014",
      "VER-HUP-021"
    ],
    "dependencies": [],
    "declared_paths": [
      ".github/workflows/engineering-harness.yml",
      "docs/engineering/repository-harness-upgrade/evidence/WO-HUP-022/",
      "docs/engineering/repository-harness-upgrade/evidence/WO-HUP-023/",
      "docs/engineering/repository-harness-upgrade/work-orders/WO-HUP-022.md",
      "docs/engineering/repository-harness-upgrade/work-orders/WO-HUP-023.md",
      "tests/test_progressive_documentation.py"
    ],
    "changed_paths": [],
    "change_set_complete": false
  },
  "compliance": {
    "checkpoint": "pre-action",
    "workflow_rule_id": "WFL-WO-IMPLEMENT",
    "procedure_id": "PROC-WO-IMPLEMENT",
    "status": "not_assessable",
    "gates": []
  },
  "procedure": {
    "id": "PROC-WO-IMPLEMENT",
    "current_step": "STEP-WO-IMPLEMENT-CHECK",
    "steps": [
      {
        "id": "STEP-WO-IMPLEMENT-CHECK",
        "kind": "command",
        "gate_ids": [
          "QG-G4-IMPLEMENTATION-EVIDENCE"
        ],
        "effects": [
          "Evaluated implementation handoff for WO-HUP-023."
        ],
        "non_effects": [
          "A checkpoint does not complete or verify work."
        ],
        "argv": [
          "harnessctl",
          "check",
          ".",
          "--artifact",
          "WO-HUP-023",
          "--checkpoint",
          "handoff"
        ],
        "corrective": {
          "QGP-G4I-STATUS": {
            "kind": "escalation",
            "decision_right": "DR-WO-START"
          },
          "QGP-G4I-GRAPH": {
            "kind": "escalation",
            "decision_right": "DR-REMEDIATION-SCOPE"
          },
          "QGP-G4I-INTEGRITY": {
            "kind": "escalation",
            "decision_right": "DR-REMEDIATION-SCOPE"
          },
          "QGP-G4I-SCOPE": {
            "kind": "escalation",
            "decision_right": "DR-WO-SELECT"
          },
          "QGP-G4I-COMPLETE": {
            "kind": "command",
            "argv": [
              "harnessctl",
              "check",
              ".",
              "--artifact",
              "WO-HUP-023",
              "--checkpoint",
              "handoff",
              "--from-git",
              "<base>"
            ]
          },
          "QGP-G4I-PATHS": {
            "kind": "escalation",
            "decision_right": "DR-REMEDIATION-SCOPE"
          },
          "QGP-G4I-PREFLIGHT": {
            "kind": "command",
            "argv": [
              "harnessctl",
              "preflight",
              ".",
              "--work-order",
              "WO-HUP-023",
              "--phase",
              "review"
            ]
          },
          "QGP-G4I-EVIDENCE": {
            "kind": "command",
            "argv": [
              "harnessctl",
              "evidence",
              ".",
              "--artifact",
              "WO-HUP-023",
              "--checkpoint",
              "handoff"
            ]
          },
          "QGP-G4I-DECISION": {
            "kind": "escalation",
            "decision_right": "DR-DECISION-DISPOSE"
          }
        }
      },
      {
        "id": "STEP-WO-IMPLEMENT-PREVIEW",
        "kind": "command",
        "gate_ids": [
          "QG-G4-IMPLEMENTATION-EVIDENCE"
        ],
        "effects": [
          "Plan completion of WO-HUP-023."
        ],
        "non_effects": [
          "Completion does not verify, release or deliver the work."
        ],
        "argv": [
          "harnessctl",
          "transition",
          ".",
          "--set",
          "WO-HUP-023=implemented",
          "--decision",
          "WO-HUP-023=delegated-executor"
        ],
        "corrective": {
          "QGP-G4I-STATUS": {
            "kind": "escalation",
            "decision_right": "DR-WO-START"
          },
          "QGP-G4I-GRAPH": {
            "kind": "escalation",
            "decision_right": "DR-REMEDIATION-SCOPE"
          },
          "QGP-G4I-INTEGRITY": {
            "kind": "escalation",
            "decision_right": "DR-REMEDIATION-SCOPE"
          },
          "QGP-G4I-SCOPE": {
            "kind": "escalation",
            "decision_right": "DR-WO-SELECT"
          },
          "QGP-G4I-COMPLETE": {
            "kind": "command",
            "argv": [
              "harnessctl",
              "check",
              ".",
              "--artifact",
              "WO-HUP-023",
              "--checkpoint",
              "handoff",
              "--from-git",
              "<base>"
            ]
          },
          "QGP-G4I-PATHS": {
            "kind": "escalation",
            "decision_right": "DR-REMEDIATION-SCOPE"
          },
          "QGP-G4I-PREFLIGHT": {
            "kind": "command",
            "argv": [
              "harnessctl",
              "preflight",
              ".",
              "--work-order",
              "WO-HUP-023",
              "--phase",
              "review"
            ]
          },
          "QGP-G4I-EVIDENCE": {
            "kind": "command",
            "argv": [
              "harnessctl",
              "evidence",
              ".",
              "--artifact",
              "WO-HUP-023",
              "--checkpoint",
              "handoff"
            ]
          },
          "QGP-G4I-DECISION": {
            "kind": "escalation",
            "decision_right": "DR-DECISION-DISPOSE"
          }
        }
      },
      {
        "id": "STEP-WO-IMPLEMENT-APPLY",
        "kind": "command",
        "gate_ids": [
          "QG-G4-IMPLEMENTATION-EVIDENCE"
        ],
        "effects": [
          "Record completion of only WO-HUP-023 under its approved execution scope."
        ],
        "non_effects": [
          "Completion does not verify, release or deliver the work."
        ],
        "argv": [
          "harnessctl",
          "transition",
          ".",
          "--set",
          "WO-HUP-023=implemented",
          "--decision",
          "WO-HUP-023=delegated-executor",
          "--apply"
        ],
        "corrective": {
          "QGP-G4I-STATUS": {
            "kind": "escalation",
            "decision_right": "DR-WO-START"
          },
          "QGP-G4I-GRAPH": {
            "kind": "escalation",
            "decision_right": "DR-REMEDIATION-SCOPE"
          },
          "QGP-G4I-INTEGRITY": {
            "kind": "escalation",
            "decision_right": "DR-REMEDIATION-SCOPE"
          },
          "QGP-G4I-SCOPE": {
            "kind": "escalation",
            "decision_right": "DR-WO-SELECT"
          },
          "QGP-G4I-COMPLETE": {
            "kind": "command",
            "argv": [
              "harnessctl",
              "check",
              ".",
              "--artifact",
              "WO-HUP-023",
              "--checkpoint",
              "handoff",
              "--from-git",
              "<base>"
            ]
          },
          "QGP-G4I-PATHS": {
            "kind": "escalation",
            "decision_right": "DR-REMEDIATION-SCOPE"
          },
          "QGP-G4I-PREFLIGHT": {
            "kind": "command",
            "argv": [
              "harnessctl",
              "preflight",
              ".",
              "--work-order",
              "WO-HUP-023",
              "--phase",
              "review"
            ]
          },
          "QGP-G4I-EVIDENCE": {
            "kind": "command",
            "argv": [
              "harnessctl",
              "evidence",
              ".",
              "--artifact",
              "WO-HUP-023",
              "--checkpoint",
              "handoff"
            ]
          },
          "QGP-G4I-DECISION": {
            "kind": "escalation",
            "decision_right": "DR-DECISION-DISPOSE"
          }
        }
      }
    ]
  },
  "state": {
    "before": [
      {
        "id": "WO-HUP-023",
        "status": "in_progress"
      }
    ],
    "after": [
      {
        "id": "WO-HUP-023",
        "status": "in_progress"
      }
    ]
  },
  "findings": {
    "scoped_blockers": [],
    "repository_blockers": [],
    "unrelated_count": 52
  },
  "mutation": {
    "writes": []
  },
  "restitution": {
    "outcome": "completed",
    "done": [
      "Projected the selected scope for WO-HUP-023."
    ],
    "not_done": [],
    "blocked_by": [],
    "current_lifecycle_state": [
      "WO-HUP-023 is in_progress."
    ],
    "decision_required": null,
    "next": {
      "procedure_id": "PROC-WO-IMPLEMENT",
      "step_id": "STEP-WO-IMPLEMENT-CHECK",
      "action": "Run the bound command"
    },
    "command_or_response": {
      "kind": "command",
      "argv": [
        "harnessctl",
        "check",
        ".",
        "--artifact",
        "WO-HUP-023",
        "--checkpoint",
        "handoff"
      ]
    },
    "alternatives": []
  },
  "instruction_discovery": {
    "schema": "se-harness-instruction-discovery-v1",
    "status": "available",
    "agent_instructions": {
      "entry": {
        "file": "ENGINEERING_HARNESS.md",
        "heading": "read-by-task"
      },
      "shared_prerequisites": [
        {
          "file": "docs/engineering/harness/COMMUNICATION.md",
          "heading": "communication",
          "when": "Before the first eligible English explanation in a fresh context."
        },
        {
          "file": "docs/engineering/harness/RESULTS.md",
          "heading": "report-a-lifecycle-result",
          "when": "Before reporting a lifecycle result."
        }
      ],
      "procedure": {
        "id": "PROC-WO-IMPLEMENT",
        "location": {
          "file": "docs/engineering/harness/EXECUTE_WORK.md",
          "heading": "retain-the-implementation-evidence"
        },
        "prerequisites": [
          {
            "file": "docs/engineering/harness/AUTHORITY.md",
            "heading": "authority-from-work-approval",
            "when": "Before using the selected work order's execution grant."
          }
        ],
        "steps": {
          "STEP-WO-IMPLEMENT-CHECK": {
            "location": {
              "file": "docs/engineering/harness/EXECUTE_WORK.md",
              "heading": "retain-the-implementation-evidence"
            },
            "prerequisites": [
              {
                "file": "docs/engineering/harness/AUTHORITY.md",
                "heading": "authority-from-work-approval",
                "when": "Before using the selected work order's execution grant."
              }
            ]
          },
          "STEP-WO-IMPLEMENT-PREVIEW": {
            "location": {
              "file": "docs/engineering/harness/EXECUTE_WORK.md",
              "heading": "record-implementation-completion"
            },
            "prerequisites": [
              {
                "file": "docs/engineering/harness/AUTHORITY.md",
                "heading": "authority-from-work-approval",
                "when": "Before using the selected work order's execution grant."
              }
            ]
          },
          "STEP-WO-IMPLEMENT-APPLY": {
            "location": {
              "file": "docs/engineering/harness/EXECUTE_WORK.md",
              "heading": "record-implementation-completion"
            },
            "prerequisites": [
              {
                "file": "docs/engineering/harness/AUTHORITY.md",
                "heading": "authority-from-work-approval",
                "when": "Before using the selected work order's execution grant."
              }
            ]
          }
        }
      },
      "current_step": {
        "id": "STEP-WO-IMPLEMENT-CHECK",
        "location": {
          "file": "docs/engineering/harness/EXECUTE_WORK.md",
          "heading": "retain-the-implementation-evidence"
        },
        "prerequisites": [
          {
            "file": "docs/engineering/harness/AUTHORITY.md",
            "heading": "authority-from-work-approval",
            "when": "Before using the selected work order's execution grant."
          }
        ]
      }
    },
    "formal_artifact_ids": [
      "ADR-IAR-011",
      "ARCH-IAR-011",
      "CAP-IAR-002",
      "INT-IAR-001",
      "REQ-IAR-024",
      "SPEC-IAR-014",
      "VER-HUP-021",
      "WO-HUP-023"
    ],
    "evaluator_only_inputs": [
      "docs/engineering/WORKFLOW.json",
      "docs/engineering/QUALITY_GATES.json"
    ],
    "formal_artifacts": [
      {
        "id": "ADR-IAR-011",
        "file": "docs/engineering/instruction-architecture/architecture/adr/ADR-IAR-011.md"
      },
      {
        "id": "ARCH-IAR-011",
        "file": "docs/engineering/instruction-architecture/architecture/ARCH-IAR-011.md"
      },
      {
        "id": "CAP-IAR-002",
        "file": "docs/engineering/instruction-architecture/capabilities/CAP-IAR-002.md"
      },
      {
        "id": "INT-IAR-001",
        "file": "docs/engineering/instruction-architecture/intent/INT-IAR-001.md"
      },
      {
        "id": "REQ-IAR-024",
        "file": "docs/engineering/instruction-architecture/requirements/REQ-IAR-024.md"
      },
      {
        "id": "SPEC-IAR-014",
        "file": "docs/engineering/instruction-architecture/specifications/SPEC-IAR-014.md"
      },
      {
        "id": "VER-HUP-021",
        "file": "docs/engineering/repository-harness-upgrade/verification/VER-HUP-021.md"
      },
      {
        "id": "WO-HUP-023",
        "file": "docs/engineering/repository-harness-upgrade/work-orders/WO-HUP-023.md"
      }
    ]
  },
  "result_sha256": "47a150af18981eefc859b0044a060866b54d4e4ed79cb67300b565529c90d022",
  "context": {
    "reading_manifest": [
      "ENGINEERING_HARNESS.md",
      "docs/engineering/instruction-architecture/intent/INT-IAR-001.md",
      "docs/engineering/instruction-architecture/capabilities/CAP-IAR-002.md",
      "docs/engineering/instruction-architecture/requirements/REQ-IAR-024.md",
      "docs/engineering/instruction-architecture/specifications/SPEC-IAR-014.md",
      "docs/engineering/instruction-architecture/architecture/ARCH-IAR-011.md",
      "docs/engineering/instruction-architecture/architecture/adr/ADR-IAR-011.md",
      "docs/engineering/repository-harness-upgrade/verification/VER-HUP-021.md",
      "docs/engineering/repository-harness-upgrade/work-orders/WO-HUP-023.md"
    ],
    "governing": [
      "ADR-IAR-011",
      "ARCH-IAR-011",
      "CAP-IAR-002",
      "INT-IAR-001",
      "REQ-IAR-024",
      "SPEC-IAR-014",
      "VER-HUP-021"
    ],
    "declared_paths": [
      ".github/workflows/engineering-harness.yml",
      "tests/test_progressive_documentation.py",
      "docs/engineering/repository-harness-upgrade/work-orders/WO-HUP-022.md",
      "docs/engineering/repository-harness-upgrade/evidence/WO-HUP-022/",
      "docs/engineering/repository-harness-upgrade/work-orders/WO-HUP-023.md",
      "docs/engineering/repository-harness-upgrade/evidence/WO-HUP-023/"
    ],
    "state": {
      "status": "in_progress",
      "family": "work_order"
    },
    "next": {
      "argv": [
        "harnessctl",
        "check",
        ".",
        "--artifact",
        "WO-HUP-023",
        "--checkpoint",
        "handoff"
      ],
      "procedure_id": "PROC-WO-IMPLEMENT",
      "step_id": "STEP-WO-IMPLEMENT-CHECK"
    },
    "decision_required": null
  }
}
