{
  "assurance": {
    "commit_bound_verification": "required",
    "decided_by": "Requesting human in this conversation (repository owner)",
    "rationale": "Later decisions depend on CI evaluator selection and the documentation check; the requesting human confirmed required commit-bound verification for this work order."
  },
  "authority_boundary": "Preflight is derived, read-only evidence. It does not approve artifacts, authorize a diff, verify work, release software, commit, push, tag, publish, or deploy.",
  "background": [],
  "diagnostics": [],
  "phase": "start",
  "reading_manifest": [
    "ENGINEERING_HARNESS.md",
    "docs/engineering/instruction-architecture/intent/INT-IAR-001.md",
    "docs/engineering/instruction-architecture/capabilities/CAP-IAR-002.md",
    "docs/engineering/instruction-architecture/requirements/REQ-IAR-024.md",
    "docs/engineering/instruction-architecture/specifications/SPEC-IAR-014.md",
    "docs/engineering/instruction-architecture/architecture/ARCH-IAR-011.md",
    "docs/engineering/instruction-architecture/architecture/adr/ADR-IAR-011.md",
    "docs/engineering/repository-harness-upgrade/verification/VER-HUP-021.md",
    "docs/engineering/repository-harness-upgrade/work-orders/WO-HUP-023.md"
  ],
  "ready": true,
  "schema": "se-harness-preflight-v2",
  "skew": [],
  "work_order": {
    "id": "WO-HUP-023",
    "path": "docs/engineering/repository-harness-upgrade/work-orders/WO-HUP-023.md",
    "status": "approved"
  }
}
