{
  "schema": "se-harness-workflow-result-v2",
  "digest_format": "machine-fields-v1",
  "candidate": {},
  "operation": {
    "kind": "check",
    "outcome": "completed"
  },
  "selection": {
    "primary": "WO-HUP-023",
    "artifacts": [
      "WO-HUP-023"
    ]
  },
  "scope": {
    "mode": "selected",
    "governing": [
      "ADR-IAR-011",
      "ARCH-IAR-011",
      "CAP-IAR-002",
      "INT-IAR-001",
      "REQ-IAR-024",
      "SPEC-IAR-014",
      "VER-HUP-021"
    ],
    "dependencies": [],
    "declared_paths": [
      ".github/workflows/engineering-harness.yml",
      "docs/engineering/repository-harness-upgrade/evidence/WO-HUP-022/",
      "docs/engineering/repository-harness-upgrade/evidence/WO-HUP-023/",
      "docs/engineering/repository-harness-upgrade/work-orders/WO-HUP-022.md",
      "docs/engineering/repository-harness-upgrade/work-orders/WO-HUP-023.md",
      "tests/test_progressive_documentation.py"
    ],
    "changed_paths": [
      ".github/workflows/engineering-harness.yml",
      "docs/engineering/repository-harness-upgrade/evidence/WO-HUP-022/correction.proposed.diff",
      "docs/engineering/repository-harness-upgrade/evidence/WO-HUP-022/full-suite-before-correction.json",
      "docs/engineering/repository-harness-upgrade/evidence/WO-HUP-022/human-approval.json",
      "docs/engineering/repository-harness-upgrade/evidence/WO-HUP-022/review-inputs.json",
      "docs/engineering/repository-harness-upgrade/evidence/WO-HUP-023/adopt019-022-approval-applied.invocation.json",
      "docs/engineering/repository-harness-upgrade/evidence/WO-HUP-023/adopt019-022-approval-applied.stderr",
      "docs/engineering/repository-harness-upgrade/evidence/WO-HUP-023/adopt019-022-approval-applied.stdout",
      "docs/engineering/repository-harness-upgrade/evidence/WO-HUP-023/adopt019-022-approval-preview.invocation.json",
      "docs/engineering/repository-harness-upgrade/evidence/WO-HUP-023/adopt019-022-approval-preview.stderr",
      "docs/engineering/repository-harness-upgrade/evidence/WO-HUP-023/adopt019-022-approval-preview.stdout",
      "docs/engineering/repository-harness-upgrade/evidence/WO-HUP-023/adopt019-022-approved-readback.invocation.json",
      "docs/engineering/repository-harness-upgrade/evidence/WO-HUP-023/adopt019-022-approved-readback.stderr",
      "docs/engineering/repository-harness-upgrade/evidence/WO-HUP-023/adopt019-022-approved-readback.stdout",
      "docs/engineering/repository-harness-upgrade/evidence/WO-HUP-023/adopt019-022-blocked-readback.json",
      "docs/engineering/repository-harness-upgrade/evidence/WO-HUP-023/adopt019-022-start-preflight.invocation.json",
      "docs/engineering/repository-harness-upgrade/evidence/WO-HUP-023/adopt019-022-start-preflight.stderr",
      "docs/engineering/repository-harness-upgrade/evidence/WO-HUP-023/adopt019-022-start-preflight.stdout",
      "docs/engineering/repository-harness-upgrade/evidence/WO-HUP-023/adopt019-022-start-preview.invocation.json",
      "docs/engineering/repository-harness-upgrade/evidence/WO-HUP-023/adopt019-022-start-preview.stderr",
      "docs/engineering/repository-harness-upgrade/evidence/WO-HUP-023/adopt019-022-start-preview.stdout",
      "docs/engineering/repository-harness-upgrade/evidence/WO-HUP-023/adopt019-023-draft-context.json",
      "docs/engineering/repository-harness-upgrade/evidence/WO-HUP-023/adopt019-recovery-draft-validation.json",
      "docs/engineering/repository-harness-upgrade/evidence/WO-HUP-023/human-approval.json",
      "docs/engineering/repository-harness-upgrade/evidence/WO-HUP-023/review-inputs.json",
      "docs/engineering/repository-harness-upgrade/work-orders/WO-HUP-022.md",
      "docs/engineering/repository-harness-upgrade/work-orders/WO-HUP-023.md",
      "tests/test_progressive_documentation.py"
    ],
    "change_set_complete": true
  },
  "compliance": {
    "checkpoint": "scope",
    "workflow_rule_id": "WFL-WO-IMPLEMENT",
    "procedure_id": "PROC-WO-IMPLEMENT",
    "status": "pass",
    "gates": [
      {
        "id": "QG-G4-IMPLEMENTATION-EVIDENCE",
        "status": "pass",
        "predicates": [
          {
            "id": "QGP-G4I-SCOPE",
            "status": "pass",
            "evidence": [
              {
                "kind": "artifact",
                "reference": "WO-HUP-023:[execution_scope]"
              }
            ],
            "message": "WO-HUP-023 declares 6 normalized scope path(s); this inspection grants no execution authority."
          },
          {
            "id": "QGP-G4I-COMPLETE",
            "status": "pass",
            "evidence": [
              {
                "kind": "result",
                "reference": "declared-change-set:WO-HUP-023"
              }
            ],
            "message": "The caller explicitly asserted that the declared change set is complete."
          },
          {
            "id": "QGP-G4I-PATHS",
            "status": "pass",
            "evidence": [
              {
                "kind": "path",
                "reference": "declared-change-set:WO-HUP-023"
              }
            ],
            "message": "All 28 declared changed path(s) are within execution scope."
          }
        ]
      }
    ],
    "formal_snapshot_sha256": "ba1171d8bf8de39b24c769aa13ecd6fc9867d4ba5fb4af4686dbc1531082c4f4",
    "change_set_source": "arguments"
  },
  "procedure": {
    "id": "PROC-WO-IMPLEMENT",
    "current_step": "STEP-WO-IMPLEMENT-PREVIEW",
    "steps": [
      {
        "id": "STEP-WO-IMPLEMENT-CHECK",
        "kind": "command",
        "gate_ids": [
          "QG-G4-IMPLEMENTATION-EVIDENCE"
        ],
        "effects": [
          "Evaluated implementation handoff for WO-HUP-023."
        ],
        "non_effects": [
          "A checkpoint does not complete or verify work."
        ],
        "argv": [
          "harnessctl",
          "check",
          ".",
          "--artifact",
          "WO-HUP-023",
          "--checkpoint",
          "handoff"
        ],
        "corrective": {
          "QGP-G4I-STATUS": {
            "kind": "escalation",
            "decision_right": "DR-WO-START"
          },
          "QGP-G4I-GRAPH": {
            "kind": "escalation",
            "decision_right": "DR-REMEDIATION-SCOPE"
          },
          "QGP-G4I-INTEGRITY": {
            "kind": "escalation",
            "decision_right": "DR-REMEDIATION-SCOPE"
          },
          "QGP-G4I-SCOPE": {
            "kind": "escalation",
            "decision_right": "DR-WO-SELECT"
          },
          "QGP-G4I-COMPLETE": {
            "kind": "command",
            "argv": [
              "harnessctl",
              "check",
              ".",
              "--artifact",
              "WO-HUP-023",
              "--checkpoint",
              "handoff",
              "--from-git",
              "<base>"
            ]
          },
          "QGP-G4I-PATHS": {
            "kind": "escalation",
            "decision_right": "DR-REMEDIATION-SCOPE"
          },
          "QGP-G4I-PREFLIGHT": {
            "kind": "command",
            "argv": [
              "harnessctl",
              "preflight",
              ".",
              "--work-order",
              "WO-HUP-023",
              "--phase",
              "review"
            ]
          },
          "QGP-G4I-EVIDENCE": {
            "kind": "command",
            "argv": [
              "harnessctl",
              "evidence",
              ".",
              "--artifact",
              "WO-HUP-023",
              "--checkpoint",
              "handoff"
            ]
          },
          "QGP-G4I-DECISION": {
            "kind": "escalation",
            "decision_right": "DR-DECISION-DISPOSE"
          }
        }
      },
      {
        "id": "STEP-WO-IMPLEMENT-PREVIEW",
        "kind": "command",
        "gate_ids": [
          "QG-G4-IMPLEMENTATION-EVIDENCE"
        ],
        "effects": [
          "Plan completion of WO-HUP-023."
        ],
        "non_effects": [
          "Completion does not verify, release or deliver the work."
        ],
        "argv": [
          "harnessctl",
          "transition",
          ".",
          "--set",
          "WO-HUP-023=implemented",
          "--decision",
          "WO-HUP-023=delegated-executor"
        ],
        "corrective": {
          "QGP-G4I-STATUS": {
            "kind": "escalation",
            "decision_right": "DR-WO-START"
          },
          "QGP-G4I-GRAPH": {
            "kind": "escalation",
            "decision_right": "DR-REMEDIATION-SCOPE"
          },
          "QGP-G4I-INTEGRITY": {
            "kind": "escalation",
            "decision_right": "DR-REMEDIATION-SCOPE"
          },
          "QGP-G4I-SCOPE": {
            "kind": "escalation",
            "decision_right": "DR-WO-SELECT"
          },
          "QGP-G4I-COMPLETE": {
            "kind": "command",
            "argv": [
              "harnessctl",
              "check",
              ".",
              "--artifact",
              "WO-HUP-023",
              "--checkpoint",
              "handoff",
              "--from-git",
              "<base>"
            ]
          },
          "QGP-G4I-PATHS": {
            "kind": "escalation",
            "decision_right": "DR-REMEDIATION-SCOPE"
          },
          "QGP-G4I-PREFLIGHT": {
            "kind": "command",
            "argv": [
              "harnessctl",
              "preflight",
              ".",
              "--work-order",
              "WO-HUP-023",
              "--phase",
              "review"
            ]
          },
          "QGP-G4I-EVIDENCE": {
            "kind": "command",
            "argv": [
              "harnessctl",
              "evidence",
              ".",
              "--artifact",
              "WO-HUP-023",
              "--checkpoint",
              "handoff"
            ]
          },
          "QGP-G4I-DECISION": {
            "kind": "escalation",
            "decision_right": "DR-DECISION-DISPOSE"
          }
        }
      },
      {
        "id": "STEP-WO-IMPLEMENT-APPLY",
        "kind": "command",
        "gate_ids": [
          "QG-G4-IMPLEMENTATION-EVIDENCE"
        ],
        "effects": [
          "Record completion of only WO-HUP-023 under its approved execution scope."
        ],
        "non_effects": [
          "Completion does not verify, release or deliver the work."
        ],
        "argv": [
          "harnessctl",
          "transition",
          ".",
          "--set",
          "WO-HUP-023=implemented",
          "--decision",
          "WO-HUP-023=delegated-executor",
          "--apply"
        ],
        "corrective": {
          "QGP-G4I-STATUS": {
            "kind": "escalation",
            "decision_right": "DR-WO-START"
          },
          "QGP-G4I-GRAPH": {
            "kind": "escalation",
            "decision_right": "DR-REMEDIATION-SCOPE"
          },
          "QGP-G4I-INTEGRITY": {
            "kind": "escalation",
            "decision_right": "DR-REMEDIATION-SCOPE"
          },
          "QGP-G4I-SCOPE": {
            "kind": "escalation",
            "decision_right": "DR-WO-SELECT"
          },
          "QGP-G4I-COMPLETE": {
            "kind": "command",
            "argv": [
              "harnessctl",
              "check",
              ".",
              "--artifact",
              "WO-HUP-023",
              "--checkpoint",
              "handoff",
              "--from-git",
              "<base>"
            ]
          },
          "QGP-G4I-PATHS": {
            "kind": "escalation",
            "decision_right": "DR-REMEDIATION-SCOPE"
          },
          "QGP-G4I-PREFLIGHT": {
            "kind": "command",
            "argv": [
              "harnessctl",
              "preflight",
              ".",
              "--work-order",
              "WO-HUP-023",
              "--phase",
              "review"
            ]
          },
          "QGP-G4I-EVIDENCE": {
            "kind": "command",
            "argv": [
              "harnessctl",
              "evidence",
              ".",
              "--artifact",
              "WO-HUP-023",
              "--checkpoint",
              "handoff"
            ]
          },
          "QGP-G4I-DECISION": {
            "kind": "escalation",
            "decision_right": "DR-DECISION-DISPOSE"
          }
        }
      }
    ]
  },
  "state": {
    "before": [
      {
        "id": "WO-HUP-023",
        "status": "in_progress"
      }
    ],
    "after": [
      {
        "id": "WO-HUP-023",
        "status": "in_progress"
      }
    ]
  },
  "findings": {
    "scoped_blockers": [],
    "repository_blockers": [],
    "unrelated_count": 52
  },
  "mutation": {
    "writes": []
  },
  "restitution": {
    "outcome": "completed",
    "done": [
      "Evaluated scope compliance for WO-HUP-023."
    ],
    "not_done": [],
    "blocked_by": [],
    "current_lifecycle_state": [
      "WO-HUP-023 is in_progress."
    ],
    "decision_required": null,
    "next": {
      "procedure_id": "PROC-WO-IMPLEMENT",
      "step_id": "STEP-WO-IMPLEMENT-PREVIEW",
      "action": "Run the bound command"
    },
    "command_or_response": {
      "kind": "command",
      "argv": [
        "harnessctl",
        "transition",
        ".",
        "--set",
        "WO-HUP-023=implemented",
        "--decision",
        "WO-HUP-023=delegated-executor"
      ]
    },
    "alternatives": []
  },
  "instruction_discovery": {
    "schema": "se-harness-instruction-discovery-v1",
    "status": "available",
    "agent_instructions": {
      "entry": {
        "file": "ENGINEERING_HARNESS.md",
        "heading": "read-by-task"
      },
      "shared_prerequisites": [
        {
          "file": "docs/engineering/harness/COMMUNICATION.md",
          "heading": "communication",
          "when": "Before the first eligible English explanation in a fresh context."
        },
        {
          "file": "docs/engineering/harness/RESULTS.md",
          "heading": "report-a-lifecycle-result",
          "when": "Before reporting a lifecycle result."
        }
      ],
      "procedure": {
        "id": "PROC-WO-IMPLEMENT",
        "location": {
          "file": "docs/engineering/harness/EXECUTE_WORK.md",
          "heading": "retain-the-implementation-evidence"
        },
        "prerequisites": [
          {
            "file": "docs/engineering/harness/AUTHORITY.md",
            "heading": "authority-from-work-approval",
            "when": "Before using the selected work order's execution grant."
          }
        ],
        "steps": {
          "STEP-WO-IMPLEMENT-CHECK": {
            "location": {
              "file": "docs/engineering/harness/EXECUTE_WORK.md",
              "heading": "retain-the-implementation-evidence"
            },
            "prerequisites": [
              {
                "file": "docs/engineering/harness/AUTHORITY.md",
                "heading": "authority-from-work-approval",
                "when": "Before using the selected work order's execution grant."
              }
            ]
          },
          "STEP-WO-IMPLEMENT-PREVIEW": {
            "location": {
              "file": "docs/engineering/harness/EXECUTE_WORK.md",
              "heading": "record-implementation-completion"
            },
            "prerequisites": [
              {
                "file": "docs/engineering/harness/AUTHORITY.md",
                "heading": "authority-from-work-approval",
                "when": "Before using the selected work order's execution grant."
              }
            ]
          },
          "STEP-WO-IMPLEMENT-APPLY": {
            "location": {
              "file": "docs/engineering/harness/EXECUTE_WORK.md",
              "heading": "record-implementation-completion"
            },
            "prerequisites": [
              {
                "file": "docs/engineering/harness/AUTHORITY.md",
                "heading": "authority-from-work-approval",
                "when": "Before using the selected work order's execution grant."
              }
            ]
          }
        }
      },
      "current_step": {
        "id": "STEP-WO-IMPLEMENT-PREVIEW",
        "location": {
          "file": "docs/engineering/harness/EXECUTE_WORK.md",
          "heading": "record-implementation-completion"
        },
        "prerequisites": [
          {
            "file": "docs/engineering/harness/AUTHORITY.md",
            "heading": "authority-from-work-approval",
            "when": "Before using the selected work order's execution grant."
          }
        ]
      }
    },
    "formal_artifact_ids": [
      "ADR-IAR-011",
      "ARCH-IAR-011",
      "CAP-IAR-002",
      "INT-IAR-001",
      "REQ-IAR-024",
      "SPEC-IAR-014",
      "VER-HUP-021",
      "WO-HUP-023"
    ],
    "evaluator_only_inputs": [
      "docs/engineering/WORKFLOW.json",
      "docs/engineering/QUALITY_GATES.json"
    ]
  },
  "result_sha256": "c2c8f87dbaa2fc639ce02b0469ce0ce94d2e5326b00c94d9a18f679569e8807b"
}
