{
  "schema": "se-harness-workflow-result-v2",
  "digest_format": "machine-fields-v1",
  "candidate": {},
  "operation": {
    "kind": "transition",
    "outcome": "completed"
  },
  "selection": {
    "primary": "WO-HUP-022",
    "artifacts": [
      "WO-HUP-022"
    ]
  },
  "scope": {
    "mode": "selected",
    "governing": [],
    "dependencies": [],
    "declared_paths": [
      ".github/workflows/engineering-harness.yml",
      "docs/engineering/repository-harness-upgrade/evidence/WO-HUP-022/",
      "docs/engineering/repository-harness-upgrade/work-orders/WO-HUP-022.md",
      "tests/test_progressive_documentation.py"
    ],
    "changed_paths": [],
    "change_set_complete": false
  },
  "compliance": {
    "checkpoint": "transition",
    "workflow_rule_id": "WFL-WO-START",
    "procedure_id": "PROC-WO-START",
    "status": "pass",
    "gates": [
      {
        "id": "QG-G3-WORK-AUTHORIZATION",
        "status": "pass",
        "predicates": [
          {
            "id": "QGP-G3-GRAPH",
            "status": "pass",
            "evidence": [
              {
                "kind": "result",
                "reference": "formal-graph:WO-HUP-022"
              }
            ],
            "message": "The selected formal graph is valid."
          },
          {
            "id": "QGP-G3-INTEGRITY",
            "status": "pass",
            "evidence": [
              {
                "kind": "result",
                "reference": "repository-integrity:transition"
              }
            ],
            "message": "No repository-integrity blocker prevents selected evaluation."
          },
          {
            "id": "QGP-G3-DECISION",
            "status": "pass",
            "evidence": [
              {
                "kind": "result",
                "reference": "decision-register:WO-HUP-022"
              }
            ],
            "message": "No open decision blocks WO-HUP-022."
          }
        ]
      },
      {
        "id": "QG-STRUCTURAL",
        "status": "pass",
        "predicates": [
          {
            "id": "QGS-EDGE",
            "status": "pass",
            "evidence": [
              {
                "kind": "artifact",
                "reference": "WO-HUP-022"
              }
            ],
            "message": "draft -> approved is a declared lifecycle edge for WO-HUP-022."
          },
          {
            "id": "QGS-ASSURANCE",
            "status": "pass",
            "evidence": [
              {
                "kind": "artifact",
                "reference": "WO-HUP-022"
              }
            ],
            "message": "WO-HUP-022 classifies commit-bound verification as required."
          }
        ]
      }
    ]
  },
  "procedure": {
    "id": "PROC-WO-START",
    "current_step": "STEP-WO-START-PREFLIGHT",
    "steps": [
      {
        "id": "STEP-WO-START-PREFLIGHT",
        "kind": "command",
        "gate_ids": [
          "QG-G3-WORK-AUTHORIZATION"
        ],
        "effects": [
          "Evaluated start readiness for WO-HUP-022."
        ],
        "non_effects": [
          "Preflight does not authorize or start implementation."
        ],
        "argv": [
          "harnessctl",
          "preflight",
          ".",
          "--work-order",
          "WO-HUP-022",
          "--phase",
          "start"
        ],
        "corrective": {
          "QGP-G3-STATUS": {
            "kind": "escalation",
            "decision_right": "DR-WO-SELECT"
          },
          "QGP-G3-GRAPH": {
            "kind": "escalation",
            "decision_right": "DR-REMEDIATION-SCOPE"
          },
          "QGP-G3-INTEGRITY": {
            "kind": "escalation",
            "decision_right": "DR-REMEDIATION-SCOPE"
          },
          "QGP-G3-SCOPE": {
            "kind": "escalation",
            "decision_right": "DR-WO-SELECT"
          },
          "QGP-G3-PREFLIGHT": {
            "kind": "escalation",
            "decision_right": "DR-REMEDIATION-SCOPE"
          },
          "QGP-G3-DECISION": {
            "kind": "escalation",
            "decision_right": "DR-DECISION-DISPOSE"
          }
        }
      },
      {
        "id": "STEP-WO-START-PREVIEW",
        "kind": "command",
        "gate_ids": [
          "QG-G3-WORK-AUTHORIZATION"
        ],
        "effects": [
          "Planned the explicit transition for WO-HUP-022."
        ],
        "non_effects": [
          "A preview does not change lifecycle state."
        ],
        "argv": [
          "harnessctl",
          "transition",
          ".",
          "--set",
          "WO-HUP-022=in_progress",
          "--decision",
          "WO-HUP-022=delegated-executor"
        ],
        "corrective": {
          "QGP-G3-STATUS": {
            "kind": "escalation",
            "decision_right": "DR-WO-SELECT"
          },
          "QGP-G3-GRAPH": {
            "kind": "escalation",
            "decision_right": "DR-REMEDIATION-SCOPE"
          },
          "QGP-G3-INTEGRITY": {
            "kind": "escalation",
            "decision_right": "DR-REMEDIATION-SCOPE"
          },
          "QGP-G3-SCOPE": {
            "kind": "escalation",
            "decision_right": "DR-WO-SELECT"
          },
          "QGP-G3-PREFLIGHT": {
            "kind": "command",
            "argv": [
              "harnessctl",
              "preflight",
              ".",
              "--work-order",
              "WO-HUP-022",
              "--phase",
              "start"
            ]
          },
          "QGP-G3-DECISION": {
            "kind": "escalation",
            "decision_right": "DR-DECISION-DISPOSE"
          }
        }
      },
      {
        "id": "STEP-WO-START-APPLY",
        "kind": "command",
        "gate_ids": [
          "QG-G3-WORK-AUTHORIZATION"
        ],
        "effects": [
          "Changed only WO-HUP-022 to in_progress."
        ],
        "non_effects": [
          "Related artifacts remain unchanged."
        ],
        "argv": [
          "harnessctl",
          "transition",
          ".",
          "--set",
          "WO-HUP-022=in_progress",
          "--decision",
          "WO-HUP-022=delegated-executor",
          "--apply"
        ],
        "corrective": {
          "QGP-G3-STATUS": {
            "kind": "escalation",
            "decision_right": "DR-WO-SELECT"
          },
          "QGP-G3-GRAPH": {
            "kind": "escalation",
            "decision_right": "DR-REMEDIATION-SCOPE"
          },
          "QGP-G3-INTEGRITY": {
            "kind": "escalation",
            "decision_right": "DR-REMEDIATION-SCOPE"
          },
          "QGP-G3-SCOPE": {
            "kind": "escalation",
            "decision_right": "DR-WO-SELECT"
          },
          "QGP-G3-PREFLIGHT": {
            "kind": "command",
            "argv": [
              "harnessctl",
              "preflight",
              ".",
              "--work-order",
              "WO-HUP-022",
              "--phase",
              "start"
            ]
          },
          "QGP-G3-DECISION": {
            "kind": "escalation",
            "decision_right": "DR-DECISION-DISPOSE"
          }
        }
      },
      {
        "id": "STEP-WO-START-FINAL-FOCUS",
        "kind": "command",
        "gate_ids": [],
        "effects": [
          "Projected the resulting state for WO-HUP-022."
        ],
        "non_effects": [
          "Focus does not change lifecycle state."
        ],
        "argv": [
          "harnessctl",
          "check",
          ".",
          "--artifact",
          "WO-HUP-022"
        ]
      }
    ]
  },
  "state": {
    "before": [
      {
        "id": "WO-HUP-022",
        "status": "draft"
      }
    ],
    "after": [
      {
        "id": "WO-HUP-022",
        "status": "approved"
      }
    ]
  },
  "findings": {
    "scoped_blockers": [],
    "repository_blockers": [],
    "unrelated_count": 0
  },
  "mutation": {
    "writes": [
      {
        "id": "WO-HUP-022",
        "path": "docs/engineering/repository-harness-upgrade/work-orders/WO-HUP-022.md",
        "fields": [
          "lifecycle_events",
          "status",
          "updated"
        ]
      }
    ]
  },
  "restitution": {
    "outcome": "completed",
    "done": [
      "Planned 1 explicit lifecycle transition(s); no files were written."
    ],
    "not_done": [],
    "blocked_by": [],
    "current_lifecycle_state": [
      "WO-HUP-022 is approved."
    ],
    "decision_required": null,
    "next": {
      "procedure_id": "PROC-WO-START",
      "step_id": "STEP-WO-START-PREFLIGHT",
      "action": "Run the bound command"
    },
    "command_or_response": {
      "kind": "command",
      "argv": [
        "harnessctl",
        "preflight",
        ".",
        "--work-order",
        "WO-HUP-022",
        "--phase",
        "start"
      ]
    },
    "alternatives": []
  },
  "instruction_discovery": {
    "schema": "se-harness-instruction-discovery-v1",
    "status": "available",
    "agent_instructions": {
      "entry": {
        "file": "ENGINEERING_HARNESS.md",
        "heading": "read-by-task"
      },
      "shared_prerequisites": [
        {
          "file": "docs/engineering/harness/COMMUNICATION.md",
          "heading": "communication",
          "when": "Before the first eligible English explanation in a fresh context."
        },
        {
          "file": "docs/engineering/harness/RESULTS.md",
          "heading": "report-a-lifecycle-result",
          "when": "Before reporting a lifecycle result."
        }
      ],
      "procedure": {
        "id": "PROC-WO-START",
        "location": {
          "file": "docs/engineering/harness/EXECUTE_WORK.md",
          "heading": "start-the-selected-work"
        },
        "prerequisites": [
          {
            "file": "docs/engineering/harness/AUTHORITY.md",
            "heading": "authority-from-work-approval",
            "when": "Before using the selected work order's execution grant."
          }
        ],
        "steps": {
          "STEP-WO-START-PREFLIGHT": {
            "location": {
              "file": "docs/engineering/harness/EXECUTE_WORK.md",
              "heading": "establish-the-execution-context"
            },
            "prerequisites": [
              {
                "file": "docs/engineering/harness/AUTHORITY.md",
                "heading": "authority-from-work-approval",
                "when": "Before using the selected work order's execution grant."
              }
            ]
          },
          "STEP-WO-START-PREVIEW": {
            "location": {
              "file": "docs/engineering/harness/EXECUTE_WORK.md",
              "heading": "start-the-selected-work"
            },
            "prerequisites": [
              {
                "file": "docs/engineering/harness/AUTHORITY.md",
                "heading": "authority-from-work-approval",
                "when": "Before using the selected work order's execution grant."
              }
            ]
          },
          "STEP-WO-START-APPLY": {
            "location": {
              "file": "docs/engineering/harness/EXECUTE_WORK.md",
              "heading": "start-the-selected-work"
            },
            "prerequisites": [
              {
                "file": "docs/engineering/harness/AUTHORITY.md",
                "heading": "authority-from-work-approval",
                "when": "Before using the selected work order's execution grant."
              }
            ]
          },
          "STEP-WO-START-FINAL-FOCUS": {
            "location": {
              "file": "docs/engineering/harness/CONTINUE.md",
              "heading": "continue-selected-work"
            },
            "prerequisites": [
              {
                "file": "docs/engineering/harness/AUTHORITY.md",
                "heading": "authority-from-work-approval",
                "when": "Before using the selected work order's execution grant."
              }
            ]
          }
        }
      },
      "current_step": {
        "id": "STEP-WO-START-PREFLIGHT",
        "location": {
          "file": "docs/engineering/harness/EXECUTE_WORK.md",
          "heading": "establish-the-execution-context"
        },
        "prerequisites": [
          {
            "file": "docs/engineering/harness/AUTHORITY.md",
            "heading": "authority-from-work-approval",
            "when": "Before using the selected work order's execution grant."
          }
        ]
      }
    },
    "formal_artifact_ids": [
      "WO-HUP-022"
    ],
    "evaluator_only_inputs": [
      "docs/engineering/WORKFLOW.json",
      "docs/engineering/QUALITY_GATES.json"
    ]
  },
  "result_sha256": "f969415ffad1a95fe78bf41deae6e441b120185a924f06de950fd724b11c5bda"
}
